$sa1
$sa1$VATASA
[4m[1mRegARIMA[22m[24m
y = regression model + arima (0, 1, 1, 0, 1, 1)
Log-transformation: yes
Coefficients:
          Estimate Std. Error
Theta(1)   -0.5379      0.054
BTheta(1)  -0.3791      0.060

                Estimate Std. Error
r.pent_dur6_iem  0.05726      0.009
Easter [3]       0.12916      0.009
TC (10-2001)    -0.13266      0.030
AO (2-2020)     -0.18829      0.034
AO (3-2020)     -2.76831      0.037
AO (4-2020)     -6.03892      0.039
AO (5-2020)     -5.49706      0.041
AO (6-2020)     -2.73628      0.041
AO (7-2020)     -1.46543      0.042
AO (8-2020)     -0.99759      0.043
AO (9-2020)     -1.03399      0.044
AO (10-2020)    -1.58661      0.045
AO (11-2020)    -2.93158      0.045
AO (12-2020)    -2.99468      0.046
AO (1-2021)     -2.95626      0.046
AO (2-2021)     -2.73303      0.049
AO (3-2021)     -3.05557      0.050
AO (4-2021)     -3.40246      0.050
AO (5-2021)     -2.10547      0.049
AO (6-2021)     -1.22029      0.045
AO (7-2021)     -0.57359      0.045
AO (8-2021)     -0.36297      0.045
AO (9-2021)     -0.51082      0.045
AO (10-2021)    -0.38373      0.044
AO (11-2021)    -0.53325      0.044
AO (12-2021)    -0.58064      0.043
AO (1-2022)     -0.78683      0.042
AO (2-2022)     -0.50269      0.042
AO (3-2022)     -0.46579      0.040
AO (4-2022)     -0.24751      0.038
AO (5-2022)     -0.19407      0.035


Residual standard error: 0.03669 on 240 degrees of freedom
Log likelihood = 515.7, aic =  7087 aicc =  7097, bic(corrected for length) = -5.934



[4m[1mDecomposition[22m[24m
[1mModel[22m
D :  1 - B - B^12 + B^13 
MA :  1 - 0.537899 B - 0.379070 B^12 + 0.203901 B^13 


[1mSA[22m
D :  1 - 2.000000 B + B^2 
MA :  1 - 1.485896 B + 0.519780 B^2 
Innovation variance:  0.4979946 

[1mTrend[22m
D :  1 - 2.000000 B + B^2 
MA :  1 + 0.076861 B - 0.923139 B^2 
Innovation variance:  0.02419515 

[1mSeasonal[22m
D :  1 + B + B^2 + B^3 + B^4 + B^5 + B^6 + B^7 + B^8 + B^9 + B^10 + B^11 
MA :  1 + 1.204380 B + 1.128855 B^2 + 0.959549 B^3 + 0.717472 B^4 + 0.464593 B^5 + 0.222223 B^6 + 0.006565 B^7 - 0.158747 B^8 - 0.300493 B^9 - 0.385268 B^10 - 0.596934 B^11 
Innovation variance:  0.09204687 

[1mIrregular[22m
Innovation variance:  0.2811829 



[4m[1mFinal[22m[24m
Last observed values
               y      sa       t         s         i
Dec 2022 1608240 3323746 3311051 0.4838637 1.0038343
Jan 2023 1596902 3290266 3316345 0.4853413 0.9921364
Feb 2023 1890411 3311493 3326850 0.5708637 0.9953840
Mar 2023 2337819 3301877 3346238 0.7080273 0.9867430
Apr 2023 3553273 3390597 3373401 1.0479785 1.0050975
May 2023 4414545 3419358 3400639 1.2910451 1.0055044
Jun 2023 4951067 3499663 3417596 1.4147266 1.0240132
Jul 2023 5366047 3366803 3425115 1.5938109 0.9829751
Aug 2023 4707192 3361168 3442252 1.4004632 0.9764444
Sep 2023 5391386 3551503 3471130 1.5180575 1.0231548
Oct 2023 4052298 3551389 3489196 1.1410460 1.0178244
Nov 2023 1721674 3471657 3492696 0.4959228 0.9939764

Forecasts:
             y_f    sa_f     t_f       s_f       i_f
Dec 2023 1692870 3494087 3494532 0.4845088 0.9998727
Jan 2024 1693653 3497568 3498013 0.4842506 0.9998727
Feb 2024 1993811 3501051 3501497 0.5695049 0.9998727
Mar 2024 2692329 3504538 3504984 0.7682617 0.9998727
Apr 2024 3370906 3508028 3508475 0.9609383 0.9998727
May 2024 4748675 3511522 3511969 1.2907308 0.9998727
Jun 2024 4763036 3515020 3515467 1.4197808 0.9998727
Jul 2024 5580922 3518520 3518968 1.5861993 0.9998727
Aug 2024 4903588 3522025 3522473 1.3923020 0.9998727
Sep 2024 5374935 3525533 3525981 1.5246157 0.9998727
Oct 2024 4041419 3529044 3529493 1.1452194 0.9998727
Nov 2024 1749805 3532559 3533008 0.4953500 0.9998727


[4m[1mDiagnostics[22m[24m
[1mRelative contribution of the components to the stationary
portion of the variance in the original series,
after the removal of the long term trend[22m
 Trend computed by Hodrick-Prescott filter (cycle length = 8.0 years)
           Component
 Cycle         0.118
 Seasonal     27.510
 Irregular     0.036
 TD & Hol.     0.089
 Others       71.672
 Total        99.425

[1mCombined test in the entire series[22m
 Non parametric tests for stable seasonality
                                                          P.value
   Kruskall-Wallis test                                      0.000
   Test for the presence of seasonality assuming stability   0.000
   Evolutive seasonality test                                0.006
 
 Identifiable seasonality present

[1mResidual seasonality tests[22m
                                      P.value
 qs test on sa                          1.000
 qs test on i                           1.000
 f-test on sa (seasonal dummies)        1.000
 f-test on i (seasonal dummies)         1.000
 Residual seasonality (entire series)   1.000
 Residual seasonality (last 3 years)    1.000
 f-test on sa (td)                      0.120
 f-test on i (td)                       0.018


[4m[1mAdditional output variables[22m[24m

$sa1$VATASC
[4m[1mRegARIMA[22m[24m
y = regression model + arima (0, 0, 2, 0, 1, 1)
Log-transformation: yes
Coefficients:
          Estimate Std. Error
Theta(1)    0.2190      0.057
Theta(2)    0.4579      0.056
BTheta(1)  -0.2494      0.062

              Estimate Std. Error
Mean           0.06019      0.006
r.s00m1102    -0.23594      0.061
pent_dur6_iem  0.22819      0.019
Easter [6]     0.33901      0.016
TC (3-2002)    0.22746      0.056
TC (3-2003)    0.19060      0.056
AO (5-2004)    0.28391      0.053
AO (5-2011)   -0.38111      0.052
LS (1-2015)    0.19846      0.035
AO (3-2020)   -2.60501      0.066
AO (4-2020)   -5.41494      0.066
AO (5-2020)   -5.88238      0.072
AO (6-2020)   -2.48295      0.071
AO (7-2020)   -1.19766      0.071
TC (6-2015)   -0.34288      0.057
AO (4-2015)   -0.22632      0.055
AO (5-2008)   -0.22822      0.055
AO (8-2020)   -0.59287      0.066
AO (9-2020)   -0.61207      0.070
AO (10-2020)  -1.17019      0.068
AO (11-2020)  -2.95912      0.071
AO (12-2020)  -3.23894      0.071
AO (1-2021)   -3.12134      0.071
AO (2-2021)   -2.89840      0.068
AO (3-2021)   -3.41716      0.077
AO (4-2021)   -3.98150      0.074
AO (5-2021)   -1.55334      0.073
AO (6-2021)   -1.01619      0.067
AO (7-2021)   -0.38975      0.066
TC (9-2021)   -0.30774      0.060
AO (11-2021)  -0.23557      0.062
AO (12-2021)  -0.42973      0.065
TC (1-2022)   -0.64107      0.066
TC (3-2022)   -0.00379      0.061


Residual standard error: 0.06943 on 237 degrees of freedom
Log likelihood = 342.7, aic =  6611 aicc =  6624, bic(corrected for length) = -4.579



[4m[1mDecomposition[22m[24m
[1mModel[22m
D :  1 - B^12 
MA :  1 + 0.219002 B + 0.457906 B^2 - 0.249358 B^12 - 0.054610 B^13 - 0.114183 B^14 


[1mSA[22m
D :  1 - B 
MA :  1 - 0.689818 B + 0.206106 B^2 - 0.336274 B^3 
Innovation variance:  0.3395521 

[1mTrend[22m
D :  1 - B 
MA :  1 + B 
Innovation variance:  0.00275082 

[1mSeasonal[22m
D :  1 + B + B^2 + B^3 + B^4 + B^5 + B^6 + B^7 + B^8 + B^9 + B^10 + B^11 
MA :  1 + 1.047039 B + 1.473141 B^2 + 1.065169 B^3 + 0.747724 B^4 + 0.547245 B^5 + 0.338292 B^6 + 0.141450 B^7 + 0.074380 B^8 + 0.040625 B^9 - 0.079328 B^10 - 0.120297 B^11 
Innovation variance:  0.3116126 

[1mTransitory[22m
MA :  1 + 0.348635 B + 1.000000 B^2 
Innovation variance:  0.1141825 

[1mIrregular[22m
Innovation variance:  0.1115958 



[4m[1mFinal[22m[24m
Last observed values
               y      sa       t         s         i
Dec 2022  454365 1949430 1990056 0.2330758 0.9795858
Jan 2023  434426 2004918 1998610 0.2166802 1.0031561
Feb 2023  565645 1949157 2007105 0.2901999 0.9711285
Mar 2023  739671 2032059 2016177 0.3640007 1.0078773
Apr 2023 1747310 2013347 2025846 0.8678633 0.9938300
May 2023 2300118 2078928 2034354 1.1063961 1.0219106
Jun 2023 2703353 1944817 2041610 1.3900298 0.9525895
Jul 2023 3382177 1939835 2050986 1.7435385 0.9458060
Aug 2023 3475106 2073701 2063237 1.6757991 1.0050715
Sep 2023 2854228 2084296 2075270 1.3693965 1.0043495
Oct 2023 1752845 2126947 2085979 0.8241132 1.0196396
Nov 2023  529566 2101933 2096304 0.2519424 1.0026852

Forecasts:
               y_f    sa_f     t_f       s_f       i_f
Dec 2023  491939.2 2106244 2106764 0.2335623 0.9997531
Jan 2024  458494.2 2112759 2117357 0.2170120 0.9978284
Feb 2024  616673.6 2126839 2128004 0.2899485 0.9994525
Mar 2024 1091810.8 2137595 2138704 0.5107659 0.9994815
Apr 2024 1331597.0 2148387 2149458 0.6198124 0.9995019
May 2024 2910734.7 2159221 2160266 1.3480487 0.9995161
Jun 2024 2474132.9 2170099 2171128 1.1401012 0.9995261
Jul 2024 3763036.2 2181026 2182045 1.7253511 0.9995330
Aug 2024 3685488.7 2192004 2193017 1.6813332 0.9995379
Sep 2024 3024524.9 2203033 2204044 1.3728912 0.9995413
Oct 2024 1825863.8 2214116 2215127 0.8246469 0.9995437
Nov 2024  560343.9 2225253 2226265 0.2518114 0.9995454


[4m[1mDiagnostics[22m[24m
[1mRelative contribution of the components to the stationary
portion of the variance in the original series,
after the removal of the long term trend[22m
 Trend computed by Hodrick-Prescott filter (cycle length = 8.0 years)
           Component
 Cycle         0.012
 Seasonal     63.772
 Irregular     0.051
 TD & Hol.     0.422
 Others       32.306
 Total        96.563

[1mCombined test in the entire series[22m
 Non parametric tests for stable seasonality
                                                          P.value
   Kruskall-Wallis test                                          0
   Test for the presence of seasonality assuming stability       0
   Evolutive seasonality test                                    0
 
 Identifiable seasonality present

[1mResidual seasonality tests[22m
                                      P.value
 qs test on sa                          1.000
 qs test on i                           1.000
 f-test on sa (seasonal dummies)        1.000
 f-test on i (seasonal dummies)         1.000
 Residual seasonality (entire series)   1.000
 Residual seasonality (last 3 years)    1.000
 f-test on sa (td)                      0.000
 f-test on i (td)                       0.034


[4m[1mAdditional output variables[22m[24m

$sa1$VATAIA
[4m[1mRegARIMA[22m[24m
y = regression model + arima (3, 0, 1, 0, 1, 0)
Log-transformation: yes
Coefficients:
         Estimate Std. Error
Phi(1)   -0.67645      0.114
Phi(2)   -0.16545      0.079
Phi(3)   -0.09826      0.083
Theta(1) -0.73381      0.100

              Estimate Std. Error
Mean          0.006840      0.012
td6m00_1     -0.005338      0.003
td6m00_2     -0.009324      0.003
td6m00_3      0.001916      0.003
td6m00_4     -0.013012      0.003
td6m00_5      0.001554      0.003
td6m00_6      0.007578      0.003
lym_00        0.035478      0.015
Easter [3]    0.042239      0.013
AO (5-2015)   0.126083      0.032
LS (11-2011) -0.061735      0.018
AO (2-2020)  -0.168672      0.043
AO (3-2020)  -2.011020      0.041
AO (4-2020)  -4.081150      0.042
AO (5-2020)  -2.624500      0.039
AO (6-2020)  -0.934024      0.034
AO (7-2020)  -0.299233      0.033
AO (9-2020)  -0.217993      0.033
AO (10-2020) -0.566040      0.034
AO (11-2020) -1.480850      0.039
AO (12-2020) -1.434173      0.035
AO (1-2021)  -1.386854      0.039
AO (2-2021)  -0.912834      0.047
AO (3-2021)  -1.255812      0.047
AO (4-2021)  -1.330200      0.047
AO (5-2021)  -0.546157      0.039
AO (11-2021) -0.164388      0.039
AO (1-2022)  -0.399028      0.039
AO (2-2022)  -0.161516      0.040
AO (3-2022)  -0.163074      0.040
AO (4-2022)  -0.047378      0.041
TC (8-2022)  -0.027596      0.025


Residual standard error: 0.04418 on 238 degrees of freedom
Log likelihood = 467.3, aic =  7399 aicc =  7411, bic(corrected for length) = -5.504



[4m[1mDecomposition[22m[24m
[1mModel[22m
AR :  1 - 0.676451 B - 0.165449 B^2 - 0.098265 B^3 
D :  1 - B^12 
MA :  1 - 0.733814 B 


[1mSA[22m
AR :  1 - 0.676451 B - 0.165449 B^2 - 0.098265 B^3 
D :  1 - B 
MA :  1 - 1.278682 B + 0.278035 B^2 + 0.011490 B^3 + 0.062887 B^4 
Innovation variance:  0.09051406 

[1mTrend[22m
AR :  1 - 0.956735 B 
D :  1 - B 
MA :  1 + 0.189889 B - 0.810111 B^2 
Innovation variance:  0.00178366 

[1mSeasonal[22m
D :  1 + B + B^2 + B^3 + B^4 + B^5 + B^6 + B^7 + B^8 + B^9 + B^10 + B^11 
MA :  1 + 0.344776 B + 0.138621 B^2 + 0.041864 B^3 - 0.087551 B^4 - 0.173647 B^5 - 0.224628 B^6 - 0.249699 B^7 - 0.250538 B^8 - 0.231352 B^9 - 0.187216 B^10 - 0.120629 B^11 
Innovation variance:  0.480207 

[1mTransitory[22m
AR :  1 + 0.280284 B + 0.102708 B^2 
MA :  1 + 0.342496 B + B^2 
Innovation variance:  1.191712e-07 

[1mIrregular[22m
Innovation variance:  0.05943601 



[4m[1mFinal[22m[24m
Last observed values
               y      sa       t         s         i
Dec 2022 3376352 3926261 3918285 0.8599409 1.0020355
Jan 2023 2994031 3873517 3891157 0.7729490 0.9954665
Feb 2023 2738854 3848523 3863085 0.7116636 0.9962305
Mar 2023 3046080 3819766 3835453 0.7974519 0.9959101
Apr 2023 3664823 3794894 3808855 0.9657247 0.9963345
May 2023 3208538 3751532 3784214 0.8552607 0.9913636
Jun 2023 4779897 3746108 3762365 1.2759636 0.9956790
Jul 2023 5683385 3738326 3742845 1.5203020 0.9987927
Aug 2023 6149270 3721780 3724708 1.6522389 0.9992139
Sep 2023 4183627 3702676 3707698 1.1298927 0.9986455
Oct 2023 3026086 3667282 3692438 0.8251578 0.9931870
Nov 2023 2693622 3695589 3678930 0.7288748 1.0045284

Forecasts:
             y_f    sa_f     t_f       s_f       i_f
Dec 2023 3221564 3665574 3665941 0.8788705 0.9998998
Jan 2024 2784330 3652968 3653233 0.7622105 0.9999273
Feb 2024 2672743 3641012 3641206 0.7340660 0.9999466
Mar 2024 3092028 3629681 3629826 0.8518732 0.9999601
Apr 2024 3295314 3618951 3619061 0.9105718 0.9999695
May 2024 3034649 3608794 3608880 0.8409039 0.9999761
Jun 2024 4761773 3599187 3599256 1.3230136 0.9999807
Jul 2024 5287196 3590103 3590160 1.4727144 0.9999840
Aug 2024 6058925 3581519 3581568 1.6917194 0.9999862
Sep 2024 4041032 3573412 3573455 1.1308610 0.9999878
Oct 2024 2857260 3565759 3565798 0.8013048 0.9999889
Nov 2024 2660703 3558539 3558576 0.7476953 0.9999897


[4m[1mDiagnostics[22m[24m
[1mRelative contribution of the components to the stationary
portion of the variance in the original series,
after the removal of the long term trend[22m
 Trend computed by Hodrick-Prescott filter (cycle length = 8.0 years)
           Component
 Cycle         0.092
 Seasonal     29.029
 Irregular     0.008
 TD & Hol.     0.168
 Others       65.085
 Total        94.382

[1mCombined test in the entire series[22m
 Non parametric tests for stable seasonality
                                                          P.value
   Kruskall-Wallis test                                       0.00
   Test for the presence of seasonality assuming stability    0.00
   Evolutive seasonality test                                 0.46
 
 Identifiable seasonality present

[1mResidual seasonality tests[22m
                                      P.value
 qs test on sa                          1.000
 qs test on i                           1.000
 f-test on sa (seasonal dummies)        1.000
 f-test on i (seasonal dummies)         1.000
 Residual seasonality (entire series)   1.000
 Residual seasonality (last 3 years)    1.000
 f-test on sa (td)                      0.002
 f-test on i (td)                       0.002


[4m[1mAdditional output variables[22m[24m

$sa1$VATPIA
[4m[1mRegARIMA[22m[24m
y = regression model + arima (0, 1, 1, 0, 1, 1)
Log-transformation: yes
Coefficients:
          Estimate Std. Error
Theta(1)   -0.7087      0.045
BTheta(1)  -0.4185      0.061

               Estimate Std. Error
td6m00_1     -0.0023613      0.003
td6m00_2     -0.0060896      0.003
td6m00_3     -0.0001895      0.003
td6m00_4     -0.0109132      0.003
td6m00_5     -0.0007272      0.003
td6m00_6      0.0061392      0.003
Easter [3]    0.0641255      0.013
AO (5-2015)   0.1440192      0.034
AO (3-2020)  -1.5393668      0.037
AO (4-2020)  -2.8447083      0.038
AO (5-2020)  -2.0658357      0.038
AO (6-2020)  -1.0934484      0.036
AO (7-2020)  -0.2588752      0.038
AO (10-2020) -0.3943056      0.038
AO (11-2020) -1.0258838      0.036
AO (12-2020) -1.2801416      0.038
AO (1-2021)  -1.2905486      0.039
AO (2-2021)  -0.8107930      0.037
AO (3-2021)  -1.0121109      0.039
AO (4-2021)  -1.1312673      0.039
AO (5-2021)  -0.4186590      0.038
AO (7-2021)   0.1807878      0.040
AO (8-2021)   0.1681562      0.037
AO (9-2021)   0.1920034      0.036
AO (10-2021)  0.0937718      0.038
AO (1-2022)  -0.2135299      0.038
AO (6-2022)   0.1232677      0.037
TC (7-2022)   0.0907046      0.036


Residual standard error: 0.04094 on 243 degrees of freedom
Log likelihood = 485.3, aic =  7887 aicc =  7895, bic(corrected for length) = -5.777



[4m[1mDecomposition[22m[24m
[1mModel[22m
D :  1 - B - B^12 + B^13 
MA :  1 - 0.708652 B - 0.418467 B^12 + 0.296547 B^13 


[1mSA[22m
D :  1 - 2.000000 B + B^2 
MA :  1 - 1.645271 B + 0.665209 B^2 
Innovation variance:  0.5015 

[1mTrend[22m
D :  1 - 2.000000 B + B^2 
MA :  1 + 0.068470 B - 0.931530 B^2 
Innovation variance:  0.01063054 

[1mSeasonal[22m
D :  1 + B + B^2 + B^3 + B^4 + B^5 + B^6 + B^7 + B^8 + B^9 + B^10 + B^11 
MA :  1 + 0.712465 B + 0.433171 B^2 + 0.182376 B^3 - 0.027386 B^4 - 0.189812 B^5 - 0.303502 B^6 - 0.370777 B^7 - 0.396652 B^8 - 0.387967 B^9 - 0.352668 B^10 - 0.299248 B^11 
Innovation variance:  0.1238278 

[1mIrregular[22m
Innovation variance:  0.3435049 



[4m[1mFinal[22m[24m
Last observed values
                y       sa        t         s         i
Dec 2022  7825108 11331223 11072215 0.6905793 1.0233927
Jan 2023  7656199 11272116 11095234 0.6792158 1.0159422
Feb 2023  6386806 11413696 11106194 0.5595738 1.0276874
Mar 2023  6850038 11075108 11105504 0.6185076 0.9972630
Apr 2023  8018713 10952374 11109579 0.7321439 0.9858496
May 2023  7393111 10702064 11141836 0.6908117 0.9605296
Jun 2023 14743372 11493290 11200209 1.2827808 1.0261675
Jul 2023 20241446 10967501 11266544 1.8455842 0.9734574
Aug 2023 29421875 11707370 11333526 2.5131072 1.0329856
Sep 2023 13378141 11606995 11383051 1.1525930 1.0196735
Oct 2023  7701981 11428122 11409299 0.6739499 1.0016497
Nov 2023  5835429 11342457 11430990 0.5144766 0.9922550

Forecasts:
              y_f     sa_f      t_f       s_f       i_f
Dec 2023  8058483 11458095 11457485 0.7033004 1.0000532
Jan 2024  7627991 11486547 11486663 0.6640804 0.9999899
Feb 2024  6386914 11515289 11515916 0.5546464 0.9999456
Mar 2024  7678430 11544256 11545243 0.6651299 0.9999146
Apr 2024  7942038 11573404 11574644 0.6862318 0.9998929
May 2024  7909574 11602701 11604121 0.6817011 0.9998777
Jun 2024 15412350 11632126 11633673 1.3249814 0.9998670
Jul 2024 20883993 11661662 11663300 1.7908248 0.9998596
Aug 2024 30118086 11691299 11693002 2.5761112 0.9998544
Sep 2024 13626148 11721030 11722780 1.1625385 0.9998507
Oct 2024  7742141 11750849 11752634 0.6588580 0.9998482
Nov 2024  6163209 11780753 11782563 0.5231592 0.9998464


[4m[1mDiagnostics[22m[24m
[1mRelative contribution of the components to the stationary
portion of the variance in the original series,
after the removal of the long term trend[22m
 Trend computed by Hodrick-Prescott filter (cycle length = 8.0 years)
           Component
 Cycle         0.195
 Seasonal     68.257
 Irregular     0.090
 TD & Hol.     0.099
 Others       23.053
 Total        91.694

[1mCombined test in the entire series[22m
 Non parametric tests for stable seasonality
                                                          P.value
   Kruskall-Wallis test                                       0.00
   Test for the presence of seasonality assuming stability    0.00
   Evolutive seasonality test                                 0.04
 
 Identifiable seasonality present

[1mResidual seasonality tests[22m
                                      P.value
 qs test on sa                          1.000
 qs test on i                           1.000
 f-test on sa (seasonal dummies)        1.000
 f-test on i (seasonal dummies)         1.000
 Residual seasonality (entire series)   1.000
 Residual seasonality (last 3 years)    0.998
 f-test on sa (td)                      0.000
 f-test on i (td)                       0.001


[4m[1mAdditional output variables[22m[24m

$sa1$VATPIC
[4m[1mRegARIMA[22m[24m
y = regression model + arima (0, 1, 2, 0, 1, 1)
Log-transformation: yes
Coefficients:
          Estimate Std. Error
Theta(1)   -0.6535      0.062
Theta(2)   -0.2189      0.062
BTheta(1)  -0.2846      0.064

              Estimate Std. Error
td6m00_1     -0.003577      0.005
td6m00_2     -0.004275      0.004
td6m00_3     -0.007314      0.004
td6m00_4     -0.011347      0.004
td6m00_5     -0.006853      0.004
td6m00_6      0.016145      0.005
Easter [3]    0.141917      0.015
AO (3-2020)  -0.824583      0.056
AO (4-2020)  -1.944005      0.060
AO (5-2020)  -1.566187      0.058
AO (6-2020)  -0.720293      0.055
AO (7-2020)  -0.209082      0.052
AO (10-2020) -0.372386      0.052
AO (11-2020) -0.692626      0.054
AO (12-2020) -0.890062      0.056
AO (1-2021)  -0.884297      0.055
AO (2-2021)  -0.522831      0.054
AO (3-2021)  -0.680341      0.058
AO (4-2021)  -1.132055      0.059
AO (5-2021)  -0.242254      0.057


Residual standard error: 0.06371 on 250 degrees of freedom
Log likelihood = 364.4, aic =  7591 aicc =  7596, bic(corrected for length) = -5.036



[4m[1mDecomposition[22m[24m
[1mModel[22m
D :  1 - B - B^12 + B^13 
MA :  1 - 0.653495 B - 0.218908 B^2 - 0.284650 B^12 + 0.186017 B^13 + 0.062312 B^14 


[1mSA[22m
D :  1 - 2.000000 B + B^2 
MA :  1 - 1.605787 B + 0.461317 B^2 + 0.156524 B^3 
Innovation variance:  0.3980985 

[1mTrend[22m
D :  1 - 2.000000 B + B^2 
MA :  1 + 0.072314 B - 0.927686 B^2 
Innovation variance:  0.002765991 

[1mSeasonal[22m
D :  1 + B + B^2 + B^3 + B^4 + B^5 + B^6 + B^7 + B^8 + B^9 + B^10 + B^11 
MA :  1 + 1.006158 B + 0.503911 B^2 + 0.149744 B^3 - 0.113951 B^4 - 0.285751 B^5 - 0.383587 B^6 - 0.431514 B^7 - 0.416673 B^8 - 0.403487 B^9 - 0.296776 B^10 - 0.328075 B^11 
Innovation variance:  0.1917783 

[1mTransitory[22m
MA :  1 + B 
Innovation variance:  0.06231215 

[1mIrregular[22m
Innovation variance:  0.21078 



[4m[1mFinal[22m[24m
Last observed values
                y      sa       t         s         i
Dec 2022  3063905 7555676 7291560 0.4055104 1.0362222
Jan 2023  2877107 7795002 7290002 0.3690964 1.0692730
Feb 2023  2247146 7510721 7278803 0.2991918 1.0318621
Mar 2023  2502954 7426163 7260932 0.3370454 1.0227561
Apr 2023  4304670 7412899 7238439 0.5806999 1.0241020
May 2023  3718922 6983887 7213848 0.5325003 0.9681223
Jun 2023  9097587 7115184 7191192 1.2786159 0.9894304
Jul 2023 12776742 6641188 7173727 1.9238640 0.9257653
Aug 2023 19966536 7110472 7163980 2.8080465 0.9925309
Sep 2023  6926410 7138596 7157712 0.9702762 0.9973293
Oct 2023  2835329 6961696 7152436 0.4072756 0.9733321
Nov 2023  2154604 7185954 7149659 0.2998355 1.0050764

Forecasts:
              y_f    sa_f     t_f       s_f       i_f
Dec 2023  3034216 7159180 7147292 0.4238218 1.0016633
Jan 2024  2522684 7141880 7144335 0.3532240 0.9996564
Feb 2024  2135155 7138925 7141379 0.2990863 0.9996564
Mar 2024  2946921 7135972 7138425 0.4129669 0.9996564
Apr 2024  3535457 7133020 7135472 0.4956466 0.9996564
May 2024  3770280 7130069 7132520 0.5287860 0.9996564
Jun 2024  9505206 7127119 7129569 1.3336673 0.9996564
Jul 2024 12914259 7124171 7126619 1.8127386 0.9996564
Aug 2024 20746866 7121223 7123671 2.9133851 0.9996564
Sep 2024  6939914 7118277 7120724 0.9749429 0.9996564
Oct 2024  2790048 7115332 7117778 0.3921177 0.9996564
Nov 2024  2195404 7112389 7114833 0.3086732 0.9996564


[4m[1mDiagnostics[22m[24m
[1mRelative contribution of the components to the stationary
portion of the variance in the original series,
after the removal of the long term trend[22m
 Trend computed by Hodrick-Prescott filter (cycle length = 8.0 years)
           Component
 Cycle         0.042
 Seasonal     92.327
 Irregular     0.082
 TD & Hol.     0.158
 Others        4.706
 Total        97.315

[1mCombined test in the entire series[22m
 Non parametric tests for stable seasonality
                                                          P.value
   Kruskall-Wallis test                                          0
   Test for the presence of seasonality assuming stability       0
   Evolutive seasonality test                                    0
 
 Identifiable seasonality present

[1mResidual seasonality tests[22m
                                      P.value
 qs test on sa                          1.000
 qs test on i                           1.000
 f-test on sa (seasonal dummies)        1.000
 f-test on i (seasonal dummies)         1.000
 Residual seasonality (entire series)   1.000
 Residual seasonality (last 3 years)    1.000
 f-test on sa (td)                      0.046
 f-test on i (td)                       0.510


[4m[1mAdditional output variables[22m[24m

$sa1$VATPSC
[4m[1mRegARIMA[22m[24m
y = regression model + arima (2, 0, 0, 0, 1, 1)
Log-transformation: yes
Coefficients:
          Estimate Std. Error
Phi(1)     -0.4715      0.063
Phi(2)     -0.1807      0.063
BTheta(1)  -0.3448      0.062

              Estimate Std. Error
Mean           0.04936      0.010
pent_dur6_iem  0.24072      0.021
Easter [6]     0.31729      0.018
AO (5-2002)    0.28267      0.069
AO (5-2011)   -0.41358      0.065
AO (5-2014)   -0.29582      0.066
TC (11-2002)   0.13871      0.071
AO (3-2020)   -1.85104      0.077
AO (4-2020)   -3.70702      0.085
AO (5-2020)   -3.67811      0.091
AO (6-2020)   -2.52443      0.090
AO (7-2020)   -1.15491      0.094
AO (8-2020)   -0.72622      0.092
AO (9-2020)   -0.51780      0.091
AO (10-2020)  -0.99710      0.091
AO (5-2018)    0.18772      0.067
AO (5-2004)    0.25334      0.066
AO (11-2020)  -1.72332      0.090
AO (12-2020)  -1.94688      0.090
AO (1-2021)   -2.01339      0.090
AO (2-2021)   -2.14632      0.090
AO (3-2021)   -2.35202      0.094
AO (4-2021)   -2.97920      0.095
TC (5-2021)   -1.32598      0.095
TC (7-2021)    0.32635      0.075


Residual standard error: 0.08385 on 246 degrees of freedom
Log likelihood = 290.5, aic =  7613 aicc =  7620, bic(corrected for length) = -4.386



[4m[1mDecomposition[22m[24m
[1mModel[22m
AR :  1 - 0.471491 B - 0.180717 B^2 
D :  1 - B^12 
MA :  1 - 0.344752 B^12 


[1mSA[22m
AR :  1 - 0.471491 B - 0.180717 B^2 
D :  1 - B 
MA :  1 - 0.957233 B + 0.016435 B^2 + 0.021018 B^3 
Innovation variance:  0.463314 

[1mTrend[22m
AR :  1 - 0.721845 B 
D :  1 - B 
MA :  1 + 0.088216 B - 0.911784 B^2 
Innovation variance:  0.06126754 

[1mSeasonal[22m
D :  1 + B + B^2 + B^3 + B^4 + B^5 + B^6 + B^7 + B^8 + B^9 + B^10 + B^11 
MA :  1 + 1.434599 B + 1.702780 B^2 + 1.561753 B^3 + 1.317484 B^4 + 1.044970 B^5 + 0.760329 B^6 + 0.457912 B^7 + 0.214857 B^8 + 0.108898 B^9 - 0.091442 B^10 - 0.361990 B^11 
Innovation variance:  0.1488592 

[1mTransitory[22m
AR :  1 + 0.250354 B 
MA :  1 - B 
Innovation variance:  0.01204062 

[1mIrregular[22m
Innovation variance:  0.1793687 



[4m[1mFinal[22m[24m
Last observed values
                y       sa       t         s         i
Dec 2022  1783245  9344652 9399453 0.1908306 0.9941697
Jan 2023  1913772 10209410 9681249 0.1874518 1.0545551
Feb 2023  2403501  9700546 9637083 0.2477697 1.0065853
Mar 2023  2633614  9407666 9421577 0.2799434 0.9985235
Apr 2023  5849257  9127599 9306411 0.6408319 0.9807862
May 2023  8663832  9696650 9160113 0.8934872 1.0585732
Jun 2023 12567258  8631517 8788279 1.4559732 0.9821624
Jul 2023 14323571  8010637 8584417 1.7880688 0.9331603
Aug 2023 19094135  9001775 8802889 2.1211522 1.0225932
Sep 2023 12374474  9066409 9145066 1.3648705 0.9913990
Oct 2023  6747503  9653504 9375093 0.6989693 1.0296968
Nov 2023  1993314  9437103 9435974 0.2112210 1.0001197

Forecasts:
              y_f    sa_f     t_f       s_f       i_f
Dec 2023  1821617 9404655 9403939 0.1936931 1.0000761
Jan 2024  1803975 9378823 9383023 0.1923455 0.9995524
Feb 2024  2348014 9375738 9378678 0.2504352 0.9996865
Mar 2024  3615998 9383038 9386277 0.3853761 0.9996550
Apr 2024  4372403 9399361 9402517 0.4651808 0.9996643
May 2024 10431592 9421860 9425036 1.1071691 0.9996630
Jun 2024 11142363 9448958 9452133 1.1792161 0.9996641
Jul 2024 16511906 9479401 9482585 1.7418723 0.9996643
Aug 2024 20156830 9512317 9515508 2.1190243 0.9996646
Sep 2024 12984782 9547064 9550266 1.3600811 0.9996648
Oct 2024  6746084 9583184 9586397 0.7039502 0.9996649
Nov 2024  2033814 9620343 9623567 0.2114077 0.9996650


[4m[1mDiagnostics[22m[24m
[1mRelative contribution of the components to the stationary
portion of the variance in the original series,
after the removal of the long term trend[22m
 Trend computed by Hodrick-Prescott filter (cycle length = 8.0 years)
           Component
 Cycle         0.152
 Seasonal     79.989
 Irregular     0.048
 TD & Hol.     0.418
 Others       17.517
 Total        98.124

[1mCombined test in the entire series[22m
 Non parametric tests for stable seasonality
                                                          P.value
   Kruskall-Wallis test                                          0
   Test for the presence of seasonality assuming stability       0
   Evolutive seasonality test                                    0
 
 Identifiable seasonality present

[1mResidual seasonality tests[22m
                                      P.value
 qs test on sa                          1.000
 qs test on i                           1.000
 f-test on sa (seasonal dummies)        1.000
 f-test on i (seasonal dummies)         1.000
 Residual seasonality (entire series)   1.000
 Residual seasonality (last 3 years)    1.000
 f-test on sa (td)                      0.002
 f-test on i (td)                       0.049


[4m[1mAdditional output variables[22m[24m

$sa1$VATAIC
[4m[1mRegARIMA[22m[24m
y = regression model + arima (3, 1, 1, 0, 1, 1)
Log-transformation: no
Coefficients:
          Estimate Std. Error
Phi(1)     0.20294      0.092
Phi(2)     0.06001      0.092
Phi(3)    -0.18081      0.082
Theta(1)  -0.84759      0.062
BTheta(1) -0.37156      0.061

            Estimate Std. Error
TC (4-2020)  -883954      78977
AO (4-2021)  -822323      87250
AO (8-2020)   892042      84186
AO (9-2020)   649414      83794
TC (7-2021)   653513      65814
LS (3-2020)  -559694      57165
AO (7-2020)   384638      84920
TC (5-2023)  -414094      77995
AO (5-2015)   301935      80530


Residual standard error: 1.021e+05 on 259 degrees of freedom
Log likelihood = -3551, aic =  7131 aicc =  7133, bic(corrected for length) = 23.35



[4m[1mDecomposition[22m[24m
[1mModel[22m
AR :  1 + 0.202943 B + 0.060014 B^2 - 0.180808 B^3 
D :  1 - B - B^12 + B^13 
MA :  1 - 0.847587 B - 0.371558 B^12 + 0.314928 B^13 


[1mSA[22m
AR :  1 + 0.202943 B + 0.060014 B^2 - 0.180808 B^3 
D :  1 - 2.000000 B + B^2 
MA :  1 - 1.751515 B + 0.752030 B^2 - 0.003628 B^3 + 0.025667 B^4 - 0.010490 B^5 
Innovation variance:  0.4377957 

[1mTrend[22m
D :  1 - 2.000000 B + B^2 
MA :  1 + 0.071242 B - 0.928758 B^2 
Innovation variance:  0.002679861 

[1mSeasonal[22m
D :  1 + B + B^2 + B^3 + B^4 + B^5 + B^6 + B^7 + B^8 + B^9 + B^10 + B^11 
MA :  1 + 0.344340 B + 0.117367 B^2 + 0.199972 B^3 - 0.092580 B^4 - 0.193435 B^5 - 0.205721 B^6 - 0.276084 B^7 - 0.275215 B^8 - 0.262687 B^9 - 0.218323 B^10 - 0.137633 B^11 
Innovation variance:  0.1845402 

[1mTransitory[22m
AR :  1 + 0.202943 B + 0.060014 B^2 - 0.180808 B^3 
MA :  1 - 0.663217 B + 0.283457 B^2 + 0.577516 B^3 
Innovation variance:  0.05898087 

[1mIrregular[22m
Innovation variance:  0.2162776 



[4m[1mFinal[22m[24m
Last observed values
               y      sa       t          s           i
Dec 2022  912530 1472109 1433808 -559578.88   38300.460
Jan 2023  708603 1483054 1444297 -774450.98   38757.195
Feb 2023  600685 1421228 1454058 -820542.70  -32830.613
Mar 2023  724499 1456957 1464092 -732458.42   -7134.478
Apr 2023 1428823 1471850 1474496  -43026.73   -2646.669
May 2023  990286 1103155 1484644 -112868.60 -381489.555
Jun 2023 2145526 1197363 1494289  948163.35 -296926.170
Jul 2023 2605188 1256663 1503995 1348524.51 -247331.805
Aug 2023 3336978 1398970 1513971 1938007.84 -115000.886
Sep 2023 1570608 1447059 1523711  123549.10  -76651.757
Oct 2023  872143 1378567 1533720 -506423.51 -155153.176
Nov 2023  619728 1464387 1545222 -844658.85  -80834.939

Forecasts:
               y_f    sa_f     t_f        s_f         i_f
Dec 2023 1005393.7 1538983 1558076 -533589.43 -19093.1285
Jan 2024  749496.1 1532044 1571309 -782548.05 -39264.8512
Feb 2024  744724.2 1565023 1584542 -820298.99 -19518.6483
Mar 2024  866356.6 1590291 1597775 -723934.77  -7483.2161
Apr 2024 1557913.3 1599354 1611007  -41440.71 -11653.3875
May 2024 1512556.3 1618454 1624240 -105897.98  -5785.8891
Jun 2024 2586503.0 1634444 1637473  952059.19  -3029.0360
Jul 2024 2995688.4 1647076 1650706 1348612.48  -3629.7774
Aug 2024 3604088.5 1662071 1663938 1942017.07  -1867.0080
Sep 2024 1801800.1 1676003 1677171  125797.39  -1168.4471
Oct 2024 1176987.4 1689245 1690404 -512257.16  -1159.3728
Nov 2024  854489.0 1703008 1703637 -848519.02   -628.7385


[4m[1mDiagnostics[22m[24m
[1mRelative contribution of the components to the stationary
portion of the variance in the original series,
after the removal of the long term trend[22m
 Trend computed by Hodrick-Prescott filter (cycle length = 8.0 years)
           Component
 Cycle         0.105
 Seasonal     88.878
 Irregular     0.335
 TD & Hol.     0.000
 Others        9.333
 Total        98.651

[1mCombined test in the entire series[22m
 Non parametric tests for stable seasonality
                                                          P.value
   Kruskall-Wallis test                                          0
   Test for the presence of seasonality assuming stability       0
   Evolutive seasonality test                                    0
 
 Identifiable seasonality present

[1mResidual seasonality tests[22m
                                      P.value
 qs test on sa                          1.000
 qs test on i                           1.000
 f-test on sa (seasonal dummies)        1.000
 f-test on i (seasonal dummies)         1.000
 Residual seasonality (entire series)   1.000
 Residual seasonality (last 3 years)    0.907
 f-test on sa (td)                      0.000
 f-test on i (td)                       0.000


[4m[1mAdditional output variables[22m[24m

$sa1$VATPSA
[4m[1mRegARIMA[22m[24m
y = regression model + arima (0, 1, 1, 0, 1, 1)
Log-transformation: yes
Coefficients:
          Estimate Std. Error
Theta(1)   -0.2022      0.063
BTheta(1)  -0.5435      0.058

              Estimate Std. Error
pent_dur6_iem  0.07800      0.010
Easter [6]     0.12933      0.010
AO (3-2020)   -2.27799      0.047
AO (4-2020)   -4.40405      0.058
AO (5-2020)   -4.28559      0.065
AO (6-2020)   -2.90478      0.069
AO (7-2020)   -1.57207      0.072
AO (8-2020)   -1.12175      0.074
AO (9-2020)   -1.12084      0.078
AO (10-2020)  -1.62848      0.080
AO (11-2020)  -2.63928      0.081
AO (12-2020)  -2.99879      0.082
AO (1-2021)   -3.21697      0.083
AO (2-2021)   -3.07166      0.083
AO (3-2021)   -3.29922      0.084
AO (4-2021)   -3.52113      0.084
TC (5-2021)   -2.42786      0.084
AO (9-2021)   -0.31055      0.046
AO (10-2021)  -0.44342      0.056
AO (11-2021)  -0.53747      0.064
AO (12-2021)  -0.56755      0.069
AO (1-2022)   -0.80550      0.072
AO (2-2022)   -0.56082      0.076
AO (3-2022)   -0.46903      0.073
AO (4-2022)   -0.32703      0.070
AO (5-2022)   -0.26624      0.066
AO (6-2022)   -0.18085      0.057
AO (7-2022)   -0.07288      0.045
AO (2-2023)    0.05495      0.048


Residual standard error: 0.04789 on 242 degrees of freedom
Log likelihood = 441.7, aic =  7865 aicc =  7873, bic(corrected for length) = -5.443



[4m[1mDecomposition[22m[24m
[1mModel[22m
D :  1 - B - B^12 + B^13 
MA :  1 - 0.202186 B - 0.543499 B^12 + 0.109888 B^13 


[1mSA[22m
D :  1 - 2.000000 B + B^2 
MA :  1 - 1.167040 B + 0.205843 B^2 
Innovation variance:  0.6117729 

[1mTrend[22m
D :  1 - 2.000000 B + B^2 
MA :  1 + 0.049492 B - 0.950508 B^2 
Innovation variance:  0.09401318 

[1mSeasonal[22m
D :  1 + B + B^2 + B^3 + B^4 + B^5 + B^6 + B^7 + B^8 + B^9 + B^10 + B^11 
MA :  1 + 1.639667 B + 1.860919 B^2 + 1.873417 B^3 + 1.706645 B^4 + 1.448569 B^5 + 1.143853 B^6 + 0.820600 B^7 + 0.535537 B^8 + 0.257195 B^9 + 0.083619 B^10 - 0.244364 B^11 
Innovation variance:  0.0656457 

[1mIrregular[22m
Innovation variance:  0.2152896 



[4m[1mFinal[22m[24m
Last observed values
                y       sa        t         s         i
Dec 2022  4846003 10911183 10764158 0.4441318 1.0136588
Jan 2023  5392250 10544489 10695341 0.5113809 0.9858956
Feb 2023  6603889 11249636 10663745 0.5870314 1.0549423
Mar 2023  7203431 10638987 10714803 0.6770787 0.9929242
Apr 2023  9929474 10804634 10828217 0.9190014 0.9978221
May 2023 12882123 11165724 10852995 1.1537203 1.0288151
Jun 2023 16145428 10679498 10585622 1.5118153 1.0088682
Jul 2023 16646146  9778432 10375263 1.7023329 0.9424756
Aug 2023 16364787 10617166 10653617 1.5413517 0.9965786
Sep 2023 17681777 11373250 11145923 1.5546811 1.0203955
Oct 2023 12980363 11767776 11278148 1.1030430 1.0434139
Nov 2023  4566724 10747669 11044258 0.4249037 0.9731454

Forecasts:
              y_f     sa_f      t_f       s_f       i_f
Dec 2023  4838573 10864682 10866308 0.4453488 0.9998503
Jan 2024  5523698 10810471 10811965 0.5109581 0.9998618
Feb 2024  6311151 10756494 10757894 0.5867294 0.9998699
Mar 2024  8235758 10702760 10704093 0.7694985 0.9998755
Apr 2024  8591158 10649277 10650561 0.8067363 0.9998794
May 2024 13066130 10596048 10597297 1.2331135 0.9998822
Jun 2024 14919598 10543077 10544299 1.4151085 0.9998841
Jul 2024 17720418 10490365 10491566 1.6892089 0.9998855
Aug 2024 16059489 10437912 10439097 1.5385730 0.9998864
Sep 2024 16178857 10385718 10386891 1.5577987 0.9998871
Oct 2024 11451126 10333783 10334945 1.1081253 0.9998876
Nov 2024  4360106 10282106 10283259 0.4240480 0.9998879


[4m[1mDiagnostics[22m[24m
[1mRelative contribution of the components to the stationary
portion of the variance in the original series,
after the removal of the long term trend[22m
 Trend computed by Hodrick-Prescott filter (cycle length = 8.0 years)
           Component
 Cycle         0.820
 Seasonal     35.833
 Irregular     0.035
 TD & Hol.     0.130
 Others       67.739
 Total       104.557

[1mCombined test in the entire series[22m
 Non parametric tests for stable seasonality
                                                          P.value
   Kruskall-Wallis test                                          0
   Test for the presence of seasonality assuming stability       0
   Evolutive seasonality test                                    0
 
 Identifiable seasonality present

[1mResidual seasonality tests[22m
                                      P.value
 qs test on sa                          1.000
 qs test on i                           1.000
 f-test on sa (seasonal dummies)        1.000
 f-test on i (seasonal dummies)         1.000
 Residual seasonality (entire series)   1.000
 Residual seasonality (last 3 years)    1.000
 f-test on sa (td)                      0.593
 f-test on i (td)                       0.961


[4m[1mAdditional output variables[22m[24m


