  *** Tramo Revision: 942  Build: 2017/09/25 09:39:13                                                           ***


                  SUMMARY RESULTS
                  ---------------
 
  Input File : serie.txt
  Input Parameters :
Iter=3. Input models in tparams.m
   
   Reglist01
    Iuser= 2   Nser= 2   Ilong=   0
 
   Fixed Outliers:
   #Observ. Type
      66     AO
      49     LS
 
  REVISION : 942 
  DATE : 2024-10-17 10:32:15
  SERIES IN FILE :     121
  SERIES PROCESSED :     121

    GENERAL FEATURES
    ----------------

                         # of series       %
  ---------------------------------------------
  Levels                           7      5.79
  ---------------------------------------------
  Logs                           114     94.21
  ---------------------------------------------
  Regular Difference             117     96.69
  ---------------------------------------------
  Seasonal Difference            121    100.00
  ---------------------------------------------
  Stationary                       0      0.00
  ---------------------------------------------
  Non Stationary                 121    100.00
  ---------------------------------------------
  Purely Regular                   0      0.00
  ---------------------------------------------
  Nz Too Small                     0      0.00
  for complete AMI
  ---------------------------------------------
  Airline Model (Default)        104     85.95
  ---------------------------------------------

    SEASONALITY -IN- SERIES TESTS
    -----------------------------

                         # of series       %
  ---------------------------------------------
  Non Parametric                 117     96.69
  ---------------------------------------------
  Seasonal AC                    121    100.00
  ---------------------------------------------
  Spectral Evidence              115     95.04
  ---------------------------------------------
  F-Test                           0      0.00
 

    Overalltest

                       NO                WEAK               STRONG
               #series       %     #series       %     #series       %
  ---------------------------------------------------------------------
  In Series          0    0.00           4    3.31         117   96.69
  ---------------------------------------------------------------------

    DIFFERENCES
    -----------

  # of series
  with           D = 0     D = 1     D = 2   Total
  -------------------------------------------------
  BD = 0           0         0         0         0
  -------------------------------------------------
  BD = 1           4       117         0       121
  -------------------------------------------------
  Total            4       117         0       121
  -------------------------------------------------
 
    -----------

  % of series
  with           D = 0    D = 1    D = 2     Total
  -------------------------------------------------
  BD = 0          0.00     0.00     0.00      0.00
  -------------------------------------------------
  BD = 1          3.31    96.69     0.00     *****
  -------------------------------------------------
  Total           3.31    96.69     0.00    100.00
  -------------------------------------------------

    ARMA PARAMETERS
    ---------------

  % of series
  with          P       Q      BP      BQ
  ----------------------------------------
  0          87.6    10.7   100.0     1.7
  ----------------------------------------
  1           8.3    87.6     0.0    98.3
  ----------------------------------------
  2           4.1     1.7     0.0     0.0
  ----------------------------------------
  3           0.0     0.0     0.0     0.0
  ----------------------------------------
  Total > 0  12.4    89.3     0.0    98.3
  -------------------------------------------------
                                             Total
  Average     0.2     0.9     0.0     1.0     2.1
  of param.
  per series
  -------------------------------------------------

    MISSING VALUES AND REGRESSION
    ---------------------------------

                                            Outliers                     Calendar Var.
  ---------------------------------------------------------------------------------------------------
                           MO     AO     TC     LS     SO    Tot  TD(1)  TD(6)     EE  closeTD   Tot
  ---------------------------------------------------------------------------------------------------
  % of series with        0.0   83.5   64.5   60.3    0.0   95.9    0.0    0.0   23.1    0.0    23.1
  ---------------------------------------------------------------------------------------------------
  average # per series    0.0    2.3    1.1    0.9    0.0    4.4
  ---------------------------------------------------------------------------------------------------
  maximum # per series      0      7      4      3      0      9
  ---------------------------------------------------------------------------------------------------
  minimum # per series      0      0      0      0      0      0
  ---------------------------------------------------------------------------------------------------

    TABLE 6 : SUMMARY STATISTICS AND RESIDUALS DIAGNOSTICS
    ------------------------------------------------------

                        Mean     SD         Max     Min     Approx     Beyond     % of series
                                                             1% CV      1% CV     that pass the
                                                                                  test (99%)
  ---------------------------------------------------------------------------------------------
  Length               229.8   26.5         235      43
  ---------------------------------------------------------------------------------------------
  # of ARMA             2.06    0.3           4       1
  param. per serie
  ---------------------------------------------------------------------------------------------
  # of outliers         4.37    2.3           9       0
  per serie
  ---------------------------------------------------------------------------------------------
  Mean stability                                                         0.8          99.2
  ---------------------------------------------------------------------------------------------
  Variance stability                                                     4.1          95.9
  ---------------------------------------------------------------------------------------------
  Out-of-Sample Test                                                     9.9          90.1
  ---------------------------------------------------------------------------------------------
  Q                     31.4   15.0       120.5     7.3     38.93       23.1          76.9
  ---------------------------------------------------------------------------------------------
  N                      8.2   14.8      106.27     0.0      9.21       23.1          76.9
  ---------------------------------------------------------------------------------------------
  SK                     0.1    1.4         4.4    -3.6      2.58        5.0          95.0
  ---------------------------------------------------------------------------------------------
  Kur                    1.6    1.9         9.3    -1.2      2.58       24.0          76.0
  ---------------------------------------------------------------------------------------------
  Q2                    34.3   19.4       122.1     6.4     41.64       22.3          77.7
  ---------------------------------------------------------------------------------------------
  t-mean                -0.4    0.6         1.2    -2.1      2.58        0.0         100.0
  ---------------------------------------------------------------------------------------------
  Runs                  -0.1    1.0         2.3    -2.7      2.58        0.8          99.2
  ---------------------------------------------------------------------------------------------
  QS                                                         9.21        0.8          99.2
  ---------------------------------------------------------------------------------------------
  SNP test for res.     11.8    5.3        34.2     3.5     24.73        2.5          97.5
  ---------------------------------------------------------------------------------------------

    SEASONALITY -IN- RESIDUALS TESTS
    --------------------------------

                         # of series       %
  ---------------------------------------------
  Non Parametric                   3      2.48
  ---------------------------------------------
  Seasonal AC                      1      0.83
  ---------------------------------------------
  Spectral Evidence                0      0.00
  ---------------------------------------------

    Overalltest

                       NO                WEAK               STRONG
               #series       %     #series       %     #series       %
  ---------------------------------------------------------------------
  In Residuals     120   99.17           1    0.83           0    0.00
  ---------------------------------------------------------------------

    SPECTRAL EVIDENCE OF TRADING DAY
    ------------------------------------

                        # of series     %
  --------------------------------------------
  In residuals                2      1.65
  --------------------------------------------

    QUALITY OF ARIMA MODEL
    -----------------------------

                         # of series       %
  ---------------------------------------------
  Good                            56     46.28
  ---------------------------------------------
  Acceptable                      21     17.36
  ---------------------------------------------
  Mildly Poor                     19     15.70
  ---------------------------------------------
  Poor                            25     20.66
 
