
                                        PROGRAM TRAMO+

             (based on program TRAMO, Victor Gomez and Agustin Maravall©,1996)

         Developed at the Bank of Spain by Gianluca Caporello and Agustin Maravall,
         with programming support from Domingo Pérez Cañete and Roberto López Pavón.

                 VERSION: 1.0 (Revision: 942  Build: 2017/09/25 09:39:13)


 SERIES TITLE=NONDUEST                                                                        

 INPUT PARAMETERS
   lam= 0   imean= 0   ireg= 5   seats= 2   int2=235   rsa= 0   modelsumm= 1   va=   3.762
 
  WARNING :
    Remember to define the regression variable name in the first line of the external regression file.
   Name : NOT DEFINED.
   Reglist01
    Iuser=-1   Nser= 1   Ilong= 312
 
   Name : NOT DEFINED.
   Reglist02
    Iuser= 2   Nser= 4   Ilong=   0
 
   Fixed Outliers:
   #Observ. Type
      51     LS
     183     AO
     184     AO
     185     AO
 

 NUMBER OF OBSERVATIONS: 235


 ORIGINAL SERIES 

 YEAR        JAN       FEB       MAR       APR       MAY       JUN       JUL       AUG       SEP       OCT       NOV       DEC 

 2005      50.000    53.100    57.900    43.500    46.600    57.500    67.500    46.700    60.400    50.300    51.300    50.400
 2006      56.100    59.700    62.100    45.500    52.400    62.400    70.300    52.900    64.600    59.800    58.600    52.400
 2007      62.100    63.300    65.700    49.000    60.700    69.300    79.500    55.900    66.600    67.500    65.100    54.400
 2008      70.800    73.100    64.400    58.000    60.400    71.100    89.900    52.100    73.500    67.700    64.500    60.900
 2009      65.900    69.300    60.400    49.800    51.000    64.000    81.300    50.600    65.100    59.500    61.400    58.900
 2010      61.100    65.500    73.100    55.500    59.700    71.600    82.100    57.200    74.800    64.900    67.300    65.100
 2011      66.600    69.300    77.200    59.200    69.400    74.800    86.400    62.900    83.100    72.500    77.700    71.200
 2012      72.200    77.100    77.100    61.000    74.200    81.500    95.300    65.600    78.300    84.200    80.000    68.400
 2013      78.900    76.200    78.400    68.300    77.300    79.500   100.000    64.500    85.700    88.300    80.900    76.600
 2014      81.500    79.300    81.100    71.300    78.000    84.300   104.900    62.700    92.000    87.700    82.600    80.900
 2015      79.900    84.400    88.800    79.800    81.400    90.600   105.700    66.400    89.500    88.000    89.700    85.400
 2016      79.700    86.300    87.900    78.700    87.900    89.800    99.700    74.300    91.500    90.000    97.600    89.400
 2017      85.200    85.300    95.300    77.600    95.100    97.600   102.600    76.300    94.800    95.100   101.900    88.700
 2018      94.500    88.300    98.300    85.100   102.100   102.800   114.600    80.800    94.600   104.000   103.300    87.700
 2019      92.600    91.700    93.600    85.200    99.500    95.000   115.300    76.600   101.300   108.000   100.000    95.900
 2020      97.100    93.600    90.100    64.100    75.200    92.600   107.100    75.400   104.500    99.500    96.600    91.800
 2021      84.700    90.800   101.800    90.600    97.200   105.200   113.100    82.700   109.300   106.200   112.600   105.800
 2022      96.600   111.700   120.500   104.600   123.700   123.300   126.300   103.300   132.100   125.200   130.400   118.900
 2023     113.700   120.500   139.100   107.100   131.700   133.000   131.600   105.500   126.900   131.000   130.900   116.000
 2024     123.500   125.300   128.700   122.200   135.600   132.900   147.400


 MODEL PARAMETERS            
 ----------------
  MQ= 12         IMEAN=  0      LAM=  0      D=  1       BD=  1
  P=  0          BP=  0         Q=  1        BQ=  1      IREG=  5
  ITRAD=  0      SMPDAY=  0     IEAST=  0      IDUR=  6     M= 36       IQM= 24
  INCON=  0      NBACK=  0      NPRED= 24    INTERP=  2  INIT=  0
  IFILT=  2      IROOT=  2    INIC=  0    ICONCE=  1
  ICDET=  1      IATIP=  0      IMVX=  0     IDIF=  0    PG=  0
  AIO=  2        INT1=  1       INT2= 235    RSA=  0     SEATS=  2
  VA= 3.76       TOL=  0.100E-03             PC=  0.120E+00
  NOADMISS= 1    STOCHTD 0    BIAS= 1
  THLIM=  0.000  BTHLIM=  0.000   RMOD=  0.500



TH =        -0.10

BTH =        -0.10

WARNING: When adjusting for degrees of freedom in
 order to compute white-noise residuals, the Housholder
 transformation contains an element of arbitrariness 
 that, when multiple regressors are entered, may produce
 a slight variation in results when the order in which
 regressors are entered changes



NUMBER OF INITIAL OBS. =  13

Log-Level pretest : LOGS are Selected
 DIFFERENCED TRANSFORMED SERIES

 YEAR        JAN       FEB       MAR       APR       MAY       JUN       JUL       AUG       SEP       OCT       NOV       DEC 

 2006                 0.002    -0.047    -0.025     0.072    -0.036    -0.041     0.084    -0.057     0.106    -0.040    -0.094
 2007       0.063    -0.043    -0.002     0.018     0.073    -0.042     0.018    -0.068    -0.025     0.091    -0.016    -0.068
 2008       0.094     0.013    -0.164     0.189    -0.174     0.031     0.097    -0.193     0.169    -0.096    -0.012     0.122
 2009      -0.185     0.018    -0.011    -0.088    -0.017     0.064     0.005     0.071    -0.092    -0.008     0.080     0.016
 2010      -0.042     0.019     0.247    -0.082     0.049    -0.045    -0.102     0.113     0.016    -0.052     0.005     0.008
 2011      -0.014    -0.030    -0.002     0.010     0.086    -0.107     0.007     0.044     0.010     0.006     0.033    -0.054
 2012      -0.009     0.026    -0.108     0.031     0.037     0.019     0.012    -0.056    -0.102     0.209    -0.120    -0.069
 2013       0.129    -0.100     0.028     0.096    -0.072    -0.066     0.073    -0.065     0.107    -0.043    -0.036     0.102
 2014      -0.081     0.007    -0.006     0.009    -0.034     0.050    -0.011    -0.076     0.099    -0.078     0.028     0.034
 2015      -0.074     0.082     0.028     0.022    -0.070     0.029    -0.064     0.050    -0.085     0.031     0.079    -0.028
 2016      -0.057     0.025    -0.032    -0.004     0.091    -0.086    -0.050     0.171    -0.090     0.000     0.062    -0.039
 2017       0.021    -0.078     0.092    -0.095     0.093     0.005    -0.055    -0.002     0.009     0.020    -0.012    -0.051
 2018       0.111    -0.069    -0.004     0.061    -0.021    -0.019     0.059    -0.053    -0.059     0.092    -0.076    -0.025
 2019      -0.009     0.058    -0.087     0.050    -0.027    -0.053     0.085    -0.059     0.122    -0.031    -0.070     0.122
 2020      -0.042    -0.027    -0.059    -0.246     0.005     0.254    -0.048     0.058     0.047    -0.113     0.047    -0.009
 2021      -0.093     0.106     0.152     0.224    -0.089    -0.129    -0.073     0.038    -0.048     0.020     0.088    -0.011
 2022      -0.010     0.076    -0.039    -0.025     0.097    -0.082    -0.048     0.112    -0.033    -0.025    -0.018    -0.030
 2023       0.046    -0.087     0.068    -0.120     0.039     0.013    -0.035    -0.020    -0.061     0.085    -0.041    -0.029
 2024       0.107    -0.044    -0.117     0.210    -0.103    -0.030     0.114




 AUTOCORRELATIONS
 ----------------
     -0.3217  -0.1128   0.0693  -0.0600  -0.0250   0.0625  -0.0197   0.0998  -0.1002   0.0644   0.0664  -0.3282
 SE   0.0671   0.0737   0.0745   0.0748   0.0750   0.0751   0.0753   0.0753   0.0759   0.0765   0.0767   0.0770
      0.2138  -0.0142  -0.0775  -0.0016   0.0296   0.0701  -0.0700   0.0079   0.0424  -0.1161   0.0639  -0.0722
 SE   0.0831   0.0855   0.0855   0.0858   0.0858   0.0859   0.0861   0.0864   0.0864   0.0865   0.0872   0.0874
      0.0161   0.0900  -0.1227   0.0530  -0.0148  -0.1225   0.1465  -0.0547   0.0034   0.0386  -0.0702   0.0946
 SE   0.0877   0.0877   0.0881   0.0889   0.0890   0.0890   0.0898   0.0908   0.0910   0.0910   0.0911   0.0913


 PARTIAL AUTOCORRELATIONS
 ---------------------
     -0.3217  -0.2413  -0.0633  -0.0971  -0.0876  -0.0009  -0.0110   0.1221  -0.0267   0.0717   0.1169  -0.2833
 SE   0.0671   0.0671   0.0671   0.0671   0.0671   0.0671   0.0671   0.0671   0.0671   0.0671   0.0671   0.0671
      0.0201  -0.0644  -0.0651  -0.1237  -0.0537   0.1102  -0.0361   0.0846   0.0128  -0.0462   0.0485  -0.2513
 SE   0.0671   0.0671   0.0671   0.0671   0.0671   0.0671   0.0671   0.0671   0.0671   0.0671   0.0671   0.0671
      0.0068  -0.0094  -0.1561  -0.0315  -0.0779  -0.0531  -0.0076   0.0087   0.0574  -0.0390   0.0161  -0.0395
 SE   0.0671   0.0671   0.0671   0.0671   0.0671   0.0671   0.0671   0.0671   0.0671   0.0671   0.0671   0.0671
  
 ARIMA MODEL ESTIMATION 
  
 METHOD OF ESTIMATION: EXACT MAXIMUM LIKELIHOOD           
  
 PARAMETER      ESTIMATE           STD ERROR      T RATIO   LAG  
  
 TH1         -0.49976           0.58942E-01       -8.48      1
 BTH         -0.42026           0.61748E-01       -6.81     12
  
 
 REGULAR MA INVERSE ROOTS ARE 
 NO.     REAL P.     IMAG.P.     MODULUS    ARGUMENT      PERIOD
  1      0.49976       0.0000      0.49976       0.0000            -  
 
 SEASONAL MA INVERSE ROOTS ARE 
 NO.     REAL P.     IMAG.P.     MODULUS    ARGUMENT      PERIOD
  1      0.42026       0.0000      0.42026       0.0000            -  
  
 CORRELATIONS OF THE ESTIMATES 
  
  1.000   -0.165
 -0.165    1.000
  
 AIC 
    -858.242
  
 BIC 
     -6.6083
  
 FINAL VALUE OF OBJECTIVE FUNCTION: 
               0.25558    
  
 RADETN:    1.00591738013503     
 ITERATIONS:            3
  
  NUMBER OF FUNCTION EVALUATIONS:           11
  

 ESTIMATES OF REGRESSION PARAMETERS 
 CONCENTRATED OUT OF THE LIKELIHOOD 

 PARAMETER           VALUE          ST. ERROR     T VALUE
 REG      1          0.36558E-01    (     0.00188)   19.42
 OUT 1 ( 51)        -0.17653        (     0.02505)   -7.05   LS    ( 3 2009)
 OUT 2 (183)        -0.88954E-01    (     0.02637)   -3.37   AO    ( 3 2020)
 OUT 3 (184)        -0.33070        (     0.02708)  -12.21   AO    ( 4 2020)
 OUT 4 (185)        -0.18239        (     0.02661)   -6.85   AO    ( 5 2020)

 VAR-CORRELATION MATRIX OF ESTIMATORS 

   0.354E-05
  -0.411E-01   0.627E-03
   0.229E-01  -0.911E-03   0.696E-03
  -0.679E-01   0.282E-02   0.290E+00   0.733E-03
   0.136E+00  -0.558E-02   0.201E+00   0.280E+00   0.708E-03


 VARIANCES ARE IN THE MAIN DIAGONAL; 
 OFF-DIAGONAL ELEMENTS ARE CORRELATIONS. 



ACF DIFFERENCED SERIES




 AUTOCORRELATIONS
 ----------------
     -0.3310  -0.1343   0.0944  -0.0474  -0.0110   0.0530  -0.0327   0.1035  -0.1030   0.0584   0.0743  -0.3378
 SE   0.0671   0.0741   0.0752   0.0757   0.0759   0.0759   0.0760   0.0761   0.0767   0.0773   0.0775   0.0779
      0.2021   0.0256  -0.0848  -0.0381   0.0289   0.0916  -0.0829  -0.0001   0.0497  -0.1118   0.0708  -0.0612
 SE   0.0842   0.0864   0.0864   0.0868   0.0869   0.0869   0.0873   0.0877   0.0877   0.0878   0.0884   0.0887
      0.0215   0.0718  -0.1384   0.0801   0.0000  -0.1344   0.1492  -0.0498  -0.0190   0.0498  -0.0580   0.0801
 SE   0.0889   0.0889   0.0892   0.0901   0.0905   0.0905   0.0914   0.0924   0.0926   0.0926   0.0927   0.0929
  
  
  NUMBER OF WHITE NOISE RESIDUALS          217
  
 WHITE NOISE RESIDUALS
  

 YEAR        JAN       FEB       MAR       APR       MAY       JUN       JUL       AUG       SEP       OCT       NOV       DEC 

 2006                                                                  -0.049     0.053     0.007     0.034     0.014    -0.013
 2007      -0.053    -0.018    -0.004    -0.027     0.094    -0.007    -0.036    -0.019    -0.005     0.026     0.032    -0.094
 2008       0.064     0.011    -0.047     0.009    -0.015     0.001     0.011    -0.079    -0.015    -0.018     0.023     0.015
 2009      -0.021    -0.038     0.015     0.006     0.015     0.002     0.046     0.023    -0.034     0.007     0.024     0.029
 2010       0.033    -0.012     0.043    -0.025     0.005    -0.009    -0.051     0.014     0.041     0.015    -0.016    -0.029
 2011      -0.020    -0.015     0.047     0.014     0.027    -0.061    -0.006     0.021     0.035     0.021     0.034     0.027
 2012      -0.108    -0.030    -0.063     0.032     0.025    -0.000    -0.014    -0.016    -0.026     0.051    -0.012    -0.034
 2013      -0.012    -0.024    -0.004     0.048    -0.008    -0.038    -0.025    -0.008     0.022     0.032     0.000     0.017
 2014       0.003    -0.035    -0.020     0.020    -0.001    -0.002    -0.014    -0.045     0.015    -0.025     0.009     0.045
 2015      -0.018     0.021     0.001     0.035     0.016    -0.036    -0.052    -0.029    -0.047     0.030     0.030     0.004
 2016       0.001    -0.035    -0.017     0.039    -0.000    -0.031    -0.006     0.057    -0.039     0.040     0.052     0.019
 2017      -0.079    -0.023     0.008     0.039     0.031     0.007    -0.047    -0.000     0.017    -0.020     0.028     0.033
 2018      -0.019    -0.035     0.024     0.015     0.027    -0.009    -0.004    -0.009    -0.020    -0.004    -0.025    -0.066
 2019      -0.020     0.037    -0.014    -0.029     0.004    -0.024     0.000     0.011     0.047     0.032    -0.027     0.013
 2020       0.043    -0.022    -0.031    -0.029    -0.041    -0.069    -0.041     0.042     0.049    -0.012    -0.050    -0.023
 2021       0.021     0.025     0.031     0.028     0.025     0.082     0.002    -0.008    -0.003     0.040     0.053    -0.021
 2022      -0.007     0.115     0.027     0.067     0.026    -0.004    -0.030     0.057    -0.004    -0.010    -0.009     0.019
 2023      -0.053    -0.027     0.041    -0.040    -0.021    -0.004    -0.049    -0.013    -0.047    -0.011    -0.013     0.043
 2024       0.000    -0.045    -0.013     0.038    -0.013     0.001    -0.009
 
 
  STABILITY TEST
 
 
     1. FULL PERIOD
                  FIRST HALF                    SECOND HALF
           Mean(t)          Variance      Mean(t)          Variance
      -0.11E-02(-0.36    )  0.11E-02  0.13E-03( 0.39E-01)  0.12E-02
 
      Mean assumed equal to 0
      VR(variance ratio)=  1.1    
 
      MEAN STABILITY IS NOT REJECTED.
      VARIANCE STABILITY IS NOT REJECTED.


 
     2. LAST 10 YEARS
                  FIRST HALF                    SECOND HALF
           Mean(t)          Variance      Mean(t)          Variance
      -0.25E-02(-0.62    )  0.94E-03  0.29E-02( 0.63    )  0.13E-02
 
      Mean assumed equal to 0
      VR(variance ratio)=  1.4    
 
      LAST 10 YEARS MEAN STABILITY IS NOT REJECTED.
      LAST 10 YEARS VARIANCE STABILITY IS NOT REJECTED.


 
  OUT-OF-SAMPLE TEST
  ------------------
      Model re-estimated on Linearized series for first 217 observations.
       18 One-Period-Ahead Forecasts computed with model fixed.
      Comparison between forecast errors (last   18 observations) and residuals (in-sample):

        Mean(Forecast Errors)
            p-value= 0.1800
            Mean of forecast errors can be assumed zero.

        Out-of-Sample MSE is :  0.8772E-03
        In-Sample MSE is :  0.1163E-02
        F( 18,204) is :  0.754E+00
            p-value(%)=75.1243

        Mean and Variance of forecast Errors and In-Sample residuals ARE NOT significantly different.


 TEST-STATISTICS ON RESIDUALS
 ----------------------------


           MEAN=  -0.5032688E-03
        ST.DEV.=   0.2277084E-02
        OF MEAN
        T-VALUE= -0.2210

 NORMALITY TEST=   1.917        ( CHI-SQUARE(2) )

       SKEWNESS=  0.0193          ( SE =  0.1663 )
       KURTOSIS=  3.4588          ( SE =  0.3326 )

 SUM OF SQUARES=   0.2415647    

  DURBIN-WATSON=  1.8337

 STANDARD ERROR=   0.3427536E-01
 OF RESID.
  MSE OF RESID.=   0.1174800E-02




 AUTOCORRELATIONS
 ----------------
      0.0881  -0.1246  -0.0684  -0.0522   0.0541   0.1545   0.0382   0.0709  -0.1048  -0.0854  -0.0112   0.0096
 SE   0.0679   0.0679   0.0679   0.0679   0.0679   0.0679   0.0679   0.0679   0.0679   0.0679   0.0679   0.0679
 Q      1.71     5.14     6.18     6.79     7.44    12.82    13.15    14.30    16.80    18.48    18.51    18.53
 PV    -1.00    -1.00     0.01     0.03     0.06     0.01     0.02     0.03     0.02     0.02     0.03     0.05
      0.0873  -0.0002  -0.2021  -0.0868   0.0454   0.1159  -0.0047  -0.0116  -0.1167  -0.1104  -0.0040  -0.0553
 SE   0.0679   0.0679   0.0679   0.0679   0.0679   0.0679   0.0679   0.0679   0.0679   0.0679   0.0679   0.0679
 Q     20.31    20.31    29.92    31.70    32.19    35.39    35.40    35.43    38.73    41.70    41.71    42.46
 PV     0.04     0.06     0.00     0.00     0.01     0.00     0.01     0.01     0.00     0.00     0.00     0.01
      0.0433  -0.0075  -0.1707   0.0001  -0.0090  -0.0090   0.0812  -0.0754  -0.0494   0.0033  -0.0189   0.0370
 SE   0.0679   0.0679   0.0679   0.0679   0.0679   0.0679   0.0679   0.0679   0.0679   0.0679   0.0679   0.0679
 Q     42.92    42.94    50.22    50.22    50.24    50.27    51.95    53.41    54.04    54.04    54.14    54.50
 PV     0.01     0.01     0.00     0.00     0.00     0.01     0.01     0.01     0.01     0.01     0.01     0.01

  LJUNG-BOX Q VALUE OF ORDER  24 IS     42.46 AND IF RESIDUALS ARE RANDOM IT SHOULD BE DISTRIBUTED AS CHI-SQUARE(22)
  p-value= 0.0055
  THE PIERCE QS VALUE IS      0.02 AND IF RESIDUALS ARE RANDOM IT SHOULD BE DISTRIBUTED AS CHI-SQUARE(2)

 APPROXIMATE TEST OF RUNS ON RESIDUALS
 -------------------------------------
  NUM.DATA= 217
   NUM.(+)= 109
   NUM.(-)= 108
  NUM.RUNS=  89
   T-VALUE= -2.7217


  NON-PARAMETRIC TEST FOR RESIDUAL SEASONALITY (FRIEDMAN) SEAS_NP =     20.68
    ASYMP. DISTRIBUTED AS CHI-SQUARE(11)
    p-value= 0.0369



 SQUARED RESIDUALS:
 ------------------




 AUTOCORRELATIONS
 ----------------
     -0.0644   0.0849  -0.0102  -0.0462  -0.0282  -0.0334   0.0686   0.1226   0.0192   0.0009   0.0450  -0.0653
 SE   0.0679   0.0679   0.0679   0.0679   0.0679   0.0679   0.0679   0.0679   0.0679   0.0679   0.0679   0.0679
 Q      0.91     2.51     2.53     3.01     3.18     3.43     4.50     7.92     8.00     8.00     8.47     9.46
 PV    -1.00    -1.00     0.11     0.22     0.36     0.49     0.48     0.24     0.33     0.43     0.49     0.49
     -0.0438  -0.0340   0.0283  -0.0401   0.0534  -0.0024   0.0367   0.0171  -0.0198  -0.0165  -0.0706  -0.0395
 SE   0.0679   0.0679   0.0679   0.0679   0.0679   0.0679   0.0679   0.0679   0.0679   0.0679   0.0679   0.0679
 Q      9.91    10.18    10.37    10.75    11.42    11.42    11.75    11.82    11.91    11.98    13.20    13.58
 PV     0.54     0.60     0.66     0.71     0.72     0.78     0.82     0.86     0.89     0.92     0.90     0.92
      0.0198  -0.0523  -0.0550  -0.0512  -0.0817   0.0028  -0.0144  -0.0524  -0.0713  -0.0210  -0.0303  -0.0740
 SE   0.0679   0.0679   0.0679   0.0679   0.0679   0.0679   0.0679   0.0679   0.0679   0.0679   0.0679   0.0679
 Q     13.68    14.36    15.12    15.78    17.46    17.46    17.52    18.22    19.54    19.65    19.89    21.33
 PV     0.94     0.94     0.94     0.94     0.92     0.94     0.95     0.95     0.95     0.96     0.96     0.96

  McLEOD-LI Q VALUE OF ORDER  24 IS     13.58 AND IF RESIDUALS ARE RANDOM IT SHOULD BE DISTRIBUTED AS CHI-SQUARE(24)
  p-value= 0.9555
 
 
 
SPECTRAL DIAGNOSTICS
 --------------------
 
A. SEASONAL SPECTRAL PEAKS
 
                           Frequency (cycles per year)
                     One    Two   Three  Four   Five    Six  
 Original series      -T     aT     AT     -T     aT     AT
 Linearized series    -T     AT     AT     AT     AT     AT
 Residuals            --     at     --     --     --     --
 
 AT : peaks detected in AR(30) and using Tukey spectrum  estimator
 A- : only peaks detected in AR(30) spectrum estimator
 -T : only peaks detected using Tukey spectrum estimator
 -- : No peaks detected in AR(30) nor using Tukey spectrum estimator
 
 
 
B. STOCHASTIC SEASONALITY: SPECTRAL EVIDENCE
 
 1 :  SERIES CONTAINS SEASONALITY THAT CAN BE RELIABLY EXTRACTED.
 0 :  SEASONALITY IS NOT PRESENT IN THE SERIES OR IS TOO WEAK TO BE RELIABLY CAPTURED.
 
 ORIGINAL SERIES :   1
 LINEARIZED SERIES : 1
 RESIDUALS :         0
 
 
 
C. TRADING DAY EFFECT: SPECTRAL EVIDENCE
 
 1 :  TRADING DAY EFFECT DETECTED
 0 :  NO TRADING DAY EFFECT DETECTED
 
 LINEARIZED SERIES : 0
 RESIDUALS :         0
 
 
OVERALL TEST FOR IDENTIFIABLE SEASONALITY 
----------------------------------------- 
 
  AUTOCORRELATION FUNCTION EVIDENCE : YES
  NON-PARAMETRIC EVIDENCE           : YES
  F-TEST                            :  - 
  SPECTRAL EVIDENCE                 : YES
 
IDENTIFIABLE SEASONALITY FOUND IN SERIES
 
 
OVERALL TEST FOR RESIDUALS SEASONALITY 
----------------------------------------- 
 
  AUTOCORRELATION FUNCTION EVIDENCE : NO 
  NON-PARAMETRIC EVIDENCE           : NO 
  F-TEST                            : NO 
  SPECTRAL EVIDENCE                 : NO 
 
NO IDENTIFIABLE SEASONALITY FOUND IN RESIDUALS
 
 
ARIMA MODEL : ACCEPTABLE FIT
----------------------------
  Point estimation is acceptable. Variance variablility/Non-Normality likely to have a mild effect  on some interferences
 
QUALITY ARIMA MODEL TESTS
----------------------------------------

  Mean in residuals                      :GOOD        
  Autocorrelation in residuals           :ACCEPTABLE  
  Normality of residuals                 :GOOD        
  Skewness of residuals                  :GOOD        
  Kurtosis of residuals                  :GOOD        
  Randomness of residual sign            :ACCEPTABLE  
  Instability of residual mean           :GOOD        
  Instability of residual variance       :GOOD        
  Seasonality in residuals               :GOOD        
  Trading day in residuals               :GOOD        
  Out-of-sample forecast errors          :GOOD        
  Number of outliers                     :GOOD        
 


 LINEAR SERIES


 YEAR        JAN       FEB       MAR       APR       MAY       JUN       JUL       AUG       SEP       OCT       NOV       DEC 

 2005      43.014    44.793    48.424    36.371    38.249    47.701    58.995    38.331    49.576    43.963    42.553    42.244
 2006      46.529    50.360    50.072    40.930    43.010    51.766    61.443    43.420    54.998    50.389    48.608    47.252
 2007      49.657    53.397    54.948    42.496    49.823    57.490    66.989    45.883    58.812    54.836    54.000    47.295
 2008      56.613    59.450    57.946    46.754    51.422    61.179    73.033    46.008    60.329    54.998    55.494    51.045
 2009      56.692    58.458    60.268    47.895    53.731    63.344    78.798    51.396    63.750    59.816    60.764    56.786
 2010      65.046    65.920    70.321    53.377    60.639    70.866    82.536    56.014    73.249    67.674    66.602    60.510
 2011      68.356    69.745    77.031    59.055    67.961    74.033    90.093    61.596    81.377    75.599    76.895    71.200
 2012      71.444    74.809    76.931    63.117    72.662    80.664    95.807    64.240    82.493    81.609    79.171    70.947
 2013      75.271    76.689    81.141    68.133    75.698    81.614    96.923    65.515    87.048    85.583    83.043    76.600
 2014      80.646    79.809    83.935    71.126    79.227    86.542   101.672    66.058    90.093    85.001    84.788    80.900
 2015      82.007    84.942    88.605    76.747    85.759    89.671   102.447    67.445    87.645    88.468    88.770    82.334
 2016      84.848    83.736    87.707    78.507    86.078    88.879   103.962    72.760    89.603    93.847    96.588    89.400
 2017      84.308    85.847    91.678    83.282    93.129    96.599   106.986    74.718    96.291    95.605   100.844    95.428
 2018      90.153    88.867    98.085    88.053    99.983   101.746   115.209    79.125    99.666   100.800   102.229    90.965
 2019      88.341    92.289    96.872    84.992    97.437    97.527   111.752    77.805   102.894   104.676   102.648    95.900
 2020      96.083    94.201    98.266    85.810    95.079    91.650   103.804    76.586   102.334   100.029    95.599    88.505
 2021      90.171    91.383    97.931    87.134    98.729   104.121   113.701    80.986   107.034   110.740   111.433    98.340
 2022      99.147   112.417   115.920   108.229   121.136   122.035   131.699   101.159   129.362   130.552   129.048   118.900
 2023     112.509   121.273   133.813   114.942   128.970   131.636   137.226   103.313   128.896   131.696   129.543   124.799
 2024     117.820   121.577   133.200   121.901   132.789   136.435   142.864


  AUTOCORRELATION FUNCTION TEST FOR SEASONALITY IN LINEARIZEDSERIES QS =   415.11  ASIMPTOTICALLY DISTRIBUTED AS CHI-SQUARE(2)
    p-value= 0.0000


  NON-PARAMETRIC TEST FOR SEASONALITY IN LINEARIZED SERIES (FRIEDMAN) SEAS_NP =    185.96
    ASYMP. DISTRIBUTED AS CHI-SQUARE(11)
    p-value= 0.0000


TOTAL OUTLIER EFFECT FACTORS


 YEAR        JAN       FEB       MAR       APR       MAY       JUN       JUL       AUG       SEP       OCT       NOV       DEC 

 2005     119.307   119.307   119.307   119.307   119.307   119.307   119.307   119.307   119.307   119.307   119.307   119.307
 2006     119.307   119.307   119.307   119.307   119.307   119.307   119.307   119.307   119.307   119.307   119.307   119.307
 2007     119.307   119.307   119.307   119.307   119.307   119.307   119.307   119.307   119.307   119.307   119.307   119.307
 2008     119.307   119.307   119.307   119.307   119.307   119.307   119.307   119.307   119.307   119.307   119.307   119.307
 2009     119.307   119.307   100.000   100.000   100.000   100.000   100.000   100.000   100.000   100.000   100.000   100.000
 2010     100.000   100.000   100.000   100.000   100.000   100.000   100.000   100.000   100.000   100.000   100.000   100.000
 2011     100.000   100.000   100.000   100.000   100.000   100.000   100.000   100.000   100.000   100.000   100.000   100.000
 2012     100.000   100.000   100.000   100.000   100.000   100.000   100.000   100.000   100.000   100.000   100.000   100.000
 2013     100.000   100.000   100.000   100.000   100.000   100.000   100.000   100.000   100.000   100.000   100.000   100.000
 2014     100.000   100.000   100.000   100.000   100.000   100.000   100.000   100.000   100.000   100.000   100.000   100.000
 2015     100.000   100.000   100.000   100.000   100.000   100.000   100.000   100.000   100.000   100.000   100.000   100.000
 2016     100.000   100.000   100.000   100.000   100.000   100.000   100.000   100.000   100.000   100.000   100.000   100.000
 2017     100.000   100.000   100.000   100.000   100.000   100.000   100.000   100.000   100.000   100.000   100.000   100.000
 2018     100.000   100.000   100.000   100.000   100.000   100.000   100.000   100.000   100.000   100.000   100.000   100.000
 2019     100.000   100.000   100.000   100.000   100.000   100.000   100.000   100.000   100.000   100.000   100.000   100.000
 2020     100.000   100.000    91.489    71.842    83.328   100.000   100.000   100.000   100.000   100.000   100.000   100.000
 2021     100.000   100.000   100.000   100.000   100.000   100.000   100.000   100.000   100.000   100.000   100.000   100.000
 2022     100.000   100.000   100.000   100.000   100.000   100.000   100.000   100.000   100.000   100.000   100.000   100.000
 2023     100.000   100.000   100.000   100.000   100.000   100.000   100.000   100.000   100.000   100.000   100.000   100.000
 2024     100.000   100.000   100.000   100.000   100.000   100.000   100.000


TOTAL REGRESSION EFFECT FACTORS


 YEAR        JAN       FEB       MAR       APR       MAY       JUN       JUL       AUG       SEP       OCT       NOV       DEC 

 2005      97.431    99.362   100.220   100.245   102.117   101.036    95.900   102.117   102.117    95.900   101.047   100.000
 2006     101.058    99.362   103.951    93.177   102.117   101.036    95.900   102.117    98.451    99.471   101.047    92.949
 2007     104.821    99.362   100.220    96.647   102.117   101.036    99.471   102.117    94.917   103.175   101.047    96.410
 2008     104.821   103.062    93.153   103.978    98.451    97.409   103.175    94.917   102.117   103.175    97.420   100.000
 2009      97.431    99.362   100.220   103.978    94.917   101.036   103.175    98.451   102.117    99.471   101.047   103.723
 2010      93.933    99.362   103.951   103.978    98.451   101.036    99.471   102.117   102.117    95.900   101.047   107.586
 2011      97.431    99.362   100.220   100.245   102.117   101.036    95.900   102.117   102.117    95.900   101.047   100.000
 2012     101.058   103.062   100.220    96.647   102.117   101.036    99.471   102.117    94.917   103.175   101.047    96.410
 2013     104.821    99.362    96.622   100.245   102.117    97.409   103.175    98.451    98.451   103.175    97.420   100.000
 2014     101.058    99.362    96.622   100.245    98.451    97.409   103.175    94.917   102.117   103.175    97.420   100.000
 2015      97.431    99.362   100.220   103.978    94.917   101.036   103.175    98.451   102.117    99.471   101.047   103.723
 2016      93.933   103.062   100.220   100.245   102.117   101.036    95.900   102.117   102.117    95.900   101.047   100.000
 2017     101.058    99.362   103.951    93.177   102.117   101.036    95.900   102.117    98.451    99.471   101.047    92.949
 2018     104.821    99.362   100.220    96.647   102.117   101.036    99.471   102.117    94.917   103.175   101.047    96.410
 2019     104.821    99.362    96.622   100.245   102.117    97.409   103.175    98.451    98.451   103.175    97.420   100.000
 2020     101.058    99.362   100.220   103.978    94.917   101.036   103.175    98.451   102.117    99.471   101.047   103.723
 2021      93.933    99.362   103.951   103.978    98.451   101.036    99.471   102.117   102.117    95.900   101.047   107.586
 2022      97.431    99.362   103.951    96.647   102.117   101.036    95.900   102.117   102.117    95.900   101.047   100.000
 2023     101.058    99.362   103.951    93.177   102.117   101.036    95.900   102.117    98.451    99.471   101.047    92.949
 2024     104.821   103.062    96.622   100.245   102.117    97.409   103.175
 
 
 
 FORECAST FUNCTION OF ORIGINAL SERIES: 
  
ORIGIN: 235 PERIODS AHEAD: 24
  
 OBS    DATE         FORECAST          STD ERROR        FORECAST          STD ERROR   
                        (SERIES IN LOGS)                     (SERIES IN LEVELS)       
 236  Aug-2024       4.66502          0.336599E-01       106.167           3.57459    
 237  Sep-2024       4.90239          0.375345E-01       134.611           5.05435    
 238  Oct-2024       4.96688          0.410771E-01       143.578           5.90024    
 239  Nov-2024       4.89575          0.444633E-01       133.720           5.94858    
 240  Dec-2024       4.86172          0.474177E-01       129.247           6.13202    
 241  Jan-2025       4.82665          0.503351E-01       124.792           6.28538    
 242  Feb-2025       4.85959          0.530687E-01       128.971           6.84914    
 243  Mar-2025       4.91622          0.556762E-01       136.486           7.60492    
 244  Apr-2025       4.84851          0.580781E-01       127.550           7.41414    
 245  May-2025       4.92856          0.605286E-01       138.181           8.37156    
 246  Jun-2025       4.94115          0.627656E-01       139.931           8.79151    
 247  Jul-2025       5.05104          0.649336E-01       156.185           10.1524    
 248  Aug-2025       4.68348          0.745614E-01       108.145           8.07468    
 249  Sep-2025       4.99397          0.789263E-01       147.520           11.6614    
 250  Oct-2025       5.02189          0.832491E-01       151.698           12.6507    
 251  Nov-2025       4.95077          0.874477E-01       141.283           12.3786    
 252  Dec-2025       4.91674          0.912888E-01       136.557           12.4921    
 253  Jan-2026       4.84511          0.951693E-01       127.117           12.1251    
 254  Feb-2026       4.91461          0.987257E-01       136.266           13.4858    
 255  Mar-2026       5.00780          0.102184           149.575           15.3241    
 256  Apr-2026       4.94009          0.105551           139.783           14.7954    
 257  May-2026       4.94702          0.108971           140.755           15.3839    
 258  Jun-2026       5.03273          0.112002           153.350           17.2295    
 259  Jul-2026       5.10606          0.115090           165.019           19.0550    
