
                                        PROGRAM TRAMO+

             (based on program TRAMO, Victor Gomez and Agustin Maravall©,1996)

         Developed at the Bank of Spain by Gianluca Caporello and Agustin Maravall,
         with programming support from Domingo Pérez Cañete and Roberto López Pavón.

                 VERSION: 1.0 (Revision: 942  Build: 2017/09/25 09:39:13)


 SERIES TITLE=INTEREST                                                                        

 INPUT PARAMETERS
   lam= 0   imean= 0   p= 1   q= 0   ireg= 8   seats= 2   int2=235   rsa= 0   modelsumm= 1   va=   3.762
 
  WARNING :
    Remember to define the regression variable name in the first line of the external regression file.
   Name : NOT DEFINED.
   Reglist01
    Iuser=-1   Nser= 1   Ilong= 312
 
   Name : NOT DEFINED.
   Reglist02
    Iuser= 2   Nser= 7   Ilong=   0
 
   Fixed Outliers:
   #Observ. Type
      47     LS
      49     LS
     156     AO
     183     AO
     184     AO
     185     AO
     186     TC
 

 NUMBER OF OBSERVATIONS: 235


 ORIGINAL SERIES 

 YEAR        JAN       FEB       MAR       APR       MAY       JUN       JUL       AUG       SEP       OCT       NOV       DEC 

 2005      58.000    62.500    69.800    67.200    68.600    69.200    71.400    42.700    70.400    69.600    70.800    60.300
 2006      63.600    67.500    79.600    65.700    80.200    78.100    78.500    49.700    77.700    82.800    80.900    65.100
 2007      77.800    79.400    89.100    79.000    88.800    88.800    92.600    54.700    78.900    88.700    83.000    63.000
 2008      80.500    85.300    83.100    90.900    86.700    88.900    98.200    49.000    85.500    85.000    68.900    52.900
 2009      54.200    56.600    60.300    57.900    58.500    60.500    69.700    36.700    65.900    67.600    64.600    53.500
 2010      58.000    65.400    75.100    72.300    75.100    78.600    82.000    48.400    78.000    78.600    77.300    68.200
 2011      72.000    80.000    89.700    81.700    88.800    85.800    89.500    55.200    83.700    81.400    80.400    67.300
 2012      73.100    81.000    89.200    78.000    88.700    86.200    90.400    55.500    79.000    87.300    79.900    62.000
 2013      75.300    75.600    82.600    81.000    85.700    82.100    92.800    53.600    81.200    88.500    79.700    67.000
 2014      78.300    79.700    84.800    82.400    84.600    83.200    93.500    52.100    85.300    89.500    79.300    69.000
 2015      74.200    79.100    89.600    86.900    84.900    88.900    95.500    53.900    85.000    86.400    81.600    68.200
 2016      71.300    80.700    86.700    84.100    87.200    86.400    87.100    58.600    86.300    82.500    85.800    73.500
 2017      78.300    84.300    99.400    82.100    97.700    93.500    93.000    64.500    89.600    93.700    93.400    75.400
 2018      87.500    88.000    98.200    89.800   100.400    98.200   101.700    66.700    90.000   100.700    93.300    73.300
 2019      88.600    89.300    97.300    90.100   100.000    91.400   101.500    61.100    90.800    97.100    87.000    71.900
 2020      86.900    88.300    86.000    60.100    71.200    79.600    90.100    56.600    86.400    90.500    88.600    76.300
 2021      81.100    89.700   105.500   101.300   102.500   108.300   110.100    75.000   108.300   108.200   113.600    96.300
 2022     104.300   115.600   136.700   120.000   139.700   130.600   125.800    88.900   125.500   121.200   119.800    95.100
 2023     107.200   114.600   132.500   103.100   119.600   115.100   111.000    75.700   106.900   111.600   106.000    84.600
 2024      99.700   108.900   112.200   107.700   112.900   110.100   118.400


 MODEL PARAMETERS            
 ----------------
  MQ= 12         IMEAN=  0      LAM=  0      D=  1       BD=  1
  P=  1          BP=  0         Q=  0        BQ=  1      IREG=  8
  ITRAD=  0      SMPDAY=  0     IEAST=  0      IDUR=  6     M= 36       IQM= 24
  INCON=  0      NBACK=  0      NPRED= 24    INTERP=  2  INIT=  0
  IFILT=  2      IROOT=  2    INIC=  0    ICONCE=  1
  ICDET=  1      IATIP=  0      IMVX=  0     IDIF=  0    PG=  0
  AIO=  2        INT1=  1       INT2= 235    RSA=  0     SEATS=  2
  VA= 3.76       TOL=  0.100E-03             PC=  0.120E+00
  NOADMISS= 1    STOCHTD 0    BIAS= 1
  THLIM=  0.000  BTHLIM=  0.000   RMOD=  0.500



BTH =        -0.10

PHI =        -0.10

WARNING: When adjusting for degrees of freedom in
 order to compute white-noise residuals, the Housholder
 transformation contains an element of arbitrariness 
 that, when multiple regressors are entered, may produce
 a slight variation in results when the order in which
 regressors are entered changes



NUMBER OF INITIAL OBS. =  13

Log-Level pretest : LOGS are Selected
 DIFFERENCED TRANSFORMED SERIES

 YEAR        JAN       FEB       MAR       APR       MAY       JUN       JUL       AUG       SEP       OCT       NOV       DEC 

 2006                -0.015     0.054    -0.154     0.179    -0.035    -0.026     0.057    -0.053     0.075    -0.040    -0.057
 2007       0.125    -0.039    -0.050     0.072    -0.082     0.027     0.037    -0.069    -0.081     0.054    -0.043    -0.058
 2008       0.067     0.038    -0.141     0.210    -0.164     0.025     0.058    -0.169     0.190    -0.123    -0.144     0.011
 2009      -0.221    -0.015     0.089    -0.130     0.058     0.009     0.042     0.054     0.029     0.031     0.165     0.076
 2010       0.056     0.077     0.075     0.003     0.028     0.012    -0.099     0.114    -0.108    -0.018     0.029     0.063
 2011      -0.027    -0.015    -0.024    -0.055     0.045    -0.080    -0.000     0.044    -0.061    -0.036     0.004    -0.053
 2012       0.028    -0.003    -0.018    -0.041     0.045     0.006     0.005    -0.005    -0.063     0.128    -0.076    -0.076
 2013       0.112    -0.099    -0.008     0.115    -0.072    -0.014     0.075    -0.061     0.062    -0.014    -0.016     0.080
 2014      -0.038     0.014    -0.027    -0.009    -0.030     0.026    -0.006    -0.036     0.078    -0.038    -0.016     0.034
 2015      -0.083     0.046     0.063    -0.002    -0.050     0.063    -0.045     0.013    -0.037    -0.032     0.064    -0.040
 2016      -0.028     0.060    -0.053     0.000     0.059    -0.055    -0.064     0.176    -0.068    -0.061     0.096     0.025
 2017       0.019    -0.050     0.093    -0.161     0.138    -0.035    -0.013     0.030    -0.058     0.090    -0.042    -0.059
 2018       0.086    -0.068    -0.055     0.102    -0.062     0.022     0.040    -0.056    -0.029     0.068    -0.073    -0.027
 2019       0.041     0.002    -0.024     0.013    -0.007    -0.068     0.070    -0.086     0.097    -0.045    -0.034     0.051
 2020      -0.000     0.008    -0.112    -0.281     0.065     0.201     0.019     0.043     0.027    -0.021     0.089     0.041
 2021      -0.128     0.085     0.189     0.318    -0.158    -0.056    -0.107     0.081    -0.056    -0.047     0.070    -0.016
 2022       0.019     0.002     0.005    -0.090     0.140    -0.122    -0.054     0.037    -0.023    -0.034    -0.060    -0.066
 2023       0.040    -0.036    -0.023    -0.121    -0.004     0.029     0.001    -0.036     0.000     0.078    -0.040     0.005
 2024       0.044     0.022    -0.115     0.210    -0.101     0.013     0.109




 AUTOCORRELATIONS
 ----------------
     -0.3180   0.1661   0.1695   0.0367   0.0656   0.0501  -0.0191   0.0338  -0.0552   0.0033   0.0140  -0.2619
 SE   0.0671   0.0736   0.0753   0.0770   0.0770   0.0773   0.0774   0.0775   0.0775   0.0777   0.0777   0.0777
      0.1145  -0.1618  -0.0427   0.0187  -0.0409  -0.0621  -0.0486  -0.0256  -0.0403  -0.0835   0.0115  -0.1581
 SE   0.0816   0.0823   0.0837   0.0838   0.0839   0.0839   0.0841   0.0843   0.0843   0.0844   0.0848   0.0848
      0.0022  -0.0216   0.0099  -0.1075  -0.0207   0.0052  -0.0362   0.0125  -0.0270   0.0256   0.0330  -0.0120
 SE   0.0861   0.0861   0.0861   0.0861   0.0867   0.0867   0.0867   0.0868   0.0868   0.0869   0.0869   0.0870


 PARTIAL AUTOCORRELATIONS
 ---------------------
     -0.3180   0.0723   0.2701   0.1817   0.0764   0.0086  -0.0803  -0.0578  -0.0965  -0.0464   0.0353  -0.2564
 SE   0.0671   0.0671   0.0671   0.0671   0.0671   0.0671   0.0671   0.0671   0.0671   0.0671   0.0671   0.0671
     -0.0566  -0.0764  -0.0008   0.1007   0.1174   0.0055  -0.1285  -0.1123  -0.0979  -0.0987  -0.0021  -0.2159
 SE   0.0671   0.0671   0.0671   0.0671   0.0671   0.0671   0.0671   0.0671   0.0671   0.0671   0.0671   0.0671
     -0.1043  -0.0561   0.1327   0.0576  -0.0244  -0.0411  -0.0985  -0.0429  -0.0945  -0.0528   0.0218  -0.1373
 SE   0.0671   0.0671   0.0671   0.0671   0.0671   0.0671   0.0671   0.0671   0.0671   0.0671   0.0671   0.0671
  
 ARIMA MODEL ESTIMATION 
  
 METHOD OF ESTIMATION: EXACT MAXIMUM LIKELIHOOD           
  
 PARAMETER      ESTIMATE           STD ERROR      T RATIO   LAG  
  
 PHI1          0.42710           0.61839E-01        6.91      1
 BTH         -0.67108           0.50703E-01      -13.24     12
  
 
 REGULAR AR INVERSE ROOTS ARE 
 NO.     REAL P.     IMAG.P.     MODULUS    ARGUMENT      PERIOD
  1     -0.42710       0.0000      0.42710       180.00           2.0 
 
 SEASONAL MA INVERSE ROOTS ARE 
 NO.     REAL P.     IMAG.P.     MODULUS    ARGUMENT      PERIOD
  1      0.67108       0.0000      0.67108       0.0000            -  
  
 CORRELATIONS OF THE ESTIMATES 
  
  1.000   -0.192
 -0.192    1.000
  
 AIC 
    -897.977
  
 BIC 
     -6.7628
  
 FINAL VALUE OF OBJECTIVE FUNCTION: 
               0.20800    
  
 RADETN:    1.01676761745133     
 ITERATIONS:            2
  
  NUMBER OF FUNCTION EVALUATIONS:            8
  

 ESTIMATES OF REGRESSION PARAMETERS 
 CONCENTRATED OUT OF THE LIKELIHOOD 

 PARAMETER           VALUE          ST. ERROR     T VALUE
 REG      1          0.34751E-01    (     0.00165)   21.07
 OUT 1 ( 47)        -0.16292        (     0.02621)   -6.22   LS    (11 2008)
 OUT 2 ( 49)        -0.12429        (     0.02610)   -4.76   LS    ( 1 2009)
 OUT 3 (156)         0.78004E-01    (     0.02324)    3.36   AO    (12 2017)
 OUT 4 (183)        -0.15514        (     0.02675)   -5.80   AO    ( 3 2020)
 OUT 5 (184)        -0.46291        (     0.02960)  -15.64   AO    ( 4 2020)
 OUT 6 (185)        -0.27526        (     0.03250)   -8.47   AO    ( 5 2020)
 OUT 7 (186)        -0.19975        (     0.03451)   -5.79   TC    ( 6 2020)

 VAR-CORRELATION MATRIX OF ESTIMATORS 

   0.272E-05
   0.923E-01   0.687E-03
   0.243E-01   0.223E-02   0.681E-03
   0.164E+00   0.174E-01  -0.794E-04   0.540E-03
   0.135E-01   0.111E-02   0.265E-03   0.136E-02   0.716E-03
  -0.835E-01  -0.792E-02  -0.213E-02  -0.150E-01   0.420E+00   0.876E-03
   0.910E-01   0.815E-02   0.210E-02   0.133E-01   0.469E+00   0.527E+00   0.106E-02
  -0.306E-01  -0.323E-02  -0.929E-03  -0.748E-02   0.345E+00   0.549E+00   0.625E+00   0.119E-02


 VARIANCES ARE IN THE MAIN DIAGONAL; 
 OFF-DIAGONAL ELEMENTS ARE CORRELATIONS. 



ACF DIFFERENCED SERIES




 AUTOCORRELATIONS
 ----------------
     -0.3851   0.1668   0.1549  -0.0335   0.0746   0.0418  -0.0326   0.0796  -0.0625   0.0392   0.0463  -0.2986
 SE   0.0671   0.0764   0.0780   0.0794   0.0795   0.0798   0.0799   0.0800   0.0803   0.0805   0.0806   0.0807
      0.1438  -0.1644  -0.0246   0.0032  -0.0036  -0.0576  -0.0382  -0.0306  -0.0349  -0.1116   0.0482  -0.1281
 SE   0.0856   0.0866   0.0880   0.0881   0.0881   0.0881   0.0882   0.0883   0.0884   0.0884   0.0891   0.0892
     -0.0029   0.0017   0.0034  -0.0694  -0.0557   0.0345  -0.0711   0.0483  -0.0472   0.0328   0.0270  -0.0289
 SE   0.0900   0.0900   0.0900   0.0900   0.0902   0.0904   0.0905   0.0907   0.0908   0.0909   0.0910   0.0910
  
  
  NUMBER OF WHITE NOISE RESIDUALS          214
  
 WHITE NOISE RESIDUALS
  
    X  10.0D-1


 YEAR        JAN       FEB       MAR       APR       MAY       JUN       JUL       AUG       SEP       OCT       NOV       DEC 

 2006                                                                                                -0.018    -0.031     0.098
 2007       0.192     0.097    -0.036    -0.219    -0.057     0.107    -0.054    -0.117    -0.542    -0.342    -0.160    -0.856
 2008       0.685     0.477    -0.372     0.403    -0.324     0.060    -0.045    -0.749    -0.100    -0.516     0.206    -0.863
 2009       0.250    -0.157    -0.595    -0.403     0.447    -0.174     0.473     0.028     0.643     0.588    -0.258    -0.096
 2010       0.499     0.320     0.186     0.276     0.384     0.320    -0.131     0.190    -0.116     0.244    -0.158     0.195
 2011       0.186     0.299     0.318    -0.322    -0.222    -0.341     0.066     0.366    -0.646    -0.451    -0.214     0.317
 2012      -0.561    -0.150     0.368    -0.204    -0.069    -0.125    -0.225     0.420    -0.241    -0.387    -0.258    -0.227
 2013      -0.129    -0.212     0.044     0.280    -0.228    -0.040    -0.009     0.390    -0.197    -0.081     0.102     0.033
 2014       0.269    -0.220    -0.326    -0.017    -0.145    -0.092    -0.100     0.225    -0.056    -0.052    -0.108     0.297
 2015      -0.157    -0.239     0.109     0.089     0.093    -0.044    -0.200    -0.113    -0.158    -0.017    -0.116    -0.227
 2016       0.136    -0.080    -0.150     0.331    -0.236    -0.079    -0.014     0.664    -0.138    -0.421     0.425     0.705
 2017      -0.510     0.124     0.367    -0.242     0.283    -0.108    -0.292     0.692    -0.199    -0.181     0.295    -0.238
 2018      -0.039     0.002    -0.100     0.073     0.051     0.027    -0.046     0.277    -0.167    -0.116    -0.194    -0.163
 2019       0.018     0.013     0.051    -0.474     0.065    -0.195    -0.169     0.025     0.089    -0.068    -0.163    -0.293
 2020       0.625     0.039     0.002    -0.020    -0.025     0.008    -0.082    -0.002    -0.310     0.078     0.059     0.135
 2021       0.240    -0.004    -0.001     0.389     0.099     0.504     0.034     0.469     0.099     0.164     0.566    -0.105
 2022       0.245     0.524     0.265     0.121     0.367    -0.366    -0.530     0.262    -0.145    -0.321    -0.365    -0.287
 2023      -0.461     0.065    -0.052    -0.873    -0.503    -0.119    -0.207    -0.174     0.097     0.020    -0.260     0.545
 2024      -0.587    -0.001    -0.064     0.101    -0.391     0.270     0.126
 
 
  STABILITY TEST
 
 
     1. FULL PERIOD
                  FIRST HALF                    SECOND HALF
           Mean(t)          Variance      Mean(t)          Variance
      -0.30E-02(-0.98    )  0.96E-03 -0.68E-03(-0.25    )  0.82E-03
 
      Mean assumed equal to 0
      VR(variance ratio)= 0.85    
 
      MEAN STABILITY IS NOT REJECTED.
      VARIANCE STABILITY IS NOT REJECTED.


 
     2. LAST 10 YEARS
                  FIRST HALF                    SECOND HALF
           Mean(t)          Variance      Mean(t)          Variance
      -0.78E-03(-0.24    )  0.64E-03 -0.52E-03(-0.14    )  0.89E-03
 
      Mean assumed equal to 0
      VR(variance ratio)=  1.4    
 
      LAST 10 YEARS MEAN STABILITY IS NOT REJECTED.
      LAST 10 YEARS VARIANCE STABILITY IS NOT REJECTED.


 
  OUT-OF-SAMPLE TEST
  ------------------
      Model re-estimated on Linearized series for first 217 observations.
       18 One-Period-Ahead Forecasts computed with model fixed.
      Comparison between forecast errors (last   18 observations) and residuals (in-sample):

        Mean(Forecast Errors)
            p-value= 0.1155
            Mean of forecast errors can be assumed zero.

        Out-of-Sample MSE is :  0.1155E-02
        In-Sample MSE is :  0.8888E-03
        F( 18,204) is :  0.130E+01
            p-value(%)=19.0376

        Mean and Variance of forecast Errors and In-Sample residuals ARE NOT significantly different.


 TEST-STATISTICS ON RESIDUALS
 ----------------------------


           MEAN=  -0.1808501E-02
        ST.DEV.=   0.2041889E-02
        OF MEAN
        T-VALUE= -0.8857

 NORMALITY TEST=  0.7516        ( CHI-SQUARE(2) )

       SKEWNESS=  0.0031          ( SE =  0.1674 )
       KURTOSIS=  3.2903          ( SE =  0.3349 )

 SUM OF SQUARES=   0.1911804    

  DURBIN-WATSON=  2.0287

 STANDARD ERROR=   0.3080627E-01
 OF RESID.
  MSE OF RESID.=   0.9490266E-03




 AUTOCORRELATIONS
 ----------------
     -0.0124   0.0375   0.2472   0.1251   0.0934   0.0579   0.0202   0.0879   0.0440  -0.0056  -0.1007   0.0941
 SE   0.0684   0.0684   0.0684   0.0684   0.0684   0.0684   0.0684   0.0684   0.0684   0.0684   0.0684   0.0684
 Q      0.03     0.34    13.72    17.17    19.10    19.84    19.93    21.67    22.10    22.11    24.42    26.44
 PV    -1.00    -1.00     0.00     0.00     0.00     0.00     0.00     0.00     0.00     0.00     0.00     0.00
     -0.0464  -0.1834  -0.0199   0.0335  -0.0417  -0.0858  -0.0587  -0.0818  -0.1219  -0.1305  -0.1169  -0.0994
 SE   0.0684   0.0684   0.0684   0.0684   0.0684   0.0684   0.0684   0.0684   0.0684   0.0684   0.0684   0.0684
 Q     26.94    34.71    34.80    35.06    35.47    37.21    38.03    39.62    43.18    47.29    50.59    53.00
 PV     0.00     0.00     0.00     0.00     0.00     0.00     0.00     0.00     0.00     0.00     0.00     0.00
     -0.0794  -0.0610  -0.0575  -0.1027  -0.0663  -0.0505  -0.0315  -0.0015  -0.0644   0.0290   0.0150  -0.0382
 SE   0.0684   0.0684   0.0684   0.0684   0.0684   0.0684   0.0684   0.0684   0.0684   0.0684   0.0684   0.0684
 Q     54.54    55.45    56.27    58.89    59.98    60.62    60.87    60.88    61.93    62.15    62.21    62.59
 PV     0.00     0.00     0.00     0.00     0.00     0.00     0.00     0.00     0.00     0.00     0.00     0.00

  LJUNG-BOX Q VALUE OF ORDER  24 IS     53.00 AND IF RESIDUALS ARE RANDOM IT SHOULD BE DISTRIBUTED AS CHI-SQUARE(22)
  p-value= 0.0002
  THE PIERCE QS VALUE IS      2.02 AND IF RESIDUALS ARE RANDOM IT SHOULD BE DISTRIBUTED AS CHI-SQUARE(2)

 APPROXIMATE TEST OF RUNS ON RESIDUALS
 -------------------------------------
  NUM.DATA= 214
   NUM.(+)= 107
   NUM.(-)= 107
  NUM.RUNS=  99
   T-VALUE= -1.2334


  NON-PARAMETRIC TEST FOR RESIDUAL SEASONALITY (FRIEDMAN) SEAS_NP =     13.19
    ASYMP. DISTRIBUTED AS CHI-SQUARE(11)
    p-value= 0.2811



 SQUARED RESIDUALS:
 ------------------




 AUTOCORRELATIONS
 ----------------
      0.1372   0.0662   0.1497   0.2243   0.0469  -0.0414   0.1352   0.1728   0.1436   0.0335   0.0924   0.0700
 SE   0.0684   0.0684   0.0684   0.0684   0.0684   0.0684   0.0684   0.0684   0.0684   0.0684   0.0684   0.0684
 Q      4.08     5.04     9.95    21.02    21.51    21.89    25.97    32.67    37.32    37.57    39.52    40.64
 PV    -1.00    -1.00     0.00     0.00     0.00     0.00     0.00     0.00     0.00     0.00     0.00     0.00
      0.0178  -0.0054   0.0132  -0.0710   0.0831  -0.0364  -0.0243   0.0252  -0.0275   0.0236  -0.0367   0.0165
 SE   0.0684   0.0684   0.0684   0.0684   0.0684   0.0684   0.0684   0.0684   0.0684   0.0684   0.0684   0.0684
 Q     40.71    40.72    40.76    41.93    43.56    43.87    44.01    44.16    44.34    44.48    44.80    44.87
 PV     0.00     0.00     0.00     0.00     0.00     0.00     0.00     0.00     0.00     0.00     0.00     0.00
     -0.0203  -0.0630  -0.0607   0.0205   0.0040   0.0144  -0.0578  -0.0500  -0.0220  -0.0206  -0.0731  -0.0022
 SE   0.0684   0.0684   0.0684   0.0684   0.0684   0.0684   0.0684   0.0684   0.0684   0.0684   0.0684   0.0684
 Q     44.97    45.94    46.85    46.96    46.96    47.01    47.86    48.49    48.62    48.73    50.11    50.11
 PV     0.00     0.00     0.01     0.01     0.01     0.01     0.02     0.02     0.02     0.03     0.03     0.04

  McLEOD-LI Q VALUE OF ORDER  24 IS     44.87 AND IF RESIDUALS ARE RANDOM IT SHOULD BE DISTRIBUTED AS CHI-SQUARE(24)
  p-value= 0.0060
 
 
 
SPECTRAL DIAGNOSTICS
 --------------------
 
A. SEASONAL SPECTRAL PEAKS
 
                           Frequency (cycles per year)
                     One    Two   Three  Four   Five    Six  
 Original series      aT     AT     AT     aT     aT     AT
 Linearized series    AT     AT     AT     AT     AT     aT
 Residuals            --     -t     --     --     a-     --
 
 AT : peaks detected in AR(30) and using Tukey spectrum  estimator
 A- : only peaks detected in AR(30) spectrum estimator
 -T : only peaks detected using Tukey spectrum estimator
 -- : No peaks detected in AR(30) nor using Tukey spectrum estimator
 
 
 
B. STOCHASTIC SEASONALITY: SPECTRAL EVIDENCE
 
 1 :  SERIES CONTAINS SEASONALITY THAT CAN BE RELIABLY EXTRACTED.
 0 :  SEASONALITY IS NOT PRESENT IN THE SERIES OR IS TOO WEAK TO BE RELIABLY CAPTURED.
 
 ORIGINAL SERIES :   1
 LINEARIZED SERIES : 1
 RESIDUALS :         0
 
 
 
C. TRADING DAY EFFECT: SPECTRAL EVIDENCE
 
 1 :  TRADING DAY EFFECT DETECTED
 0 :  NO TRADING DAY EFFECT DETECTED
 
 LINEARIZED SERIES : 0
 RESIDUALS :         0
 
 
OVERALL TEST FOR IDENTIFIABLE SEASONALITY 
----------------------------------------- 
 
  AUTOCORRELATION FUNCTION EVIDENCE : YES
  NON-PARAMETRIC EVIDENCE           : YES
  F-TEST                            :  - 
  SPECTRAL EVIDENCE                 : YES
 
IDENTIFIABLE SEASONALITY FOUND IN SERIES
 
 
OVERALL TEST FOR RESIDUALS SEASONALITY 
----------------------------------------- 
 
  AUTOCORRELATION FUNCTION EVIDENCE : NO 
  NON-PARAMETRIC EVIDENCE           : NO 
  F-TEST                            : NO 
  SPECTRAL EVIDENCE                 : NO 
 
NO IDENTIFIABLE SEASONALITY FOUND IN RESIDUALS
 
 
ARIMA MODEL : POOR FIT
----------------------
 
QUALITY ARIMA MODEL TESTS
----------------------------------------

  Mean in residuals                      :GOOD        
  Autocorrelation in residuals           :POOR        
  Normality of residuals                 :GOOD        
  Skewness of residuals                  :GOOD        
  Kurtosis of residuals                  :GOOD        
  Randomness of residual sign            :GOOD        
  Instability of residual mean           :GOOD        
  Instability of residual variance       :GOOD        
  Seasonality in residuals               :GOOD        
  Trading day in residuals               :GOOD        
  Out-of-sample forecast errors          :GOOD        
  Number of outliers                     :GOOD        
 


 LINEAR SERIES


 YEAR        JAN       FEB       MAR       APR       MAY       JUN       JUL       AUG       SEP       OCT       NOV       DEC 

 2005      44.611    47.183    52.266    50.306    50.459    51.418    55.750    31.408    51.783    54.344    52.601    45.246
 2006      47.247    50.958    57.568    52.723    58.992    58.031    61.294    36.557    59.174    62.443    60.105    52.364
 2007      55.822    59.941    66.717    61.231    65.318    65.982    69.834    40.235    62.213    64.608    61.666    48.944
 2008      57.759    62.196    66.703    65.724    66.028    68.392    71.528    38.637    62.890    61.913    62.378    46.717
 2009      55.558    56.945    60.174    55.792    61.474    59.910    67.660    37.249    64.601    67.941    63.963    51.673
 2010      61.555    65.799    72.384    69.668    76.223    77.834    82.414    47.446    76.462    81.791    76.538    63.621
 2011      73.804    80.488    89.513    81.510    87.049    84.963    93.133    54.112    82.050    84.704    79.608    67.300
 2012      72.372    78.711    89.014    80.570    86.951    85.359    90.857    54.406    83.016    84.744    79.113    64.192
 2013      72.004    76.061    85.343    80.812    84.010    84.174    90.083    54.401    82.414    85.909    81.705    67.000
 2014      77.520    80.186    87.616    82.208    85.865    85.302    90.763    54.749    83.618    86.880    81.295    69.000
 2015      76.059    79.583    89.413    83.737    89.216    88.033    92.704    54.706    83.324    86.836    80.796    65.871
 2016      75.671    78.419    86.519    83.904    85.481    85.557    90.636    57.445    84.599    85.849    84.954    73.500
 2017      77.520    84.814    95.805    87.804    95.774    92.588    96.775    63.228    90.939    94.173    92.480    74.762
 2018      83.670    88.537    97.995    92.759    98.421    97.242   102.214    65.385    94.576    97.752    92.381    75.892
 2019      84.722    89.845   100.531    89.890    98.028    93.709    98.529    62.013    92.157    94.257    89.189    71.900
 2020      86.035    88.839   100.223    92.004    98.528    96.251   100.588    63.353    90.703    95.426    90.722    75.446
 2021      87.499    91.292   102.507    98.165   104.444   107.541   110.871    73.621   106.266   112.667   112.533    89.864
 2022     106.937   116.324   131.771   123.964   136.953   129.331   130.910    87.149   123.027   126.121   118.620    95.100
 2023     106.133   115.299   127.708   110.264   117.242   113.978   115.506    74.208   108.498   112.164   104.955    90.689
 2024      95.336   105.822   115.926   107.450   110.674   112.882   114.934


  AUTOCORRELATION FUNCTION TEST FOR SEASONALITY IN LINEARIZEDSERIES QS =   420.48  ASIMPTOTICALLY DISTRIBUTED AS CHI-SQUARE(2)
    p-value= 0.0000


  NON-PARAMETRIC TEST FOR SEASONALITY IN LINEARIZED SERIES (FRIEDMAN) SEAS_NP =    199.66
    ASYMP. DISTRIBUTED AS CHI-SQUARE(11)
    p-value= 0.0000


TOTAL OUTLIER EFFECT FACTORS


 YEAR        JAN       FEB       MAR       APR       MAY       JUN       JUL       AUG       SEP       OCT       NOV       DEC 

 2005     133.271   133.271   133.271   133.271   133.271   133.271   133.271   133.271   133.271   133.271   133.271   133.271
 2006     133.271   133.271   133.271   133.271   133.271   133.271   133.271   133.271   133.271   133.271   133.271   133.271
 2007     133.271   133.271   133.271   133.271   133.271   133.271   133.271   133.271   133.271   133.271   133.271   133.271
 2008     133.271   133.271   133.271   133.271   133.271   133.271   133.271   133.271   133.271   133.271   113.235   113.235
 2009     100.000   100.000   100.000   100.000   100.000   100.000   100.000   100.000   100.000   100.000   100.000   100.000
 2010     100.000   100.000   100.000   100.000   100.000   100.000   100.000   100.000   100.000   100.000   100.000   100.000
 2011     100.000   100.000   100.000   100.000   100.000   100.000   100.000   100.000   100.000   100.000   100.000   100.000
 2012     100.000   100.000   100.000   100.000   100.000   100.000   100.000   100.000   100.000   100.000   100.000   100.000
 2013     100.000   100.000   100.000   100.000   100.000   100.000   100.000   100.000   100.000   100.000   100.000   100.000
 2014     100.000   100.000   100.000   100.000   100.000   100.000   100.000   100.000   100.000   100.000   100.000   100.000
 2015     100.000   100.000   100.000   100.000   100.000   100.000   100.000   100.000   100.000   100.000   100.000   100.000
 2016     100.000   100.000   100.000   100.000   100.000   100.000   100.000   100.000   100.000   100.000   100.000   100.000
 2017     100.000   100.000   100.000   100.000   100.000   100.000   100.000   100.000   100.000   100.000   100.000   108.113
 2018     100.000   100.000   100.000   100.000   100.000   100.000   100.000   100.000   100.000   100.000   100.000   100.000
 2019     100.000   100.000   100.000   100.000   100.000   100.000   100.000   100.000   100.000   100.000   100.000   100.000
 2020     100.000   100.000    85.630    62.945    75.937    81.894    86.951    90.676    93.378    95.317    96.699    97.677
 2021      98.368    98.855    99.197    99.437    99.606    99.724    99.807    99.865    99.905    99.934    99.954    99.967
 2022      99.977    99.984    99.989    99.992    99.995    99.996    99.997    99.998    99.999    99.999    99.999   100.000
 2023     100.000   100.000   100.000   100.000   100.000   100.000   100.000   100.000   100.000   100.000   100.000   100.000
 2024     100.000   100.000   100.000   100.000   100.000   100.000   100.000


TOTAL REGRESSION EFFECT FACTORS


 YEAR        JAN       FEB       MAR       APR       MAY       JUN       JUL       AUG       SEP       OCT       NOV       DEC 

 2005      97.556    99.394   100.209   100.233   102.011   100.985    96.099   102.011   102.011    96.099   100.995   100.000
 2006     101.006    99.394   103.752    93.503   102.011   100.985    96.099   102.011    98.527    99.497   100.995    93.286
 2007     104.578    99.394   100.209    96.810   102.011   100.985    99.497   102.011    95.162   103.016   100.995    96.585
 2008     104.578   102.908    93.481   103.778    98.527    97.536   103.016    95.162   102.011   103.016    97.546   100.000
 2009      97.556    99.394   100.209   103.778    95.162   100.985   103.016    98.527   102.011    99.497   100.995   103.536
 2010      94.224    99.394   103.752   103.778    98.527   100.985    99.497   102.011   102.011    96.099   100.995   107.197
 2011      97.556    99.394   100.209   100.233   102.011   100.985    96.099   102.011   102.011    96.099   100.995   100.000
 2012     101.006   102.908   100.209    96.810   102.011   100.985    99.497   102.011    95.162   103.016   100.995    96.585
 2013     104.578    99.394    96.786   100.233   102.011    97.536   103.016    98.527    98.527   103.016    97.546   100.000
 2014     101.006    99.394    96.786   100.233    98.527    97.536   103.016    95.162   102.011   103.016    97.546   100.000
 2015      97.556    99.394   100.209   103.778    95.162   100.985   103.016    98.527   102.011    99.497   100.995   103.536
 2016      94.224   102.908   100.209   100.233   102.011   100.985    96.099   102.011   102.011    96.099   100.995   100.000
 2017     101.006    99.394   103.752    93.503   102.011   100.985    96.099   102.011    98.527    99.497   100.995    93.286
 2018     104.578    99.394   100.209    96.810   102.011   100.985    99.497   102.011    95.162   103.016   100.995    96.585
 2019     104.578    99.394    96.786   100.233   102.011    97.536   103.016    98.527    98.527   103.016    97.546   100.000
 2020     101.006    99.394   100.209   103.778    95.162   100.985   103.016    98.527   102.011    99.497   100.995   103.536
 2021      94.224    99.394   103.752   103.778    98.527   100.985    99.497   102.011   102.011    96.099   100.995   107.197
 2022      97.556    99.394   103.752    96.810   102.011   100.985    96.099   102.011   102.011    96.099   100.995   100.000
 2023     101.006    99.394   103.752    93.503   102.011   100.985    96.099   102.011    98.527    99.497   100.995    93.286
 2024     104.578   102.908    96.786   100.233   102.011    97.536   103.016
 
 
 
 FORECAST FUNCTION OF ORIGINAL SERIES: 
  
ORIGIN: 235 PERIODS AHEAD: 24
  
 OBS    DATE         FORECAST          STD ERROR        FORECAST          STD ERROR   
                        (SERIES IN LOGS)                     (SERIES IN LEVELS)       
 236  Aug-2024       4.29679          0.301215E-01       73.4636           2.21334    
 237  Sep-2024       4.66568          0.347116E-01       106.238           3.68880    
 238  Oct-2024       4.74693          0.414359E-01       115.230           4.77669    
 239  Nov-2024       4.64193          0.462446E-01       103.745           4.80019    
 240  Dec-2024       4.47800          0.508739E-01       88.0582           4.48276    
 241  Jan-2025       4.59560          0.550160E-01       99.0478           5.45334    
 242  Feb-2025       4.65904          0.589403E-01       105.535           6.22565    
 243  Mar-2025       4.73783          0.626286E-01       114.186           7.15832    
 244  Apr-2025       4.68569          0.659879E-01       108.385           7.15990    
 245  May-2025       4.72655          0.693069E-01       112.905           7.83449    
 246  Jun-2025       4.70629          0.723851E-01       110.641           8.01926    
 247  Jul-2025       4.78474          0.753572E-01       119.670           9.03079    
 248  Aug-2025       4.27024          0.815901E-01       71.5391           5.84660    
 249  Sep-2025       4.70969          0.857500E-01       111.018           9.53728    
 250  Oct-2025       4.75573          0.903718E-01       116.249           10.5271    
 251  Nov-2025       4.65093          0.945916E-01       104.682           9.92426    
 252  Dec-2025       4.48691          0.986305E-01       88.8469           8.78437    
 253  Jan-2026       4.56980          0.102556           96.5252           9.92534    
 254  Feb-2026       4.66798          0.106278           106.482           11.3488    
 255  Mar-2026       4.78152          0.109884           119.286           13.1472    
 256  Apr-2026       4.72938          0.113365           113.226           12.8772    
 257  May-2026       4.70074          0.116850           110.028           12.9008    
 258  Jun-2026       4.74998          0.120035           115.582           13.9240    
 259  Jul-2026       4.79368          0.123255           120.745           14.9391    
