
                                        PROGRAM TRAMO+

             (based on program TRAMO, Victor Gomez and Agustin Maravall©,1996)

         Developed at the Bank of Spain by Gianluca Caporello and Agustin Maravall,
         with programming support from Domingo Pérez Cañete and Roberto López Pavón.

                 VERSION: 1.0 (Revision: 942  Build: 2017/09/25 09:39:13)


 SERIES TITLE=FATEXP_24                                                                       

 INPUT PARAMETERS
   lam= 0   imean= 0   ireg= 2   seats= 2   int2=235   rsa= 0   modelsumm= 1   va=   3.762
 
   Name : NOT DEFINED.
   Reglist01
    Iuser= 2   Nser= 2   Ilong=   0
 
   Fixed Outliers:
   #Observ. Type
      57     AO
     184     AO
 

 NUMBER OF OBSERVATIONS: 235


 ORIGINAL SERIES 

 YEAR        JAN       FEB       MAR       APR       MAY       JUN       JUL       AUG       SEP       OCT       NOV       DEC 

 2005      33.200    31.900    32.600    32.000    31.000    33.100    31.000    39.200    31.200    33.700    34.500    33.800
 2006      36.800    34.600    33.700    35.000    33.200    32.300    32.900    40.700    32.800    34.000    34.400    33.800
 2007      36.200    36.100    35.300    35.800    34.400    36.400    37.100    43.800    32.800    33.300    33.700    34.500
 2008      33.800    34.800    34.600    36.000    35.100    35.700    36.700    45.500    33.500    35.400    34.700    36.100
 2009      35.300    36.400    36.900    37.400    37.800    35.600    36.400    46.900    39.400    37.600    36.700    38.000
 2010      39.200    38.200    37.200    37.400    36.700    37.300    37.300    45.500    34.400    36.100    36.200    35.800
 2011      37.100    37.200    37.800    38.600    38.300    38.700    40.200    47.100    35.500    39.700    40.500    38.900
 2012      41.800    43.400    42.600    44.400    42.500    43.100    42.800    51.500    39.500    41.800    41.500    40.000
 2013      41.300    41.800    43.000    43.200    41.700    42.200    41.300    50.600    41.300    42.600    42.300    42.600
 2014      43.400    43.700    42.100    44.200    42.200    43.100    42.500    54.200    40.600    43.600    43.100    42.800
 2015      42.500    42.500    42.700    42.000    41.700    42.000    41.800    50.400    39.100    40.300    40.200    40.500
 2016      41.700    39.500    41.200    42.100    42.000    42.800    43.200    51.000    41.400    40.900    42.000    40.500
 2017      41.400    41.600    42.300    42.600    42.200    41.400    41.800    48.100    39.700    40.800    41.000    40.700
 2018      39.200    40.500    40.200    41.900    40.300    42.300    42.300    49.600    40.100    42.500    42.200    43.100
 2019      41.600    41.700    41.400    43.600    41.800    43.300    42.900    53.400    41.600    41.100    41.500    44.600
 2020      44.500    42.700    46.800    57.500    43.700    44.800    43.300    49.200    40.900    41.300    40.700    41.900
 2021      38.400    38.400    38.900    39.700    39.200    40.000    38.700    46.700    36.300    37.300    38.200    36.900
 2022      39.800    37.700    38.500    39.000    39.400    39.300    39.200    49.500    37.100    39.200    40.100    40.000
 2023      40.500    41.100    40.000    39.800    39.400    39.800    40.000    47.500    37.100    39.100    37.400    38.100
 2024      38.000    36.000    37.100    38.000    37.300    39.800    40.500


 MODEL PARAMETERS            
 ----------------
  MQ= 12         IMEAN=  0      LAM=  0      D=  1       BD=  1
  P=  0          BP=  0         Q=  1        BQ=  1      IREG=  2
  ITRAD=  0      SMPDAY=  0     IEAST=  0      IDUR=  6     M= 36       IQM= 24
  INCON=  0      NBACK=  0      NPRED= 24    INTERP=  2  INIT=  0
  IFILT=  2      IROOT=  2    INIC=  0    ICONCE=  1
  ICDET=  1      IATIP=  0      IMVX=  0     IDIF=  0    PG=  0
  AIO=  2        INT1=  1       INT2= 235    RSA=  0     SEATS=  2
  VA= 3.76       TOL=  0.100E-03             PC=  0.120E+00
  NOADMISS= 1    STOCHTD 0    BIAS= 1
  THLIM=  0.000  BTHLIM=  0.000   RMOD=  0.500



TH =        -0.10

BTH =        -0.10

WARNING: When adjusting for degrees of freedom in
 order to compute white-noise residuals, the Housholder
 transformation contains an element of arbitrariness 
 that, when multiple regressors are entered, may produce
 a slight variation in results when the order in which
 regressors are entered changes



NUMBER OF INITIAL OBS. =  13

Log-Level pretest : LOGS are Selected
 DIFFERENCED TRANSFORMED SERIES

 YEAR        JAN       FEB       MAR       APR       MAY       JUN       JUL       AUG       SEP       OCT       NOV       DEC 

 2006                -0.022    -0.048     0.056    -0.021    -0.093     0.084    -0.022     0.012    -0.041    -0.012     0.003
 2007      -0.016     0.059     0.004    -0.024     0.013     0.084     0.001    -0.047    -0.073    -0.021     0.000     0.041
 2008      -0.089     0.032     0.017     0.026     0.015    -0.040     0.009     0.049    -0.017     0.040    -0.032     0.016
 2009      -0.002     0.002     0.019    -0.026     0.036    -0.077    -0.005     0.039     0.132    -0.102    -0.004    -0.005
 2010       0.054    -0.057    -0.040    -0.008    -0.030     0.076    -0.022    -0.055    -0.105     0.095     0.027    -0.046
 2011       0.005     0.029     0.043     0.016     0.011    -0.006     0.038    -0.040    -0.003     0.064     0.017    -0.029
 2012       0.036     0.035    -0.035     0.020    -0.036     0.004    -0.045     0.027     0.017    -0.055    -0.027     0.003
 2013      -0.040    -0.026     0.047    -0.037     0.008    -0.002    -0.015     0.018     0.062    -0.026     0.000     0.044
 2014      -0.013    -0.005    -0.066     0.044    -0.011     0.009     0.008     0.040    -0.086     0.040    -0.004    -0.014
 2015      -0.026    -0.007     0.042    -0.065     0.039    -0.014     0.009    -0.056     0.035    -0.041     0.009     0.014
 2016       0.036    -0.054     0.037     0.038     0.005     0.012     0.014    -0.021     0.045    -0.042     0.029    -0.044
 2017      -0.007     0.059    -0.025    -0.015    -0.007    -0.038     0.000    -0.026     0.017     0.039    -0.022     0.029
 2018      -0.060     0.028    -0.024     0.034    -0.030     0.068    -0.010     0.019    -0.021     0.031    -0.012     0.028
 2019       0.002    -0.030     0.000     0.010    -0.003    -0.013    -0.009     0.060    -0.037    -0.070     0.017     0.051
 2020       0.033    -0.044     0.099     0.154    -0.232    -0.010    -0.025    -0.091     0.065     0.022    -0.024    -0.043
 2021      -0.085     0.041    -0.079    -0.186     0.262    -0.005     0.001     0.060    -0.067     0.017     0.038    -0.064
 2022       0.163    -0.054     0.008    -0.007     0.023    -0.023     0.030     0.045    -0.036     0.028    -0.001     0.032
 2023      -0.063     0.069    -0.048    -0.018    -0.020     0.013     0.008    -0.061     0.041    -0.003    -0.067     0.021
 2024      -0.015    -0.069     0.057     0.029    -0.008     0.055     0.012




 AUTOCORRELATIONS
 ----------------
     -0.3578   0.0032   0.0428   0.0140  -0.0619   0.0232   0.0039  -0.0122   0.0140   0.0140   0.0754  -0.3491
 SE   0.0671   0.0752   0.0752   0.0753   0.0753   0.0756   0.0756   0.0756   0.0756   0.0756   0.0756   0.0760
      0.1425  -0.0369  -0.0027  -0.0568   0.0812  -0.0516  -0.0733   0.0802  -0.0663   0.0473   0.0321  -0.1235
 SE   0.0829   0.0840   0.0841   0.0841   0.0842   0.0846   0.0847   0.0850   0.0853   0.0856   0.0857   0.0857
     -0.0033   0.0558   0.0379  -0.0753   0.0981  -0.0238   0.1000  -0.0628   0.0326  -0.0424   0.0783  -0.0082
 SE   0.0865   0.0865   0.0867   0.0868   0.0871   0.0876   0.0876   0.0881   0.0883   0.0884   0.0885   0.0888


 PARTIAL AUTOCORRELATIONS
 ---------------------
     -0.3578  -0.1432  -0.0083   0.0340  -0.0445  -0.0188  -0.0028  -0.0073   0.0111   0.0222   0.1068  -0.3321
 SE   0.0671   0.0671   0.0671   0.0671   0.0671   0.0671   0.0671   0.0671   0.0671   0.0671   0.0671   0.0671
     -0.1334  -0.0871  -0.0086  -0.0639   0.0032  -0.0304  -0.1351  -0.0090  -0.0502   0.0517   0.0947  -0.2771
 SE   0.0671   0.0671   0.0671   0.0671   0.0671   0.0671   0.0671   0.0671   0.0671   0.0671   0.0671   0.0671
     -0.2049  -0.0919   0.0885  -0.0690   0.0783  -0.0350   0.0132  -0.0004  -0.0024   0.0289   0.1328  -0.1179
 SE   0.0671   0.0671   0.0671   0.0671   0.0671   0.0671   0.0671   0.0671   0.0671   0.0671   0.0671   0.0671
  
 ARIMA MODEL ESTIMATION 
  
 METHOD OF ESTIMATION: EXACT MAXIMUM LIKELIHOOD           
  
 PARAMETER      ESTIMATE           STD ERROR      T RATIO   LAG  
  
 TH1         -0.44876           0.60886E-01       -7.37      1
 BTH         -0.86995           0.33599E-01      -25.89     12
  
 
 REGULAR MA INVERSE ROOTS ARE 
 NO.     REAL P.     IMAG.P.     MODULUS    ARGUMENT      PERIOD
  1      0.44876       0.0000      0.44876       0.0000            -  
 
 SEASONAL MA INVERSE ROOTS ARE 
 NO.     REAL P.     IMAG.P.     MODULUS    ARGUMENT      PERIOD
  1      0.86995       0.0000      0.86995       0.0000            -  
  
 CORRELATIONS OF THE ESTIMATES 
  
  1.000   -0.172
 -0.172    1.000
  
 AIC 
    -920.428
  
 BIC 
     -6.9998
  
 FINAL VALUE OF OBJECTIVE FUNCTION: 
               0.19843    
  
 RADETN:    1.03935542718487     
 ITERATIONS:            2
  
  NUMBER OF FUNCTION EVALUATIONS:            8
  

 ESTIMATES OF REGRESSION PARAMETERS 
 CONCENTRATED OUT OF THE LIKELIHOOD 

 PARAMETER           VALUE          ST. ERROR     T VALUE
 OUT 1 ( 57)         0.10181        (     0.02417)    4.21   AO    ( 9 2009)
 OUT 2 (184)         0.24136        (     0.02417)    9.99   AO    ( 4 2020)

 VAR-CORRELATION MATRIX OF ESTIMATORS 

   0.584E-03
  -0.400E-03   0.584E-03


 VARIANCES ARE IN THE MAIN DIAGONAL; 
 OFF-DIAGONAL ELEMENTS ARE CORRELATIONS. 



ACF DIFFERENCED SERIES




 AUTOCORRELATIONS
 ----------------
     -0.3742   0.0227   0.0086   0.0488  -0.0696   0.0294   0.0128  -0.0646   0.0621  -0.0031   0.0870  -0.3549
 SE   0.0671   0.0759   0.0760   0.0760   0.0761   0.0764   0.0764   0.0765   0.0767   0.0769   0.0769   0.0774
      0.1571  -0.0506   0.0062  -0.0626   0.0824  -0.0577  -0.0774   0.1130  -0.1011   0.0587   0.0347  -0.1261
 SE   0.0844   0.0857   0.0858   0.0858   0.0860   0.0864   0.0866   0.0869   0.0875   0.0881   0.0882   0.0883
     -0.0054   0.0560   0.0567  -0.0992   0.1096  -0.0238   0.0937  -0.0601   0.0429  -0.0539   0.0718   0.0034
 SE   0.0891   0.0891   0.0893   0.0894   0.0899   0.0905   0.0905   0.0910   0.0912   0.0913   0.0914   0.0916
  
  
  NUMBER OF WHITE NOISE RESIDUALS          220
  
 WHITE NOISE RESIDUALS
  
    X  10.0D-1


 YEAR        JAN       FEB       MAR       APR       MAY       JUN       JUL       AUG       SEP       OCT       NOV       DEC 

 2006                                     0.241    -0.051    -0.725     0.308    -0.027     0.082    -0.274    -0.212    -0.073
 2007      -0.098     0.371    -0.009     0.032     0.036     0.345     0.522    -0.266    -0.703    -0.673    -0.351     0.212
 2008      -0.749     0.260     0.148     0.326     0.295    -0.002     0.332     0.251    -0.448    -0.081    -0.363     0.241
 2009      -0.515     0.228     0.310     0.088     0.492    -0.608    -0.073     0.409     0.045     0.109    -0.238     0.153
 2010       0.095    -0.141    -0.285    -0.246    -0.037     0.061    -0.028    -0.190    -0.230    -0.098    -0.011    -0.241
 2011      -0.040     0.110     0.283     0.182     0.250     0.118     0.378    -0.367    -0.312     0.483     0.410    -0.292
 2012       0.276     0.570     0.110     0.295    -0.080     0.005    -0.170    -0.260    -0.068    -0.055    -0.130    -0.419
 2013      -0.245     0.015     0.347     0.000    -0.096    -0.030    -0.301    -0.112     0.604    -0.002    -0.088     0.089
 2014      -0.140    -0.008    -0.364     0.141    -0.127     0.045    -0.149     0.349    -0.138     0.105    -0.071    -0.061
 2015      -0.434    -0.216     0.012    -0.382     0.055    -0.026    -0.065    -0.230    -0.007    -0.268    -0.131     0.059
 2016       0.039    -0.539     0.223     0.147     0.307     0.211     0.189    -0.298     0.400    -0.469     0.068    -0.304
 2017      -0.197     0.020     0.156    -0.034     0.122    -0.261    -0.033    -0.599     0.356    -0.006     0.022     0.011
 2018      -0.640     0.083    -0.076     0.218    -0.077     0.366     0.141    -0.253     0.219     0.263     0.020     0.293
 2019      -0.404    -0.163    -0.169     0.246    -0.073     0.182    -0.031     0.308     0.056    -0.533    -0.157     0.684
 2020       0.174    -0.342     0.751    -0.255    -0.183     0.000    -0.344    -0.786     0.224    -0.165    -0.245     0.114
 2021      -0.912    -0.361    -0.164    -0.030     0.131     0.084    -0.251    -0.059    -0.197    -0.145     0.171    -0.365
 2022       0.628    -0.218    -0.019    -0.045     0.334    -0.056     0.029     0.513    -0.282     0.103     0.239     0.045
 2023       0.076     0.289    -0.283    -0.338    -0.047    -0.073     0.093    -0.138    -0.098     0.134    -0.443    -0.043
 2024      -0.122    -0.520    -0.020     0.067     0.066     0.532     0.469
 
 
  STABILITY TEST
 
 
     1. FULL PERIOD
                  FIRST HALF                    SECOND HALF
           Mean(t)          Variance      Mean(t)          Variance
      -0.19E-02(-0.69    )  0.81E-03 -0.26E-02(-0.94    )  0.83E-03
 
      Mean assumed equal to 0
      VR(variance ratio)=  1.0    
 
      MEAN STABILITY IS NOT REJECTED.
      VARIANCE STABILITY IS NOT REJECTED.


 
     2. LAST 10 YEARS
                  FIRST HALF                    SECOND HALF
           Mean(t)          Variance      Mean(t)          Variance
      -0.30E-02(-0.92    )  0.61E-03 -0.32E-02(-0.79    )  0.10E-02
 
      Mean assumed equal to 0
      VR(variance ratio)=  1.6    
 
      LAST 10 YEARS MEAN STABILITY IS NOT REJECTED.
      LAST 10 YEARS VARIANCE STABILITY IS NOT REJECTED.


 
  OUT-OF-SAMPLE TEST
  ------------------
      Model re-estimated on Linearized series for first 217 observations.
       18 One-Period-Ahead Forecasts computed with model fixed.
      Comparison between forecast errors (last   18 observations) and residuals (in-sample):

        Mean(Forecast Errors)
            p-value= 0.6889
            Mean of forecast errors can be assumed zero.

        Out-of-Sample MSE is :  0.7494E-03
        In-Sample MSE is :  0.8383E-03
        F( 18,204) is :  0.894E+00
            p-value(%)=58.6580

        Mean and Variance of forecast Errors and In-Sample residuals ARE NOT significantly different.


 TEST-STATISTICS ON RESIDUALS
 ----------------------------


           MEAN=  -0.2226937E-02
        ST.DEV.=   0.1932328E-02
        OF MEAN
        T-VALUE= -1.1525

 NORMALITY TEST=   2.249        ( CHI-SQUARE(2) )

       SKEWNESS= -0.1894          ( SE =  0.1651 )
       KURTOSIS=  3.3193          ( SE =  0.3303 )

 SUM OF SQUARES=   0.1732544    

  DURBIN-WATSON=  2.1234

 STANDARD ERROR=   0.2902775E-01
 OF RESID.
  MSE OF RESID.=   0.8426105E-03




 AUTOCORRELATIONS
 ----------------
     -0.0194   0.0291   0.0482  -0.0449  -0.0362  -0.0155  -0.0522  -0.0542   0.0440   0.0034  -0.0597   0.0774
 SE   0.0674   0.0674   0.0674   0.0674   0.0674   0.0674   0.0674   0.0674   0.0674   0.0674   0.0674   0.0674
 Q      0.08     0.27     0.80     1.25     1.55     1.61     2.23     2.91     3.36     3.36     4.19     5.60
 PV    -1.00    -1.00     0.37     0.53     0.67     0.81     0.82     0.82     0.85     0.91     0.90     0.85
     -0.0367  -0.0412   0.0128  -0.1129   0.0587  -0.0866  -0.0749   0.0087  -0.0328   0.0109   0.0047  -0.0605
 SE   0.0674   0.0674   0.0674   0.0674   0.0674   0.0674   0.0674   0.0674   0.0674   0.0674   0.0674   0.0674
 Q      5.91     6.32     6.36     9.41    10.24    12.05    13.42    13.43    13.70    13.73    13.73    14.65
 PV     0.88     0.90     0.93     0.80     0.80     0.74     0.71     0.77     0.80     0.84     0.88     0.88
      0.0040   0.0396   0.0892  -0.1006   0.0979   0.0347   0.0913  -0.0075   0.0032  -0.0022   0.0677   0.0518
 SE   0.0674   0.0674   0.0674   0.0674   0.0674   0.0674   0.0674   0.0674   0.0674   0.0674   0.0674   0.0674
 Q     14.65    15.04    17.06    19.63    22.08    22.39    24.55    24.56    24.56    24.56    25.78    26.49
 PV     0.91     0.92     0.88     0.81     0.73     0.76     0.70     0.75     0.79     0.82     0.81     0.82

  LJUNG-BOX Q VALUE OF ORDER  24 IS     14.65 AND IF RESIDUALS ARE RANDOM IT SHOULD BE DISTRIBUTED AS CHI-SQUARE(22)
  p-value= 0.8770
  THE PIERCE QS VALUE IS      1.41 AND IF RESIDUALS ARE RANDOM IT SHOULD BE DISTRIBUTED AS CHI-SQUARE(2)

 APPROXIMATE TEST OF RUNS ON RESIDUALS
 -------------------------------------
  NUM.DATA= 220
   NUM.(+)= 110
   NUM.(-)= 110
  NUM.RUNS= 111
   T-VALUE=  0.0000


  NON-PARAMETRIC TEST FOR RESIDUAL SEASONALITY (FRIEDMAN) SEAS_NP =     13.65
    ASYMP. DISTRIBUTED AS CHI-SQUARE(11)
    p-value= 0.2530



 SQUARED RESIDUALS:
 ------------------




 AUTOCORRELATIONS
 ----------------
      0.0314  -0.0214   0.0593   0.0554   0.1865  -0.0128  -0.0306   0.0160  -0.1190   0.0853   0.0126   0.0228
 SE   0.0674   0.0674   0.0674   0.0674   0.0674   0.0674   0.0674   0.0674   0.0674   0.0674   0.0674   0.0674
 Q      0.22     0.32     1.11     1.81     9.71     9.75     9.96    10.02    13.30    15.00    15.03    15.16
 PV    -1.00    -1.00     0.29     0.40     0.02     0.04     0.08     0.12     0.07     0.06     0.09     0.13
      0.0139  -0.0664   0.0534   0.0540   0.0105  -0.0528   0.1141  -0.0762  -0.0149   0.0013   0.0377  -0.0778
 SE   0.0674   0.0674   0.0674   0.0674   0.0674   0.0674   0.0674   0.0674   0.0674   0.0674   0.0674   0.0674
 Q     15.20    16.25    16.93    17.62    17.65    18.32    21.49    22.91    22.96    22.96    23.31    24.82
 PV     0.17     0.18     0.20     0.22     0.28     0.31     0.21     0.19     0.24     0.29     0.33     0.31
      0.0312   0.0263  -0.0526  -0.0655  -0.0114  -0.0212   0.0802  -0.0520  -0.0877  -0.0922  -0.0265   0.1436
 SE   0.0674   0.0674   0.0674   0.0674   0.0674   0.0674   0.0674   0.0674   0.0674   0.0674   0.0674   0.0674
 Q     25.07    25.24    25.94    27.03    27.06    27.18    28.84    29.55    31.56    33.79    33.97    39.44
 PV     0.35     0.39     0.41     0.41     0.46     0.51     0.47     0.49     0.44     0.38     0.42     0.24

  McLEOD-LI Q VALUE OF ORDER  24 IS     24.82 AND IF RESIDUALS ARE RANDOM IT SHOULD BE DISTRIBUTED AS CHI-SQUARE(24)
  p-value= 0.4155
 
 
 
SPECTRAL DIAGNOSTICS
 --------------------
 
A. SEASONAL SPECTRAL PEAKS
 
                           Frequency (cycles per year)
                     One    Two   Three  Four   Five    Six  
 Original series      aT     aT     AT     aT     AT     aT
 Linearized series    AT     AT     AT     aT     AT     aT
 Residuals            --     --     --     --     --     --
 
 AT : peaks detected in AR(30) and using Tukey spectrum  estimator
 A- : only peaks detected in AR(30) spectrum estimator
 -T : only peaks detected using Tukey spectrum estimator
 -- : No peaks detected in AR(30) nor using Tukey spectrum estimator
 
 
 
B. STOCHASTIC SEASONALITY: SPECTRAL EVIDENCE
 
 1 :  SERIES CONTAINS SEASONALITY THAT CAN BE RELIABLY EXTRACTED.
 0 :  SEASONALITY IS NOT PRESENT IN THE SERIES OR IS TOO WEAK TO BE RELIABLY CAPTURED.
 
 ORIGINAL SERIES :   1
 LINEARIZED SERIES : 1
 RESIDUALS :         0
 
 
 
C. TRADING DAY EFFECT: SPECTRAL EVIDENCE
 
 1 :  TRADING DAY EFFECT DETECTED
 0 :  NO TRADING DAY EFFECT DETECTED
 
 LINEARIZED SERIES : 0
 RESIDUALS :         0
 
 
OVERALL TEST FOR IDENTIFIABLE SEASONALITY 
----------------------------------------- 
 
  AUTOCORRELATION FUNCTION EVIDENCE : YES
  NON-PARAMETRIC EVIDENCE           : YES
  F-TEST                            :  - 
  SPECTRAL EVIDENCE                 : YES
 
IDENTIFIABLE SEASONALITY FOUND IN SERIES
 
 
OVERALL TEST FOR RESIDUALS SEASONALITY 
----------------------------------------- 
 
  AUTOCORRELATION FUNCTION EVIDENCE : NO 
  NON-PARAMETRIC EVIDENCE           : NO 
  F-TEST                            : NO 
  SPECTRAL EVIDENCE                 : NO 
 
NO IDENTIFIABLE SEASONALITY FOUND IN RESIDUALS
 
 
ARIMA MODEL : GOOD FIT
----------------------

ALL TEST ARE PASSED
 
QUALITY ARIMA MODEL TESTS
----------------------------------------

  Mean in residuals                      :GOOD        
  Autocorrelation in residuals           :GOOD        
  Normality of residuals                 :GOOD        
  Skewness of residuals                  :GOOD        
  Kurtosis of residuals                  :GOOD        
  Randomness of residual sign            :GOOD        
  Instability of residual mean           :GOOD        
  Instability of residual variance       :GOOD        
  Seasonality in residuals               :GOOD        
  Trading day in residuals               :GOOD        
  Out-of-sample forecast errors          :GOOD        
  Number of outliers                     :GOOD        
 


 LINEAR SERIES


 YEAR        JAN       FEB       MAR       APR       MAY       JUN       JUL       AUG       SEP       OCT       NOV       DEC 

 2005      33.200    31.900    32.600    32.000    31.000    33.100    31.000    39.200    31.200    33.700    34.500    33.800
 2006      36.800    34.600    33.700    35.000    33.200    32.300    32.900    40.700    32.800    34.000    34.400    33.800
 2007      36.200    36.100    35.300    35.800    34.400    36.400    37.100    43.800    32.800    33.300    33.700    34.500
 2008      33.800    34.800    34.600    36.000    35.100    35.700    36.700    45.500    33.500    35.400    34.700    36.100
 2009      35.300    36.400    36.900    37.400    37.800    35.600    36.400    46.900    35.586    37.600    36.700    38.000
 2010      39.200    38.200    37.200    37.400    36.700    37.300    37.300    45.500    34.400    36.100    36.200    35.800
 2011      37.100    37.200    37.800    38.600    38.300    38.700    40.200    47.100    35.500    39.700    40.500    38.900
 2012      41.800    43.400    42.600    44.400    42.500    43.100    42.800    51.500    39.500    41.800    41.500    40.000
 2013      41.300    41.800    43.000    43.200    41.700    42.200    41.300    50.600    41.300    42.600    42.300    42.600
 2014      43.400    43.700    42.100    44.200    42.200    43.100    42.500    54.200    40.600    43.600    43.100    42.800
 2015      42.500    42.500    42.700    42.000    41.700    42.000    41.800    50.400    39.100    40.300    40.200    40.500
 2016      41.700    39.500    41.200    42.100    42.000    42.800    43.200    51.000    41.400    40.900    42.000    40.500
 2017      41.400    41.600    42.300    42.600    42.200    41.400    41.800    48.100    39.700    40.800    41.000    40.700
 2018      39.200    40.500    40.200    41.900    40.300    42.300    42.300    49.600    40.100    42.500    42.200    43.100
 2019      41.600    41.700    41.400    43.600    41.800    43.300    42.900    53.400    41.600    41.100    41.500    44.600
 2020      44.500    42.700    46.800    45.170    43.700    44.800    43.300    49.200    40.900    41.300    40.700    41.900
 2021      38.400    38.400    38.900    39.700    39.200    40.000    38.700    46.700    36.300    37.300    38.200    36.900
 2022      39.800    37.700    38.500    39.000    39.400    39.300    39.200    49.500    37.100    39.200    40.100    40.000
 2023      40.500    41.100    40.000    39.800    39.400    39.800    40.000    47.500    37.100    39.100    37.400    38.100
 2024      38.000    36.000    37.100    38.000    37.300    39.800    40.500


  AUTOCORRELATION FUNCTION TEST FOR SEASONALITY IN LINEARIZEDSERIES QS =   353.56  ASIMPTOTICALLY DISTRIBUTED AS CHI-SQUARE(2)
    p-value= 0.0000


  NON-PARAMETRIC TEST FOR SEASONALITY IN LINEARIZED SERIES (FRIEDMAN) SEAS_NP =    141.90
    ASYMP. DISTRIBUTED AS CHI-SQUARE(11)
    p-value= 0.0000


TOTAL OUTLIER EFFECT FACTORS


 YEAR        JAN       FEB       MAR       APR       MAY       JUN       JUL       AUG       SEP       OCT       NOV       DEC 

 2005     100.000   100.000   100.000   100.000   100.000   100.000   100.000   100.000   100.000   100.000   100.000   100.000
 2006     100.000   100.000   100.000   100.000   100.000   100.000   100.000   100.000   100.000   100.000   100.000   100.000
 2007     100.000   100.000   100.000   100.000   100.000   100.000   100.000   100.000   100.000   100.000   100.000   100.000
 2008     100.000   100.000   100.000   100.000   100.000   100.000   100.000   100.000   100.000   100.000   100.000   100.000
 2009     100.000   100.000   100.000   100.000   100.000   100.000   100.000   100.000   110.718   100.000   100.000   100.000
 2010     100.000   100.000   100.000   100.000   100.000   100.000   100.000   100.000   100.000   100.000   100.000   100.000
 2011     100.000   100.000   100.000   100.000   100.000   100.000   100.000   100.000   100.000   100.000   100.000   100.000
 2012     100.000   100.000   100.000   100.000   100.000   100.000   100.000   100.000   100.000   100.000   100.000   100.000
 2013     100.000   100.000   100.000   100.000   100.000   100.000   100.000   100.000   100.000   100.000   100.000   100.000
 2014     100.000   100.000   100.000   100.000   100.000   100.000   100.000   100.000   100.000   100.000   100.000   100.000
 2015     100.000   100.000   100.000   100.000   100.000   100.000   100.000   100.000   100.000   100.000   100.000   100.000
 2016     100.000   100.000   100.000   100.000   100.000   100.000   100.000   100.000   100.000   100.000   100.000   100.000
 2017     100.000   100.000   100.000   100.000   100.000   100.000   100.000   100.000   100.000   100.000   100.000   100.000
 2018     100.000   100.000   100.000   100.000   100.000   100.000   100.000   100.000   100.000   100.000   100.000   100.000
 2019     100.000   100.000   100.000   100.000   100.000   100.000   100.000   100.000   100.000   100.000   100.000   100.000
 2020     100.000   100.000   100.000   127.297   100.000   100.000   100.000   100.000   100.000   100.000   100.000   100.000
 2021     100.000   100.000   100.000   100.000   100.000   100.000   100.000   100.000   100.000   100.000   100.000   100.000
 2022     100.000   100.000   100.000   100.000   100.000   100.000   100.000   100.000   100.000   100.000   100.000   100.000
 2023     100.000   100.000   100.000   100.000   100.000   100.000   100.000   100.000   100.000   100.000   100.000   100.000
 2024     100.000   100.000   100.000   100.000   100.000   100.000   100.000
 
 
 
 FORECAST FUNCTION OF ORIGINAL SERIES: 
  
ORIGIN: 235 PERIODS AHEAD: 24
  
 OBS    DATE         FORECAST          STD ERROR        FORECAST          STD ERROR   
                        (SERIES IN LOGS)                     (SERIES IN LEVELS)       
 236  Aug-2024       3.86788          0.282087E-01       47.8410           1.34980    
 237  Sep-2024       3.62357          0.322158E-01       37.4710           1.20747    
 238  Oct-2024       3.66095          0.357676E-01       38.8983           1.39174    
 239  Nov-2024       3.66025          0.390014E-01       38.8710           1.51660    
 240  Dec-2024       3.66522          0.419870E-01       39.0646           1.64093    
 241  Jan-2025       3.67148          0.447733E-01       39.3100           1.76092    
 242  Feb-2025       3.65792          0.473959E-01       38.7808           1.83908    
 243  Mar-2025       3.66947          0.498808E-01       39.2311           1.95809    
 244  Apr-2025       3.68417          0.522761E-01       39.8120           2.08264    
 245  May-2025       3.66507          0.545118E-01       39.0589           2.13076    
 246  Jun-2025       3.68628          0.566856E-01       39.8963           2.26336    
 247  Jul-2025       3.68368          0.587791E-01       39.7924           2.34098    
 248  Aug-2025       3.86843          0.618499E-01       47.8673           2.96342    
 249  Sep-2025       3.62412          0.643042E-01       37.4916           2.41336    
 250  Oct-2025       3.66150          0.666632E-01       38.9197           2.59740    
 251  Nov-2025       3.66080          0.689440E-01       38.8924           2.68459    
 252  Dec-2025       3.66577          0.711517E-01       39.0861           2.78456    
 253  Jan-2026       3.67203          0.732934E-01       39.3317           2.88663    
 254  Feb-2026       3.65847          0.753723E-01       38.8021           2.92876    
 255  Mar-2026       3.67002          0.773954E-01       39.2527           3.04253    
 256  Apr-2026       3.68472          0.793854E-01       39.8339           3.16722    
 257  May-2026       3.66562          0.812908E-01       39.0804           3.18213    
 258  Jun-2026       3.68683          0.831701E-01       39.9182           3.32575    
 259  Jul-2026       3.68423          0.850078E-01       39.8143           3.39065    
