
                                        PROGRAM TRAMO+

             (based on program TRAMO, Victor Gomez and Agustin Maravall©,1996)

         Developed at the Bank of Spain by Gianluca Caporello and Agustin Maravall,
         with programming support from Domingo Pérez Cañete and Roberto López Pavón.

                 VERSION: 1.0 (Revision: 942  Build: 2017/09/25 09:39:13)


 SERIES TITLE=FATEXP_27                                                                       

 INPUT PARAMETERS
   lam= 0   imean= 0   ireg= 4   ieast= 3   seats= 2   int2=235   rsa= 0   modelsumm= 1   va=   3.762
 
   Name : NOT DEFINED.
   Reglist01
    Iuser= 2   Nser= 4   Ilong=   0
 
   Fixed Outliers:
   #Observ. Type
      48     AO
      56     TC
     183     AO
     184     AO
 

 NUMBER OF OBSERVATIONS: 235


 ORIGINAL SERIES 

 YEAR        JAN       FEB       MAR       APR       MAY       JUN       JUL       AUG       SEP       OCT       NOV       DEC 

 2005      51.900    53.500    52.000    52.400    52.200    51.800    52.300    64.200    54.100    54.000    53.000    52.600
 2006      52.400    52.500    53.500    51.200    51.200    51.300    50.900    63.100    54.300    54.100    54.700    55.000
 2007      51.300    53.600    53.700    53.600    52.500    53.100    53.600    62.800    55.400    54.500    54.500    55.900
 2008      53.900    53.000    53.500    55.200    52.500    52.900    53.700    64.000    56.100    54.900    53.200    49.100
 2009      53.300    53.100    54.000    52.000    50.600    49.700    52.300    61.400    54.600    53.900    51.500    48.800
 2010      50.100    51.700    51.100    50.700    49.900    49.700    50.300    54.800    50.000    51.500    48.300    49.400
 2011      49.200    51.700    52.000    50.600    51.900    49.900    51.200    56.900    52.500    53.400    51.400    52.300
 2012      54.400    54.700    57.100    54.600    53.900    52.600    54.800    59.800    55.800    55.200    54.700    53.200
 2013      56.500    57.000    57.900    59.100    57.400    57.100    57.700    65.800    57.900    58.700    56.500    54.400
 2014      58.200    58.800    60.000    59.800    59.600    58.000    59.600    68.000    60.100    60.100    60.000    57.600
 2015      60.500    60.700    59.700    60.000    58.400    58.100    59.000    67.100    59.300    57.800    57.900    55.500
 2016      59.000    59.500    58.400    60.000    58.400    57.400    57.400    66.300    58.400    57.300    57.800    56.300
 2017      58.700    59.800    59.300    60.000    60.600    56.900    58.300    66.600    59.300    58.300    58.600    55.600
 2018      59.400    58.400    58.400    59.300    57.600    56.500    57.700    64.900    56.500    56.500    56.700    56.300
 2019      58.500    59.000    59.900    59.600    58.500    58.000    59.300    65.700    58.400    58.300    57.700    55.500
 2020      59.200    58.900    63.000    65.600    61.800    58.300    58.500    63.500    59.100    57.700    57.500    57.200
 2021      59.000    59.600    58.400    60.400    59.100    57.800    59.000    66.600    59.400    58.500    58.600    58.200
 2022      59.200    59.200    58.100    59.500    59.200    58.500    57.300    64.500    59.100    57.200    57.000    56.600
 2023      55.800    55.400    56.000    56.000    56.000    54.600    56.800    62.000    56.500    58.000    56.300    53.600
 2024      54.400    55.900    56.600    57.400    55.900    55.600    56.700

DATES OF EASTER DURING THE REQUESTED TIME SPAN 

 YEAR MONTH  DAY 

   2005   MARCH   27
   2006   APRIL   16
   2007   APRIL    8
   2008   MARCH   23
   2009   APRIL   12
   2010   APRIL    4
   2011   APRIL   24
   2012   APRIL    8
   2013   MARCH   31
   2014   APRIL   20
   2015   APRIL    5
   2016   MARCH   27
   2017   APRIL   16
   2018   APRIL    1
   2019   APRIL   21
   2020   APRIL   12
   2021   APRIL    4
   2022   APRIL   17
   2023   APRIL    9
   2024   MARCH   31
   2025   APRIL   20
   2026   APRIL    5
   2027   MARCH   28


 MODEL PARAMETERS            
 ----------------
  MQ= 12         IMEAN=  0      LAM=  0      D=  1       BD=  1
  P=  0          BP=  0         Q=  1        BQ=  1      IREG=  4
  ITRAD=  0      SMPDAY=  0     IEAST=  3      IDUR=  6     M= 36       IQM= 24
  INCON=  0      NBACK=  0      NPRED= 24    INTERP=  2  INIT=  0
  IFILT=  2      IROOT=  2    INIC=  0    ICONCE=  1
  ICDET=  1      IATIP=  0      IMVX=  0     IDIF=  0    PG=  0
  AIO=  2        INT1=  1       INT2= 235    RSA=  0     SEATS=  2
  VA= 3.76       TOL=  0.100E-03             PC=  0.120E+00
  NOADMISS= 1    STOCHTD 0    BIAS= 1
  THLIM=  0.000  BTHLIM=  0.000   RMOD=  0.500



TH =        -0.10

BTH =        -0.10

WARNING: When adjusting for degrees of freedom in
 order to compute white-noise residuals, the Housholder
 transformation contains an element of arbitrariness 
 that, when multiple regressors are entered, may produce
 a slight variation in results when the order in which
 regressors are entered changes



NUMBER OF INITIAL OBS. =  13

Log-Level pretest : LOGS are Selected
 DIFFERENCED TRANSFORMED SERIES

 YEAR        JAN       FEB       MAR       APR       MAY       JUN       JUL       AUG       SEP       OCT       NOV       DEC 

 2006                -0.028     0.047    -0.052     0.004     0.010    -0.017     0.010     0.021    -0.002     0.030     0.013
 2007      -0.066     0.042    -0.017     0.042    -0.021     0.009     0.017    -0.056     0.025    -0.013    -0.011     0.020
 2008       0.033    -0.061     0.008     0.033    -0.029    -0.004     0.006     0.017    -0.006    -0.005    -0.031    -0.106
 2009       0.119     0.013     0.007    -0.069     0.023    -0.026     0.036    -0.015     0.014     0.009    -0.014     0.026
 2010      -0.056     0.035    -0.028     0.030     0.011     0.014    -0.039    -0.075     0.026     0.042    -0.019     0.076
 2011      -0.030     0.018     0.017    -0.019     0.041    -0.035     0.014     0.020     0.011    -0.013     0.026    -0.005
 2012       0.043    -0.044     0.037    -0.017    -0.038     0.015     0.015    -0.018     0.011    -0.028     0.029    -0.045
 2013       0.021     0.003    -0.027     0.065    -0.016     0.019    -0.031     0.044    -0.059     0.025    -0.029    -0.010
 2014       0.007     0.001     0.005    -0.024     0.026    -0.022     0.017     0.000     0.004    -0.014     0.037    -0.003
 2015      -0.018    -0.007    -0.037     0.008    -0.024     0.022    -0.012    -0.003    -0.000    -0.026     0.003    -0.002
 2016       0.012     0.005    -0.002     0.022     0.000    -0.012    -0.015     0.015    -0.003     0.007     0.007     0.016
 2017      -0.019     0.010     0.010    -0.015     0.037    -0.046     0.024    -0.011     0.011     0.002    -0.004    -0.026
 2018       0.024    -0.036     0.008     0.004    -0.039     0.044    -0.003    -0.016    -0.023     0.017    -0.002     0.045
 2019      -0.028     0.025     0.015    -0.020     0.010     0.011     0.001    -0.015     0.021    -0.002    -0.014    -0.032
 2020       0.026    -0.014     0.052     0.045    -0.041    -0.050    -0.019    -0.020     0.046    -0.022     0.007     0.034
 2021      -0.034     0.015    -0.088    -0.007     0.038     0.036     0.017     0.039    -0.043     0.009     0.005    -0.002
 2022      -0.014    -0.010     0.002    -0.010     0.017     0.010    -0.041    -0.003     0.027    -0.017    -0.005    -0.000
 2023      -0.031    -0.007     0.030    -0.024     0.005    -0.013     0.060    -0.031    -0.005     0.059    -0.026    -0.042
 2024       0.029     0.034     0.002     0.014    -0.026     0.020    -0.020




 AUTOCORRELATIONS
 ----------------
     -0.4126   0.0272  -0.0506   0.0369  -0.0546  -0.0205   0.0619   0.0590  -0.0303  -0.0551   0.1541  -0.3099
 SE   0.0671   0.0777   0.0777   0.0779   0.0780   0.0781   0.0782   0.0784   0.0786   0.0786   0.0788   0.0802
      0.2052  -0.1430   0.1499  -0.0152  -0.0453  -0.0256   0.0420  -0.1158   0.1012   0.0641  -0.0494  -0.0878
 SE   0.0854   0.0876   0.0886   0.0898   0.0898   0.0899   0.0899   0.0900   0.0907   0.0912   0.0914   0.0915
      0.0154   0.0136  -0.0009  -0.0027   0.0114   0.0141  -0.0363   0.0848  -0.1247   0.0483   0.0139   0.0490
 SE   0.0919   0.0919   0.0919   0.0919   0.0919   0.0919   0.0919   0.0920   0.0923   0.0931   0.0932   0.0932


 PARTIAL AUTOCORRELATIONS
 ---------------------
     -0.4126  -0.1724  -0.1348  -0.0480  -0.0808  -0.1009  -0.0004   0.0971   0.0605  -0.0330   0.1528  -0.2323
 SE   0.0671   0.0671   0.0671   0.0671   0.0671   0.0671   0.0671   0.0671   0.0671   0.0671   0.0671   0.0671
     -0.0018  -0.1254   0.0226   0.0717  -0.0334  -0.0721   0.0117  -0.1014   0.0358   0.1093   0.0666  -0.2060
 SE   0.0671   0.0671   0.0671   0.0671   0.0671   0.0671   0.0671   0.0671   0.0671   0.0671   0.0671   0.0671
     -0.0402  -0.1284   0.0446   0.0370  -0.0327  -0.0605  -0.0198   0.0474  -0.0056   0.0170   0.0476  -0.0142
 SE   0.0671   0.0671   0.0671   0.0671   0.0671   0.0671   0.0671   0.0671   0.0671   0.0671   0.0671   0.0671
  
 ARIMA MODEL ESTIMATION 
  
 METHOD OF ESTIMATION: EXACT MAXIMUM LIKELIHOOD           
  
 PARAMETER      ESTIMATE           STD ERROR      T RATIO   LAG  
  
 TH1         -0.52875           0.57982E-01       -9.12      1
 BTH         -0.47056           0.60277E-01       -7.81     12
  
 
 REGULAR MA INVERSE ROOTS ARE 
 NO.     REAL P.     IMAG.P.     MODULUS    ARGUMENT      PERIOD
  1      0.52875       0.0000      0.52875       0.0000            -  
 
 SEASONAL MA INVERSE ROOTS ARE 
 NO.     REAL P.     IMAG.P.     MODULUS    ARGUMENT      PERIOD
  1      0.47056       0.0000      0.47056       0.0000            -  
  
 CORRELATIONS OF THE ESTIMATES 
  
  1.000   -0.186
 -0.186    1.000
  
 AIC 
   -1084.027
  
 BIC 
     -7.6286
  
 FINAL VALUE OF OBJECTIVE FUNCTION: 
               0.92433E-01
  
 RADETN:    1.00753241170866     
 ITERATIONS:            1
  
  NUMBER OF FUNCTION EVALUATIONS:            5
  

 ESTIMATES OF REGRESSION PARAMETERS 
 CONCENTRATED OUT OF THE LIKELIHOOD 

 PARAMETER           VALUE          ST. ERROR     T VALUE
 EAST     1         -0.16203E-01    (     0.00454)   -3.57
 OUT 1 ( 48)        -0.80638E-01    (     0.01545)   -5.22   AO    (12 2008)
 OUT 2 ( 56)         0.49416E-01    (     0.01590)    3.11   TC    ( 8 2009)
 OUT 3 (183)         0.54153E-01    (     0.01595)    3.39   AO    ( 3 2020)
 OUT 4 (184)         0.85725E-01    (     0.01595)    5.37   AO    ( 4 2020)

 VAR-CORRELATION MATRIX OF ESTIMATORS 

   0.206E-04
  -0.435E-02   0.239E-03
   0.453E-02  -0.836E-02   0.253E-03
   0.951E-01  -0.425E-03   0.410E-03   0.254E-03
  -0.949E-01   0.406E-03  -0.451E-03   0.224E+00   0.254E-03


 VARIANCES ARE IN THE MAIN DIAGONAL; 
 OFF-DIAGONAL ELEMENTS ARE CORRELATIONS. 



ACF DIFFERENCED SERIES




 AUTOCORRELATIONS
 ----------------
     -0.4405   0.0408  -0.0611   0.1006  -0.0887  -0.0280   0.0773   0.0367  -0.0208  -0.0737   0.1796  -0.3214
 SE   0.0671   0.0791   0.0792   0.0794   0.0800   0.0804   0.0804   0.0808   0.0808   0.0809   0.0812   0.0829
      0.2148  -0.1428   0.1629  -0.0657  -0.0163  -0.0141   0.0508  -0.1249   0.0821   0.0675  -0.0380  -0.0754
 SE   0.0884   0.0907   0.0917   0.0930   0.0932   0.0932   0.0932   0.0934   0.0941   0.0944   0.0946   0.0947
      0.0082  -0.0006   0.0036   0.0104  -0.0145   0.0184  -0.0306   0.0782  -0.1266   0.0744  -0.0147   0.0567
 SE   0.0950   0.0950   0.0950   0.0950   0.0950   0.0950   0.0950   0.0951   0.0953   0.0961   0.0964   0.0964
  
  
  NUMBER OF WHITE NOISE RESIDUALS          217
  
 WHITE NOISE RESIDUALS
  
    X  10.0D-1


 YEAR        JAN       FEB       MAR       APR       MAY       JUN       JUL       AUG       SEP       OCT       NOV       DEC 

 2006                                                                  -0.155     0.007     0.193     0.086     0.314     0.284
 2007      -0.420     0.093    -0.001     0.339    -0.071     0.091     0.151    -0.436     0.092    -0.083    -0.040     0.223
 2008       0.198    -0.360     0.024     0.176    -0.153    -0.060     0.072    -0.029     0.069    -0.076    -0.351    -0.322
 2009       0.246     0.043     0.035    -0.271    -0.192    -0.347     0.225    -0.557     0.037     0.158    -0.131    -0.624
 2010       0.149     0.415     0.039     0.033     0.198     0.135    -0.123    -0.633    -0.068     0.351    -0.172     0.361
 2011       0.078     0.356     0.180     0.057     0.438    -0.113    -0.018    -0.081     0.193     0.157     0.173     0.252
 2012       0.514    -0.021     0.356    -0.005    -0.193    -0.116     0.111    -0.157     0.140    -0.178     0.239    -0.250
 2013       0.255     0.030     0.078     0.279     0.057     0.216    -0.110     0.281    -0.333    -0.050    -0.160    -0.363
 2014       0.064    -0.001    -0.088     0.151     0.134    -0.062     0.029     0.180    -0.088    -0.124     0.237    -0.035
 2015      -0.082    -0.129    -0.424    -0.156    -0.240     0.032    -0.073     0.007    -0.083    -0.337    -0.002    -0.091
 2016       0.042     0.033    -0.062     0.003     0.036    -0.028    -0.210     0.065    -0.039    -0.093     0.104     0.173
 2017      -0.060     0.075    -0.057     0.158     0.307    -0.317    -0.017    -0.036     0.054     0.015     0.044    -0.184
 2018       0.075    -0.266     0.060    -0.168    -0.212     0.100     0.091    -0.120    -0.254     0.029     0.016     0.366
 2019      -0.003     0.110     0.142     0.102    -0.062     0.174     0.121    -0.166     0.031     0.076    -0.098    -0.202
 2020       0.063    -0.050    -0.007     0.148     0.471    -0.151    -0.253    -0.447     0.279    -0.047    -0.021     0.255
 2021      -0.121     0.049    -0.219     0.042    -0.190     0.072     0.127     0.312    -0.019    -0.014     0.046     0.133
 2022      -0.189    -0.148    -0.259     0.001    -0.014     0.177    -0.277    -0.059     0.152    -0.096    -0.078     0.008
 2023      -0.431    -0.322     0.040    -0.152    -0.037    -0.067     0.391    -0.060     0.000     0.506    -0.008    -0.402
 2024      -0.127     0.232     0.450    -0.119    -0.103     0.123     0.067
 
 
  STABILITY TEST
 
 
     1. FULL PERIOD
                  FIRST HALF                    SECOND HALF
           Mean(t)          Variance      Mean(t)          Variance
       0.79E-03( 0.36    )  0.51E-03 -0.89E-03(-0.52    )  0.32E-03
 
      Mean assumed equal to 0
      VR(variance ratio)= 0.62    
 
      MEAN STABILITY IS NOT REJECTED.
      VARIANCE STABILITY IS NOT REJECTED.


 
     2. LAST 10 YEARS
                  FIRST HALF                    SECOND HALF
           Mean(t)          Variance      Mean(t)          Variance
      -0.21E-02( -1.1    )  0.23E-03 -0.95E-03(-0.37    )  0.41E-03
 
      Mean assumed equal to 0
      VR(variance ratio)=  1.8    
 
      LAST 10 YEARS MEAN STABILITY IS NOT REJECTED.
      LAST 10 YEARS VARIANCE STABILITY IS NOT REJECTED.


 
  OUT-OF-SAMPLE TEST
  ------------------
      Model re-estimated on Linearized series for first 217 observations.
       18 One-Period-Ahead Forecasts computed with model fixed.
      Comparison between forecast errors (last   18 observations) and residuals (in-sample):

        Mean(Forecast Errors)
            p-value= 0.5878
            Mean of forecast errors can be assumed zero.

        Out-of-Sample MSE is :  0.5490E-03
        In-Sample MSE is :  0.3992E-03
        F( 18,204) is :  0.138E+01
            p-value(%)=14.6548

        Mean and Variance of forecast Errors and In-Sample residuals ARE NOT significantly different.


 TEST-STATISTICS ON RESIDUALS
 ----------------------------


           MEAN=  -0.5676182E-04
        ST.DEV.=   0.1385879E-02
        OF MEAN
        T-VALUE= -0.0410

 NORMALITY TEST=   3.475        ( CHI-SQUARE(2) )

       SKEWNESS= -0.2042          ( SE =  0.1663 )
       KURTOSIS=  3.4664          ( SE =  0.3326 )

 SUM OF SQUARES=   0.8266328E-01

  DURBIN-WATSON=  2.1831

 STANDARD ERROR=   0.2057955E-01
 OF RESID.
  MSE OF RESID.=   0.4235180E-03




 AUTOCORRELATIONS
 ----------------
      0.0008  -0.0264   0.0215   0.0865  -0.0713  -0.0437   0.0706   0.0466   0.0097   0.0023   0.0102   0.0550
 SE   0.0679   0.0679   0.0679   0.0679   0.0679   0.0679   0.0679   0.0679   0.0679   0.0679   0.0679   0.0679
 Q      0.00     0.15     0.26     1.93     3.07     3.50     4.62     5.12     5.14     5.14     5.16     5.86
 PV    -1.00    -1.00     0.61     0.38     0.38     0.48     0.46     0.53     0.64     0.74     0.82     0.83
      0.0489  -0.0517   0.1324  -0.0205  -0.0788  -0.0465   0.0000  -0.0965   0.0362   0.0857  -0.0480  -0.1151
 SE   0.0679   0.0679   0.0679   0.0679   0.0679   0.0679   0.0679   0.0679   0.0679   0.0679   0.0679   0.0679
 Q      6.42     7.04    11.17    11.27    12.74    13.26    13.26    15.51    15.83    17.62    18.18    21.45
 PV     0.84     0.85     0.60     0.66     0.62     0.65     0.72     0.63     0.67     0.61     0.64     0.49
     -0.0410  -0.0381   0.0189  -0.0159  -0.0484   0.0149  -0.0500  -0.0367  -0.1126   0.0478  -0.0132  -0.0084
 SE   0.0679   0.0679   0.0679   0.0679   0.0679   0.0679   0.0679   0.0679   0.0679   0.0679   0.0679   0.0679
 Q     21.86    22.22    22.31    22.37    22.97    23.02    23.66    24.01    27.28    27.87    27.92    27.94
 PV     0.53     0.57     0.62     0.67     0.69     0.73     0.75     0.77     0.66     0.68     0.72     0.76

  LJUNG-BOX Q VALUE OF ORDER  24 IS     21.45 AND IF RESIDUALS ARE RANDOM IT SHOULD BE DISTRIBUTED AS CHI-SQUARE(22)
  p-value= 0.4934
  THE PIERCE QS VALUE IS      0.70 AND IF RESIDUALS ARE RANDOM IT SHOULD BE DISTRIBUTED AS CHI-SQUARE(2)

 APPROXIMATE TEST OF RUNS ON RESIDUALS
 -------------------------------------
  NUM.DATA= 217
   NUM.(+)= 109
   NUM.(-)= 108
  NUM.RUNS= 118
   T-VALUE=  1.2248


  NON-PARAMETRIC TEST FOR RESIDUAL SEASONALITY (FRIEDMAN) SEAS_NP =      4.06
    ASYMP. DISTRIBUTED AS CHI-SQUARE(11)
    p-value= 0.9681



 SQUARED RESIDUALS:
 ------------------




 AUTOCORRELATIONS
 ----------------
     -0.0831   0.1014  -0.0020   0.0904  -0.0259   0.0980  -0.0019   0.2106   0.0208   0.0050  -0.0275   0.1343
 SE   0.0679   0.0679   0.0679   0.0679   0.0679   0.0679   0.0679   0.0679   0.0679   0.0679   0.0679   0.0679
 Q      1.52     3.79     3.79     5.62     5.77     7.93     7.93    18.02    18.12    18.13    18.30    22.48
 PV    -1.00    -1.00     0.05     0.06     0.12     0.09     0.16     0.01     0.01     0.02     0.03     0.01
      0.0198   0.0217   0.0694  -0.0252   0.1023  -0.0247   0.0343   0.0382   0.0185  -0.0041   0.0552   0.0268
 SE   0.0679   0.0679   0.0679   0.0679   0.0679   0.0679   0.0679   0.0679   0.0679   0.0679   0.0679   0.0679
 Q     22.57    22.68    23.82    23.97    26.45    26.60    26.88    27.23    27.32    27.32    28.07    28.24
 PV     0.02     0.03     0.03     0.05     0.03     0.05     0.06     0.07     0.10     0.13     0.14     0.17
      0.0525  -0.0492  -0.0048   0.0554   0.0379   0.0237   0.0685   0.0199  -0.0582  -0.0401   0.0212   0.0890
 SE   0.0679   0.0679   0.0679   0.0679   0.0679   0.0679   0.0679   0.0679   0.0679   0.0679   0.0679   0.0679
 Q     28.92    29.53    29.53    30.30    30.67    30.81    32.01    32.11    32.98    33.40    33.52    35.60
 PV     0.18     0.20     0.24     0.26     0.29     0.33     0.32     0.36     0.37     0.40     0.44     0.39

  McLEOD-LI Q VALUE OF ORDER  24 IS     28.24 AND IF RESIDUALS ARE RANDOM IT SHOULD BE DISTRIBUTED AS CHI-SQUARE(24)
  p-value= 0.2499
 
 
 
SPECTRAL DIAGNOSTICS
 --------------------
 
A. SEASONAL SPECTRAL PEAKS
 
                           Frequency (cycles per year)
                     One    Two   Three  Four   Five    Six  
 Original series      aT     AT     AT     AT     AT     aT
 Linearized series    AT     AT     AT     AT     AT     aT
 Residuals            --     --     --     a-     --     --
 
 AT : peaks detected in AR(30) and using Tukey spectrum  estimator
 A- : only peaks detected in AR(30) spectrum estimator
 -T : only peaks detected using Tukey spectrum estimator
 -- : No peaks detected in AR(30) nor using Tukey spectrum estimator
 
 
 
B. STOCHASTIC SEASONALITY: SPECTRAL EVIDENCE
 
 1 :  SERIES CONTAINS SEASONALITY THAT CAN BE RELIABLY EXTRACTED.
 0 :  SEASONALITY IS NOT PRESENT IN THE SERIES OR IS TOO WEAK TO BE RELIABLY CAPTURED.
 
 ORIGINAL SERIES :   1
 LINEARIZED SERIES : 1
 RESIDUALS :         0
 
 
 
C. TRADING DAY EFFECT: SPECTRAL EVIDENCE
 
 1 :  TRADING DAY EFFECT DETECTED
 0 :  NO TRADING DAY EFFECT DETECTED
 
 LINEARIZED SERIES : 0
 RESIDUALS :         0
 
 
OVERALL TEST FOR IDENTIFIABLE SEASONALITY 
----------------------------------------- 
 
  AUTOCORRELATION FUNCTION EVIDENCE : YES
  NON-PARAMETRIC EVIDENCE           : YES
  F-TEST                            :  - 
  SPECTRAL EVIDENCE                 : YES
 
IDENTIFIABLE SEASONALITY FOUND IN SERIES
 
 
OVERALL TEST FOR RESIDUALS SEASONALITY 
----------------------------------------- 
 
  AUTOCORRELATION FUNCTION EVIDENCE : NO 
  NON-PARAMETRIC EVIDENCE           : NO 
  F-TEST                            : NO 
  SPECTRAL EVIDENCE                 : NO 
 
NO IDENTIFIABLE SEASONALITY FOUND IN RESIDUALS
 
 
ARIMA MODEL : GOOD FIT
----------------------

ALL TEST ARE PASSED
 
QUALITY ARIMA MODEL TESTS
----------------------------------------

  Mean in residuals                      :GOOD        
  Autocorrelation in residuals           :GOOD        
  Normality of residuals                 :GOOD        
  Skewness of residuals                  :GOOD        
  Kurtosis of residuals                  :GOOD        
  Randomness of residual sign            :GOOD        
  Instability of residual mean           :GOOD        
  Instability of residual variance       :GOOD        
  Seasonality in residuals               :GOOD        
  Trading day in residuals               :GOOD        
  Out-of-sample forecast errors          :GOOD        
  Number of outliers                     :GOOD        
 


 LINEAR SERIES


 YEAR        JAN       FEB       MAR       APR       MAY       JUN       JUL       AUG       SEP       OCT       NOV       DEC 

 2005      51.900    53.500    52.423    51.977    52.200    51.800    52.300    64.200    54.100    54.000    53.000    52.600
 2006      52.400    52.500    53.068    51.616    51.200    51.300    50.900    63.100    54.300    54.100    54.700    55.000
 2007      51.300    53.600    53.267    54.036    52.500    53.100    53.600    62.800    55.400    54.500    54.500    55.900
 2008      53.900    53.000    53.935    54.755    52.500    52.900    53.700    64.000    56.100    54.900    53.200    53.223
 2009      53.300    53.100    53.564    52.423    50.600    49.700    52.300    58.440    52.744    52.611    50.634    48.224
 2010      49.686    51.400    50.892    50.556    49.801    49.631    50.251    54.763    49.976    51.483    48.289    49.392
 2011      49.194    51.696    51.578    51.010    51.899    49.899    51.199    56.899    52.500    53.400    51.400    52.300
 2012      54.400    54.700    56.639    55.044    53.900    52.600    54.800    59.800    55.800    55.200    54.700    53.200
 2013      56.500    57.000    58.371    58.623    57.400    57.100    57.700    65.800    57.900    58.700    56.500    54.400
 2014      58.200    58.800    59.516    60.286    59.600    58.000    59.600    68.000    60.100    60.100    60.000    57.600
 2015      60.500    60.700    59.539    60.162    58.400    58.100    59.000    67.100    59.300    57.800    57.900    55.500
 2016      59.000    59.500    58.875    59.516    58.400    57.400    57.400    66.300    58.400    57.300    57.800    56.300
 2017      58.700    59.800    58.822    60.488    60.600    56.900    58.300    66.600    59.300    58.300    58.600    55.600
 2018      59.400    58.400    58.875    58.822    57.600    56.500    57.700    64.900    56.500    56.500    56.700    56.300
 2019      58.500    59.000    59.417    60.085    58.500    58.000    59.300    65.700    58.400    58.300    57.700    55.500
 2020      59.200    58.900    59.198    60.701    61.800    58.300    58.500    63.500    59.100    57.700    57.500    57.200
 2021      59.000    59.600    58.400    60.400    59.100    57.800    59.000    66.600    59.400    58.500    58.600    58.200
 2022      59.200    59.200    57.631    59.984    59.200    58.500    57.300    64.500    59.100    57.200    57.000    56.600
 2023      55.800    55.400    55.548    56.456    56.000    54.600    56.800    62.000    56.500    58.000    56.300    53.600
 2024      54.400    55.900    57.060    56.937    55.900    55.600    56.700


  AUTOCORRELATION FUNCTION TEST FOR SEASONALITY IN LINEARIZEDSERIES QS =   315.06  ASIMPTOTICALLY DISTRIBUTED AS CHI-SQUARE(2)
    p-value= 0.0000


  NON-PARAMETRIC TEST FOR SEASONALITY IN LINEARIZED SERIES (FRIEDMAN) SEAS_NP =    133.23
    ASYMP. DISTRIBUTED AS CHI-SQUARE(11)
    p-value= 0.0000


TOTAL OUTLIER EFFECT FACTORS


 YEAR        JAN       FEB       MAR       APR       MAY       JUN       JUL       AUG       SEP       OCT       NOV       DEC 

 2005     100.000   100.000   100.000   100.000   100.000   100.000   100.000   100.000   100.000   100.000   100.000   100.000
 2006     100.000   100.000   100.000   100.000   100.000   100.000   100.000   100.000   100.000   100.000   100.000   100.000
 2007     100.000   100.000   100.000   100.000   100.000   100.000   100.000   100.000   100.000   100.000   100.000   100.000
 2008     100.000   100.000   100.000   100.000   100.000   100.000   100.000   100.000   100.000   100.000   100.000    92.253
 2009     100.000   100.000   100.000   100.000   100.000   100.000   100.000   105.066   103.520   102.451   101.709   101.194
 2010     100.834   100.583   100.408   100.285   100.200   100.140   100.098   100.068   100.048   100.034   100.023   100.016
 2011     100.011   100.008   100.006   100.004   100.003   100.002   100.001   100.001   100.001   100.000   100.000   100.000
 2012     100.000   100.000   100.000   100.000   100.000   100.000   100.000   100.000   100.000   100.000   100.000   100.000
 2013     100.000   100.000   100.000   100.000   100.000   100.000   100.000   100.000   100.000   100.000   100.000   100.000
 2014     100.000   100.000   100.000   100.000   100.000   100.000   100.000   100.000   100.000   100.000   100.000   100.000
 2015     100.000   100.000   100.000   100.000   100.000   100.000   100.000   100.000   100.000   100.000   100.000   100.000
 2016     100.000   100.000   100.000   100.000   100.000   100.000   100.000   100.000   100.000   100.000   100.000   100.000
 2017     100.000   100.000   100.000   100.000   100.000   100.000   100.000   100.000   100.000   100.000   100.000   100.000
 2018     100.000   100.000   100.000   100.000   100.000   100.000   100.000   100.000   100.000   100.000   100.000   100.000
 2019     100.000   100.000   100.000   100.000   100.000   100.000   100.000   100.000   100.000   100.000   100.000   100.000
 2020     100.000   100.000   105.565   108.951   100.000   100.000   100.000   100.000   100.000   100.000   100.000   100.000
 2021     100.000   100.000   100.000   100.000   100.000   100.000   100.000   100.000   100.000   100.000   100.000   100.000
 2022     100.000   100.000   100.000   100.000   100.000   100.000   100.000   100.000   100.000   100.000   100.000   100.000
 2023     100.000   100.000   100.000   100.000   100.000   100.000   100.000   100.000   100.000   100.000   100.000   100.000
 2024     100.000   100.000   100.000   100.000   100.000   100.000   100.000


TOTAL TRADING DAY - EASTER - LEAP YEAR EFFECT FACTORS


 YEAR        JAN       FEB       MAR       APR       MAY       JUN       JUL       AUG       SEP       OCT       NOV       DEC 

 2005     100.000   100.000    99.193   100.813   100.000   100.000   100.000   100.000   100.000   100.000   100.000   100.000
 2006     100.000   100.000   100.813    99.193   100.000   100.000   100.000   100.000   100.000   100.000   100.000   100.000
 2007     100.000   100.000   100.813    99.193   100.000   100.000   100.000   100.000   100.000   100.000   100.000   100.000
 2008     100.000   100.000    99.193   100.813   100.000   100.000   100.000   100.000   100.000   100.000   100.000   100.000
 2009     100.000   100.000   100.813    99.193   100.000   100.000   100.000   100.000   100.000   100.000   100.000   100.000
 2010     100.000   100.000   100.000   100.000   100.000   100.000   100.000   100.000   100.000   100.000   100.000   100.000
 2011     100.000   100.000   100.813    99.193   100.000   100.000   100.000   100.000   100.000   100.000   100.000   100.000
 2012     100.000   100.000   100.813    99.193   100.000   100.000   100.000   100.000   100.000   100.000   100.000   100.000
 2013     100.000   100.000    99.193   100.813   100.000   100.000   100.000   100.000   100.000   100.000   100.000   100.000
 2014     100.000   100.000   100.813    99.193   100.000   100.000   100.000   100.000   100.000   100.000   100.000   100.000
 2015     100.000   100.000   100.270    99.730   100.000   100.000   100.000   100.000   100.000   100.000   100.000   100.000
 2016     100.000   100.000    99.193   100.813   100.000   100.000   100.000   100.000   100.000   100.000   100.000   100.000
 2017     100.000   100.000   100.813    99.193   100.000   100.000   100.000   100.000   100.000   100.000   100.000   100.000
 2018     100.000   100.000    99.193   100.813   100.000   100.000   100.000   100.000   100.000   100.000   100.000   100.000
 2019     100.000   100.000   100.813    99.193   100.000   100.000   100.000   100.000   100.000   100.000   100.000   100.000
 2020     100.000   100.000   100.813    99.193   100.000   100.000   100.000   100.000   100.000   100.000   100.000   100.000
 2021     100.000   100.000   100.000   100.000   100.000   100.000   100.000   100.000   100.000   100.000   100.000   100.000
 2022     100.000   100.000   100.813    99.193   100.000   100.000   100.000   100.000   100.000   100.000   100.000   100.000
 2023     100.000   100.000   100.813    99.193   100.000   100.000   100.000   100.000   100.000   100.000   100.000   100.000
 2024     100.000   100.000    99.193   100.813   100.000   100.000   100.000
 
 
 
 FORECAST FUNCTION OF ORIGINAL SERIES: 
  
ORIGIN: 235 PERIODS AHEAD: 24
  
 OBS    DATE         FORECAST          STD ERROR        FORECAST          STD ERROR   
                        (SERIES IN LOGS)                     (SERIES IN LEVELS)       
 236  Aug-2024       4.13449          0.196088E-01       62.4576           1.22483    
 237  Sep-2024       4.04010          0.216769E-01       56.8321           1.23209    
 238  Oct-2024       4.04250          0.235643E-01       56.9685           1.34261    
 239  Nov-2024       4.02570          0.253113E-01       56.0193           1.41815    
 240  Dec-2024       3.99527          0.269452E-01       54.3405           1.46448    
 241  Jan-2025       4.00605          0.284856E-01       54.9293           1.56501    
 242  Feb-2025       4.01916          0.299469E-01       55.6542           1.66704    
 243  Mar-2025       4.03473          0.314389E-01       56.5279           1.77761    
 244  Apr-2025       4.02885          0.327899E-01       56.1962           1.84316    
 245  May-2025       4.02243          0.339554E-01       55.8368           1.89651    
 246  Jun-2025       4.00872          0.351903E-01       55.0763           1.93875    
 247  Jul-2025       4.02821          0.363832E-01       56.1600           2.04396    
 248  Aug-2025       4.12654          0.413375E-01       61.9629           2.56248    
 249  Sep-2025       4.03215          0.436866E-01       56.3820           2.46431    
 250  Oct-2025       4.03455          0.459157E-01       56.5173           2.59640    
 251  Nov-2025       4.01774          0.480415E-01       55.5756           2.67148    
 252  Dec-2025       3.98732          0.500771E-01       53.9101           2.70136    
 253  Jan-2026       3.99810          0.520331E-01       54.4943           2.83743    
 254  Feb-2026       4.01121          0.539182E-01       55.2134           2.97918    
 255  Mar-2026       4.02138          0.557472E-01       55.7781           3.11189    
 256  Apr-2026       4.02630          0.575183E-01       56.0530           3.22674    
 257  May-2026       4.01448          0.592146E-01       55.3946           3.28305    
 258  Jun-2026       4.00077          0.608778E-01       54.6401           3.32945    
 259  Jul-2026       4.02025          0.624967E-01       55.7152           3.48542    
