
                                        PROGRAM TRAMO+

             (based on program TRAMO, Victor Gomez and Agustin Maravall©,1996)

         Developed at the Bank of Spain by Gianluca Caporello and Agustin Maravall,
         with programming support from Domingo Pérez Cañete and Roberto López Pavón.

                 VERSION: 1.0 (Revision: 942  Build: 2017/09/25 09:39:13)


 SERIES TITLE=FATEXP_10                                                                       

 INPUT PARAMETERS
   lam= 0   imean= 0   ireg= 2   seats= 2   int2=235   rsa= 0   modelsumm= 1   va=   3.762
 
   
   Reglist01
    Iuser= 2   Nser= 2   Ilong=   0
 
   Fixed Outliers:
   #Observ. Type
      66     AO
      49     LS
 

 NUMBER OF OBSERVATIONS: 235


 ORIGINAL SERIES 

 YEAR        JAN       FEB       MAR       APR       MAY       JUN       JUL       AUG       SEP       OCT       NOV       DEC 

 2005      12.400    12.800    12.700    12.900    12.700    12.500    12.500    13.100    13.500    14.500    13.400    12.600
 2006      13.800    15.000    13.500    13.600    13.400    13.500    13.800    14.300    14.200    14.900    14.000    13.000
 2007      14.200    14.900    13.800    14.200    14.300    15.100    14.900    14.500    15.600    15.700    15.300    12.900
 2008      15.100    14.700    14.200    15.100    14.500    14.400    15.500    15.000    16.000    16.900    16.500    14.300
 2009      14.900    14.800    14.100    14.100    14.200    14.200    14.900    15.400    15.700    16.000    15.400    13.400
 2010      15.800    16.200    15.900    16.100    16.200    18.300    16.900    16.600    16.900    17.200    16.500    14.500
 2011      15.600    16.400    15.700    15.200    16.800    16.400    17.000    16.800    17.600    17.400    17.000    15.500
 2012      17.000    17.500    16.600    16.800    17.200    17.900    18.300    17.900    18.000    19.100    18.600    16.100
 2013      18.400    17.600    17.200    18.300    17.900    18.200    19.100    18.200    19.500    19.700    18.600    17.100
 2014      19.400    19.500    18.200    18.300    18.800    19.500    20.200    18.900    20.500    20.800    19.800    18.000
 2015      20.600    21.100    20.400    20.600    20.600    20.700    21.500    21.200    21.900    21.900    20.900    19.700
 2016      21.200    22.000    20.500    21.700    21.200    21.200    22.200    21.700    22.400    22.700    21.600    21.300
 2017      21.500    21.800    21.300    21.200    21.900    22.100    22.200    21.600    21.900    21.800    21.600    19.800
 2018      22.500    21.400    21.000    22.100    22.300    22.500    23.200    22.600    23.400    22.900    22.700    21.300
 2019      23.000    24.500    22.500    22.200    23.100    22.400    23.800    23.300    23.500    23.400    22.000    21.300
 2020      24.000    23.900    24.200    24.000    23.300    23.300    24.500    23.500    24.400    23.700    24.000    21.700
 2021      24.800    25.100    24.700    25.300    24.700    24.700    25.500    24.600    24.900    24.500    24.500    23.500
 2022      25.600    26.500    24.500    25.900    26.600    26.100    25.900    25.000    25.400    25.700    25.600    24.000
 2023      25.600    25.800    26.300    25.800    25.400    26.000    26.300    25.300    26.000    26.900    26.000    24.400
 2024      26.900    26.800    27.700    27.900    26.700    27.600    28.600


 MODEL PARAMETERS            
 ----------------
  MQ= 12         IMEAN=  0      LAM=  0      D=  1       BD=  1
  P=  0          BP=  0         Q=  1        BQ=  1      IREG=  2
  ITRAD=  0      SMPDAY=  0     IEAST=  0      IDUR=  6     M= 36       IQM= 24
  INCON=  0      NBACK=  0      NPRED= 24    INTERP=  2  INIT=  0
  IFILT=  2      IROOT=  2    INIC=  0    ICONCE=  1
  ICDET=  1      IATIP=  0      IMVX=  0     IDIF=  0    PG=  0
  AIO=  2        INT1=  1       INT2= 235    RSA=  0     SEATS=  2
  VA= 3.76       TOL=  0.100E-03             PC=  0.120E+00
  NOADMISS= 1    STOCHTD 0    BIAS= 1
  THLIM=  0.000  BTHLIM=  0.000   RMOD=  0.500



TH =        -0.10

BTH =        -0.10

WARNING: When adjusting for degrees of freedom in
 order to compute white-noise residuals, the Housholder
 transformation contains an element of arbitrariness 
 that, when multiple regressors are entered, may produce
 a slight variation in results when the order in which
 regressors are entered changes



NUMBER OF INITIAL OBS. =  13

Log-Level pretest : LOGS are Selected
 DIFFERENCED TRANSFORMED SERIES

 YEAR        JAN       FEB       MAR       APR       MAY       JUN       JUL       AUG       SEP       OCT       NOV       DEC 

 2006                 0.052    -0.098    -0.008     0.001     0.023     0.022    -0.011    -0.037    -0.023     0.017    -0.013
 2007      -0.003    -0.035     0.029     0.021     0.022     0.047    -0.035    -0.063     0.080    -0.042     0.036    -0.097
 2008       0.069    -0.075     0.042     0.033    -0.048    -0.061     0.087    -0.006    -0.009     0.048     0.002     0.028
 2009      -0.116     0.020    -0.014    -0.061     0.048     0.007    -0.025     0.066    -0.045    -0.036    -0.014     0.004
 2010       0.124     0.032     0.030     0.013    -0.001     0.122    -0.128    -0.051    -0.001    -0.001    -0.003     0.010
 2011      -0.092     0.025    -0.025    -0.045     0.094    -0.146     0.116     0.006     0.029    -0.029     0.018     0.037
 2012       0.019    -0.021    -0.009     0.044    -0.077     0.064    -0.014    -0.010    -0.041     0.071    -0.003    -0.052
 2013       0.041    -0.073     0.030     0.050    -0.046    -0.023     0.026    -0.026     0.063    -0.049    -0.031     0.060
 2014      -0.007     0.050    -0.046    -0.057     0.049     0.020    -0.013    -0.018     0.012     0.004     0.008    -0.011
 2015       0.009     0.019     0.035     0.004    -0.027    -0.032     0.003     0.052    -0.049    -0.015     0.003     0.036
 2016      -0.062     0.013    -0.037     0.047    -0.023    -0.005     0.008    -0.009    -0.001     0.013    -0.003     0.045
 2017      -0.064    -0.023     0.047    -0.062     0.056     0.009    -0.042    -0.005    -0.018    -0.018     0.040    -0.073
 2018       0.118    -0.064     0.004     0.056    -0.023    -0.000     0.026     0.001     0.021    -0.017     0.000     0.023
 2019      -0.051     0.113    -0.066    -0.064     0.031    -0.040     0.030     0.005    -0.026     0.017    -0.053     0.031
 2020       0.043    -0.067     0.098     0.005    -0.069     0.031    -0.010    -0.020     0.029    -0.025     0.074    -0.068
 2021       0.014     0.016    -0.029     0.032     0.006     0.000    -0.018     0.006    -0.025     0.013    -0.013     0.059
 2022      -0.048     0.023    -0.062     0.032     0.051    -0.019    -0.040     0.001     0.004     0.028    -0.004    -0.023
 2023      -0.021    -0.027     0.098    -0.075    -0.042     0.042     0.019    -0.003     0.011     0.022    -0.030     0.001
 2024       0.033    -0.012     0.014     0.026    -0.028     0.010     0.024




 AUTOCORRELATIONS
 ----------------
     -0.4537  -0.0410   0.1158  -0.1508   0.1045   0.0459  -0.0805   0.0643  -0.1974   0.2226   0.0274  -0.4019
 SE   0.0671   0.0797   0.0798   0.0806   0.0819   0.0825   0.0826   0.0829   0.0831   0.0852   0.0878   0.0878
      0.3479  -0.1314  -0.0144   0.1389  -0.1207   0.0388  -0.0044  -0.0354   0.1841  -0.2594   0.2330  -0.1131
 SE   0.0958   0.1013   0.1021   0.1021   0.1029   0.1036   0.1036   0.1036   0.1037   0.1051   0.1080   0.1102
     -0.1184   0.1777  -0.1099   0.0290   0.0613  -0.1571   0.1077  -0.0460  -0.0456   0.1956  -0.1962   0.0991
 SE   0.1108   0.1113   0.1126   0.1131   0.1131   0.1133   0.1142   0.1147   0.1148   0.1149   0.1163   0.1178


 PARTIAL AUTOCORRELATIONS
 ---------------------
     -0.4537  -0.3108  -0.0691  -0.1754  -0.0421   0.0637   0.0186   0.0518  -0.2155   0.0514   0.1462  -0.3853
 SE   0.0671   0.0671   0.0671   0.0671   0.0671   0.0671   0.0671   0.0671   0.0671   0.0671   0.0671   0.0671
     -0.0845  -0.0745  -0.0354  -0.0083   0.0128   0.0784   0.0218  -0.0582   0.0641  -0.0460   0.1556  -0.2081
 SE   0.0671   0.0671   0.0671   0.0671   0.0671   0.0671   0.0671   0.0671   0.0671   0.0671   0.0671   0.0671
     -0.1237  -0.0491  -0.1016   0.0256   0.0188  -0.0325  -0.0463  -0.0705  -0.0789   0.0464   0.1031  -0.1163
 SE   0.0671   0.0671   0.0671   0.0671   0.0671   0.0671   0.0671   0.0671   0.0671   0.0671   0.0671   0.0671
  
 ARIMA MODEL ESTIMATION 
  
 METHOD OF ESTIMATION: EXACT MAXIMUM LIKELIHOOD           
  
 PARAMETER      ESTIMATE           STD ERROR      T RATIO   LAG  
  
 TH1         -0.64231           0.53078E-01      -12.10      1
 BTH         -0.72989           0.47339E-01      -15.42     12
  
 
 REGULAR MA INVERSE ROOTS ARE 
 NO.     REAL P.     IMAG.P.     MODULUS    ARGUMENT      PERIOD
  1      0.64231       0.0000      0.64231       0.0000            -  
 
 SEASONAL MA INVERSE ROOTS ARE 
 NO.     REAL P.     IMAG.P.     MODULUS    ARGUMENT      PERIOD
  1      0.72989       0.0000      0.72989       0.0000            -  
  
 CORRELATIONS OF THE ESTIMATES 
  
  1.000   -0.247
 -0.247    1.000
  
 AIC 
    -947.382
  
 BIC 
     -7.0876
  
 FINAL VALUE OF OBJECTIVE FUNCTION: 
               0.17574    
  
 RADETN:    1.02201689631156     
 ITERATIONS:            2
  
  NUMBER OF FUNCTION EVALUATIONS:            8
  

 ESTIMATES OF REGRESSION PARAMETERS 
 CONCENTRATED OUT OF THE LIKELIHOOD 

 PARAMETER           VALUE          ST. ERROR     T VALUE
 OUT 1 ( 66)         0.12758        (     0.02348)    5.43   AO    ( 6 2010)
 OUT 2 ( 49)        -0.98486E-01    (     0.02003)   -4.92   LS    ( 1 2009)

 VAR-CORRELATION MATRIX OF ESTIMATORS 

   0.551E-03
   0.350E-02   0.401E-03


 VARIANCES ARE IN THE MAIN DIAGONAL; 
 OFF-DIAGONAL ELEMENTS ARE CORRELATIONS. 



ACF DIFFERENCED SERIES




 AUTOCORRELATIONS
 ----------------
     -0.4533  -0.0391   0.1148  -0.1555   0.1078   0.0406  -0.0833   0.0725  -0.2005   0.2193   0.0335  -0.4118
 SE   0.0671   0.0797   0.0798   0.0805   0.0819   0.0825   0.0826   0.0830   0.0833   0.0854   0.0879   0.0880
      0.3540  -0.1365  -0.0123   0.1389  -0.1178   0.0453  -0.0076  -0.0376   0.1826  -0.2567   0.2317  -0.1019
 SE   0.0963   0.1020   0.1028   0.1028   0.1036   0.1042   0.1043   0.1043   0.1044   0.1058   0.1086   0.1108
     -0.1259   0.1796  -0.1055   0.0257   0.0632  -0.1604   0.1081  -0.0489  -0.0377   0.2014  -0.2063   0.1001
 SE   0.1112   0.1119   0.1131   0.1136   0.1136   0.1138   0.1148   0.1152   0.1153   0.1154   0.1170   0.1186
  
  
  NUMBER OF WHITE NOISE RESIDUALS          220
  
 WHITE NOISE RESIDUALS
  
    X  10.0D-1


 YEAR        JAN       FEB       MAR       APR       MAY       JUN       JUL       AUG       SEP       OCT       NOV       DEC 

 2006                                    -0.401    -0.243     0.033     0.199     0.036    -0.276    -0.366    -0.101    -0.166
 2007      -0.107    -0.157    -0.258    -0.005     0.200     0.662     0.196    -0.500     0.253    -0.323     0.200    -0.813
 2008       0.123    -0.699    -0.144     0.325    -0.117    -0.321     0.482    -0.147     0.193     0.275     0.457    -0.048
 2009       0.231    -0.194    -0.054    -0.349     0.019    -0.089     0.166     0.437     0.035    -0.224    -0.091    -0.254
 2010       0.269     0.244     0.500     0.221     0.305     0.068     0.201    -0.141    -0.278    -0.367    -0.231    -0.189
 2011      -0.726    -0.164    -0.106    -0.586     0.675     0.159     0.095    -0.073     0.103    -0.357    -0.044     0.309
 2012      -0.045    -0.021    -0.106    -0.000    -0.003     0.437     0.138    -0.110    -0.371     0.161     0.205    -0.143
 2013       0.142    -0.636    -0.177     0.434    -0.178    -0.028     0.139    -0.316     0.212    -0.064    -0.276     0.225
 2014       0.242     0.121    -0.214    -0.303    -0.037     0.238     0.138    -0.389     0.175     0.009    -0.083     0.127
 2015       0.240     0.318     0.344     0.143    -0.063    -0.166    -0.092     0.117    -0.102    -0.286    -0.224     0.350
 2016      -0.275     0.073    -0.220     0.273    -0.170    -0.250    -0.068    -0.002    -0.138    -0.117    -0.133     0.726
 2017      -0.539    -0.396     0.025    -0.297     0.115     0.062    -0.308    -0.214    -0.417    -0.467     0.062    -0.098
 2018       0.388    -0.426    -0.027     0.312     0.188     0.111     0.079     0.051     0.038    -0.291     0.082     0.185
 2019      -0.062     0.600    -0.097    -0.467    -0.001    -0.405     0.045     0.079    -0.207    -0.190    -0.455     0.118
 2020       0.369     0.030     0.644     0.169    -0.367    -0.223    -0.024    -0.184    -0.016    -0.300     0.307    -0.188
 2021       0.235     0.162     0.275     0.321    -0.085    -0.045    -0.126    -0.146    -0.274    -0.258     0.073     0.357
 2022       0.010     0.240    -0.346     0.199     0.422     0.088    -0.410    -0.305    -0.290     0.033     0.156     0.098
 2023      -0.308    -0.295     0.422    -0.169    -0.317     0.086    -0.094    -0.125    -0.035     0.361     0.029     0.027
 2024       0.075    -0.138     0.496     0.262    -0.267     0.139     0.221
 
 
  STABILITY TEST
 
 
     1. FULL PERIOD
                  FIRST HALF                    SECOND HALF
           Mean(t)          Variance      Mean(t)          Variance
      -0.12E-02(-0.45    )  0.81E-03 -0.24E-02(-0.96    )  0.67E-03
 
      Mean assumed equal to 0
      VR(variance ratio)= 0.82    
 
      MEAN STABILITY IS NOT REJECTED.
      VARIANCE STABILITY IS NOT REJECTED.


 
     2. LAST 10 YEARS
                  FIRST HALF                    SECOND HALF
           Mean(t)          Variance      Mean(t)          Variance
      -0.36E-02( -1.0    )  0.69E-03  0.59E-03( 0.18    )  0.63E-03
 
      Mean assumed equal to 0
      VR(variance ratio)= 0.90    
 
      LAST 10 YEARS MEAN STABILITY IS NOT REJECTED.
      LAST 10 YEARS VARIANCE STABILITY IS NOT REJECTED.


 
  OUT-OF-SAMPLE TEST
  ------------------
      Model re-estimated on Linearized series for first 217 observations.
       18 One-Period-Ahead Forecasts computed with model fixed.
      Comparison between forecast errors (last   18 observations) and residuals (in-sample):

        Mean(Forecast Errors)
            p-value= 0.5615
            Mean of forecast errors can be assumed zero.

        Out-of-Sample MSE is :  0.5786E-03
        In-Sample MSE is :  0.7746E-03
        F( 18,204) is :  0.747E+00
            p-value(%)=75.9464

        Mean and Variance of forecast Errors and In-Sample residuals ARE NOT significantly different.


 TEST-STATISTICS ON RESIDUALS
 ----------------------------


           MEAN=  -0.1804130E-02
        ST.DEV.=   0.1835769E-02
        OF MEAN
        T-VALUE= -0.9828

 NORMALITY TEST=  0.7798E-01    ( CHI-SQUARE(2) )

       SKEWNESS=  0.0447          ( SE =  0.1651 )
       KURTOSIS=  3.0228          ( SE =  0.3303 )

 SUM OF SQUARES=   0.1618865    

  DURBIN-WATSON=  1.9468

 STANDARD ERROR=   0.2778144E-01
 OF RESID.
  MSE OF RESID.=   0.7718085E-03




 AUTOCORRELATIONS
 ----------------
      0.0317   0.0118   0.0054  -0.0772  -0.0144   0.0350  -0.1217  -0.0794  -0.1635   0.0705  -0.0548   0.0282
 SE   0.0674   0.0674   0.0674   0.0674   0.0674   0.0674   0.0674   0.0674   0.0674   0.0674   0.0674   0.0674
 Q      0.22     0.26     0.26     1.61     1.66     1.94     5.33     6.78    12.97    14.13    14.83    15.01
 PV    -1.00    -1.00     0.61     0.45     0.65     0.75     0.38     0.34     0.07     0.08     0.10     0.13
      0.1399  -0.0109  -0.0013   0.0825  -0.1138  -0.0017  -0.0529   0.0306   0.0396  -0.0150   0.0807  -0.0798
 SE   0.0674   0.0674   0.0674   0.0674   0.0674   0.0674   0.0674   0.0674   0.0674   0.0674   0.0674   0.0674
 Q     19.63    19.66    19.66    21.29    24.40    24.40    25.08    25.31    25.70    25.75    27.36    28.95
 PV     0.05     0.07     0.10     0.09     0.06     0.08     0.09     0.12     0.14     0.17     0.16     0.15
     -0.0541   0.0897  -0.0675   0.0307  -0.1042  -0.1650  -0.0000   0.0450   0.0268   0.1359   0.0000   0.0467
 SE   0.0674   0.0674   0.0674   0.0674   0.0674   0.0674   0.0674   0.0674   0.0674   0.0674   0.0674   0.0674
 Q     29.68    31.71    32.87    33.11    35.88    42.88    42.88    43.40    43.59    48.44    48.44    49.02
 PV     0.16     0.13     0.13     0.16     0.12     0.04     0.05     0.05     0.07     0.03     0.04     0.05

  LJUNG-BOX Q VALUE OF ORDER  24 IS     28.95 AND IF RESIDUALS ARE RANDOM IT SHOULD BE DISTRIBUTED AS CHI-SQUARE(22)
  p-value= 0.1463
  THE PIERCE QS VALUE IS      0.19 AND IF RESIDUALS ARE RANDOM IT SHOULD BE DISTRIBUTED AS CHI-SQUARE(2)

 APPROXIMATE TEST OF RUNS ON RESIDUALS
 -------------------------------------
  NUM.DATA= 220
   NUM.(+)= 110
   NUM.(-)= 110
  NUM.RUNS= 108
   T-VALUE= -0.4054


  NON-PARAMETRIC TEST FOR RESIDUAL SEASONALITY (FRIEDMAN) SEAS_NP =     11.34
    ASYMP. DISTRIBUTED AS CHI-SQUARE(11)
    p-value= 0.4151



 SQUARED RESIDUALS:
 ------------------




 AUTOCORRELATIONS
 ----------------
     -0.0502   0.1600  -0.0769   0.1016  -0.0629   0.0525  -0.0012   0.0193   0.0405  -0.0693  -0.0192  -0.0900
 SE   0.0674   0.0674   0.0674   0.0674   0.0674   0.0674   0.0674   0.0674   0.0674   0.0674   0.0674   0.0674
 Q      0.56     6.30     7.63     9.96    10.86    11.49    11.49    11.57    11.95    13.07    13.16    15.06
 PV    -1.00    -1.00     0.01     0.01     0.01     0.02     0.04     0.07     0.10     0.11     0.16     0.13
      0.0850   0.0409  -0.1383  -0.0096  -0.0225  -0.1092  -0.1425  -0.0310   0.0400   0.0302  -0.0576  -0.0248
 SE   0.0674   0.0674   0.0674   0.0674   0.0674   0.0674   0.0674   0.0674   0.0674   0.0674   0.0674   0.0674
 Q     16.76    17.16    21.72    21.74    21.86    24.75    29.68    29.91    30.31    30.53    31.35    31.51
 PV     0.12     0.14     0.06     0.08     0.11     0.07     0.03     0.04     0.05     0.06     0.07     0.09
      0.0838   0.0777   0.0267   0.0187  -0.0543   0.0731  -0.0472  -0.0395  -0.0174   0.0332   0.1327  -0.0776
 SE   0.0674   0.0674   0.0674   0.0674   0.0674   0.0674   0.0674   0.0674   0.0674   0.0674   0.0674   0.0674
 Q     33.27    34.79    34.97    35.06    35.81    37.19    37.76    38.17    38.25    38.54    43.19    44.79
 PV     0.08     0.07     0.09     0.11     0.12     0.11     0.13     0.15     0.17     0.20     0.11     0.10

  McLEOD-LI Q VALUE OF ORDER  24 IS     31.51 AND IF RESIDUALS ARE RANDOM IT SHOULD BE DISTRIBUTED AS CHI-SQUARE(24)
  p-value= 0.1397
 
 
 
SPECTRAL DIAGNOSTICS
 --------------------
 
A. SEASONAL SPECTRAL PEAKS
 
                           Frequency (cycles per year)
                     One    Two   Three  Four   Five    Six  
 Original series      aT     aT     AT     AT     -T     at
 Linearized series    aT     aT     AT     AT     -T     at
 Residuals            At     -t     --     --     --     --
 
 AT : peaks detected in AR(30) and using Tukey spectrum  estimator
 A- : only peaks detected in AR(30) spectrum estimator
 -T : only peaks detected using Tukey spectrum estimator
 -- : No peaks detected in AR(30) nor using Tukey spectrum estimator
 
 
 
B. STOCHASTIC SEASONALITY: SPECTRAL EVIDENCE
 
 1 :  SERIES CONTAINS SEASONALITY THAT CAN BE RELIABLY EXTRACTED.
 0 :  SEASONALITY IS NOT PRESENT IN THE SERIES OR IS TOO WEAK TO BE RELIABLY CAPTURED.
 
 ORIGINAL SERIES :   1
 LINEARIZED SERIES : 1
 RESIDUALS :         0
 
 
 
C. TRADING DAY EFFECT: SPECTRAL EVIDENCE
 
 1 :  TRADING DAY EFFECT DETECTED
 0 :  NO TRADING DAY EFFECT DETECTED
 
 LINEARIZED SERIES : 0
 RESIDUALS :         0
 
 
OVERALL TEST FOR IDENTIFIABLE SEASONALITY 
----------------------------------------- 
 
  AUTOCORRELATION FUNCTION EVIDENCE : YES
  NON-PARAMETRIC EVIDENCE           : YES
  F-TEST                            :  - 
  SPECTRAL EVIDENCE                 : YES
 
IDENTIFIABLE SEASONALITY FOUND IN SERIES
 
 
OVERALL TEST FOR RESIDUALS SEASONALITY 
----------------------------------------- 
 
  AUTOCORRELATION FUNCTION EVIDENCE : NO 
  NON-PARAMETRIC EVIDENCE           : NO 
  F-TEST                            : NO 
  SPECTRAL EVIDENCE                 : NO 
 
NO IDENTIFIABLE SEASONALITY FOUND IN RESIDUALS
 
 
ARIMA MODEL : GOOD FIT
----------------------

ALL TEST ARE PASSED
 
QUALITY ARIMA MODEL TESTS
----------------------------------------

  Mean in residuals                      :GOOD        
  Autocorrelation in residuals           :GOOD        
  Normality of residuals                 :GOOD        
  Skewness of residuals                  :GOOD        
  Kurtosis of residuals                  :GOOD        
  Randomness of residual sign            :GOOD        
  Instability of residual mean           :GOOD        
  Instability of residual variance       :GOOD        
  Seasonality in residuals               :GOOD        
  Trading day in residuals               :GOOD        
  Out-of-sample forecast errors          :GOOD        
  Number of outliers                     :GOOD        
 


 LINEAR SERIES


 YEAR        JAN       FEB       MAR       APR       MAY       JUN       JUL       AUG       SEP       OCT       NOV       DEC 

 2005      11.237    11.599    11.509    11.690    11.509    11.328    11.328    11.871    12.234    13.140    12.143    11.418
 2006      12.506    13.593    12.234    12.324    12.143    12.234    12.506    12.959    12.868    13.503    12.687    11.781
 2007      12.868    13.503    12.506    12.868    12.959    13.684    13.503    13.140    14.137    14.227    13.865    11.690
 2008      13.684    13.321    12.868    13.684    13.140    13.049    14.046    13.593    14.499    15.315    14.952    12.959
 2009      14.900    14.800    14.100    14.100    14.200    14.200    14.900    15.400    15.700    16.000    15.400    13.400
 2010      15.800    16.200    15.900    16.100    16.200    16.108    16.900    16.600    16.900    17.200    16.500    14.500
 2011      15.600    16.400    15.700    15.200    16.800    16.400    17.000    16.800    17.600    17.400    17.000    15.500
 2012      17.000    17.500    16.600    16.800    17.200    17.900    18.300    17.900    18.000    19.100    18.600    16.100
 2013      18.400    17.600    17.200    18.300    17.900    18.200    19.100    18.200    19.500    19.700    18.600    17.100
 2014      19.400    19.500    18.200    18.300    18.800    19.500    20.200    18.900    20.500    20.800    19.800    18.000
 2015      20.600    21.100    20.400    20.600    20.600    20.700    21.500    21.200    21.900    21.900    20.900    19.700
 2016      21.200    22.000    20.500    21.700    21.200    21.200    22.200    21.700    22.400    22.700    21.600    21.300
 2017      21.500    21.800    21.300    21.200    21.900    22.100    22.200    21.600    21.900    21.800    21.600    19.800
 2018      22.500    21.400    21.000    22.100    22.300    22.500    23.200    22.600    23.400    22.900    22.700    21.300
 2019      23.000    24.500    22.500    22.200    23.100    22.400    23.800    23.300    23.500    23.400    22.000    21.300
 2020      24.000    23.900    24.200    24.000    23.300    23.300    24.500    23.500    24.400    23.700    24.000    21.700
 2021      24.800    25.100    24.700    25.300    24.700    24.700    25.500    24.600    24.900    24.500    24.500    23.500
 2022      25.600    26.500    24.500    25.900    26.600    26.100    25.900    25.000    25.400    25.700    25.600    24.000
 2023      25.600    25.800    26.300    25.800    25.400    26.000    26.300    25.300    26.000    26.900    26.000    24.400
 2024      26.900    26.800    27.700    27.900    26.700    27.600    28.600


  AUTOCORRELATION FUNCTION TEST FOR SEASONALITY IN LINEARIZEDSERIES QS =   208.69  ASIMPTOTICALLY DISTRIBUTED AS CHI-SQUARE(2)
    p-value= 0.0000


  NON-PARAMETRIC TEST FOR SEASONALITY IN LINEARIZED SERIES (FRIEDMAN) SEAS_NP =    117.10
    ASYMP. DISTRIBUTED AS CHI-SQUARE(11)
    p-value= 0.0000


TOTAL OUTLIER EFFECT FACTORS


 YEAR        JAN       FEB       MAR       APR       MAY       JUN       JUL       AUG       SEP       OCT       NOV       DEC 

 2005     110.350   110.350   110.350   110.350   110.350   110.350   110.350   110.350   110.350   110.350   110.350   110.350
 2006     110.350   110.350   110.350   110.350   110.350   110.350   110.350   110.350   110.350   110.350   110.350   110.350
 2007     110.350   110.350   110.350   110.350   110.350   110.350   110.350   110.350   110.350   110.350   110.350   110.350
 2008     110.350   110.350   110.350   110.350   110.350   110.350   110.350   110.350   110.350   110.350   110.350   110.350
 2009     100.000   100.000   100.000   100.000   100.000   100.000   100.000   100.000   100.000   100.000   100.000   100.000
 2010     100.000   100.000   100.000   100.000   100.000   113.608   100.000   100.000   100.000   100.000   100.000   100.000
 2011     100.000   100.000   100.000   100.000   100.000   100.000   100.000   100.000   100.000   100.000   100.000   100.000
 2012     100.000   100.000   100.000   100.000   100.000   100.000   100.000   100.000   100.000   100.000   100.000   100.000
 2013     100.000   100.000   100.000   100.000   100.000   100.000   100.000   100.000   100.000   100.000   100.000   100.000
 2014     100.000   100.000   100.000   100.000   100.000   100.000   100.000   100.000   100.000   100.000   100.000   100.000
 2015     100.000   100.000   100.000   100.000   100.000   100.000   100.000   100.000   100.000   100.000   100.000   100.000
 2016     100.000   100.000   100.000   100.000   100.000   100.000   100.000   100.000   100.000   100.000   100.000   100.000
 2017     100.000   100.000   100.000   100.000   100.000   100.000   100.000   100.000   100.000   100.000   100.000   100.000
 2018     100.000   100.000   100.000   100.000   100.000   100.000   100.000   100.000   100.000   100.000   100.000   100.000
 2019     100.000   100.000   100.000   100.000   100.000   100.000   100.000   100.000   100.000   100.000   100.000   100.000
 2020     100.000   100.000   100.000   100.000   100.000   100.000   100.000   100.000   100.000   100.000   100.000   100.000
 2021     100.000   100.000   100.000   100.000   100.000   100.000   100.000   100.000   100.000   100.000   100.000   100.000
 2022     100.000   100.000   100.000   100.000   100.000   100.000   100.000   100.000   100.000   100.000   100.000   100.000
 2023     100.000   100.000   100.000   100.000   100.000   100.000   100.000   100.000   100.000   100.000   100.000   100.000
 2024     100.000   100.000   100.000   100.000   100.000   100.000   100.000
 
 
 
 FORECAST FUNCTION OF ORIGINAL SERIES: 
  
ORIGIN: 235 PERIODS AHEAD: 24
  
 OBS    DATE         FORECAST          STD ERROR        FORECAST          STD ERROR   
                        (SERIES IN LOGS)                     (SERIES IN LEVELS)       
 236  Aug-2024       3.30515          0.272507E-01       27.2525          0.742789    
 237  Sep-2024       3.32911          0.289415E-01       27.9135          0.808029    
 238  Oct-2024       3.33520          0.305389E-01       28.0839          0.857850    
 239  Nov-2024       3.31595          0.320567E-01       27.5486          0.883344    
 240  Dec-2024       3.25182          0.335059E-01       25.8374          0.865948    
 241  Jan-2025       3.34503          0.348949E-01       28.3613          0.989968    
 242  Feb-2025       3.35489          0.362307E-01       28.6423           1.03807    
 243  Mar-2025       3.34522          0.375190E-01       28.3669           1.06467    
 244  Apr-2025       3.35660          0.387645E-01       28.6915           1.11263    
 245  May-2025       3.34441          0.399712E-01       28.3439           1.13339    
 246  Jun-2025       3.35497          0.411426E-01       28.6449           1.17902    
 247  Jul-2025       3.38089          0.422814E-01       29.3968           1.24349    
 248  Aug-2025       3.34300          0.456115E-01       28.3038           1.29165    
 249  Sep-2025       3.36696          0.472618E-01       28.9903           1.37090    
 250  Oct-2025       3.37305          0.488564E-01       29.1673           1.42586    
 251  Nov-2025       3.35380          0.504006E-01       28.6113           1.44294    
 252  Dec-2025       3.28967          0.518988E-01       26.8341           1.39360    
 253  Jan-2026       3.38288          0.533551E-01       29.4554           1.57271    
 254  Feb-2026       3.39274          0.547726E-01       29.7472           1.63056    
 255  Mar-2026       3.38307          0.561543E-01       29.4612           1.65568    
 256  Apr-2026       3.39445          0.575028E-01       29.7983           1.71491    
 257  May-2026       3.38226          0.588204E-01       29.4372           1.73301    
 258  Jun-2026       3.39283          0.601092E-01       29.7499           1.78986    
 259  Jul-2026       3.41874          0.613709E-01       30.5308           1.87547    
