
                                        PROGRAM TRAMO+

             (based on program TRAMO, Victor Gomez and Agustin Maravall©,1996)

         Developed at the Bank of Spain by Gianluca Caporello and Agustin Maravall,
         with programming support from Domingo Pérez Cañete and Roberto López Pavón.

                 VERSION: 1.0 (Revision: 942  Build: 2017/09/25 09:39:13)


 SERIES TITLE=DIVIZ10                                                                         

 INPUT PARAMETERS
   lam= 0   imean= 0   ireg= 4   seats= 2   int2=227   rsa= 0   modelsumm= 1   va=   3.742
 
  WARNING :
    Remember to define the regression variable name in the first line of the external regression file.
   Name : NOT DEFINED.
   Reglist01
    Iuser=-1   Nser= 1   Ilong= 312
 
   Name : NOT DEFINED.
   Reglist02
    Iuser= 2   Nser= 3   Ilong=   0
 
   Fixed Outliers:
   #Observ. Type
      66     AO
      36     AO
     184     LS
 

 NUMBER OF OBSERVATIONS: 227


 ORIGINAL SERIES 

 YEAR        JAN       FEB       MAR       APR       MAY       JUN       JUL       AUG       SEP       OCT       NOV       DEC 

 2005      44.200    48.400    54.800    50.800    54.900    52.800    51.600    48.600    58.200    60.100    59.500    54.100
 2006      51.100    54.700    61.500    53.600    61.300    60.300    59.000    58.500    61.600    70.000    62.900    55.600
 2007      59.400    59.500    68.200    62.700    70.000    67.900    70.000    62.400    71.200    84.600    75.100    58.100
 2008      74.700    71.900    72.100    79.900    79.900    79.400    82.800    70.500    81.500    98.000    74.300    77.600
 2009      72.100    69.300    77.100    74.800    68.900    71.500    77.200    63.700    83.000    83.400    73.700    67.300
 2010      67.700    71.500    82.100    73.000    72.300    89.300    76.200    71.100    86.000    90.400    87.300    77.500
 2011      69.700    76.500    86.300    78.400    84.400    81.100    82.200    82.300    97.600    97.700    96.200    85.200
 2012      80.900    87.800    94.100    78.200    89.600    86.500    90.000    85.900    94.300   107.300    99.900    80.500
 2013      90.400    83.000    86.300    84.600    93.000    88.300    98.800    83.800   100.000   111.000    99.000    90.100
 2014      94.000    89.500    93.400    92.600    92.200    89.700   102.600    81.700   106.400   113.300    99.200    98.300
 2015      88.900    94.700   101.700    95.200    92.700    97.200   104.300    89.000   111.000   114.100   107.700   103.400
 2016      91.400   103.900   103.400    99.200   104.200   100.300   102.300   101.800   114.000   118.600   114.200   105.700
 2017      96.200    95.000   118.500    99.400   118.500   110.500   112.200   108.100   117.500   121.900   122.000   102.700
 2018     110.100   105.100   115.500   105.600   117.700   117.300   121.000   112.900   116.300   130.300   124.700   110.300
 2019     117.100   115.000   117.800   117.700   124.400   112.500   128.800   113.800   129.100   137.700   126.000   113.300
 2020     121.900   130.000   141.200   118.400   111.700   123.600   134.100   116.500   135.800   135.700   133.100   114.800
 2021     110.200   121.400   138.100   124.100   125.300   130.100   133.600   124.400   138.600   139.300   142.900   128.300
 2022     127.100   137.100   164.300   150.200   165.800   161.300   155.500   158.800   170.600   170.500   175.200   152.300
 2023     160.600   158.600   187.400   154.300   177.000   174.400   167.900   162.200   174.600   187.800   184.200


 MODEL PARAMETERS            
 ----------------
  MQ= 12         IMEAN=  0      LAM=  0      D=  1       BD=  1
  P=  0          BP=  0         Q=  1        BQ=  1      IREG=  4
  ITRAD=  0      SMPDAY=  0     IEAST=  0      IDUR=  6     M= 36       IQM= 24
  INCON=  0      NBACK=  0      NPRED= 24    INTERP=  2  INIT=  0
  IFILT=  2      IROOT=  2    INIC=  0    ICONCE=  1
  ICDET=  1      IATIP=  0      IMVX=  0     IDIF=  0    PG=  0
  AIO=  2        INT1=  1       INT2= 227    RSA=  0     SEATS=  2
  VA= 3.74       TOL=  0.100E-03             PC=  0.120E+00
  NOADMISS= 1    STOCHTD 0    BIAS= 1
  THLIM=  0.000  BTHLIM=  0.000   RMOD=  0.500



TH =        -0.10

BTH =        -0.10

WARNING: When adjusting for degrees of freedom in
 order to compute white-noise residuals, the Housholder
 transformation contains an element of arbitrariness 
 that, when multiple regressors are entered, may produce
 a slight variation in results when the order in which
 regressors are entered changes



NUMBER OF INITIAL OBS. =  13

Log-Level pretest : LOGS are Selected
 DIFFERENCED TRANSFORMED SERIES

 YEAR        JAN       FEB       MAR       APR       MAY       JUN       JUL       AUG       SEP       OCT       NOV       DEC 

 2006                -0.023    -0.007    -0.062     0.057     0.023     0.001     0.051    -0.129     0.096    -0.097    -0.028
 2007       0.123    -0.066     0.019     0.053    -0.024    -0.014     0.052    -0.106     0.080     0.045    -0.012    -0.133
 2008       0.185    -0.040    -0.134     0.187    -0.110     0.024     0.011    -0.046     0.013     0.012    -0.158     0.300
 2009      -0.325    -0.001     0.104    -0.133    -0.082     0.043     0.035    -0.031     0.120    -0.180     0.153    -0.134
 2010       0.079     0.094     0.032    -0.087     0.073     0.174    -0.235     0.123    -0.074     0.045     0.089    -0.028
 2011      -0.112     0.038    -0.018     0.021     0.083    -0.251     0.172     0.070    -0.020    -0.049     0.019    -0.002
 2012       0.054    -0.011    -0.051    -0.089     0.062     0.005     0.026    -0.048    -0.077     0.128    -0.056    -0.094
 2013       0.168    -0.167    -0.030     0.165    -0.041    -0.017     0.073    -0.118     0.083    -0.025    -0.043     0.122
 2014      -0.074     0.036     0.004     0.011    -0.099     0.024     0.022    -0.063     0.087    -0.042    -0.018     0.085
 2015      -0.143     0.112     0.029    -0.057    -0.022     0.075    -0.064     0.069    -0.043    -0.035     0.075    -0.032
 2016      -0.023     0.065    -0.076     0.025     0.076    -0.086    -0.051     0.154    -0.108     0.012     0.020    -0.037
 2017       0.029    -0.141     0.226    -0.134     0.127    -0.032    -0.004    -0.032    -0.030    -0.003     0.039    -0.095
 2018       0.164    -0.034    -0.127     0.086    -0.067     0.066     0.016    -0.032    -0.054     0.077    -0.045     0.050
 2019      -0.010     0.028    -0.070     0.089    -0.053    -0.097     0.104    -0.055     0.096    -0.049    -0.045     0.016
 2020       0.013     0.082     0.059    -0.175    -0.114     0.202    -0.054    -0.017     0.027    -0.065     0.069    -0.042
 2021      -0.114     0.032     0.046     0.069     0.068    -0.064    -0.055     0.069    -0.045     0.006     0.045     0.040
 2022       0.031    -0.021     0.052     0.017     0.089    -0.065    -0.063     0.092    -0.036    -0.006     0.002    -0.032
 2023       0.062    -0.088    -0.014    -0.105     0.038     0.013    -0.001    -0.056     0.002     0.073    -0.047




 AUTOCORRELATIONS
 ----------------
     -0.4330   0.1584  -0.1656   0.0873  -0.0383   0.0892  -0.0336   0.0087   0.1158  -0.1965   0.1818  -0.4168
 SE   0.0684   0.0802   0.0816   0.0832   0.0836   0.0837   0.0841   0.0842   0.0842   0.0849   0.0870   0.0888
      0.3125  -0.1799   0.1516  -0.1880   0.0948  -0.1410   0.0548   0.0083  -0.0247   0.1495  -0.1550   0.0303
 SE   0.0975   0.1021   0.1035   0.1046   0.1061   0.1065   0.1074   0.1075   0.1075   0.1076   0.1085   0.1096
     -0.0413   0.1342  -0.1371   0.1064  -0.0701   0.0911  -0.0788   0.0190  -0.0093  -0.0356   0.1038  -0.0643
 SE   0.1096   0.1097   0.1104   0.1112   0.1117   0.1119   0.1123   0.1125   0.1125   0.1125   0.1126   0.1130


 PARTIAL AUTOCORRELATIONS
 ---------------------
     -0.4330  -0.0358  -0.1356  -0.0391  -0.0095   0.0726   0.0476   0.0122   0.1748  -0.1052   0.0668  -0.3880
 SE   0.0684   0.0684   0.0684   0.0684   0.0684   0.0684   0.0684   0.0684   0.0684   0.0684   0.0684   0.0684
     -0.0497  -0.0880  -0.0336  -0.1076  -0.0474  -0.0702  -0.0661   0.0355   0.0521   0.1214   0.0230  -0.2246
 SE   0.0684   0.0684   0.0684   0.0684   0.0684   0.0684   0.0684   0.0684   0.0684   0.0684   0.0684   0.0684
      0.0282   0.0223  -0.0611  -0.1457  -0.0475  -0.0328  -0.0879   0.0079   0.0183  -0.0152   0.0192  -0.0667
 SE   0.0684   0.0684   0.0684   0.0684   0.0684   0.0684   0.0684   0.0684   0.0684   0.0684   0.0684   0.0684
  
 ARIMA MODEL ESTIMATION 
  
 METHOD OF ESTIMATION: EXACT MAXIMUM LIKELIHOOD           
  
 PARAMETER      ESTIMATE           STD ERROR      T RATIO   LAG  
  
 TH1         -0.45965           0.61999E-01       -7.41      1
 BTH         -0.66741           0.51987E-01      -12.84     12
  
 
 REGULAR MA INVERSE ROOTS ARE 
 NO.     REAL P.     IMAG.P.     MODULUS    ARGUMENT      PERIOD
  1      0.45965       0.0000      0.45965       0.0000            -  
 
 SEASONAL MA INVERSE ROOTS ARE 
 NO.     REAL P.     IMAG.P.     MODULUS    ARGUMENT      PERIOD
  1      0.66741       0.0000      0.66741       0.0000            -  
  
 CORRELATIONS OF THE ESTIMATES 
  
  1.000   -0.203
 -0.203    1.000
  
 AIC 
    -776.729
  
 BIC 
     -6.4072
  
 FINAL VALUE OF OBJECTIVE FUNCTION: 
               0.31425    
  
 RADETN:    1.01723161827044     
 ITERATIONS:            2
  
  NUMBER OF FUNCTION EVALUATIONS:            8
  

 ESTIMATES OF REGRESSION PARAMETERS 
 CONCENTRATED OUT OF THE LIKELIHOOD 

 PARAMETER           VALUE          ST. ERROR     T VALUE
 REG      1          0.36359E-01    (     0.00220)   16.50
 OUT 1 ( 66)         0.18550        (     0.02985)    6.21   AO    ( 6 2010)
 OUT 2 ( 36)        -0.15269        (     0.03045)   -5.01   AO    (12 2007)
 OUT 3 (184)        -0.13890        (     0.03124)   -4.45   LS    ( 4 2020)

 VAR-CORRELATION MATRIX OF ESTIMATORS 

   0.486E-05
  -0.918E-02   0.891E-03
   0.948E-01  -0.205E-02   0.927E-03
  -0.429E-01   0.909E-03  -0.419E-02   0.976E-03


 VARIANCES ARE IN THE MAIN DIAGONAL; 
 OFF-DIAGONAL ELEMENTS ARE CORRELATIONS. 



ACF DIFFERENCED SERIES




 AUTOCORRELATIONS
 ----------------
     -0.4542   0.1795  -0.1887   0.1213  -0.0390   0.0633  -0.0135  -0.0360   0.1673  -0.2415   0.2346  -0.4562
 SE   0.0684   0.0812   0.0831   0.0851   0.0859   0.0859   0.0862   0.0862   0.0862   0.0877   0.0908   0.0936
      0.3205  -0.1723   0.1762  -0.2318   0.1016  -0.1027   0.0130   0.0535  -0.0655   0.1648  -0.1627   0.0741
 SE   0.1035   0.1080   0.1093   0.1106   0.1128   0.1133   0.1137   0.1137   0.1138   0.1140   0.1151   0.1162
     -0.0825   0.1446  -0.1567   0.1255  -0.0607   0.0707  -0.0611   0.0090   0.0062  -0.0530   0.0923  -0.0578
 SE   0.1164   0.1167   0.1175   0.1185   0.1191   0.1192   0.1194   0.1196   0.1196   0.1196   0.1197   0.1200
  
  
  NUMBER OF WHITE NOISE RESIDUALS          210
  
 WHITE NOISE RESIDUALS
  

 YEAR        JAN       FEB       MAR       APR       MAY       JUN       JUL       AUG       SEP       OCT       NOV       DEC 

 2006                                                         0.018     0.009     0.047    -0.055    -0.006    -0.053     0.013
 2007       0.017    -0.015     0.027     0.015     0.011     0.002     0.016    -0.036     0.053     0.008     0.000     0.003
 2008       0.073    -0.055    -0.029     0.029     0.015     0.028    -0.037     0.018    -0.078     0.036    -0.104     0.027
 2009      -0.004    -0.095    -0.051    -0.056    -0.070    -0.047     0.016    -0.037     0.082    -0.058    -0.024    -0.096
 2010       0.097     0.040     0.009    -0.068    -0.024     0.004     0.013     0.027     0.039     0.037     0.070    -0.088
 2011      -0.059     0.045     0.033    -0.011     0.010    -0.015     0.024     0.059     0.025    -0.025     0.043     0.011
 2012      -0.062     0.008    -0.003    -0.072     0.003    -0.007     0.007     0.024     0.005    -0.039     0.035    -0.048
 2013       0.028    -0.057    -0.061     0.018     0.027     0.027     0.019    -0.023    -0.004    -0.018     0.021     0.016
 2014       0.040    -0.028    -0.033     0.027    -0.038    -0.020     0.017    -0.040     0.001    -0.015    -0.006     0.086
 2015      -0.045     0.024    -0.010    -0.034     0.001     0.001    -0.009    -0.003     0.004    -0.008    -0.000     0.028
 2016       0.006     0.025    -0.042     0.022    -0.012    -0.018     0.007     0.048    -0.045     0.021    -0.005     0.016
 2017      -0.077    -0.052     0.093     0.045     0.060    -0.012     0.000    -0.002    -0.039    -0.066     0.035     0.006
 2018       0.001    -0.008    -0.016     0.008    -0.001     0.039     0.001     0.003    -0.041    -0.047     0.014     0.013
 2019       0.031     0.037    -0.025     0.015    -0.013    -0.040     0.002     0.021     0.005    -0.029     0.002    -0.051
 2020       0.080     0.098     0.039    -0.001    -0.018     0.061     0.024     0.008    -0.009    -0.017    -0.001    -0.077
 2021       0.028     0.014     0.012    -0.040     0.001     0.020    -0.012    -0.011    -0.022     0.023     0.024    -0.036
 2022       0.057     0.042     0.075     0.094     0.036     0.001    -0.041     0.034    -0.032     0.002     0.012     0.014
 2023       0.010    -0.037     0.007    -0.027    -0.013    -0.004    -0.031    -0.034    -0.010     0.008     0.000
 
 
  STABILITY TEST
 
 
     1. FULL PERIOD
                  FIRST HALF                    SECOND HALF
           Mean(t)          Variance      Mean(t)          Variance
      -0.35E-02(-0.85    )  0.17E-02  0.26E-02( 0.79    )  0.11E-02
 
      Mean assumed equal to 0
      VR(variance ratio)= 0.66    
 
      MEAN STABILITY IS NOT REJECTED.
      VARIANCE STABILITY IS NOT REJECTED.


 
     2. LAST 10 YEARS
                  FIRST HALF                    SECOND HALF
           Mean(t)          Variance      Mean(t)          Variance
      -0.15E-02(-0.35    )  0.11E-02  0.53E-02(  1.2    )  0.12E-02
 
      Mean assumed equal to 0
      VR(variance ratio)=  1.1    
 
      LAST 10 YEARS MEAN STABILITY IS NOT REJECTED.
      LAST 10 YEARS VARIANCE STABILITY IS NOT REJECTED.


 
  OUT-OF-SAMPLE TEST
  ------------------
      Model re-estimated on Linearized series for first 209 observations.
       18 One-Period-Ahead Forecasts computed with model fixed.
      Comparison between forecast errors (last   18 observations) and residuals (in-sample):

        Mean(Forecast Errors)
            p-value= 0.3594
            Mean of forecast errors can be assumed zero.

        Out-of-Sample MSE is :  0.5007E-03
        In-Sample MSE is :  0.1508E-02
        F( 18,196) is :  0.332E+00
            p-value(%)=99.5661

        Mean and Variance of forecast Errors and In-Sample residuals ARE NOT significantly different.


 TEST-STATISTICS ON RESIDUALS
 ----------------------------


           MEAN=  -0.4009787E-03
        ST.DEV.=   0.2617034E-02
        OF MEAN
        T-VALUE= -0.1532

 NORMALITY TEST=  0.5983        ( CHI-SQUARE(2) )

       SKEWNESS= -0.0610          ( SE =  0.1690 )
       KURTOSIS=  3.2313          ( SE =  0.3381 )

 SUM OF SQUARES=   0.2986668    

  DURBIN-WATSON=  2.0181

 STANDARD ERROR=   0.3821110E-01
 OF RESID.
  MSE OF RESID.=   0.1460088E-02




 AUTOCORRELATIONS
 ----------------
      0.0018   0.0338  -0.0876   0.0079   0.0235   0.0423   0.0178   0.0310   0.0591  -0.1535  -0.0532   0.0488
 SE   0.0690   0.0690   0.0690   0.0690   0.0690   0.0690   0.0690   0.0690   0.0690   0.0690   0.0690   0.0690
 Q      0.00     0.25     1.90     1.91     2.03     2.42     2.49     2.70     3.48     8.72     9.35     9.89
 PV    -1.00    -1.00     0.17     0.38     0.57     0.66     0.78     0.84     0.84     0.37     0.41     0.45
      0.1220  -0.0344  -0.0221  -0.2057  -0.0514  -0.1032  -0.0374   0.0623   0.0187   0.0833  -0.1039  -0.0026
 SE   0.0690   0.0690   0.0690   0.0690   0.0690   0.0690   0.0690   0.0690   0.0690   0.0690   0.0690   0.0690
 Q     13.25    13.52    13.63    23.34    23.95    26.42    26.75    27.66    27.74    29.38    31.96    31.96
 PV     0.28     0.33     0.40     0.05     0.07     0.05     0.06     0.07     0.09     0.08     0.06     0.08
      0.0109   0.1133  -0.0432   0.0191  -0.0168  -0.0397  -0.0443  -0.0205   0.0013   0.0466   0.0530  -0.0896
 SE   0.0690   0.0690   0.0690   0.0690   0.0690   0.0690   0.0690   0.0690   0.0690   0.0690   0.0690   0.0690
 Q     31.99    35.09    35.55    35.64    35.70    36.09    36.58    36.69    36.69    37.24    37.95    40.00
 PV     0.10     0.07     0.08     0.10     0.12     0.14     0.16     0.19     0.22     0.24     0.25     0.22

  LJUNG-BOX Q VALUE OF ORDER  24 IS     31.96 AND IF RESIDUALS ARE RANDOM IT SHOULD BE DISTRIBUTED AS CHI-SQUARE(22)
  p-value= 0.0781
  THE PIERCE QS VALUE IS      0.54 AND IF RESIDUALS ARE RANDOM IT SHOULD BE DISTRIBUTED AS CHI-SQUARE(2)

 APPROXIMATE TEST OF RUNS ON RESIDUALS
 -------------------------------------
  NUM.DATA= 210
   NUM.(+)= 105
   NUM.(-)= 105
  NUM.RUNS= 104
   T-VALUE= -0.2767


  NON-PARAMETRIC TEST FOR RESIDUAL SEASONALITY (FRIEDMAN) SEAS_NP =      8.73
    ASYMP. DISTRIBUTED AS CHI-SQUARE(11)
    p-value= 0.6469



 SQUARED RESIDUALS:
 ------------------




 AUTOCORRELATIONS
 ----------------
      0.2603   0.0864   0.1352   0.0880  -0.0121  -0.0425   0.0625   0.0416  -0.0609   0.1577   0.1271   0.0504
 SE   0.0690   0.0690   0.0690   0.0690   0.0690   0.0690   0.0690   0.0690   0.0690   0.0690   0.0690   0.0690
 Q     14.43    16.03    19.97    21.64    21.67    22.07    22.92    23.30    24.13    29.66    33.28    33.85
 PV    -1.00    -1.00     0.00     0.00     0.00     0.00     0.00     0.00     0.00     0.00     0.00     0.00
      0.0694   0.0891   0.0239   0.0127  -0.0810  -0.1497  -0.0593  -0.0550  -0.0261   0.0073  -0.0168   0.0944
 SE   0.0690   0.0690   0.0690   0.0690   0.0690   0.0690   0.0690   0.0690   0.0690   0.0690   0.0690   0.0690
 Q     34.94    36.74    36.87    36.91    38.42    43.62    44.44    45.15    45.31    45.33    45.39    47.53
 PV     0.00     0.00     0.00     0.00     0.00     0.00     0.00     0.00     0.00     0.00     0.00     0.00
      0.0951   0.1085   0.2026   0.0055  -0.1093  -0.1157  -0.1161  -0.0846  -0.0219   0.0172   0.0864  -0.0126
 SE   0.0690   0.0690   0.0690   0.0690   0.0690   0.0690   0.0690   0.0690   0.0690   0.0690   0.0690   0.0690
 Q     49.70    52.55    62.54    62.55    65.49    68.80    72.15    73.94    74.06    74.14    76.04    76.08
 PV     0.00     0.00     0.00     0.00     0.00     0.00     0.00     0.00     0.00     0.00     0.00     0.00

  McLEOD-LI Q VALUE OF ORDER  24 IS     47.53 AND IF RESIDUALS ARE RANDOM IT SHOULD BE DISTRIBUTED AS CHI-SQUARE(24)
  p-value= 0.0029
 
 
 
SPECTRAL DIAGNOSTICS
 --------------------
 
A. SEASONAL SPECTRAL PEAKS
 
                           Frequency (cycles per year)
                     One    Two   Three  Four   Five    Six  
 Original series      aT     AT     AT     --     -t     aT
 Linearized series    aT     AT     AT     aT     aT     AT
 Residuals            --     --     --     --     --     --
 
 AT : peaks detected in AR(30) and using Tukey spectrum  estimator
 A- : only peaks detected in AR(30) spectrum estimator
 -T : only peaks detected using Tukey spectrum estimator
 -- : No peaks detected in AR(30) nor using Tukey spectrum estimator
 
 
 
B. STOCHASTIC SEASONALITY: SPECTRAL EVIDENCE
 
 1 :  SERIES CONTAINS SEASONALITY THAT CAN BE RELIABLY EXTRACTED.
 0 :  SEASONALITY IS NOT PRESENT IN THE SERIES OR IS TOO WEAK TO BE RELIABLY CAPTURED.
 
 ORIGINAL SERIES :   1
 LINEARIZED SERIES : 1
 RESIDUALS :         0
 
 
 
C. TRADING DAY EFFECT: SPECTRAL EVIDENCE
 
 1 :  TRADING DAY EFFECT DETECTED
 0 :  NO TRADING DAY EFFECT DETECTED
 
 LINEARIZED SERIES : 0
 RESIDUALS :         0
 
 
OVERALL TEST FOR IDENTIFIABLE SEASONALITY 
----------------------------------------- 
 
  AUTOCORRELATION FUNCTION EVIDENCE : YES
  NON-PARAMETRIC EVIDENCE           : YES
  F-TEST                            :  - 
  SPECTRAL EVIDENCE                 : YES
 
IDENTIFIABLE SEASONALITY FOUND IN SERIES
 
 
OVERALL TEST FOR RESIDUALS SEASONALITY 
----------------------------------------- 
 
  AUTOCORRELATION FUNCTION EVIDENCE : NO 
  NON-PARAMETRIC EVIDENCE           : NO 
  F-TEST                            : NO 
  SPECTRAL EVIDENCE                 : NO 
 
NO IDENTIFIABLE SEASONALITY FOUND IN RESIDUALS
 
 
ARIMA MODEL : GOOD FIT
----------------------

ALL TEST ARE PASSED
 
QUALITY ARIMA MODEL TESTS
----------------------------------------

  Mean in residuals                      :GOOD        
  Autocorrelation in residuals           :GOOD        
  Normality of residuals                 :GOOD        
  Skewness of residuals                  :GOOD        
  Kurtosis of residuals                  :GOOD        
  Randomness of residual sign            :GOOD        
  Instability of residual mean           :GOOD        
  Instability of residual variance       :GOOD        
  Seasonality in residuals               :GOOD        
  Trading day in residuals               :GOOD        
  Out-of-sample forecast errors          :GOOD        
  Number of outliers                     :GOOD        
 


 LINEAR SERIES


 YEAR        JAN       FEB       MAR       APR       MAY       JUN       JUL       AUG       SEP       OCT       NOV       DEC 

 2005      39.477    42.392    47.589    44.104    46.795    45.484    46.817    41.425    49.608    54.529    51.250    47.084
 2006      44.010    47.910    51.501    50.045    52.250    51.945    53.531    49.864    54.450    61.244    54.178    52.039
 2007      49.331    52.114    59.226    56.452    59.666    58.491    61.244    53.188    65.266    71.375    64.687    61.088
 2008      62.038    60.726    67.336    66.892    70.626    70.931    69.856    64.625    69.468    82.680    66.367    67.536
 2009      64.395    60.698    66.955    62.622    63.158    61.593    65.132    56.306    70.747    72.968    63.481    56.481
 2010      62.704    62.625    68.751    61.115    63.908    63.902    66.668    60.603    73.304    82.021    75.195    62.719
 2011      62.252    67.004    74.944    68.067    71.940    69.862    74.581    70.150    83.191    88.644    82.861    74.151
 2012      69.675    74.155    81.718    70.407    76.372    74.514    78.742    73.218    86.441    90.526    86.048    72.654
 2013      75.077    72.697    77.719    73.449    79.270    78.881    83.355    74.073    88.393    93.648    88.430    78.415
 2014      80.957    78.390    84.114    80.395    81.498    80.132    86.561    74.891    90.692    95.588    88.609    85.552
 2015      79.400    82.945    88.318    79.701    84.975    83.732    87.995    78.670    94.613    99.828    92.766    86.777
 2016      84.656    87.753    89.794    86.125    88.817    86.402    92.818    86.771    97.170   107.607    98.365    91.992
 2017      82.852    83.208    99.233    92.808   101.006    95.189   101.800    92.141   103.862   106.652   105.084    96.123
 2018      91.438    92.054   100.302    95.076   100.324   101.046   105.865    96.232   106.608   109.931   107.409    99.550
 2019      97.251   100.725   106.087   102.187   106.035   100.500   108.665   100.591   114.115   116.174   112.548    98.607
 2020     104.986   113.863   122.620   113.895   117.649   122.339   129.995   118.323   133.000   136.417   131.728   110.701
 2021     117.278   122.175   132.879   119.378   127.261   128.773   134.306   121.835   135.742   145.222   141.427   119.301
 2022     130.433   137.975   158.088   155.383   162.381   159.655   162.110   155.526   167.082   177.748   173.394   152.300
 2023     158.927   159.612   180.315   165.535   173.351   172.621   175.037   158.856   177.332   188.793   182.301


  AUTOCORRELATION FUNCTION TEST FOR SEASONALITY IN LINEARIZEDSERIES QS =   278.05  ASIMPTOTICALLY DISTRIBUTED AS CHI-SQUARE(2)
    p-value= 0.0000


  NON-PARAMETRIC TEST FOR SEASONALITY IN LINEARIZED SERIES (FRIEDMAN) SEAS_NP =    154.98
    ASYMP. DISTRIBUTED AS CHI-SQUARE(11)
    p-value= 0.0000


TOTAL OUTLIER EFFECT FACTORS


 YEAR        JAN       FEB       MAR       APR       MAY       JUN       JUL       AUG       SEP       OCT       NOV       DEC 

 2005     114.901   114.901   114.901   114.901   114.901   114.901   114.901   114.901   114.901   114.901   114.901   114.901
 2006     114.901   114.901   114.901   114.901   114.901   114.901   114.901   114.901   114.901   114.901   114.901   114.901
 2007     114.901   114.901   114.901   114.901   114.901   114.901   114.901   114.901   114.901   114.901   114.901    98.630
 2008     114.901   114.901   114.901   114.901   114.901   114.901   114.901   114.901   114.901   114.901   114.901   114.901
 2009     114.901   114.901   114.901   114.901   114.901   114.901   114.901   114.901   114.901   114.901   114.901   114.901
 2010     114.901   114.901   114.901   114.901   114.901   138.320   114.901   114.901   114.901   114.901   114.901   114.901
 2011     114.901   114.901   114.901   114.901   114.901   114.901   114.901   114.901   114.901   114.901   114.901   114.901
 2012     114.901   114.901   114.901   114.901   114.901   114.901   114.901   114.901   114.901   114.901   114.901   114.901
 2013     114.901   114.901   114.901   114.901   114.901   114.901   114.901   114.901   114.901   114.901   114.901   114.901
 2014     114.901   114.901   114.901   114.901   114.901   114.901   114.901   114.901   114.901   114.901   114.901   114.901
 2015     114.901   114.901   114.901   114.901   114.901   114.901   114.901   114.901   114.901   114.901   114.901   114.901
 2016     114.901   114.901   114.901   114.901   114.901   114.901   114.901   114.901   114.901   114.901   114.901   114.901
 2017     114.901   114.901   114.901   114.901   114.901   114.901   114.901   114.901   114.901   114.901   114.901   114.901
 2018     114.901   114.901   114.901   114.901   114.901   114.901   114.901   114.901   114.901   114.901   114.901   114.901
 2019     114.901   114.901   114.901   114.901   114.901   114.901   114.901   114.901   114.901   114.901   114.901   114.901
 2020     114.901   114.901   114.901   100.000   100.000   100.000   100.000   100.000   100.000   100.000   100.000   100.000
 2021     100.000   100.000   100.000   100.000   100.000   100.000   100.000   100.000   100.000   100.000   100.000   100.000
 2022     100.000   100.000   100.000   100.000   100.000   100.000   100.000   100.000   100.000   100.000   100.000   100.000
 2023     100.000   100.000   100.000   100.000   100.000   100.000   100.000   100.000   100.000   100.000   100.000


TOTAL REGRESSION EFFECT FACTORS


 YEAR        JAN       FEB       MAR       APR       MAY       JUN       JUL       AUG       SEP       OCT       NOV       DEC 

 2005      97.444    99.366   100.218   100.244   102.105   101.031    95.922   102.105   102.105    95.922   101.042   100.000
 2006     101.053    99.366   103.929    93.213   102.105   101.031    95.922   102.105    98.459    99.474   101.042    92.986
 2007     104.794    99.366   100.218    96.665   102.105   101.031    99.474   102.105    94.944   103.158   101.042    96.429
 2008     104.794   103.045    93.189   103.956    98.459    97.423   103.158    94.944   102.105   103.158    97.434   100.000
 2009      97.444    99.366   100.218   103.956    94.944   101.031   103.158    98.459   102.105    99.474   101.042   103.703
 2010      93.965    99.366   103.929   103.956    98.459   101.031    99.474   102.105   102.105    95.922   101.042   107.543
 2011      97.444    99.366   100.218   100.244   102.105   101.031    95.922   102.105   102.105    95.922   101.042   100.000
 2012     101.053   103.045   100.218    96.665   102.105   101.031    99.474   102.105    94.944   103.158   101.042    96.429
 2013     104.794    99.366    96.640   100.244   102.105    97.423   103.158    98.459    98.459   103.158    97.434   100.000
 2014     101.053    99.366    96.640   100.244    98.459    97.423   103.158    94.944   102.105   103.158    97.434   100.000
 2015      97.444    99.366   100.218   103.956    94.944   101.031   103.158    98.459   102.105    99.474   101.042   103.703
 2016      93.965   103.045   100.218   100.244   102.105   101.031    95.922   102.105   102.105    95.922   101.042   100.000
 2017     101.053    99.366   103.929    93.213   102.105   101.031    95.922   102.105    98.459    99.474   101.042    92.986
 2018     104.794    99.366   100.218    96.665   102.105   101.031    99.474   102.105    94.944   103.158   101.042    96.429
 2019     104.794    99.366    96.640   100.244   102.105    97.423   103.158    98.459    98.459   103.158    97.434   100.000
 2020     101.053    99.366   100.218   103.956    94.944   101.031   103.158    98.459   102.105    99.474   101.042   103.703
 2021      93.965    99.366   103.929   103.956    98.459   101.031    99.474   102.105   102.105    95.922   101.042   107.543
 2022      97.444    99.366   103.929    96.665   102.105   101.031    95.922   102.105   102.105    95.922   101.042   100.000
 2023     101.053    99.366   103.929    93.213   102.105   101.031    95.922   102.105    98.459    99.474   101.042
 
 
 
 FORECAST FUNCTION OF ORIGINAL SERIES: 
  
ORIGIN: 227 PERIODS AHEAD: 24
  
 OBS    DATE         FORECAST          STD ERROR        FORECAST          STD ERROR   
                        (SERIES IN LOGS)                     (SERIES IN LEVELS)       
 228  Dec-2023       4.99720          0.383036E-01       147.998           5.67094    
 229  Jan-2024       5.15745          0.431789E-01       173.721           7.50458    
 230  Feb-2024       5.17260          0.477314E-01       176.373           8.42332    
 231  Mar-2024       5.21481          0.520403E-01       183.976           9.58068    
 232  Apr-2024       5.18510          0.559010E-01       178.590           9.99119    
 233  May-2024       5.25127          0.595177E-01       190.808           11.3665    
 234  Jun-2024       5.19868          0.629700E-01       181.033           11.4110    
 235  Jul-2024       5.28892          0.662542E-01       198.129           13.1413    
 236  Aug-2024       5.15912          0.693013E-01       174.011           12.0737    
 237  Sep-2024       5.26488          0.722485E-01       193.423           13.9928    
 238  Oct-2024       5.36624          0.751363E-01       214.057           16.1062    
 239  Nov-2024       5.27636          0.778553E-01       195.655           15.2559    
 240  Dec-2024       5.16665          0.845731E-01       175.326           14.8544    
 241  Jan-2025       5.21782          0.888634E-01       184.531           16.4305    
 242  Feb-2025       5.23297          0.929537E-01       187.348           17.4524    
 243  Mar-2025       5.31154          0.969477E-01       202.661           19.6938    
 244  Apr-2025       5.28182          0.100800           196.728           19.8807    
 245  May-2025       5.31163          0.104423           202.681           21.2225    
 246  Jun-2025       5.29541          0.107940           199.419           21.5881    
 247  Jul-2025       5.38565          0.111361           218.251           24.3803    
 248  Aug-2025       5.21949          0.114680           184.839           21.2672    
 249  Sep-2025       5.39797          0.117822           220.957           26.1241    
 250  Oct-2025       5.46297          0.120967           235.797           28.6282    
 251  Nov-2025       5.37308          0.123990           215.526           26.8261    
