
                                        PROGRAM TRAMO+

             (based on program TRAMO, Victor Gomez and Agustin Maravall©,1996)

         Developed at the Bank of Spain by Gianluca Caporello and Agustin Maravall,
         with programming support from Domingo Pérez Cañete and Roberto López Pavón.

                 VERSION: 1.0 (Revision: 942  Build: 2017/09/25 09:39:13)


 SERIES TITLE=DIVID08                                                                         

 INPUT PARAMETERS
   lam= 0   imean= 0   ireg= 3   ieast= 3   seats= 2   int2=235   rsa= 0   modelsumm= 1   va=   3.762
 
  WARNING :
    Remember to define the regression variable name in the first line of the external regression file.
   Name : NOT DEFINED.
   Reglist01
    Iuser=-1   Nser= 1   Ilong= 312
 
   Name : NOT DEFINED.
   Reglist02
    Iuser= 2   Nser= 2   Ilong=   0
 
   Fixed Outliers:
   #Observ. Type
     184     AO
     183     TC
 

 NUMBER OF OBSERVATIONS: 235


 ORIGINAL SERIES 

 YEAR        JAN       FEB       MAR       APR       MAY       JUN       JUL       AUG       SEP       OCT       NOV       DEC 

 2005      94.300   107.300   125.200   122.500   136.000   141.700   144.600    97.000   133.600   128.400   138.600   131.300
 2006     113.800   118.000   133.300   110.100   149.900   129.800   145.500    89.300   132.700   145.100   148.700   126.600
 2007     114.300   120.600   134.800   121.600   147.500   144.500   148.800    85.800   127.300   150.800   136.200   111.300
 2008     116.600   121.100   116.700   125.500   131.300   126.800   155.300    74.900   137.300   151.000   114.200   102.100
 2009      85.200    92.500   113.500   107.200   113.400   126.500   129.700    61.600   114.100   117.600   107.500    88.400
 2010      72.400    78.600   104.200   104.200   102.400   111.600   121.800    72.400   113.000   116.600   109.800    91.100
 2011      78.800    94.600   112.600   113.000   127.300   120.400   126.100    80.900   117.000   113.500   107.100    89.000
 2012      70.700    73.500   108.400    81.000   108.300   102.500   104.600    67.700    91.500   106.200    99.800    80.100
 2013      71.300    69.000    74.100    81.600    95.400    98.000   112.500    59.100   102.100   105.400    90.900    78.200
 2014      62.500    65.400    84.800    82.900    95.600    87.900    93.500    53.200    93.800   109.000    75.600    80.000
 2015      60.800    65.900    79.300    78.500    80.400    82.600    93.800    48.400    90.700    88.600    87.900    78.400
 2016      54.200    68.400    72.200    77.900    84.400    82.800    87.100    57.600    85.700    86.100    81.000    73.200
 2017      58.700    68.000    87.100    73.300    90.800    89.200    91.000    63.200    84.200    95.400    87.400    65.000
 2018      65.900    64.200    77.000    72.200    88.300    85.600    96.000    61.500    83.500   107.600    86.900    71.200
 2019      71.900    80.200    89.100    83.500    98.000    97.000   106.400    57.000    95.300   100.700    82.700    79.000
 2020      73.000    80.400    61.300    30.400    78.600    88.100   103.300    63.000    99.400    97.200    97.500    78.500
 2021      74.500    88.400   111.500   103.400   104.600   108.500   110.400    67.700   107.300   114.000   111.100    98.700
 2022      82.200   102.400   126.500   100.700   127.100   124.300   119.400    86.300   117.600   120.400   125.200   100.800
 2023     105.300   112.200   135.700   104.300   126.300   129.700   134.500    82.200   124.700   134.900   127.200    98.000
 2024     103.500   121.300   118.400   123.500   133.000   127.000   150.900

DATES OF EASTER DURING THE REQUESTED TIME SPAN 

 YEAR MONTH  DAY 

   2005   MARCH   27
   2006   APRIL   16
   2007   APRIL    8
   2008   MARCH   23
   2009   APRIL   12
   2010   APRIL    4
   2011   APRIL   24
   2012   APRIL    8
   2013   MARCH   31
   2014   APRIL   20
   2015   APRIL    5
   2016   MARCH   27
   2017   APRIL   16
   2018   APRIL    1
   2019   APRIL   21
   2020   APRIL   12
   2021   APRIL    4
   2022   APRIL   17
   2023   APRIL    9
   2024   MARCH   31
   2025   APRIL   20
   2026   APRIL    5
   2027   MARCH   28


 MODEL PARAMETERS            
 ----------------
  MQ= 12         IMEAN=  0      LAM=  0      D=  1       BD=  1
  P=  0          BP=  0         Q=  1        BQ=  1      IREG=  3
  ITRAD=  0      SMPDAY=  0     IEAST=  3      IDUR=  6     M= 36       IQM= 24
  INCON=  0      NBACK=  0      NPRED= 24    INTERP=  2  INIT=  0
  IFILT=  2      IROOT=  2    INIC=  0    ICONCE=  1
  ICDET=  1      IATIP=  0      IMVX=  0     IDIF=  0    PG=  0
  AIO=  2        INT1=  1       INT2= 235    RSA=  0     SEATS=  2
  VA= 3.76       TOL=  0.100E-03             PC=  0.120E+00
  NOADMISS= 1    STOCHTD 0    BIAS= 1
  THLIM=  0.000  BTHLIM=  0.000   RMOD=  0.500



TH =        -0.10

BTH =        -0.10

WARNING: When adjusting for degrees of freedom in
 order to compute white-noise residuals, the Housholder
 transformation contains an element of arbitrariness 
 that, when multiple regressors are entered, may produce
 a slight variation in results when the order in which
 regressors are entered changes



NUMBER OF INITIAL OBS. =  13

Log-Level pretest : LOGS are Selected
 DIFFERENCED TRANSFORMED SERIES

 YEAR        JAN       FEB       MAR       APR       MAY       JUN       JUL       AUG       SEP       OCT       NOV       DEC 

 2006                -0.093    -0.032    -0.169     0.204    -0.185     0.094    -0.089     0.076     0.129    -0.052    -0.107
 2007       0.041     0.017    -0.011     0.088    -0.115     0.123    -0.085    -0.062    -0.002     0.080    -0.126    -0.041
 2008       0.149    -0.016    -0.148     0.176    -0.148    -0.014     0.173    -0.179     0.211    -0.074    -0.177     0.090
 2009      -0.227     0.044     0.242    -0.130     0.011     0.144    -0.178    -0.015     0.010    -0.065     0.190    -0.084
 2010      -0.019    -0.000     0.077     0.057    -0.074    -0.023     0.062     0.224    -0.171     0.001     0.030     0.009
 2011       0.055     0.101    -0.108     0.004     0.137    -0.142    -0.041     0.076    -0.076    -0.062     0.002     0.002
 2012      -0.085    -0.144     0.214    -0.295     0.171     0.001    -0.026     0.009    -0.068     0.179    -0.004    -0.035
 2013       0.114    -0.072    -0.317     0.388    -0.134     0.082     0.118    -0.209     0.245    -0.117    -0.086     0.069
 2014      -0.108     0.078     0.188    -0.119    -0.014    -0.111    -0.076     0.080     0.020     0.118    -0.218     0.207
 2015      -0.050     0.035    -0.075     0.013    -0.119     0.111     0.065    -0.098     0.061    -0.174     0.358    -0.171
 2016      -0.095     0.152    -0.131     0.086     0.056    -0.046    -0.077     0.248    -0.231     0.028    -0.053     0.013
 2017       0.148    -0.086     0.193    -0.248     0.134     0.001    -0.031     0.049    -0.110     0.120    -0.027    -0.195
 2018       0.235    -0.173    -0.066     0.108    -0.013    -0.013     0.095    -0.081     0.019     0.129    -0.126     0.097
 2019      -0.004     0.135    -0.077    -0.001    -0.041     0.021    -0.022    -0.179     0.208    -0.198     0.017     0.153
 2020      -0.089    -0.013    -0.376    -0.636     0.790     0.124     0.067     0.130    -0.058    -0.077     0.200    -0.171
 2021       0.027     0.075     0.503     0.626    -0.938    -0.077    -0.142     0.005     0.005     0.083    -0.029     0.098
 2022      -0.131     0.049    -0.021    -0.153     0.221    -0.059    -0.058     0.164    -0.151    -0.037     0.065    -0.098
 2023       0.227    -0.156    -0.021    -0.035    -0.041     0.049     0.077    -0.168     0.107     0.055    -0.098    -0.044
 2024       0.011     0.095    -0.214     0.305    -0.117    -0.073     0.136




 AUTOCORRELATIONS
 ----------------
     -0.5011   0.1103  -0.0222  -0.0950   0.0900  -0.0700   0.0554  -0.0164   0.0648  -0.1216   0.2954  -0.5166
 SE   0.0671   0.0823   0.0829   0.0830   0.0834   0.0839   0.0841   0.0843   0.0843   0.0845   0.0853   0.0898
      0.3117  -0.1284   0.0230   0.1584  -0.1758   0.0950  -0.0791   0.0027   0.0149   0.0371  -0.0822   0.1225
 SE   0.1023   0.1065   0.1072   0.1072   0.1083   0.1096   0.1099   0.1102   0.1102   0.1102   0.1103   0.1105
     -0.1170   0.0888  -0.0895  -0.0250   0.1055  -0.0426   0.0294  -0.0178  -0.0417   0.0606   0.0004  -0.0575
 SE   0.1111   0.1117   0.1120   0.1123   0.1124   0.1128   0.1129   0.1129   0.1129   0.1130   0.1131   0.1131


 PARTIAL AUTOCORRELATIONS
 ---------------------
     -0.5011  -0.1881  -0.0702  -0.1647  -0.0553  -0.0712  -0.0161  -0.0089   0.0902  -0.0699   0.3028  -0.3538
 SE   0.0671   0.0671   0.0671   0.0671   0.0671   0.0671   0.0671   0.0671   0.0671   0.0671   0.0671   0.0671
     -0.0971  -0.1373  -0.0472   0.0657   0.0038  -0.0679  -0.0226  -0.1028   0.0358  -0.0280   0.1095  -0.1566
 SE   0.0671   0.0671   0.0671   0.0671   0.0671   0.0671   0.0671   0.0671   0.0671   0.0671   0.0671   0.0671
     -0.0526  -0.0493  -0.1355  -0.0061   0.0077   0.0390  -0.0012  -0.0920  -0.0608   0.0443   0.1016  -0.0471
 SE   0.0671   0.0671   0.0671   0.0671   0.0671   0.0671   0.0671   0.0671   0.0671   0.0671   0.0671   0.0671
  
 ARIMA MODEL ESTIMATION 
  
 METHOD OF ESTIMATION: EXACT MAXIMUM LIKELIHOOD           
  
 PARAMETER      ESTIMATE           STD ERROR      T RATIO   LAG  
  
 TH1         -0.57613           0.56433E-01      -10.21      1
 BTH         -0.67381           0.51017E-01      -13.21     12
  
 
 REGULAR MA INVERSE ROOTS ARE 
 NO.     REAL P.     IMAG.P.     MODULUS    ARGUMENT      PERIOD
  1      0.57613       0.0000      0.57613       0.0000            -  
 
 SEASONAL MA INVERSE ROOTS ARE 
 NO.     REAL P.     IMAG.P.     MODULUS    ARGUMENT      PERIOD
  1      0.67381       0.0000      0.67381       0.0000            -  
  
 CORRELATIONS OF THE ESTIMATES 
  
  1.000   -0.235
 -0.235    1.000
  
 AIC 
    -577.325
  
 BIC 
     -5.3810
  
 FINAL VALUE OF OBJECTIVE FUNCTION: 
               0.91410    
  
 RADETN:    1.01741819953825     
 ITERATIONS:            2
  
  NUMBER OF FUNCTION EVALUATIONS:            8
  

 ESTIMATES OF REGRESSION PARAMETERS 
 CONCENTRATED OUT OF THE LIKELIHOOD 

 PARAMETER           VALUE          ST. ERROR     T VALUE
 REG      1          0.44915E-01    (     0.00387)   11.62
 EAST     1         -0.48234E-01    (     0.01633)   -2.95
 OUT 1 (184)        -0.80145        (     0.05638)  -14.22   AO    ( 4 2020)
 OUT 2 (183)        -0.44374        (     0.05548)   -8.00   TC    ( 3 2020)

 VAR-CORRELATION MATRIX OF ESTIMATORS 

   0.149E-04
   0.210E+00   0.267E-03
  -0.161E+00  -0.188E+00   0.318E-02
   0.545E-01   0.107E+00  -0.331E+00   0.308E-02


 VARIANCES ARE IN THE MAIN DIAGONAL; 
 OFF-DIAGONAL ELEMENTS ARE CORRELATIONS. 



ACF DIFFERENCED SERIES




 AUTOCORRELATIONS
 ----------------
     -0.5015   0.1099  -0.0191  -0.1016   0.0942  -0.0726   0.0592  -0.0154   0.0626  -0.1198   0.2940  -0.5186
 SE   0.0671   0.0823   0.0829   0.0830   0.0835   0.0840   0.0843   0.0845   0.0845   0.0847   0.0854   0.0899
      0.3138  -0.1271   0.0141   0.1723  -0.1826   0.0971  -0.0863   0.0082   0.0138   0.0356  -0.0804   0.1237
 SE   0.1025   0.1067   0.1074   0.1074   0.1086   0.1100   0.1104   0.1107   0.1107   0.1107   0.1108   0.1110
     -0.1154   0.0831  -0.0792  -0.0324   0.1041  -0.0405   0.0362  -0.0282  -0.0370   0.0627  -0.0071  -0.0522
 SE   0.1117   0.1122   0.1125   0.1127   0.1128   0.1132   0.1133   0.1133   0.1133   0.1134   0.1136   0.1136
  
  
  NUMBER OF WHITE NOISE RESIDUALS          218
  
 WHITE NOISE RESIDUALS
  

 YEAR        JAN       FEB       MAR       APR       MAY       JUN       JUL       AUG       SEP       OCT       NOV       DEC 

 2006                                                        -0.126     0.005    -0.071     0.059     0.067     0.033     0.005
 2007      -0.055     0.008    -0.017     0.015    -0.029     0.019    -0.070    -0.095     0.038     0.030    -0.062    -0.124
 2008       0.080     0.009     0.025    -0.068    -0.028    -0.008     0.027    -0.061     0.053     0.050    -0.149    -0.139
 2009      -0.077    -0.068     0.032     0.021     0.027     0.074    -0.068    -0.148     0.026     0.008    -0.012    -0.124
 2010       0.001    -0.060     0.069     0.095    -0.030     0.043     0.059     0.095     0.003     0.043    -0.001    -0.114
 2011       0.036     0.125     0.054     0.120     0.035    -0.036     0.005     0.076    -0.067    -0.073    -0.057    -0.018
 2012      -0.162    -0.166     0.151    -0.103     0.044    -0.012    -0.060     0.068    -0.013    -0.031     0.058     0.054
 2013      -0.047    -0.058    -0.136    -0.005     0.026     0.117     0.059    -0.016     0.111    -0.024    -0.004    -0.009
 2014      -0.075    -0.031     0.053     0.057     0.035    -0.067    -0.120     0.022     0.024     0.118    -0.143     0.120
 2015       0.016     0.008    -0.051    -0.031    -0.029    -0.054     0.024    -0.067     0.075    -0.015     0.117     0.033
 2016      -0.021     0.049    -0.063     0.029    -0.037    -0.003     0.049     0.087    -0.059    -0.001    -0.014     0.027
 2017       0.002     0.092     0.047     0.054    -0.009     0.008     0.008     0.093    -0.085     0.004     0.012    -0.075
 2018       0.047    -0.040     0.000    -0.060     0.019     0.007     0.056     0.056     0.002     0.076    -0.031    -0.021
 2019       0.090     0.142     0.017    -0.024    -0.023     0.050    -0.048    -0.101     0.040    -0.080    -0.035     0.041
 2020       0.094     0.057     0.012     0.016     0.033    -0.014     0.006     0.052    -0.029    -0.090     0.055    -0.105
 2021       0.142     0.065     0.060    -0.007    -0.054    -0.022    -0.055    -0.052     0.002     0.095     0.064     0.005
 2022       0.015     0.094     0.027    -0.025     0.016     0.002    -0.039     0.084    -0.081    -0.020     0.059     0.005
 2023       0.102     0.005    -0.036    -0.039    -0.088    -0.007     0.048    -0.071     0.027    -0.004    -0.006     0.029
 2024      -0.050     0.032    -0.056     0.022    -0.032    -0.013     0.022
 
 
  STABILITY TEST
 
 
     1. FULL PERIOD
                  FIRST HALF                    SECOND HALF
           Mean(t)          Variance      Mean(t)          Variance
      -0.68E-02(-0.99    )  0.50E-02  0.76E-02(  1.5    )  0.29E-02
 
      Mean assumed equal to 0
      VR(variance ratio)= 0.57    
 
      MEAN STABILITY IS NOT REJECTED.
      VARIANCE STABILITY IS REJECTED.


 
     2. LAST 10 YEARS
                  FIRST HALF                    SECOND HALF
           Mean(t)          Variance      Mean(t)          Variance
       0.12E-01(  1.7    )  0.32E-02  0.28E-02( 0.40    )  0.30E-02
 
      Mean assumed equal to 0
      VR(variance ratio)= 0.94    
 
      LAST 10 YEARS MEAN STABILITY IS NOT REJECTED.
      LAST 10 YEARS VARIANCE STABILITY IS NOT REJECTED.


      Residual mean and/or variance fail stability test for full period.
      Removing early years may improve stability.
      Test redone for last 10 years.

 
  OUT-OF-SAMPLE TEST
  ------------------
      Model re-estimated on Linearized series for first 217 observations.
       18 One-Period-Ahead Forecasts computed with model fixed.
      Comparison between forecast errors (last   18 observations) and residuals (in-sample):

        Mean(Forecast Errors)
            p-value= 0.4144
            Mean of forecast errors can be assumed zero.

        Out-of-Sample MSE is :  0.1425E-02
        In-Sample MSE is :  0.4217E-02
        F( 18,204) is :  0.338E+00
            p-value(%)=99.5200

        Mean and Variance of forecast Errors and In-Sample residuals ARE NOT significantly different.


 TEST-STATISTICS ON RESIDUALS
 ----------------------------


           MEAN=   0.4935079E-03
        ST.DEV.=   0.4277047E-02
        OF MEAN
        T-VALUE=  0.1154

 NORMALITY TEST=   1.730        ( CHI-SQUARE(2) )

       SKEWNESS= -0.2095          ( SE =  0.1659 )
       KURTOSIS=  2.8778          ( SE =  0.3318 )

 SUM OF SQUARES=   0.8687752    

  DURBIN-WATSON=  1.9322

 STANDARD ERROR=   0.6393961E-01
 OF RESID.
  MSE OF RESID.=   0.4088274E-02




 AUTOCORRELATIONS
 ----------------
      0.0252   0.0212  -0.0391  -0.0807  -0.0147  -0.0690   0.0233  -0.0207   0.0392  -0.0730   0.0875   0.0120
 SE   0.0677   0.0677   0.0677   0.0677   0.0677   0.0677   0.0677   0.0677   0.0677   0.0677   0.0677   0.0677
 Q      0.14     0.24     0.58     2.04     2.09     3.17     3.29     3.39     3.74     4.97     6.75     6.78
 PV    -1.00    -1.00     0.45     0.36     0.55     0.53     0.66     0.76     0.81     0.76     0.66     0.75
      0.1321  -0.0670  -0.0157   0.0949  -0.1147  -0.0035  -0.0933  -0.0731  -0.0090   0.0207   0.0177   0.0938
 SE   0.0677   0.0677   0.0677   0.0677   0.0677   0.0677   0.0677   0.0677   0.0677   0.0677   0.0677   0.0677
 Q     10.86    11.91    11.97    14.11    17.24    17.25    19.35    20.64    20.66    20.77    20.84    23.02
 PV     0.46     0.45     0.53     0.44     0.30     0.37     0.31     0.30     0.36     0.41     0.47     0.40
      0.0242   0.0110  -0.1168  -0.0171   0.0929   0.0592   0.0081  -0.0466  -0.0570   0.0512   0.0154   0.0098
 SE   0.0677   0.0677   0.0677   0.0677   0.0677   0.0677   0.0677   0.0677   0.0677   0.0677   0.0677   0.0677
 Q     23.17    23.20    26.62    26.70    28.89    29.79    29.80    30.36    31.21    31.89    31.95    31.98
 PV     0.45     0.51     0.37     0.43     0.37     0.37     0.42     0.45     0.46     0.47     0.52     0.57

  LJUNG-BOX Q VALUE OF ORDER  24 IS     23.02 AND IF RESIDUALS ARE RANDOM IT SHOULD BE DISTRIBUTED AS CHI-SQUARE(22)
  p-value= 0.4005
  THE PIERCE QS VALUE IS      2.21 AND IF RESIDUALS ARE RANDOM IT SHOULD BE DISTRIBUTED AS CHI-SQUARE(2)

 APPROXIMATE TEST OF RUNS ON RESIDUALS
 -------------------------------------
  NUM.DATA= 218
   NUM.(+)= 109
   NUM.(-)= 109
  NUM.RUNS= 112
   T-VALUE=  0.2715


  NON-PARAMETRIC TEST FOR RESIDUAL SEASONALITY (FRIEDMAN) SEAS_NP =      4.77
    ASYMP. DISTRIBUTED AS CHI-SQUARE(11)
    p-value= 0.9418



 SQUARED RESIDUALS:
 ------------------




 AUTOCORRELATIONS
 ----------------
      0.2382   0.0338  -0.0475   0.0668  -0.1178  -0.0197  -0.0875  -0.0471  -0.0330   0.0017   0.0771   0.1796
 SE   0.0677   0.0677   0.0677   0.0677   0.0677   0.0677   0.0677   0.0677   0.0677   0.0677   0.0677   0.0677
 Q     12.54    12.80    13.30    14.30    17.42    17.51    19.25    19.76    20.01    20.01    21.39    28.89
 PV    -1.00    -1.00     0.00     0.00     0.00     0.00     0.00     0.00     0.01     0.01     0.01     0.00
      0.1163   0.0586  -0.0445   0.0954   0.0205   0.0211  -0.0387   0.0736  -0.0691  -0.0599  -0.0037   0.0470
 SE   0.0677   0.0677   0.0677   0.0677   0.0677   0.0677   0.0677   0.0677   0.0677   0.0677   0.0677   0.0677
 Q     32.06    32.86    33.33    35.49    35.59    35.70    36.06    37.37    38.54    39.41    39.42    39.96
 PV     0.00     0.00     0.00     0.00     0.00     0.00     0.00     0.00     0.01     0.01     0.01     0.01
      0.0003   0.0033   0.0440  -0.0031   0.1081   0.0427   0.0327   0.1063   0.0714  -0.0282  -0.0331  -0.0380
 SE   0.0677   0.0677   0.0677   0.0677   0.0677   0.0677   0.0677   0.0677   0.0677   0.0677   0.0677   0.0677
 Q     39.96    39.97    40.45    40.46    43.42    43.89    44.16    47.07    48.39    48.60    48.89    49.27
 PV     0.02     0.02     0.03     0.04     0.02     0.03     0.04     0.02     0.02     0.03     0.04     0.04

  McLEOD-LI Q VALUE OF ORDER  24 IS     39.96 AND IF RESIDUALS ARE RANDOM IT SHOULD BE DISTRIBUTED AS CHI-SQUARE(24)
  p-value= 0.0216
 
 
 
SPECTRAL DIAGNOSTICS
 --------------------
 
A. SEASONAL SPECTRAL PEAKS
 
                           Frequency (cycles per year)
                     One    Two   Three  Four   Five    Six  
 Original series      -T     aT     AT     aT     aT     AT
 Linearized series    AT     AT     AT     AT     AT     AT
 Residuals            --     At     --     --     --     --
 
 AT : peaks detected in AR(30) and using Tukey spectrum  estimator
 A- : only peaks detected in AR(30) spectrum estimator
 -T : only peaks detected using Tukey spectrum estimator
 -- : No peaks detected in AR(30) nor using Tukey spectrum estimator
 
 
 
B. STOCHASTIC SEASONALITY: SPECTRAL EVIDENCE
 
 1 :  SERIES CONTAINS SEASONALITY THAT CAN BE RELIABLY EXTRACTED.
 0 :  SEASONALITY IS NOT PRESENT IN THE SERIES OR IS TOO WEAK TO BE RELIABLY CAPTURED.
 
 ORIGINAL SERIES :   1
 LINEARIZED SERIES : 1
 RESIDUALS :         0
 
 
 
C. TRADING DAY EFFECT: SPECTRAL EVIDENCE
 
 1 :  TRADING DAY EFFECT DETECTED
 0 :  NO TRADING DAY EFFECT DETECTED
 
 LINEARIZED SERIES : 0
 RESIDUALS :         0
 
 
OVERALL TEST FOR IDENTIFIABLE SEASONALITY 
----------------------------------------- 
 
  AUTOCORRELATION FUNCTION EVIDENCE : YES
  NON-PARAMETRIC EVIDENCE           : YES
  F-TEST                            :  - 
  SPECTRAL EVIDENCE                 : YES
 
IDENTIFIABLE SEASONALITY FOUND IN SERIES
 
 
OVERALL TEST FOR RESIDUALS SEASONALITY 
----------------------------------------- 
 
  AUTOCORRELATION FUNCTION EVIDENCE : NO 
  NON-PARAMETRIC EVIDENCE           : NO 
  F-TEST                            : NO 
  SPECTRAL EVIDENCE                 : NO 
 
NO IDENTIFIABLE SEASONALITY FOUND IN RESIDUALS
 
 
ARIMA MODEL : GOOD FIT
----------------------

ALL TEST ARE PASSED
 
QUALITY ARIMA MODEL TESTS
----------------------------------------

  Mean in residuals                      :GOOD        
  Autocorrelation in residuals           :GOOD        
  Normality of residuals                 :GOOD        
  Skewness of residuals                  :GOOD        
  Kurtosis of residuals                  :GOOD        
  Randomness of residual sign            :GOOD        
  Instability of residual mean           :GOOD        
  Instability of residual variance       :GOOD        
  Seasonality in residuals               :GOOD        
  Trading day in residuals               :GOOD        
  Out-of-sample forecast errors          :GOOD        
  Number of outliers                     :GOOD        
 


 LINEAR SERIES


 YEAR        JAN       FEB       MAR       APR       MAY       JUN       JUL       AUG       SEP       OCT       NOV       DEC 

 2005      97.364   108.147   127.911   119.222   132.545   139.917   152.231    94.535   130.206   135.176   136.837   131.300
 2006     112.337   118.931   124.074   123.017   146.091   128.166   153.178    87.031   135.270   146.048   146.809   138.499
 2007     107.875   121.552   131.234   129.899   143.752   142.681   149.772    83.620   135.726   145.119   134.468   116.413
 2008     110.046   116.695   130.433   116.777   133.842   130.956   149.449    79.858   133.812   145.311   117.927   102.100
 2009      87.969    93.230   110.497   104.678   120.906   124.908   124.814    62.793   111.201   118.368   106.133    84.517
 2010      78.187    79.220    99.355    99.324   104.383   110.195   122.596    70.560   110.129   122.753   108.403    83.273
 2011      81.361    95.346   109.621   115.411   124.066   118.885   132.755    78.845   114.027   119.490   105.738    89.000
 2012      69.791    70.826   105.532    86.528   105.548   101.210   105.283    65.980    97.557   102.199    98.531    83.780
 2013      67.292    69.544    79.182    79.416    92.976   101.212   108.262    60.244   104.077   101.429    93.867    78.200
 2014      61.697    65.916    86.349    84.668    97.451    90.781    89.977    56.721    91.417   104.894    78.067    80.000
 2015      62.776    66.420    78.453    75.431    85.722    81.560    90.266    49.337    88.396    89.179    86.782    74.957
 2016      58.532    65.912    73.763    75.815    82.256    81.758    91.696    56.137    83.523    90.644    79.970    73.200
 2017      57.946    68.537    81.071    81.900    88.493    88.077    95.802    61.594    85.830    96.023    86.288    71.109
 2018      62.196    64.707    78.667    73.496    86.056    84.523    96.627    59.937    89.027   103.546    85.795    74.471
 2019      67.859    80.833    90.728    85.281    95.510   100.179   102.391    58.104    97.145    96.906    85.399    79.000
 2020      72.062    81.034    93.011    90.261   104.157   101.292   110.584    69.193   102.066   101.477    98.754    76.408
 2021      81.469    89.883   106.971    98.986   106.947   107.360   111.285    66.048   104.649   120.077   109.726    90.243
 2022      84.886   103.221   117.754   107.579   123.876   122.739   125.704    84.109   114.613   126.755   123.608   100.800
 2023     103.947   113.086   126.308   116.537   123.091   128.068   141.598    80.112   127.115   135.781   125.582   107.211
 2024      97.682   116.888   126.521   120.195   129.621   131.162   145.215


  AUTOCORRELATION FUNCTION TEST FOR SEASONALITY IN LINEARIZEDSERIES QS =   376.89  ASIMPTOTICALLY DISTRIBUTED AS CHI-SQUARE(2)
    p-value= 0.0000


  NON-PARAMETRIC TEST FOR SEASONALITY IN LINEARIZED SERIES (FRIEDMAN) SEAS_NP =    178.22
    ASYMP. DISTRIBUTED AS CHI-SQUARE(11)
    p-value= 0.0000


TOTAL OUTLIER EFFECT FACTORS


 YEAR        JAN       FEB       MAR       APR       MAY       JUN       JUL       AUG       SEP       OCT       NOV       DEC 

 2005     100.000   100.000   100.000   100.000   100.000   100.000   100.000   100.000   100.000   100.000   100.000   100.000
 2006     100.000   100.000   100.000   100.000   100.000   100.000   100.000   100.000   100.000   100.000   100.000   100.000
 2007     100.000   100.000   100.000   100.000   100.000   100.000   100.000   100.000   100.000   100.000   100.000   100.000
 2008     100.000   100.000   100.000   100.000   100.000   100.000   100.000   100.000   100.000   100.000   100.000   100.000
 2009     100.000   100.000   100.000   100.000   100.000   100.000   100.000   100.000   100.000   100.000   100.000   100.000
 2010     100.000   100.000   100.000   100.000   100.000   100.000   100.000   100.000   100.000   100.000   100.000   100.000
 2011     100.000   100.000   100.000   100.000   100.000   100.000   100.000   100.000   100.000   100.000   100.000   100.000
 2012     100.000   100.000   100.000   100.000   100.000   100.000   100.000   100.000   100.000   100.000   100.000   100.000
 2013     100.000   100.000   100.000   100.000   100.000   100.000   100.000   100.000   100.000   100.000   100.000   100.000
 2014     100.000   100.000   100.000   100.000   100.000   100.000   100.000   100.000   100.000   100.000   100.000   100.000
 2015     100.000   100.000   100.000   100.000   100.000   100.000   100.000   100.000   100.000   100.000   100.000   100.000
 2016     100.000   100.000   100.000   100.000   100.000   100.000   100.000   100.000   100.000   100.000   100.000   100.000
 2017     100.000   100.000   100.000   100.000   100.000   100.000   100.000   100.000   100.000   100.000   100.000   100.000
 2018     100.000   100.000   100.000   100.000   100.000   100.000   100.000   100.000   100.000   100.000   100.000   100.000
 2019     100.000   100.000   100.000   100.000   100.000   100.000   100.000   100.000   100.000   100.000   100.000   100.000
 2020     100.000   100.000    64.163    32.888    80.458    85.881    89.894    92.813    94.913    96.412    97.474    98.225
 2021      98.754    99.126    99.388    99.571    99.699    99.790    99.853    99.897    99.928    99.949    99.965    99.975
 2022      99.983    99.988    99.991    99.994    99.996    99.997    99.998    99.999    99.999    99.999   100.000   100.000
 2023     100.000   100.000   100.000   100.000   100.000   100.000   100.000   100.000   100.000   100.000   100.000   100.000
 2024     100.000   100.000   100.000   100.000   100.000   100.000   100.000


TOTAL TRADING DAY - EASTER - LEAP YEAR EFFECT FACTORS


 YEAR        JAN       FEB       MAR       APR       MAY       JUN       JUL       AUG       SEP       OCT       NOV       DEC 

 2005     100.000   100.000    97.617   102.441   100.000   100.000   100.000   100.000   100.000   100.000   100.000   100.000
 2006     100.000   100.000   102.441    97.617   100.000   100.000   100.000   100.000   100.000   100.000   100.000   100.000
 2007     100.000   100.000   102.441    97.617   100.000   100.000   100.000   100.000   100.000   100.000   100.000   100.000
 2008     100.000   100.000    97.617   102.441   100.000   100.000   100.000   100.000   100.000   100.000   100.000   100.000
 2009     100.000   100.000   102.441    97.617   100.000   100.000   100.000   100.000   100.000   100.000   100.000   100.000
 2010     100.000   100.000   100.000   100.000   100.000   100.000   100.000   100.000   100.000   100.000   100.000   100.000
 2011     100.000   100.000   102.441    97.617   100.000   100.000   100.000   100.000   100.000   100.000   100.000   100.000
 2012     100.000   100.000   102.441    97.617   100.000   100.000   100.000   100.000   100.000   100.000   100.000   100.000
 2013     100.000   100.000    97.617   102.441   100.000   100.000   100.000   100.000   100.000   100.000   100.000   100.000
 2014     100.000   100.000   102.441    97.617   100.000   100.000   100.000   100.000   100.000   100.000   100.000   100.000
 2015     100.000   100.000   100.807    99.199   100.000   100.000   100.000   100.000   100.000   100.000   100.000   100.000
 2016     100.000   100.000    97.617   102.441   100.000   100.000   100.000   100.000   100.000   100.000   100.000   100.000
 2017     100.000   100.000   102.441    97.617   100.000   100.000   100.000   100.000   100.000   100.000   100.000   100.000
 2018     100.000   100.000    97.617   102.441   100.000   100.000   100.000   100.000   100.000   100.000   100.000   100.000
 2019     100.000   100.000   102.441    97.617   100.000   100.000   100.000   100.000   100.000   100.000   100.000   100.000
 2020     100.000   100.000   102.441    97.617   100.000   100.000   100.000   100.000   100.000   100.000   100.000   100.000
 2021     100.000   100.000   100.000   100.000   100.000   100.000   100.000   100.000   100.000   100.000   100.000   100.000
 2022     100.000   100.000   102.441    97.617   100.000   100.000   100.000   100.000   100.000   100.000   100.000   100.000
 2023     100.000   100.000   102.441    97.617   100.000   100.000   100.000   100.000   100.000   100.000   100.000   100.000
 2024     100.000   100.000    97.617   102.441   100.000   100.000   100.000


TOTAL REGRESSION EFFECT FACTORS


 YEAR        JAN       FEB       MAR       APR       MAY       JUN       JUL       AUG       SEP       OCT       NOV       DEC 

 2005      96.853    99.217   100.270   100.301   102.607   101.275    94.987   102.607   102.607    94.987   101.288   100.000
 2006     101.302    99.217   104.876    91.684   102.607   101.275    94.987   102.607    98.100    99.351   101.288    91.409
 2007     105.956    99.217   100.270    95.896   102.607   101.275    99.351   102.607    93.792   103.915   101.288    95.608
 2008     105.956   103.775    91.655   104.909    98.100    96.827   103.915    93.792   102.607   103.915    96.840   100.000
 2009      96.853    99.217   100.270   104.909    93.792   101.275   103.915    98.100   102.607    99.351   101.288   104.594
 2010      92.599    99.217   104.876   104.909    98.100   101.275    99.351   102.607   102.607    94.987   101.288   109.399
 2011      96.853    99.217   100.270   100.301   102.607   101.275    94.987   102.607   102.607    94.987   101.288   100.000
 2012     101.302   103.775   100.270    95.896   102.607   101.275    99.351   102.607    93.792   103.915   101.288    95.608
 2013     105.956    99.217    95.866   100.301   102.607    96.827   103.915    98.100    98.100   103.915    96.840   100.000
 2014     101.302    99.217    95.866   100.301    98.100    96.827   103.915    93.792   102.607   103.915    96.840   100.000
 2015      96.853    99.217   100.270   104.909    93.792   101.275   103.915    98.100   102.607    99.351   101.288   104.594
 2016      92.599   103.775   100.270   100.301   102.607   101.275    94.987   102.607   102.607    94.987   101.288   100.000
 2017     101.302    99.217   104.876    91.684   102.607   101.275    94.987   102.607    98.100    99.351   101.288    91.409
 2018     105.956    99.217   100.270    95.896   102.607   101.275    99.351   102.607    93.792   103.915   101.288    95.608
 2019     105.956    99.217    95.866   100.301   102.607    96.827   103.915    98.100    98.100   103.915    96.840   100.000
 2020     101.302    99.217   100.270   104.909    93.792   101.275   103.915    98.100   102.607    99.351   101.288   104.594
 2021      92.599    99.217   104.876   104.909    98.100   101.275    99.351   102.607   102.607    94.987   101.288   109.399
 2022      96.853    99.217   104.876    95.896   102.607   101.275    94.987   102.607   102.607    94.987   101.288   100.000
 2023     101.302    99.217   104.876    91.684   102.607   101.275    94.987   102.607    98.100    99.351   101.288    91.409
 2024     105.956   103.775    95.866   100.301   102.607    96.827   103.915
 
 
 
 FORECAST FUNCTION OF ORIGINAL SERIES: 
  
ORIGIN: 235 PERIODS AHEAD: 24
  
 OBS    DATE         FORECAST          STD ERROR        FORECAST          STD ERROR   
                        (SERIES IN LOGS)                     (SERIES IN LEVELS)       
 236  Aug-2024       4.43873          0.636008E-01       84.6672           5.39035    
 237  Sep-2024       4.85659          0.689797E-01       128.585           8.88035    
 238  Oct-2024       4.99145          0.740325E-01       147.149           10.9087    
 239  Nov-2024       4.84625          0.788605E-01       127.262           10.0516    
 240  Dec-2024       4.70278          0.831623E-01       110.253           9.18478    
 241  Jan-2025       4.66080          0.874151E-01       105.721           9.25931    
 242  Feb-2025       4.77962          0.914870E-01       119.059           10.9152    
 243  Mar-2025       4.88771          0.958364E-01       132.649           12.7418    
 244  Apr-2025       4.82175          0.993911E-01       124.182           12.3731    
 245  May-2025       4.91511          0.102695           136.335           14.0379    
 246  Jun-2025       4.91249          0.106138           135.977           14.4730    
 247  Jul-2025       5.06166          0.109438           157.852           17.3269    
 248  Aug-2025       4.44930          0.119660           85.5671           10.2757    
 249  Sep-2025       4.95700          0.124536           142.166           17.7736    
 250  Oct-2025       5.04693          0.129571           155.545           20.2390    
 251  Nov-2025       4.90174          0.134476           134.523           18.1723    
 252  Dec-2025       4.75827          0.139012           116.544           16.2796    
 253  Jan-2026       4.67138          0.143635           106.845           15.4261    
 254  Feb-2026       4.83510          0.147911           125.852           18.7172    
 255  Mar-2026       4.97203          0.152128           144.319           22.0826    
 256  Apr-2026       4.93823          0.156328           139.522           21.9452    
 257  May-2026       4.92568          0.160475           137.784           22.2539    
 258  Jun-2026       5.01289          0.164153           150.338           24.8456    
 259  Jul-2026       5.11715          0.167989           166.859           28.2293    
