
                                        PROGRAM TRAMO+

             (based on program TRAMO, Victor Gomez and Agustin Maravall©,1996)

         Developed at the Bank of Spain by Gianluca Caporello and Agustin Maravall,
         with programming support from Domingo Pérez Cañete and Roberto López Pavón.

                 VERSION: 1.0 (Revision: 942  Build: 2017/09/25 09:39:13)


 SERIES TITLE=DIVID14                                                                         

 INPUT PARAMETERS
   lam= 0   imean= 0   ireg= 5   seats= 2   int2=227   rsa= 0   modelsumm= 1   va=   3.742
 
  WARNING :
    Remember to define the regression variable name in the first line of the external regression file.
   Name : NOT DEFINED.
   Reglist01
    Iuser=-1   Nser= 1   Ilong= 312
 
   Name : NOT DEFINED.
   Reglist02
    Iuser= 2   Nser= 4   Ilong=   0
 
   Fixed Outliers:
   #Observ. Type
     184     AO
     183     TC
     191     TC
     188     TC
 

 NUMBER OF OBSERVATIONS: 227


 ORIGINAL SERIES 

 YEAR        JAN       FEB       MAR       APR       MAY       JUN       JUL       AUG       SEP       OCT       NOV       DEC 

 2005     130.200   162.800   179.200    80.700    73.000   108.200   154.600   112.300   200.600    92.200    76.300    96.500
 2006     138.400   169.300   172.500    77.500    81.000   110.500   162.200   144.300   205.600   117.200    87.400   104.600
 2007     154.500   181.900   181.300    89.200    83.000   127.200   177.500   146.300   200.900   109.100    92.900   104.300
 2008     162.300   193.100   165.800    89.400    81.900   131.400   190.800   131.400   206.000    98.700    79.100   110.800
 2009     162.900   193.500   153.900    68.100    64.500   103.700   179.500   124.500   170.400    81.300    73.400   100.500
 2010     139.700   170.300   153.200    72.400    65.100    98.200   165.600   126.700   185.700    92.900    75.400    98.900
 2011     141.500   158.700   145.700    77.500    72.700   106.600   163.200   128.400   177.100    85.400    80.900   101.300
 2012     128.300   148.700   142.500    65.200    69.400    94.600   144.300   107.000   140.800    82.400    67.000    79.500
 2013     113.600   124.900   117.800    61.800    67.100    77.700   135.500    95.300   135.000    81.500    66.100    76.500
 2014     108.500   124.400   114.100    66.200    65.200    80.400   138.500    87.000   134.900    78.800    70.000    79.700
 2015     117.900   118.000   109.800    69.600    70.600    90.300   144.900    91.300   132.300    87.000    82.600    85.700
 2016     116.200   115.400    99.500    64.600    80.400   103.600   149.500   109.100   136.600    84.200    92.100    97.700
 2017     127.200   121.900   114.200    67.200    83.900   103.600   141.300   100.200   127.300    86.700    97.800    91.900
 2018     125.800   116.500   103.500    74.000    91.200   105.300   137.300   100.700   122.700    95.700    98.300    97.100
 2019     125.100   112.700   102.900    75.400    98.100   110.500   145.600    94.300   122.000    96.400   106.700   102.800
 2020     125.300   112.100    51.600    19.900    56.400    80.600   104.200    94.100   137.100    82.300    71.600    81.300
 2021      96.600   106.700    95.900    65.300    87.200   100.900   122.800    91.100   134.900    99.700   110.500   107.300
 2022     117.400   122.900   111.100    87.000   109.300   121.100   137.600   112.200   159.400   121.900   137.100   134.900
 2023     164.500   140.700   134.100   100.400   132.900   144.600   163.700   117.100   154.500   127.600   136.900


 MODEL PARAMETERS            
 ----------------
  MQ= 12         IMEAN=  0      LAM=  0      D=  1       BD=  1
  P=  0          BP=  0         Q=  1        BQ=  1      IREG=  5
  ITRAD=  0      SMPDAY=  0     IEAST=  0      IDUR=  6     M= 36       IQM= 24
  INCON=  0      NBACK=  0      NPRED= 24    INTERP=  2  INIT=  0
  IFILT=  2      IROOT=  2    INIC=  0    ICONCE=  1
  ICDET=  1      IATIP=  0      IMVX=  0     IDIF=  0    PG=  0
  AIO=  2        INT1=  1       INT2= 227    RSA=  0     SEATS=  2
  VA= 3.74       TOL=  0.100E-03             PC=  0.120E+00
  NOADMISS= 1    STOCHTD 0    BIAS= 1
  THLIM=  0.000  BTHLIM=  0.000   RMOD=  0.500



TH =        -0.10

BTH =        -0.10

WARNING: When adjusting for degrees of freedom in
 order to compute white-noise residuals, the Housholder
 transformation contains an element of arbitrariness 
 that, when multiple regressors are entered, may produce
 a slight variation in results when the order in which
 regressors are entered changes



NUMBER OF INITIAL OBS. =  13

Log-Level pretest : LOGS are Selected
 DIFFERENCED TRANSFORMED SERIES

 YEAR        JAN       FEB       MAR       APR       MAY       JUN       JUL       AUG       SEP       OCT       NOV       DEC 

 2006                -0.022    -0.077    -0.002     0.144    -0.083     0.027     0.203    -0.226     0.215    -0.104    -0.055
 2007       0.029    -0.038    -0.022     0.091    -0.116     0.116    -0.051    -0.076    -0.037    -0.048     0.133    -0.064
 2008       0.052     0.010    -0.149     0.092    -0.016     0.046     0.040    -0.180     0.132    -0.125    -0.061     0.221
 2009      -0.057    -0.002    -0.077    -0.198     0.033     0.002     0.176     0.007    -0.136    -0.004     0.119    -0.023
 2010      -0.056     0.026     0.123     0.066    -0.052    -0.064    -0.026     0.098     0.068     0.047    -0.106    -0.043
 2011       0.029    -0.083     0.020     0.118     0.042    -0.028    -0.097     0.028    -0.061    -0.037     0.155    -0.046
 2012      -0.122     0.033     0.043    -0.151     0.126    -0.073    -0.004    -0.059    -0.047     0.194    -0.153    -0.054
 2013       0.121    -0.053    -0.016     0.137     0.020    -0.163     0.134    -0.053     0.074     0.031    -0.003    -0.025
 2014      -0.007     0.042    -0.028     0.101    -0.098     0.063    -0.012    -0.113     0.090    -0.033     0.091    -0.016
 2015       0.042    -0.136     0.014     0.088     0.029     0.037    -0.071     0.003    -0.068     0.118     0.067    -0.093
 2016      -0.087    -0.008    -0.076     0.024     0.205     0.007    -0.106     0.147    -0.146    -0.065     0.142     0.022
 2017      -0.041    -0.036     0.083    -0.098     0.003    -0.043    -0.056    -0.029     0.015     0.100     0.031    -0.121
 2018       0.050    -0.034    -0.053     0.195    -0.013    -0.067    -0.045     0.034    -0.042     0.136    -0.094     0.050
 2019      -0.061    -0.028     0.027     0.025     0.054    -0.025     0.010    -0.124     0.060     0.013     0.075    -0.025
 2020      -0.055    -0.007    -0.685    -0.642     0.779     0.238    -0.019     0.332     0.119    -0.275    -0.241     0.164
 2021      -0.025     0.211     0.669     0.568    -0.753    -0.211    -0.060    -0.197     0.016     0.208     0.242    -0.156
 2022      -0.082    -0.054     0.006     0.140    -0.061    -0.043    -0.069     0.095    -0.041     0.034     0.015     0.013
 2023       0.108    -0.202     0.053    -0.045     0.052    -0.018    -0.004    -0.131    -0.074     0.077    -0.047




 AUTOCORRELATIONS
 ----------------
     -0.2210  -0.1483  -0.0393  -0.1850   0.0321   0.2036   0.0710   0.0323  -0.1474  -0.0494   0.0484  -0.1957
 SE   0.0684   0.0716   0.0730   0.0731   0.0753   0.0754   0.0779   0.0782   0.0783   0.0795   0.0797   0.0798
      0.1609   0.1033  -0.0187  -0.1297  -0.0589   0.0603  -0.0329   0.1129   0.0213  -0.1096   0.0905  -0.1005
 SE   0.0820   0.0835   0.0841   0.0841   0.0850   0.0852   0.0854   0.0855   0.0862   0.0862   0.0869   0.0873
      0.0247  -0.0815  -0.0450   0.1660  -0.0092  -0.0844   0.0677  -0.1773   0.0016   0.1096   0.0023   0.0507
 SE   0.0878   0.0879   0.0882   0.0883   0.0898   0.0898   0.0901   0.0904   0.0920   0.0920   0.0926   0.0926


 PARTIAL AUTOCORRELATIONS
 ---------------------
     -0.2210  -0.2073  -0.1370  -0.2945  -0.1724   0.0621   0.1123   0.1428  -0.0169   0.0297   0.0781  -0.2529
 SE   0.0684   0.0684   0.0684   0.0684   0.0684   0.0684   0.0684   0.0684   0.0684   0.0684   0.0684   0.0684
     -0.0835  -0.0109   0.0525  -0.1540  -0.1164   0.0998  -0.0167   0.0484  -0.0327  -0.0178   0.1895  -0.1130
 SE   0.0684   0.0684   0.0684   0.0684   0.0684   0.0684   0.0684   0.0684   0.0684   0.0684   0.0684   0.0684
     -0.0105  -0.2058  -0.1587  -0.0437  -0.1112  -0.0299   0.0300  -0.0408  -0.0502  -0.0396   0.0644  -0.0417
 SE   0.0684   0.0684   0.0684   0.0684   0.0684   0.0684   0.0684   0.0684   0.0684   0.0684   0.0684   0.0684
  
 ARIMA MODEL ESTIMATION 
  
 METHOD OF ESTIMATION: EXACT MAXIMUM LIKELIHOOD           
  
 PARAMETER      ESTIMATE           STD ERROR      T RATIO   LAG  
  
 TH1         -0.50803           0.59107E-01       -8.60      1
 BTH         -0.20428           0.67175E-01       -3.04     12
  
 
 REGULAR MA INVERSE ROOTS ARE 
 NO.     REAL P.     IMAG.P.     MODULUS    ARGUMENT      PERIOD
  1      0.50803       0.0000      0.50803       0.0000            -  
 
 SEASONAL MA INVERSE ROOTS ARE 
 NO.     REAL P.     IMAG.P.     MODULUS    ARGUMENT      PERIOD
  1      0.20428       0.0000      0.20428       0.0000            -  
  
 CORRELATIONS OF THE ESTIMATES 
  
  1.000   -0.088
 -0.088    1.000
  
 AIC 
    -503.424
  
 BIC 
     -5.0840
  
 FINAL VALUE OF OBJECTIVE FUNCTION: 
                1.1165    
  
 RADETN:    1.00189469159443     
 ITERATIONS:            5
  
  NUMBER OF FUNCTION EVALUATIONS:           17
  

 ESTIMATES OF REGRESSION PARAMETERS 
 CONCENTRATED OUT OF THE LIKELIHOOD 

 PARAMETER           VALUE          ST. ERROR     T VALUE
 REG      1          0.24728E-01    (     0.00418)    5.91
 OUT 1 (184)        -0.78263        (     0.05173)  -15.13   AO    ( 4 2020)
 OUT 2 (183)        -0.69671        (     0.05374)  -12.96   TC    ( 3 2020)
 OUT 3 (191)        -0.31419        (     0.05164)   -6.08   TC    (11 2020)
 OUT 4 (188)         0.21420        (     0.05190)    4.13   TC    ( 8 2020)

 VAR-CORRELATION MATRIX OF ESTIMATORS 

   0.175E-04
  -0.102E+00   0.268E-02
   0.362E-01  -0.280E+00   0.289E-02
  -0.178E-02  -0.130E-01   0.149E-01   0.267E-02
   0.433E-01   0.106E-01   0.853E-01   0.984E-01   0.269E-02


 VARIANCES ARE IN THE MAIN DIAGONAL; 
 OFF-DIAGONAL ELEMENTS ARE CORRELATIONS. 



ACF DIFFERENCED SERIES




 AUTOCORRELATIONS
 ----------------
     -0.2474  -0.1477  -0.0178  -0.2054   0.0749   0.1836   0.0366   0.0336  -0.1402  -0.0240   0.0645  -0.2150
 SE   0.0684   0.0724   0.0738   0.0738   0.0765   0.0768   0.0788   0.0789   0.0790   0.0801   0.0802   0.0804
      0.1658   0.0980  -0.0196  -0.1309  -0.0632   0.0755  -0.0293   0.1205  -0.0057  -0.1174   0.0967  -0.0845
 SE   0.0830   0.0846   0.0851   0.0851   0.0861   0.0863   0.0866   0.0866   0.0874   0.0874   0.0881   0.0886
      0.0288  -0.0812  -0.0683   0.1852  -0.0104  -0.0828   0.0720  -0.1824   0.0161   0.1009  -0.0104   0.0541
 SE   0.0890   0.0891   0.0894   0.0897   0.0914   0.0914   0.0918   0.0920   0.0937   0.0937   0.0942   0.0942
  
  
  NUMBER OF WHITE NOISE RESIDUALS          209
  
 WHITE NOISE RESIDUALS
  

 YEAR        JAN       FEB       MAR       APR       MAY       JUN       JUL       AUG       SEP       OCT       NOV       DEC 

 2006                                                                   0.012     0.205    -0.093     0.115    -0.019    -0.015
 2007      -0.050    -0.038    -0.036     0.037    -0.054     0.073    -0.033    -0.029    -0.066    -0.099     0.091    -0.043
 2008       0.047     0.007    -0.075    -0.034     0.026     0.080     0.016    -0.100    -0.028    -0.103    -0.059     0.123
 2009       0.094     0.018    -0.158    -0.227    -0.049    -0.059     0.166     0.045    -0.084    -0.040     0.048     0.033
 2010       0.017     0.003     0.066     0.094    -0.015    -0.054     0.011     0.046     0.095     0.121    -0.056    -0.094
 2011      -0.019    -0.069     0.023     0.142     0.052     0.014    -0.057    -0.018    -0.055    -0.050     0.105     0.043
 2012      -0.168    -0.065     0.047    -0.076     0.059    -0.046    -0.065    -0.065    -0.040     0.070    -0.041    -0.052
 2013       0.006     0.004     0.002     0.068     0.099    -0.103     0.023     0.002     0.024     0.086     0.050    -0.055
 2014       0.021     0.028    -0.014     0.107    -0.005     0.004     0.005    -0.088     0.001     0.007     0.096     0.016
 2015       0.085    -0.114    -0.074     0.074     0.105     0.042    -0.024    -0.053    -0.060     0.114     0.094    -0.052
 2016      -0.048    -0.114    -0.113     0.014     0.151     0.131     0.001     0.065    -0.095    -0.059     0.094     0.074
 2017      -0.081    -0.021     0.012    -0.004    -0.019    -0.041    -0.091    -0.062    -0.018     0.039     0.101    -0.015
 2018      -0.056    -0.034    -0.041     0.123     0.071    -0.038    -0.103     0.003    -0.013     0.089    -0.007     0.008
 2019      -0.042    -0.050     0.022     0.016     0.088     0.030    -0.041    -0.084    -0.035     0.039     0.109    -0.017
 2020      -0.024    -0.050    -0.028    -0.082    -0.101     0.007    -0.074     0.017     0.134    -0.125    -0.007     0.062
 2021       0.018     0.121    -0.020    -0.025     0.113    -0.025     0.001     0.025     0.047     0.194    -0.003    -0.086
 2022      -0.071    -0.001     0.017     0.215     0.014    -0.019    -0.044     0.057    -0.002     0.070     0.021     0.060
 2023       0.065    -0.135    -0.011     0.019     0.018    -0.014    -0.017    -0.124    -0.119    -0.017    -0.035
 
 
  STABILITY TEST
 
 
     1. FULL PERIOD
                  FIRST HALF                    SECOND HALF
           Mean(t)          Variance      Mean(t)          Variance
      -0.91E-03(-0.13    )  0.53E-02  0.13E-02( 0.19    )  0.51E-02
 
      Mean assumed equal to 0
      VR(variance ratio)= 0.95    
 
      MEAN STABILITY IS NOT REJECTED.
      VARIANCE STABILITY IS NOT REJECTED.


 
     2. LAST 10 YEARS
                  FIRST HALF                    SECOND HALF
           Mean(t)          Variance      Mean(t)          Variance
       0.28E-02( 0.30    )  0.49E-02  0.12E-02( 0.13    )  0.49E-02
 
      Mean assumed equal to 0
      VR(variance ratio)=  1.0    
 
      LAST 10 YEARS MEAN STABILITY IS NOT REJECTED.
      LAST 10 YEARS VARIANCE STABILITY IS NOT REJECTED.


 
  OUT-OF-SAMPLE TEST
  ------------------
      Model re-estimated on Linearized series for first 209 observations.
       18 One-Period-Ahead Forecasts computed with model fixed.
      Comparison between forecast errors (last   18 observations) and residuals (in-sample):

        Mean(Forecast Errors)
            p-value= 0.4537
            Mean of forecast errors can be assumed zero.

        Out-of-Sample MSE is :  0.4018E-02
        In-Sample MSE is :  0.5305E-02
        F( 18,196) is :  0.757E+00
            p-value(%)=74.7815

        Mean and Variance of forecast Errors and In-Sample residuals ARE NOT significantly different.


 TEST-STATISTICS ON RESIDUALS
 ----------------------------


           MEAN=   0.2214052E-03
        ST.DEV.=   0.4994847E-02
        OF MEAN
        T-VALUE=  0.0443

 NORMALITY TEST=   2.557        ( CHI-SQUARE(2) )

       SKEWNESS=  0.2507          ( SE =  0.1694 )
       KURTOSIS=  3.2053          ( SE =  0.3389 )

 SUM OF SQUARES=    1.052471    

  DURBIN-WATSON=  1.7582

 STANDARD ERROR=   0.7330427E-01
 OF RESID.
  MSE OF RESID.=   0.5373517E-02




 AUTOCORRELATIONS
 ----------------
      0.1504  -0.1609  -0.2570  -0.2574   0.1107   0.3375   0.1938  -0.0070  -0.2117  -0.1637  -0.0251   0.0193
 SE   0.0692   0.0692   0.0692   0.0692   0.0692   0.0692   0.0692   0.0692   0.0692   0.0692   0.0692   0.0692
 Q      4.79    10.31    24.45    38.71    41.36    66.10    74.30    74.31    84.20    90.13    90.27    90.36
 PV    -1.00    -1.00     0.00     0.00     0.00     0.00     0.00     0.00     0.00     0.00     0.00     0.00
      0.1564   0.0694  -0.0908  -0.2090  -0.0801   0.0849   0.0649   0.0991  -0.0538  -0.0990   0.0271  -0.0835
 SE   0.0692   0.0692   0.0692   0.0692   0.0692   0.0692   0.0692   0.0692   0.0692   0.0692   0.0692   0.0692
 Q     95.86    96.95    98.83   108.81   110.28   111.94   112.92   115.21   115.89   118.21   118.38   120.04
 PV     0.00     0.00     0.00     0.00     0.00     0.00     0.00     0.00     0.00     0.00     0.00     0.00
     -0.0378  -0.1284  -0.0587   0.1290   0.0344  -0.0242  -0.0410  -0.2138  -0.0451   0.1046   0.1001   0.0888
 SE   0.0692   0.0692   0.0692   0.0692   0.0692   0.0692   0.0692   0.0692   0.0692   0.0692   0.0692   0.0692
 Q    120.38   124.36   125.19   129.25   129.54   129.68   130.10   141.49   141.99   144.75   147.29   149.30
 PV     0.00     0.00     0.00     0.00     0.00     0.00     0.00     0.00     0.00     0.00     0.00     0.00

  LJUNG-BOX Q VALUE OF ORDER  24 IS    120.04 AND IF RESIDUALS ARE RANDOM IT SHOULD BE DISTRIBUTED AS CHI-SQUARE(22)
  p-value= 0.0000
  THE PIERCE QS VALUE IS      0.08 AND IF RESIDUALS ARE RANDOM IT SHOULD BE DISTRIBUTED AS CHI-SQUARE(2)

 APPROXIMATE TEST OF RUNS ON RESIDUALS
 -------------------------------------
  NUM.DATA= 209
   NUM.(+)= 105
   NUM.(-)= 104
  NUM.RUNS=  84
   T-VALUE= -2.9123


  NON-PARAMETRIC TEST FOR RESIDUAL SEASONALITY (FRIEDMAN) SEAS_NP =     20.43
    ASYMP. DISTRIBUTED AS CHI-SQUARE(11)
    p-value= 0.0398



 SQUARED RESIDUALS:
 ------------------




 AUTOCORRELATIONS
 ----------------
      0.0076  -0.0536   0.0930   0.0341  -0.0449   0.1398  -0.0290  -0.0467  -0.0585  -0.0257  -0.0831  -0.0415
 SE   0.0692   0.0692   0.0692   0.0692   0.0692   0.0692   0.0692   0.0692   0.0692   0.0692   0.0692   0.0692
 Q      0.01     0.62     2.48     2.73     3.16     7.41     7.59     8.07     8.82     8.97    10.51    10.89
 PV    -1.00    -1.00     0.12     0.26     0.37     0.12     0.18     0.23     0.27     0.35     0.31     0.37
      0.0147  -0.0426  -0.0242   0.0311   0.0122   0.0452  -0.0064  -0.0982  -0.0079  -0.0092  -0.0289   0.0149
 SE   0.0692   0.0692   0.0692   0.0692   0.0692   0.0692   0.0692   0.0692   0.0692   0.0692   0.0692   0.0692
 Q     10.94    11.35    11.48    11.70    11.74    12.21    12.22    14.47    14.48    14.50    14.70    14.76
 PV     0.45     0.50     0.57     0.63     0.70     0.73     0.79     0.70     0.75     0.80     0.84     0.87
     -0.0778  -0.0440  -0.1023  -0.0148   0.0232   0.0266   0.0554   0.0861   0.0183   0.0143   0.0659   0.0171
 SE   0.0692   0.0692   0.0692   0.0692   0.0692   0.0692   0.0692   0.0692   0.0692   0.0692   0.0692   0.0692
 Q     16.21    16.67    19.21    19.26    19.39    19.57    20.33    22.18    22.26    22.31    23.41    23.49
 PV     0.85     0.86     0.79     0.83     0.86     0.88     0.88     0.85     0.87     0.90     0.89     0.91

  McLEOD-LI Q VALUE OF ORDER  24 IS     14.76 AND IF RESIDUALS ARE RANDOM IT SHOULD BE DISTRIBUTED AS CHI-SQUARE(24)
  p-value= 0.9277
 
 
 
SPECTRAL DIAGNOSTICS
 --------------------
 
A. SEASONAL SPECTRAL PEAKS
 
                           Frequency (cycles per year)
                     One    Two   Three  Four   Five    Six  
 Original series      aT     AT     AT     aT     aT     AT
 Linearized series    aT     AT     AT     aT     AT     AT
 Residuals            --     at     --     --     --     --
 
 AT : peaks detected in AR(30) and using Tukey spectrum  estimator
 A- : only peaks detected in AR(30) spectrum estimator
 -T : only peaks detected using Tukey spectrum estimator
 -- : No peaks detected in AR(30) nor using Tukey spectrum estimator
 
 
 
B. STOCHASTIC SEASONALITY: SPECTRAL EVIDENCE
 
 1 :  SERIES CONTAINS SEASONALITY THAT CAN BE RELIABLY EXTRACTED.
 0 :  SEASONALITY IS NOT PRESENT IN THE SERIES OR IS TOO WEAK TO BE RELIABLY CAPTURED.
 
 ORIGINAL SERIES :   1
 LINEARIZED SERIES : 1
 RESIDUALS :         0
 
 
 
C. TRADING DAY EFFECT: SPECTRAL EVIDENCE
 
 1 :  TRADING DAY EFFECT DETECTED
 0 :  NO TRADING DAY EFFECT DETECTED
 
 LINEARIZED SERIES : 0
 RESIDUALS :         0
 
 
OVERALL TEST FOR IDENTIFIABLE SEASONALITY 
----------------------------------------- 
 
  AUTOCORRELATION FUNCTION EVIDENCE : YES
  NON-PARAMETRIC EVIDENCE           : YES
  F-TEST                            :  - 
  SPECTRAL EVIDENCE                 : YES
 
IDENTIFIABLE SEASONALITY FOUND IN SERIES
 
 
OVERALL TEST FOR RESIDUALS SEASONALITY 
----------------------------------------- 
 
  AUTOCORRELATION FUNCTION EVIDENCE : NO 
  NON-PARAMETRIC EVIDENCE           : NO 
  F-TEST                            : NO 
  SPECTRAL EVIDENCE                 : NO 
 
NO IDENTIFIABLE SEASONALITY FOUND IN RESIDUALS
 
 
ARIMA MODEL : POOR FIT
----------------------
 
QUALITY ARIMA MODEL TESTS
----------------------------------------

  Mean in residuals                      :GOOD        
  Autocorrelation in residuals           :POOR        
  Normality of residuals                 :GOOD        
  Skewness of residuals                  :GOOD        
  Kurtosis of residuals                  :GOOD        
  Randomness of residual sign            :MILDLY POOR 
  Instability of residual mean           :GOOD        
  Instability of residual variance       :GOOD        
  Seasonality in residuals               :GOOD        
  Trading day in residuals               :GOOD        
  Out-of-sample forecast errors          :GOOD        
  Number of outliers                     :GOOD        
 


 LINEAR SERIES


 YEAR        JAN       FEB       MAR       APR       MAY       JUN       JUL       AUG       SEP       OCT       NOV       DEC 

 2005     132.513   163.506   178.934    80.566    71.973   107.448   159.040   110.720   197.778    94.848    75.764    96.500
 2006     137.418   170.034   168.037    81.294    79.860   109.732   166.858   142.270   207.782   117.621    86.786   109.903
 2007     149.657   182.689   181.031    91.282    81.832   126.316   178.138   144.242   208.116   106.818    92.248   106.911
 2008     157.212   189.201   173.948    87.072    82.769   133.754   186.808   136.119   203.102    96.635    80.511   110.800
 2009     165.793   194.339   153.672    66.327    66.817   102.979   175.745   125.822   168.003    81.592    72.885    98.045
 2010     145.741   171.039   149.237    70.515    65.791    97.518   166.195   124.917   183.087    95.568    74.870    94.128
 2011     144.013   159.388   145.484    77.372    71.677   105.859   167.887   126.594   174.608    87.853    80.332   101.300
 2012     127.390   145.697   142.289    66.722    68.424    93.943   144.818   105.495   145.857    80.676    66.529    81.490
 2013     110.039   125.442   120.570    61.698    66.156    79.092   132.665    96.312   136.433    79.795    67.279    76.500
 2014     107.730   124.939   116.783    66.090    65.892    81.840   135.603    90.125   133.002    77.151    71.249    79.700
 2015     119.994   118.512   109.637    67.788    73.136    89.673   141.869    92.269   130.439    87.313    82.020    83.607
 2016     121.225   113.070    99.352    64.493    79.269   102.880   153.793   107.565   134.678    86.618    91.453    97.700
 2017     126.297   122.429   111.246    70.490    82.720   102.880   145.358    98.790   128.651    87.011    97.113    96.559
 2018     121.856   117.005   103.347    75.727    89.917   104.568   137.793    99.283   127.107    93.698    97.610    99.531
 2019     121.178   113.189   105.320    75.275    96.720   112.479   142.554    95.301   123.295    94.383   108.603   102.800
 2020     124.411   112.586   103.414    69.038    82.199   101.646   120.596    86.298   126.288    78.758    94.154    96.548
 2021     115.647   118.001    99.936    66.674    91.086   102.544   125.253    90.842   134.062   103.134   110.151   102.401
 2022     119.713   123.598   108.327    89.089   107.812   120.297   141.583   110.639   157.175   125.410   136.145   134.905
 2023     163.337   141.313   130.632   105.317   131.031   143.596   168.402   115.453   156.140   128.058   135.939


  AUTOCORRELATION FUNCTION TEST FOR SEASONALITY IN LINEARIZEDSERIES QS =   387.74  ASIMPTOTICALLY DISTRIBUTED AS CHI-SQUARE(2)
    p-value= 0.0000


  NON-PARAMETRIC TEST FOR SEASONALITY IN LINEARIZED SERIES (FRIEDMAN) SEAS_NP =    178.75
    ASYMP. DISTRIBUTED AS CHI-SQUARE(11)
    p-value= 0.0000


TOTAL OUTLIER EFFECT FACTORS


 YEAR        JAN       FEB       MAR       APR       MAY       JUN       JUL       AUG       SEP       OCT       NOV       DEC 

 2005     100.000   100.000   100.000   100.000   100.000   100.000   100.000   100.000   100.000   100.000   100.000   100.000
 2006     100.000   100.000   100.000   100.000   100.000   100.000   100.000   100.000   100.000   100.000   100.000   100.000
 2007     100.000   100.000   100.000   100.000   100.000   100.000   100.000   100.000   100.000   100.000   100.000   100.000
 2008     100.000   100.000   100.000   100.000   100.000   100.000   100.000   100.000   100.000   100.000   100.000   100.000
 2009     100.000   100.000   100.000   100.000   100.000   100.000   100.000   100.000   100.000   100.000   100.000   100.000
 2010     100.000   100.000   100.000   100.000   100.000   100.000   100.000   100.000   100.000   100.000   100.000   100.000
 2011     100.000   100.000   100.000   100.000   100.000   100.000   100.000   100.000   100.000   100.000   100.000   100.000
 2012     100.000   100.000   100.000   100.000   100.000   100.000   100.000   100.000   100.000   100.000   100.000   100.000
 2013     100.000   100.000   100.000   100.000   100.000   100.000   100.000   100.000   100.000   100.000   100.000   100.000
 2014     100.000   100.000   100.000   100.000   100.000   100.000   100.000   100.000   100.000   100.000   100.000   100.000
 2015     100.000   100.000   100.000   100.000   100.000   100.000   100.000   100.000   100.000   100.000   100.000   100.000
 2016     100.000   100.000   100.000   100.000   100.000   100.000   100.000   100.000   100.000   100.000   100.000   100.000
 2017     100.000   100.000   100.000   100.000   100.000   100.000   100.000   100.000   100.000   100.000   100.000   100.000
 2018     100.000   100.000   100.000   100.000   100.000   100.000   100.000   100.000   100.000   100.000   100.000   100.000
 2019     100.000   100.000   100.000   100.000   100.000   100.000   100.000   100.000   100.000   100.000   100.000   100.000
 2020     100.000   100.000    49.822    28.074    71.078    78.744    84.596   110.198   107.034   104.873    75.512    82.150
 2021      87.142    90.815    93.478    95.389    96.749    97.713    98.394    98.873    99.210    99.446    99.612    99.728
 2022      99.810    99.867    99.907    99.935    99.954    99.968    99.978    99.984    99.989    99.992    99.995    99.996
 2023      99.997    99.998    99.999    99.999    99.999   100.000   100.000   100.000   100.000   100.000   100.000


TOTAL REGRESSION EFFECT FACTORS


 YEAR        JAN       FEB       MAR       APR       MAY       JUN       JUL       AUG       SEP       OCT       NOV       DEC 

 2005      98.255    99.568   100.148   100.166   101.427   100.700    97.208   101.427   101.427    97.208   100.707   100.000
 2006     100.715    99.568   102.656    95.333   101.427   100.700    97.208   101.427    98.950    99.642   100.707    95.175
 2007     103.236    99.568   100.148    97.719   101.427   100.700    99.642   101.427    96.533   102.137   100.707    97.558
 2008     103.236   102.061    95.316   102.674    98.950    98.240   102.137    96.533   101.427   102.137    98.247   100.000
 2009      98.255    99.568   100.148   102.674    96.533   100.700   102.137    98.950   101.427    99.642   100.707   102.504
 2010      95.855    99.568   102.656   102.674    98.950   100.700    99.642   101.427   101.427    97.208   100.707   105.070
 2011      98.255    99.568   100.148   100.166   101.427   100.700    97.208   101.427   101.427    97.208   100.707   100.000
 2012     100.715   102.061   100.148    97.719   101.427   100.700    99.642   101.427    96.533   102.137   100.707    97.558
 2013     103.236    99.568    97.702   100.166   101.427    98.240   102.137    98.950    98.950   102.137    98.247   100.000
 2014     100.715    99.568    97.702   100.166    98.950    98.240   102.137    96.533   101.427   102.137    98.247   100.000
 2015      98.255    99.568   100.148   102.674    96.533   100.700   102.137    98.950   101.427    99.642   100.707   102.504
 2016      95.855   102.061   100.148   100.166   101.427   100.700    97.208   101.427   101.427    97.208   100.707   100.000
 2017     100.715    99.568   102.656    95.333   101.427   100.700    97.208   101.427    98.950    99.642   100.707    95.175
 2018     103.236    99.568   100.148    97.719   101.427   100.700    99.642   101.427    96.533   102.137   100.707    97.558
 2019     103.236    99.568    97.702   100.166   101.427    98.240   102.137    98.950    98.950   102.137    98.247   100.000
 2020     100.715    99.568   100.148   102.674    96.533   100.700   102.137    98.950   101.427    99.642   100.707   102.504
 2021      95.855    99.568   102.656   102.674    98.950   100.700    99.642   101.427   101.427    97.208   100.707   105.070
 2022      98.255    99.568   102.656    97.719   101.427   100.700    97.208   101.427   101.427    97.208   100.707   100.000
 2023     100.715    99.568   102.656    95.333   101.427   100.700    97.208   101.427    98.950    99.642   100.707
 
 
 
 FORECAST FUNCTION OF ORIGINAL SERIES: 
  
ORIGIN: 227 PERIODS AHEAD: 24
  
 OBS    DATE         FORECAST          STD ERROR        FORECAST          STD ERROR   
                        (SERIES IN LOGS)                     (SERIES IN LEVELS)       
 228  Dec-2023       4.86062          0.720438E-01       129.104           9.31325    
 229  Jan-2024       5.12714          0.796091E-01       168.535           13.4382    
 230  Feb-2024       5.00551          0.869510E-01       149.234           13.0006    
 231  Mar-2024       4.87166          0.940939E-01       130.538           12.3100    
 232  Apr-2024       4.67660          0.100271           107.405           10.7967    
 233  May-2024       4.90591          0.106013           135.086           14.3612    
 234  Jun-2024       4.97030          0.111761           144.071           16.1519    
 235  Jul-2024       5.17072          0.117304           176.041           20.7216    
 236  Aug-2024       4.78494          0.122276           119.694           14.6905    
 237  Sep-2024       5.09818          0.127133           163.723           20.8990    
 238  Oct-2024       4.92302          0.131958           137.417           18.2125    
 239  Nov-2024       4.94867          0.136539           140.988           19.3405    
 240  Dec-2024       4.96085          0.164494           142.715           23.6355    
 241  Jan-2025       5.15319          0.176132           172.982           30.7056    
 242  Feb-2025       5.03156          0.187062           153.172           28.9052    
 243  Mar-2025       4.92244          0.197592           137.337           27.4037    
 244  Apr-2025       4.72738          0.207295           112.999           23.6780    
 245  May-2025       4.93196          0.216611           138.651           30.3890    
 246  Jun-2025       5.02108          0.225589           151.575           34.6333    
 247  Jul-2025       5.22149          0.234286           185.210           43.9945    
 248  Aug-2025       4.81098          0.242661           122.852           30.2558    
 249  Sep-2025       5.17368          0.250554           176.564           44.9423    
 250  Oct-2025       4.97379          0.258374           144.574           37.9865    
 251  Nov-2025       4.99945          0.265952           148.331           40.1569    
