
                                        PROGRAM TRAMO+

             (based on program TRAMO, Victor Gomez and Agustin Maravall©,1996)

         Developed at the Bank of Spain by Gianluca Caporello and Agustin Maravall,
         with programming support from Domingo Pérez Cañete and Roberto López Pavón.

                 VERSION: 1.0 (Revision: 942  Build: 2017/09/25 09:39:13)


 SERIES TITLE=DIVID17                                                                         

 INPUT PARAMETERS
   lam= 0   imean= 0   ireg= 5   seats= 2   int2=227   rsa= 0   modelsumm= 1   va=   3.742
 
  WARNING :
    Remember to define the regression variable name in the first line of the external regression file.
   Name : NOT DEFINED.
   Reglist01
    Iuser=-1   Nser= 1   Ilong= 312
 
   Name : NOT DEFINED.
   Reglist02
    Iuser= 2   Nser= 4   Ilong=   0
 
   Fixed Outliers:
   #Observ. Type
     156     AO
      85     AO
      46     LS
     184     TC
 

 NUMBER OF OBSERVATIONS: 227


 ORIGINAL SERIES 

 YEAR        JAN       FEB       MAR       APR       MAY       JUN       JUL       AUG       SEP       OCT       NOV       DEC 

 2005      85.500    92.400   100.100    90.500    96.800    92.100    94.400    66.400   103.300    98.400    99.800    83.900
 2006      91.800    95.200   106.900    79.900   100.800    96.900    96.100    68.000   102.300   108.300   103.200    84.800
 2007     103.800   102.000   107.600    95.000   112.400   104.700   112.000    76.500   108.000   121.300   111.300    84.500
 2008     112.400   110.300   102.600   104.400   104.800   102.300   111.200    69.900   113.000   111.000    95.200    81.600
 2009      94.800    93.400    97.000    88.700    90.100    91.200   102.700    61.100   103.100   103.000    97.200    84.700
 2010      90.600    95.000   106.900    95.800   100.200   102.100   105.800    71.200   112.800   109.100   109.600    93.300
 2011      99.500   105.300   116.300   104.200   113.300   107.800   110.900    79.300   113.800   105.500   107.500    88.900
 2012      96.700   106.200   110.000    95.000   110.000   103.900   108.200    78.100   103.000   110.700   102.900    81.100
 2013     103.400    98.500    99.100    94.100   105.400    96.600   113.000    75.500   106.100   112.500   100.400    86.000
 2014     103.000   100.800    99.900    95.700   102.200    99.500   116.000    69.100   110.200   109.900    99.400    86.900
 2015      97.700    98.700   104.300    99.700    97.900   102.300   116.700    72.500   108.500   108.000   103.600    90.200
 2016      95.800   105.900   104.400    96.600   106.900   101.400   111.400    79.900   108.600   102.000   105.600    88.000
 2017      96.700   100.000   110.700    90.900   113.800   108.400   114.400    83.800   111.000   113.400   109.000    90.900
 2018     108.500   101.900   111.200    98.100   113.100   110.600   120.600    84.600   108.300   119.200   110.600    88.000
 2019     111.400   103.900   105.800   100.000   113.600   102.000   124.700    78.900   111.600   116.900   104.700    86.900
 2020     106.900   104.400   107.300    89.400    89.800    97.300   118.000    78.400   112.300   111.700   107.100    90.900
 2021      98.700   103.800   114.900   106.800   111.600   116.600   129.000    93.800   132.900   129.000   135.400   122.000
 2022     127.100   139.400   163.300   138.800   165.800   157.300   164.300   119.600   170.300   151.100   148.600   121.500
 2023     140.900   140.500   153.100   115.400   143.000   138.700   139.200   100.200   133.200   132.800   130.500


 MODEL PARAMETERS            
 ----------------
  MQ= 12         IMEAN=  0      LAM=  0      D=  1       BD=  1
  P=  0          BP=  0         Q=  1        BQ=  1      IREG=  5
  ITRAD=  0      SMPDAY=  0     IEAST=  0      IDUR=  6     M= 36       IQM= 24
  INCON=  0      NBACK=  0      NPRED= 24    INTERP=  2  INIT=  0
  IFILT=  2      IROOT=  2    INIC=  0    ICONCE=  1
  ICDET=  1      IATIP=  0      IMVX=  0     IDIF=  0    PG=  0
  AIO=  2        INT1=  1       INT2= 227    RSA=  0     SEATS=  2
  VA= 3.74       TOL=  0.100E-03             PC=  0.120E+00
  NOADMISS= 1    STOCHTD 0    BIAS= 1
  THLIM=  0.000  BTHLIM=  0.000   RMOD=  0.500



TH =        -0.10

BTH =        -0.10

WARNING: When adjusting for degrees of freedom in
 order to compute white-noise residuals, the Housholder
 transformation contains an element of arbitrariness 
 that, when multiple regressors are entered, may produce
 a slight variation in results when the order in which
 regressors are entered changes



NUMBER OF INITIAL OBS. =  13

Log-Level pretest : LOGS are Selected
 DIFFERENCED TRANSFORMED SERIES

 YEAR        JAN       FEB       MAR       APR       MAY       JUN       JUL       AUG       SEP       OCT       NOV       DEC 

 2006                -0.041     0.036    -0.190     0.165     0.010    -0.033     0.006    -0.034     0.106    -0.062    -0.023
 2007       0.112    -0.054    -0.062     0.167    -0.064    -0.032     0.076    -0.035    -0.064     0.059    -0.038    -0.079
 2008       0.083    -0.001    -0.126     0.142    -0.164     0.047     0.016    -0.083     0.135    -0.134    -0.068     0.121
 2009      -0.135     0.004     0.110    -0.107     0.012     0.036     0.035    -0.055     0.043     0.017     0.096     0.016
 2010      -0.083     0.062     0.080    -0.020     0.029     0.007    -0.083     0.123    -0.063    -0.032     0.063    -0.023
 2011      -0.003     0.009    -0.019    -0.000     0.039    -0.069    -0.007     0.061    -0.099    -0.042     0.014    -0.029
 2012       0.020     0.037    -0.064    -0.037     0.063    -0.007     0.012     0.009    -0.084     0.148    -0.092    -0.048
 2013       0.159    -0.142    -0.029     0.095    -0.033    -0.030     0.116    -0.077     0.064    -0.014    -0.041     0.083
 2014      -0.063     0.027    -0.015     0.009    -0.048     0.060    -0.003    -0.115     0.126    -0.061     0.013     0.020
 2015      -0.063     0.032     0.064    -0.002    -0.084     0.071    -0.022     0.042    -0.064    -0.002     0.059    -0.004
 2016      -0.057     0.090    -0.069    -0.033     0.120    -0.097    -0.038     0.144    -0.096    -0.058     0.076    -0.044
 2017       0.034    -0.067     0.116    -0.119     0.123     0.004    -0.040     0.021    -0.026     0.084    -0.074     0.001
 2018       0.083    -0.096    -0.014     0.072    -0.082     0.026     0.033    -0.043    -0.034     0.075    -0.035    -0.047
 2019       0.059    -0.007    -0.069     0.069    -0.015    -0.085     0.114    -0.103     0.100    -0.049    -0.035     0.042
 2020      -0.029     0.046     0.009    -0.126    -0.123     0.188    -0.008     0.049     0.013    -0.052     0.068     0.022
 2021      -0.125     0.074     0.074     0.109     0.039    -0.036    -0.092     0.090    -0.011    -0.024     0.090     0.060
 2022      -0.041     0.042     0.057    -0.089     0.134    -0.096    -0.058     0.001     0.005    -0.090    -0.065    -0.097
 2023       0.107    -0.095    -0.072    -0.120     0.037     0.022    -0.040    -0.011    -0.069     0.117    -0.001




 AUTOCORRELATIONS
 ----------------
     -0.2374   0.0334   0.0472   0.1245   0.1393   0.0605  -0.0051  -0.1894   0.1778  -0.0265   0.1158  -0.3693
 SE   0.0684   0.0721   0.0722   0.0723   0.0733   0.0745   0.0748   0.0748   0.0770   0.0789   0.0789   0.0797
      0.1264  -0.0821  -0.0931   0.0612  -0.1333  -0.0325  -0.1757   0.2062  -0.1440  -0.0122  -0.0844  -0.0860
 SE   0.0873   0.0882   0.0886   0.0890   0.0892   0.0901   0.0902   0.0918   0.0939   0.0949   0.0949   0.0953
      0.0306   0.0031   0.0499  -0.2230   0.1748  -0.0739   0.0958  -0.0835  -0.0399   0.0178   0.0659  -0.0062
 SE   0.0957   0.0957   0.0957   0.0958   0.0982   0.0997   0.0999   0.1003   0.1007   0.1007   0.1008   0.1010


 PARTIAL AUTOCORRELATIONS
 ---------------------
     -0.2374  -0.0244   0.0526   0.1582   0.2240   0.1672   0.0404  -0.2749  -0.0479  -0.0673   0.1353  -0.3003
 SE   0.0684   0.0684   0.0684   0.0684   0.0684   0.0684   0.0684   0.0684   0.0684   0.0684   0.0684   0.0684
      0.0094  -0.0908  -0.1468   0.0320   0.0616   0.0591  -0.1634   0.0575   0.0368  -0.0410  -0.0371  -0.2301
 SE   0.0684   0.0684   0.0684   0.0684   0.0684   0.0684   0.0684   0.0684   0.0684   0.0684   0.0684   0.0684
     -0.0288  -0.0710   0.0350  -0.0293   0.1367  -0.0050  -0.0597  -0.0020  -0.1153  -0.0641   0.0733  -0.1655
 SE   0.0684   0.0684   0.0684   0.0684   0.0684   0.0684   0.0684   0.0684   0.0684   0.0684   0.0684   0.0684
  
 ARIMA MODEL ESTIMATION 
  
 METHOD OF ESTIMATION: EXACT MAXIMUM LIKELIHOOD           
  
 PARAMETER      ESTIMATE           STD ERROR      T RATIO   LAG  
  
 TH1         -0.23430           0.66889E-01       -3.50      1
 BTH         -0.68039           0.50423E-01      -13.49     12
  
 
 REGULAR MA INVERSE ROOTS ARE 
 NO.     REAL P.     IMAG.P.     MODULUS    ARGUMENT      PERIOD
  1      0.23430       0.0000      0.23430       0.0000            -  
 
 SEASONAL MA INVERSE ROOTS ARE 
 NO.     REAL P.     IMAG.P.     MODULUS    ARGUMENT      PERIOD
  1      0.68039       0.0000      0.68039       0.0000            -  
  
 CORRELATIONS OF THE ESTIMATES 
  
  1.000   -0.114
 -0.114    1.000
  
 AIC 
    -878.328
  
 BIC 
     -6.8672
  
 FINAL VALUE OF OBJECTIVE FUNCTION: 
               0.19366    
  
 RADETN:    1.01771593781432     
 ITERATIONS:            2
  
  NUMBER OF FUNCTION EVALUATIONS:            8
  

 ESTIMATES OF REGRESSION PARAMETERS 
 CONCENTRATED OUT OF THE LIKELIHOOD 

 PARAMETER           VALUE          ST. ERROR     T VALUE
 REG      1          0.40976E-01    (     0.00156)   26.24
 OUT 1 (156)         0.99796E-01    (     0.02210)    4.52   AO    (12 2017)
 OUT 2 ( 85)        -0.74167E-01    (     0.02166)   -3.42   AO    ( 1 2012)
 OUT 3 ( 46)        -0.63484E-01    (     0.02700)   -2.35   LS    (10 2008)
 OUT 4 (184)        -0.14476        (     0.02606)   -5.55   TC    ( 4 2020)

 VAR-CORRELATION MATRIX OF ESTIMATORS 

   0.244E-05
   0.194E+00   0.488E-03
  -0.821E-02  -0.105E-01   0.469E-03
  -0.207E-01  -0.375E-02   0.801E-03   0.729E-03
  -0.797E-01  -0.171E-01   0.263E-03   0.143E-02   0.679E-03


 VARIANCES ARE IN THE MAIN DIAGONAL; 
 OFF-DIAGONAL ELEMENTS ARE CORRELATIONS. 



ACF DIFFERENCED SERIES




 AUTOCORRELATIONS
 ----------------
     -0.2503   0.0480   0.0363   0.1204   0.1546   0.0423  -0.0080  -0.1901   0.1914  -0.0553   0.1470  -0.3944
 SE   0.0684   0.0725   0.0727   0.0727   0.0737   0.0752   0.0753   0.0753   0.0775   0.0797   0.0799   0.0811
      0.1222  -0.0666  -0.0979   0.0708  -0.1636  -0.0050  -0.1656   0.2018  -0.1538   0.0124  -0.1093  -0.0499
 SE   0.0896   0.0904   0.0906   0.0911   0.0914   0.0927   0.0927   0.0941   0.0961   0.0973   0.0973   0.0978
      0.0413  -0.0311   0.0680  -0.2212   0.1880  -0.0769   0.0817  -0.0823  -0.0376   0.0088   0.0767  -0.0142
 SE   0.0980   0.0980   0.0981   0.0983   0.1006   0.1022   0.1025   0.1028   0.1031   0.1032   0.1032   0.1034
  
  
  NUMBER OF WHITE NOISE RESIDUALS          209
  
 WHITE NOISE RESIDUALS
  
    X  10.0D-1


 YEAR        JAN       FEB       MAR       APR       MAY       JUN       JUL       AUG       SEP       OCT       NOV       DEC 

 2006                                                                  -0.222    -0.003     0.061     0.210    -0.128     0.459
 2007       0.023    -0.116    -0.250     0.439     0.247    -0.192     0.136     0.111    -0.153    -0.146    -0.097    -0.888
 2008       0.913    -0.280    -0.231     0.040    -0.304     0.230    -0.475     0.325    -0.310    -0.030    -0.304    -0.222
 2009       0.524    -0.561    -0.365    -0.270     0.254    -0.195     0.363    -0.578     0.440     0.076    -0.041     0.054
 2010       0.386    -0.154     0.198     0.130     0.125     0.333    -0.069    -0.049     0.153     0.103     0.199    -0.550
 2011       0.091     0.357     0.464     0.163    -0.328    -0.147     0.203     0.222    -0.823    -0.570     0.126     0.155
 2012      -0.105    -0.167    -0.013     0.076    -0.012    -0.123    -0.155     0.585    -0.481    -0.529    -0.047     0.003
 2013      -0.068     0.026    -0.267     0.120     0.086     0.047     0.268     0.532    -0.480    -0.121     0.027     0.029
 2014       0.154    -0.076    -0.354     0.129     0.002     0.213     0.191    -0.374    -0.053    -0.221     0.119     0.248
 2015      -0.064    -0.183    -0.040     0.113    -0.012     0.029     0.295    -0.206    -0.251     0.190    -0.070     0.092
 2016       0.189     0.011    -0.280     0.102    -0.036    -0.135     0.608     0.163    -0.653    -0.155     0.239     0.101
 2017      -0.751     0.364     0.233     0.204     0.421     0.055     0.046     0.236    -0.263    -0.041    -0.156    -0.177
 2018       0.027    -0.180     0.325     0.075    -0.143     0.199    -0.014     0.127    -0.118    -0.088    -0.063     0.008
 2019       0.048    -0.185    -0.076    -0.148     0.118    -0.258     0.223    -0.072     0.061    -0.112     0.001    -0.381
 2020       0.475     0.029    -0.333     0.020    -0.327     0.075     0.327     0.332    -0.257     0.083    -0.151    -0.107
 2021       0.315    -0.079     0.071     0.131     0.219     0.500     0.029     0.410     0.271     0.398     0.523     0.297
 2022      -0.088     0.722     0.808     0.200     0.289    -0.177    -0.264    -0.184     0.127    -0.640    -0.507    -0.151
 2023      -0.302    -0.103    -0.313    -0.881    -0.079     0.042    -0.535    -0.319    -0.233    -0.164     0.121
 
 
  STABILITY TEST
 
 
     1. FULL PERIOD
                  FIRST HALF                    SECOND HALF
           Mean(t)          Variance      Mean(t)          Variance
      -0.17E-02(-0.58    )  0.90E-03  0.43E-03( 0.15    )  0.82E-03
 
      Mean assumed equal to 0
      VR(variance ratio)= 0.92    
 
      MEAN STABILITY IS NOT REJECTED.
      VARIANCE STABILITY IS NOT REJECTED.


 
     2. LAST 10 YEARS
                  FIRST HALF                    SECOND HALF
           Mean(t)          Variance      Mean(t)          Variance
       0.73E-03( 0.24    )  0.55E-03 -0.36E-03(-0.90E-01)  0.97E-03
 
      Mean assumed equal to 0
      VR(variance ratio)=  1.8    
 
      LAST 10 YEARS MEAN STABILITY IS NOT REJECTED.
      LAST 10 YEARS VARIANCE STABILITY IS NOT REJECTED.


 
  OUT-OF-SAMPLE TEST
  ------------------
      Model re-estimated on Linearized series for first 209 observations.
       18 One-Period-Ahead Forecasts computed with model fixed.
      Comparison between forecast errors (last   18 observations) and residuals (in-sample):

        Mean(Forecast Errors)
            p-value= 0.0000
            Mean of forecast errors cannot be assumed zero.

        Out-of-Sample MSE is :  0.1541E-02
        In-Sample MSE is :  0.8356E-03
        F( 18,196) is :  0.184E+01
            p-value(%)= 2.2649

        Mean and Variance of forecast Errors and In-Sample residuals ARE significantly different


 TEST-STATISTICS ON RESIDUALS
 ----------------------------


           MEAN=  -0.6361734E-03
        ST.DEV.=   0.2032365E-02
        OF MEAN
        T-VALUE= -0.3130

 NORMALITY TEST=   5.608        ( CHI-SQUARE(2) )

       SKEWNESS= -0.1457          ( SE =  0.1694 )
       KURTOSIS=  3.7478          ( SE =  0.3389 )

 SUM OF SQUARES=   0.1697845    

  DURBIN-WATSON=  2.1244

 STANDARD ERROR=   0.3005431E-01
 OF RESID.
  MSE OF RESID.=   0.9032616E-03




 AUTOCORRELATIONS
 ----------------
     -0.0009  -0.0002   0.1239   0.1523   0.1657   0.0900  -0.0547  -0.0536   0.1532  -0.0585  -0.0428   0.0397
 SE   0.0692   0.0692   0.0692   0.0692   0.0692   0.0692   0.0692   0.0692   0.0692   0.0692   0.0692   0.0692
 Q      0.00     0.00     3.28     8.28    14.21    15.97    16.63    17.26    22.43    23.19    23.60    23.95
 PV    -1.00    -1.00     0.07     0.02     0.00     0.00     0.01     0.01     0.00     0.00     0.00     0.01
     -0.0020  -0.1573  -0.0988  -0.0121  -0.1020  -0.1012  -0.1602  -0.0020  -0.1086  -0.0815  -0.1137  -0.0630
 SE   0.0692   0.0692   0.0692   0.0692   0.0692   0.0692   0.0692   0.0692   0.0692   0.0692   0.0692   0.0692
 Q     23.95    29.54    31.76    31.80    34.19    36.55    42.51    42.51    45.27    46.84    49.91    50.85
 PV     0.01     0.00     0.00     0.00     0.00     0.00     0.00     0.00     0.00     0.00     0.00     0.00
      0.0052  -0.0383  -0.0432  -0.1234   0.1121  -0.0556   0.0211  -0.0549  -0.0804   0.0267   0.0769  -0.0274
 SE   0.0692   0.0692   0.0692   0.0692   0.0692   0.0692   0.0692   0.0692   0.0692   0.0692   0.0692   0.0692
 Q     50.86    51.21    51.66    55.38    58.46    59.22    59.33    60.08    61.70    61.88    63.38    63.57
 PV     0.00     0.00     0.00     0.00     0.00     0.00     0.00     0.00     0.00     0.00     0.00     0.00

  LJUNG-BOX Q VALUE OF ORDER  24 IS     50.85 AND IF RESIDUALS ARE RANDOM IT SHOULD BE DISTRIBUTED AS CHI-SQUARE(22)
  p-value= 0.0004
  THE PIERCE QS VALUE IS      0.35 AND IF RESIDUALS ARE RANDOM IT SHOULD BE DISTRIBUTED AS CHI-SQUARE(2)

 APPROXIMATE TEST OF RUNS ON RESIDUALS
 -------------------------------------
  NUM.DATA= 209
   NUM.(+)= 105
   NUM.(-)= 104
  NUM.RUNS= 106
   T-VALUE=  0.1387


  NON-PARAMETRIC TEST FOR RESIDUAL SEASONALITY (FRIEDMAN) SEAS_NP =     17.39
    ASYMP. DISTRIBUTED AS CHI-SQUARE(11)
    p-value= 0.0969



 SQUARED RESIDUALS:
 ------------------




 AUTOCORRELATIONS
 ----------------
      0.2473  -0.0456  -0.0471   0.0147  -0.0050   0.1134   0.0355   0.0461   0.0211  -0.0332   0.0145   0.0567
 SE   0.0692   0.0692   0.0692   0.0692   0.0692   0.0692   0.0692   0.0692   0.0692   0.0692   0.0692   0.0692
 Q     12.96    13.40    13.88    13.93    13.93    16.72    17.00    17.46    17.56    17.81    17.85    18.57
 PV    -1.00    -1.00     0.00     0.00     0.00     0.00     0.00     0.01     0.01     0.02     0.04     0.05
      0.1858   0.0499  -0.1036  -0.0606   0.0030  -0.0207   0.0270   0.0433  -0.0394   0.0064  -0.0137  -0.0304
 SE   0.0692   0.0692   0.0692   0.0692   0.0692   0.0692   0.0692   0.0692   0.0692   0.0692   0.0692   0.0692
 Q     26.34    26.90    29.35    30.18    30.19    30.28    30.45    30.89    31.25    31.26    31.31    31.53
 PV     0.01     0.01     0.01     0.01     0.01     0.02     0.02     0.03     0.04     0.05     0.07     0.09
      0.0322  -0.0076  -0.0468  -0.0770  -0.0416  -0.0415  -0.0331  -0.0045  -0.0290  -0.0345   0.0282   0.0259
 SE   0.0692   0.0692   0.0692   0.0692   0.0692   0.0692   0.0692   0.0692   0.0692   0.0692   0.0692   0.0692
 Q     31.78    31.79    32.32    33.77    34.19    34.61    34.89    34.89    35.10    35.40    35.60    35.77
 PV     0.10     0.13     0.15     0.14     0.16     0.18     0.21     0.25     0.28     0.31     0.35     0.39

  McLEOD-LI Q VALUE OF ORDER  24 IS     31.53 AND IF RESIDUALS ARE RANDOM IT SHOULD BE DISTRIBUTED AS CHI-SQUARE(24)
  p-value= 0.1391
 
 
 
SPECTRAL DIAGNOSTICS
 --------------------
 
A. SEASONAL SPECTRAL PEAKS
 
                           Frequency (cycles per year)
                     One    Two   Three  Four   Five    Six  
 Original series      -T     aT     AT     -T     aT     AT
 Linearized series    -T     AT     AT     AT     AT     aT
 Residuals            -t     --     a-     --     --     --
 
 AT : peaks detected in AR(30) and using Tukey spectrum  estimator
 A- : only peaks detected in AR(30) spectrum estimator
 -T : only peaks detected using Tukey spectrum estimator
 -- : No peaks detected in AR(30) nor using Tukey spectrum estimator
 
 
 
B. STOCHASTIC SEASONALITY: SPECTRAL EVIDENCE
 
 1 :  SERIES CONTAINS SEASONALITY THAT CAN BE RELIABLY EXTRACTED.
 0 :  SEASONALITY IS NOT PRESENT IN THE SERIES OR IS TOO WEAK TO BE RELIABLY CAPTURED.
 
 ORIGINAL SERIES :   1
 LINEARIZED SERIES : 1
 RESIDUALS :         0
 
 
 
C. TRADING DAY EFFECT: SPECTRAL EVIDENCE
 
 1 :  TRADING DAY EFFECT DETECTED
 0 :  NO TRADING DAY EFFECT DETECTED
 
 LINEARIZED SERIES : 0
 RESIDUALS :         0
 
 
OVERALL TEST FOR IDENTIFIABLE SEASONALITY 
----------------------------------------- 
 
  AUTOCORRELATION FUNCTION EVIDENCE : YES
  NON-PARAMETRIC EVIDENCE           : YES
  F-TEST                            :  - 
  SPECTRAL EVIDENCE                 : YES
 
IDENTIFIABLE SEASONALITY FOUND IN SERIES
 
 
OVERALL TEST FOR RESIDUALS SEASONALITY 
----------------------------------------- 
 
  AUTOCORRELATION FUNCTION EVIDENCE : NO 
  NON-PARAMETRIC EVIDENCE           : NO 
  F-TEST                            : NO 
  SPECTRAL EVIDENCE                 : NO 
 
NO IDENTIFIABLE SEASONALITY FOUND IN RESIDUALS
 
 
ARIMA MODEL : POOR FIT
----------------------
 
QUALITY ARIMA MODEL TESTS
----------------------------------------

  Mean in residuals                      :GOOD        
  Autocorrelation in residuals           :POOR        
  Normality of residuals                 :GOOD        
  Skewness of residuals                  :GOOD        
  Kurtosis of residuals                  :GOOD        
  Randomness of residual sign            :GOOD        
  Instability of residual mean           :GOOD        
  Instability of residual variance       :GOOD        
  Seasonality in residuals               :GOOD        
  Trading day in residuals               :GOOD        
  Out-of-sample forecast errors          :GOOD        
  Number of outliers                     :GOOD        
 


 LINEAR SERIES


 YEAR        JAN       FEB       MAR       APR       MAY       JUN       JUL       AUG       SEP       OCT       NOV       DEC 

 2005      82.616    87.340    93.712    84.700    88.738    85.442    92.849    60.870    94.696    96.783    92.574    78.739
 2006      85.143    89.987    96.060    81.166    92.404    89.895    94.521    62.336    97.702   102.244    95.728    86.381
 2007      92.407    96.415   100.734    92.631   103.038    97.131   105.737    70.128   107.460   109.920   103.241    82.619
 2008     100.063   100.075   104.256    93.787   100.090    98.874   100.767    69.551   103.588   107.179    98.030    81.600
 2009      97.607    94.072    96.762    84.905    95.525    90.152    99.164    62.178   100.707   103.614    96.071    81.299
 2010      97.184    95.684   102.356    91.702   101.969   100.927   106.430    69.548   110.182   114.341   108.328    85.959
 2011     102.446   106.058   116.014   103.914   110.671   106.562   116.227    77.460   111.159   110.568   106.252    88.900
 2012     102.923   102.670   109.730    98.702   107.447   102.706   108.845    76.288   109.202   106.889   101.705    84.492
 2013      98.084    99.209   102.992    93.842   102.954    99.484   109.110    76.833   107.973   108.627   103.385    86.000
 2014     101.792   101.525   103.823    95.438   104.004   102.471   112.006    73.261   107.643   106.116   102.355    86.900
 2015     100.592    99.410   104.044    95.435   103.795   101.125   112.682    73.780   105.982   108.644   102.397    86.579
 2016     102.762   102.380   104.144    96.335   104.419   100.235   116.751    78.046   106.080   106.900   104.374    88.000
 2017      95.566   100.720   105.995    98.393   111.159   107.155   119.895    81.855   112.959   114.076   107.734    89.292
 2018     102.922   102.633   110.927   101.923   110.475   109.329   121.319    82.637   114.821   115.096   109.316    91.681
 2019     105.673   104.648   109.955    99.726   110.964   105.045   120.407    80.293   113.570   112.875   107.813    86.900
 2020     105.646   105.151   107.037    98.905   105.361   103.253   119.738    82.606   112.396   114.296   107.126    87.982
 2021     106.493   104.975   110.332   102.436   113.729   115.374   129.858    91.667   129.860   135.228   133.850   112.414
 2022     130.873   140.411   156.365   144.213   161.956   155.495   172.194   116.825   166.349   158.359   146.875   121.500
 2023     139.247   141.511   146.593   124.912   139.682   137.107   145.887    97.875   135.551   133.591   128.985


  AUTOCORRELATION FUNCTION TEST FOR SEASONALITY IN LINEARIZEDSERIES QS =   403.66  ASIMPTOTICALLY DISTRIBUTED AS CHI-SQUARE(2)
    p-value= 0.0000


  NON-PARAMETRIC TEST FOR SEASONALITY IN LINEARIZED SERIES (FRIEDMAN) SEAS_NP =    188.80
    ASYMP. DISTRIBUTED AS CHI-SQUARE(11)
    p-value= 0.0000


TOTAL OUTLIER EFFECT FACTORS


 YEAR        JAN       FEB       MAR       APR       MAY       JUN       JUL       AUG       SEP       OCT       NOV       DEC 

 2005     106.554   106.554   106.554   106.554   106.554   106.554   106.554   106.554   106.554   106.554   106.554   106.554
 2006     106.554   106.554   106.554   106.554   106.554   106.554   106.554   106.554   106.554   106.554   106.554   106.554
 2007     106.554   106.554   106.554   106.554   106.554   106.554   106.554   106.554   106.554   106.554   106.554   106.554
 2008     106.554   106.554   106.554   106.554   106.554   106.554   106.554   106.554   106.554   100.000   100.000   100.000
 2009     100.000   100.000   100.000   100.000   100.000   100.000   100.000   100.000   100.000   100.000   100.000   100.000
 2010     100.000   100.000   100.000   100.000   100.000   100.000   100.000   100.000   100.000   100.000   100.000   100.000
 2011     100.000   100.000   100.000   100.000   100.000   100.000   100.000   100.000   100.000   100.000   100.000   100.000
 2012      92.852   100.000   100.000   100.000   100.000   100.000   100.000   100.000   100.000   100.000   100.000   100.000
 2013     100.000   100.000   100.000   100.000   100.000   100.000   100.000   100.000   100.000   100.000   100.000   100.000
 2014     100.000   100.000   100.000   100.000   100.000   100.000   100.000   100.000   100.000   100.000   100.000   100.000
 2015     100.000   100.000   100.000   100.000   100.000   100.000   100.000   100.000   100.000   100.000   100.000   100.000
 2016     100.000   100.000   100.000   100.000   100.000   100.000   100.000   100.000   100.000   100.000   100.000   100.000
 2017     100.000   100.000   100.000   100.000   100.000   100.000   100.000   100.000   100.000   100.000   100.000   110.495
 2018     100.000   100.000   100.000   100.000   100.000   100.000   100.000   100.000   100.000   100.000   100.000   100.000
 2019     100.000   100.000   100.000   100.000   100.000   100.000   100.000   100.000   100.000   100.000   100.000   100.000
 2020     100.000   100.000   100.000    86.523    90.363    93.152    95.156    96.584    97.596    98.311    98.815    99.169
 2021      99.418    99.592    99.714    99.800    99.860    99.902    99.931    99.952    99.966    99.976    99.983    99.988
 2022      99.992    99.994    99.996    99.997    99.998    99.999    99.999    99.999   100.000   100.000   100.000   100.000
 2023     100.000   100.000   100.000   100.000   100.000   100.000   100.000   100.000   100.000   100.000   100.000


TOTAL REGRESSION EFFECT FACTORS


 YEAR        JAN       FEB       MAR       APR       MAY       JUN       JUL       AUG       SEP       OCT       NOV       DEC 

 2005      97.125    99.285   100.246   100.275   102.376   101.162    95.417   102.376   102.376    95.417   101.175   100.000
 2006     101.187    99.285   104.439    92.385   102.376   101.162    95.417   102.376    98.266    99.408   101.175    92.132
 2007     105.419    99.285   100.246    96.249   102.376   101.162    99.408   102.376    94.320   103.566   101.175    95.985
 2008     105.419   103.438    92.358   104.469    98.266    97.101   103.566    94.320   102.376   103.566    97.113   100.000
 2009      97.125    99.285   100.246   104.469    94.320   101.162   103.566    98.266   102.376    99.408   101.175   104.183
 2010      93.225    99.285   104.439   104.469    98.266   101.162    99.408   102.376   102.376    95.417   101.175   108.540
 2011      97.125    99.285   100.246   100.275   102.376   101.162    95.417   102.376   102.376    95.417   101.175   100.000
 2012     101.187   103.438   100.246    96.249   102.376   101.162    99.408   102.376    94.320   103.566   101.175    95.985
 2013     105.419    99.285    96.222   100.275   102.376    97.101   103.566    98.266    98.266   103.566    97.113   100.000
 2014     101.187    99.285    96.222   100.275    98.266    97.101   103.566    94.320   102.376   103.566    97.113   100.000
 2015      97.125    99.285   100.246   104.469    94.320   101.162   103.566    98.266   102.376    99.408   101.175   104.183
 2016      93.225   103.438   100.246   100.275   102.376   101.162    95.417   102.376   102.376    95.417   101.175   100.000
 2017     101.187    99.285   104.439    92.385   102.376   101.162    95.417   102.376    98.266    99.408   101.175    92.132
 2018     105.419    99.285   100.246    96.249   102.376   101.162    99.408   102.376    94.320   103.566   101.175    95.985
 2019     105.419    99.285    96.222   100.275   102.376    97.101   103.566    98.266    98.266   103.566    97.113   100.000
 2020     101.187    99.285   100.246   104.469    94.320   101.162   103.566    98.266   102.376    99.408   101.175   104.183
 2021      93.225    99.285   104.439   104.469    98.266   101.162    99.408   102.376   102.376    95.417   101.175   108.540
 2022      97.125    99.285   104.439    96.249   102.376   101.162    95.417   102.376   102.376    95.417   101.175   100.000
 2023     101.187    99.285   104.439    92.385   102.376   101.162    95.417   102.376    98.266    99.408   101.175
 
 
 
 FORECAST FUNCTION OF ORIGINAL SERIES: 
  
ORIGIN: 227 PERIODS AHEAD: 24
  
 OBS    DATE         FORECAST          STD ERROR        FORECAST          STD ERROR   
                        (SERIES IN LOGS)                     (SERIES IN LEVELS)       
 228  Dec-2023       4.58749          0.289692E-01       98.2479           2.84676    
 229  Jan-2024       4.87654          0.361296E-01       131.176           4.74088    
 230  Feb-2024       4.87619          0.422341E-01       131.130           5.54064    
 231  Mar-2024       4.85878          0.476523E-01       128.867           6.14428    
 232  Apr-2024       4.79333          0.524425E-01       120.703           6.33432    
 233  May-2024       4.91751          0.568084E-01       136.662           7.76979    
 234  Jun-2024       4.84231          0.609007E-01       126.762           7.72708    
 235  Jul-2024       5.00632          0.647361E-01       149.354           9.67874    
 236  Aug-2024       4.56793          0.683333E-01       96.3444           6.59122    
 237  Sep-2024       4.90457          0.717575E-01       134.906           9.69295    
 238  Oct-2024       4.94996          0.750478E-01       141.169           10.6094    
 239  Nov-2024       4.83977          0.781843E-01       126.440           9.90077    
 240  Dec-2024       4.68073          0.841348E-01       107.848           9.08989    
 241  Jan-2025       4.84684          0.889598E-01       127.338           11.3504    
 242  Feb-2025       4.84650          0.935481E-01       127.294           11.9342    
 243  Mar-2025       4.87006          0.979631E-01       130.329           12.7981    
 244  Apr-2025       4.80461          0.102135           122.072           12.5004    
 245  May-2025       4.88781          0.106143           132.663           14.1210    
 246  Jun-2025       4.85359          0.110018           128.200           14.1472    
 247  Jul-2025       5.01760          0.113763           151.049           17.2394    
 248  Aug-2025       4.53823          0.117409           93.5255           11.0187    
 249  Sep-2025       4.95683          0.120885           142.143           17.2459    
 250  Oct-2025       4.96124          0.124310           142.771           17.8167    
 251  Nov-2025       4.85105          0.127635           127.875           16.3880    
