
                                        PROGRAM TRAMO+

             (based on program TRAMO, Victor Gomez and Agustin Maravall©,1996)

         Developed at the Bank of Spain by Gianluca Caporello and Agustin Maravall,
         with programming support from Domingo Pérez Cañete and Roberto López Pavón.

                 VERSION: 1.0 (Revision: 942  Build: 2017/09/25 09:39:13)


 SERIES TITLE=FATEXP_14                                                                       

 INPUT PARAMETERS
   lam= 0   imean= 0   bq= 0   ireg= 4   seats= 2   int2=235   rsa= 0   modelsumm= 1   va=   3.762
 
   
   Reglist01
    Iuser= 2   Nser= 3   Ilong=   0
 
   Fixed Outliers:
   #Observ. Type
     183     AO
     185     AO
     147     AO
 
  WARNING :
    Remember to define the regression variable name in the first line of the external regression file.
   Name : NOT DEFINED.
   Reglist02
    Iuser=-1   Nser= 1   Ilong= 312
 

 NUMBER OF OBSERVATIONS: 235


 ORIGINAL SERIES 

 YEAR        JAN       FEB       MAR       APR       MAY       JUN       JUL       AUG       SEP       OCT       NOV       DEC 

 2005      48.900    44.000    43.000    40.300    45.700    55.100    50.300    51.400    40.100    40.500    49.400    49.200
 2006      49.700    43.500    40.500    39.300    46.600    52.900    47.900    46.400    40.800    40.800    51.000    48.100
 2007      48.300    44.300    42.400    40.700    52.600    51.800    50.100    47.500    41.800    46.600    54.000    49.100
 2008      50.000    46.000    41.700    44.800    54.300    53.100    51.900    46.200    42.600    46.900    57.100    52.000
 2009      49.600    46.000    41.400    45.600    50.700    55.100    52.500    47.700    41.000    47.000    56.300    51.200
 2010      46.900    44.000    41.500    40.000    53.100    55.500    50.900    46.900    42.300    45.200    54.200    50.300
 2011      49.300    44.700    44.000    41.700    53.700    55.000    52.400    50.100    45.100    47.300    55.600    51.700
 2012      53.700    48.200    44.100    46.300    58.400    59.900    56.600    53.700    46.900    52.700    61.200    55.400
 2013      57.800    51.300    48.600    51.500    59.700    63.500    59.300    55.800    50.800    55.000    62.100    58.500
 2014      60.100    53.800    50.700    51.900    63.000    64.500    60.200    57.000    52.700    57.400    62.400    61.200
 2015      57.400    55.400    53.300    55.100    63.000    64.700    59.500    55.400    51.100    54.200    63.800    62.100
 2016      57.400    55.600    53.700    56.400    60.400    58.900    55.400    53.100    49.700    55.300    60.600    57.200
 2017      52.800    52.300    48.600    53.100    60.200    59.100    56.000    55.400    51.300    57.500    59.900    57.300
 2018      55.400    52.800    54.600    53.800    60.900    59.800    58.600    56.200    53.100    57.700    61.600    58.600
 2019      56.400    55.500    53.300    56.200    59.300    59.100    58.200    57.800    53.900    58.800    58.700    58.500
 2020      56.900    53.500    60.400    53.800    49.700    59.700    63.000    57.700    54.600    58.600    60.900    60.400
 2021      57.100    55.400    58.600    58.700    58.500    61.200    60.300    58.700    55.100    57.500    58.900    61.200
 2022      58.700    59.200    59.300    58.400    58.600    61.000    60.200    60.100    56.900    59.100    57.500    59.100
 2023      54.600    57.800    59.500    60.700    59.500    61.500    59.900    61.200    57.700    58.300    60.400    62.200
 2024      60.500    59.600    60.000    63.400    64.000    65.200    62.800


 MODEL PARAMETERS            
 ----------------
  MQ= 12         IMEAN=  0      LAM=  0      D=  1       BD=  1
  P=  0          BP=  0         Q=  1        BQ=  0      IREG=  4
  ITRAD=  0      SMPDAY=  0     IEAST=  0      IDUR=  6     M= 36       IQM= 24
  INCON=  0      NBACK=  0      NPRED= 24    INTERP=  2  INIT=  0
  IFILT=  2      IROOT=  2    INIC=  0    ICONCE=  1
  ICDET=  1      IATIP=  0      IMVX=  0     IDIF=  0    PG=  0
  AIO=  2        INT1=  1       INT2= 235    RSA=  0     SEATS=  2
  VA= 3.76       TOL=  0.100E-03             PC=  0.120E+00
  NOADMISS= 1    STOCHTD 0    BIAS= 1
  THLIM=  0.000  BTHLIM=  0.000   RMOD=  0.500



TH =        -0.10

WARNING: When adjusting for degrees of freedom in
 order to compute white-noise residuals, the Housholder
 transformation contains an element of arbitrariness 
 that, when multiple regressors are entered, may produce
 a slight variation in results when the order in which
 regressors are entered changes



NUMBER OF INITIAL OBS. =  13

Log-Level pretest : LOGS are Selected
 DIFFERENCED TRANSFORMED SERIES

 YEAR        JAN       FEB       MAR       APR       MAY       JUN       JUL       AUG       SEP       OCT       NOV       DEC 

 2006                -0.028    -0.048     0.035     0.045    -0.060    -0.008    -0.053     0.120    -0.010     0.024    -0.054
 2007      -0.006     0.047     0.028    -0.011     0.086    -0.142     0.066    -0.021     0.001     0.109    -0.076    -0.037
 2008       0.014     0.003    -0.054     0.113    -0.064    -0.007     0.011    -0.063     0.047    -0.013     0.049     0.002
 2009      -0.065     0.008    -0.007     0.025    -0.086     0.106    -0.025     0.020    -0.070     0.040    -0.016    -0.001
 2010      -0.040     0.012     0.047    -0.133     0.177    -0.039    -0.038     0.014     0.048    -0.070     0.001     0.020
 2011       0.068    -0.034     0.043    -0.017    -0.030    -0.020     0.038     0.037    -0.002    -0.019    -0.020     0.002
 2012       0.058    -0.010    -0.073     0.102    -0.021     0.001    -0.008    -0.008    -0.030     0.069    -0.012    -0.027
 2013       0.004    -0.011     0.035     0.009    -0.084     0.036    -0.012    -0.008     0.042    -0.037    -0.028     0.040
 2014      -0.015     0.009    -0.005    -0.035     0.046    -0.038    -0.001     0.006     0.015     0.006    -0.038     0.040
 2015      -0.091     0.075     0.021     0.010    -0.060     0.003    -0.015    -0.017    -0.002    -0.027     0.080    -0.008
 2016      -0.015     0.004     0.004     0.016    -0.065    -0.052     0.023     0.029     0.015     0.048    -0.072    -0.031
 2017      -0.001     0.022    -0.039     0.039     0.057     0.007     0.007     0.032    -0.011     0.007    -0.051     0.013
 2018       0.046    -0.039     0.107    -0.103    -0.002     0.000     0.034    -0.031     0.020    -0.031     0.025    -0.006
 2019      -0.005     0.032    -0.074     0.068    -0.070     0.015     0.005     0.035    -0.013     0.004    -0.067     0.047
 2020       0.011    -0.046     0.162    -0.169    -0.133     0.187     0.069    -0.081     0.015    -0.016     0.040    -0.005
 2021      -0.028     0.031    -0.065     0.117     0.076    -0.138    -0.069     0.061    -0.008    -0.028    -0.014     0.047
 2022       0.014     0.039    -0.054    -0.017     0.007    -0.005     0.002     0.025     0.009    -0.005    -0.052    -0.011
 2023      -0.037     0.048     0.027     0.035    -0.023    -0.007    -0.013     0.023    -0.004    -0.028     0.063     0.002
 2024       0.051    -0.072    -0.022     0.035     0.029    -0.014    -0.011




 AUTOCORRELATIONS
 ----------------
     -0.4286   0.0527  -0.1688   0.0083   0.0338   0.0540   0.0041  -0.0157   0.0016  -0.0487   0.1746  -0.2448
 SE   0.0671   0.0785   0.0786   0.0803   0.0803   0.0803   0.0805   0.0805   0.0805   0.0805   0.0806   0.0823
      0.1177  -0.0376   0.0599  -0.0775  -0.0111   0.0630   0.0246   0.0112  -0.0187  -0.1416   0.1436  -0.1075
 SE   0.0855   0.0863   0.0863   0.0865   0.0868   0.0868   0.0870   0.0871   0.0871   0.0871   0.0881   0.0892
      0.0992  -0.0245  -0.0198  -0.0123   0.0729  -0.1059   0.0268  -0.0339  -0.0059   0.1750  -0.1796   0.0455
 SE   0.0898   0.0903   0.0903   0.0903   0.0903   0.0906   0.0911   0.0912   0.0912   0.0912   0.0927   0.0943


 PARTIAL AUTOCORRELATIONS
 ---------------------
     -0.4286  -0.1604  -0.2657  -0.2452  -0.1538  -0.0671  -0.0323  -0.0200   0.0187  -0.0323   0.2011  -0.0937
 SE   0.0671   0.0671   0.0671   0.0671   0.0671   0.0671   0.0671   0.0671   0.0671   0.0671   0.0671   0.0671
     -0.0385   0.0039   0.0062  -0.1044  -0.1416  -0.0096   0.0406   0.0584   0.0835  -0.1374   0.1221  -0.1047
 SE   0.0671   0.0671   0.0671   0.0671   0.0671   0.0671   0.0671   0.0671   0.0671   0.0671   0.0671   0.0671
     -0.0609  -0.0397  -0.0433  -0.0676   0.0254  -0.0676  -0.0588  -0.0748  -0.0895   0.0497  -0.0147  -0.1146
 SE   0.0671   0.0671   0.0671   0.0671   0.0671   0.0671   0.0671   0.0671   0.0671   0.0671   0.0671   0.0671
  
 ARIMA MODEL ESTIMATION 
  
 METHOD OF ESTIMATION: EXACT MAXIMUM LIKELIHOOD           
  
 PARAMETER      ESTIMATE           STD ERROR      T RATIO   LAG  
  
 TH1         -0.73286           0.45664E-01      -16.05      1
  
 
 REGULAR MA INVERSE ROOTS ARE 
 NO.     REAL P.     IMAG.P.     MODULUS    ARGUMENT      PERIOD
  1      0.73286       0.0000      0.73286       0.0000            -  
  
 CORRELATIONS OF THE ESTIMATES 
  
  1.000
  
 AIC 
    -846.816
  
 BIC 
     -6.5792
  
 FINAL VALUE OF OBJECTIVE FUNCTION: 
               0.27397    
  
 RADETN:    1.00173620176676     
 ITERATIONS:            2
  
  NUMBER OF FUNCTION EVALUATIONS:            6
  

 ESTIMATES OF REGRESSION PARAMETERS 
 CONCENTRATED OUT OF THE LIKELIHOOD 

 PARAMETER           VALUE          ST. ERROR     T VALUE
 REG      1          0.84603E-02    (     0.00221)    3.83
 OUT 1 (183)         0.92788E-01    (     0.02340)    3.97   AO    ( 3 2020)
 OUT 2 (185)        -0.14740        (     0.02369)   -6.22   AO    ( 5 2020)
 OUT 3 (147)        -0.94346E-01    (     0.02345)   -4.02   AO    ( 3 2017)

 VAR-CORRELATION MATRIX OF ESTIMATORS 

   0.488E-05
   0.133E-01   0.547E-03
   0.157E+00   0.932E-01   0.561E-03
  -0.116E+00  -0.160E-02  -0.183E-01   0.550E-03


 VARIANCES ARE IN THE MAIN DIAGONAL; 
 OFF-DIAGONAL ELEMENTS ARE CORRELATIONS. 



ACF DIFFERENCED SERIES




 AUTOCORRELATIONS
 ----------------
     -0.4603   0.0909  -0.1899   0.0274   0.0303   0.0434   0.0232  -0.0310   0.0100  -0.0650   0.1884  -0.2600
 SE   0.0671   0.0801   0.0805   0.0825   0.0826   0.0826   0.0827   0.0828   0.0828   0.0828   0.0830   0.0850
      0.1560  -0.0724   0.0795  -0.0770  -0.0310   0.0856  -0.0097   0.0385  -0.0324  -0.1169   0.1258  -0.0883
 SE   0.0885   0.0897   0.0900   0.0903   0.0906   0.0906   0.0910   0.0910   0.0911   0.0911   0.0918   0.0926
      0.0688  -0.0045  -0.0275  -0.0220   0.0994  -0.1320   0.0657  -0.0740   0.0176   0.1492  -0.1601   0.0410
 SE   0.0929   0.0932   0.0932   0.0932   0.0932   0.0937   0.0945   0.0947   0.0950   0.0950   0.0961   0.0973
  
  
  NUMBER OF WHITE NOISE RESIDUALS          218
  
 WHITE NOISE RESIDUALS
  

 YEAR        JAN       FEB       MAR       APR       MAY       JUN       JUL       AUG       SEP       OCT       NOV       DEC 

 2006                                                        -0.031    -0.031    -0.076     0.073     0.026     0.052     0.001
 2007      -0.031     0.033     0.060     0.016     0.106    -0.064     0.010    -0.005     0.005     0.096     0.003    -0.043
 2008      -0.009    -0.012    -0.038     0.051    -0.001    -0.008    -0.012    -0.047    -0.021    -0.011     0.050     0.021
 2009      -0.025    -0.018    -0.046     0.008    -0.072     0.036     0.009     0.019    -0.048     0.014    -0.023    -0.018
 2010      -0.037    -0.024     0.021    -0.110     0.088     0.034    -0.005    -0.006     0.052    -0.024    -0.025    -0.006
 2011       0.063     0.020     0.066     0.032    -0.024    -0.030     0.025     0.047     0.032     0.005    -0.016     0.007
 2012       0.038     0.018    -0.052     0.073     0.024     0.019    -0.003    -0.001    -0.014     0.025     0.023    -0.002
 2013      -0.014    -0.004     0.032     0.016    -0.065    -0.003    -0.031    -0.014     0.015    -0.018    -0.033    -0.001
 2014       0.001     0.001    -0.005    -0.038     0.027    -0.027    -0.020    -0.000    -0.002     0.013    -0.028     0.020
 2015      -0.068     0.017     0.025     0.028    -0.023    -0.030    -0.029    -0.046    -0.028    -0.038     0.034     0.018
 2016       0.015    -0.002     0.011     0.032    -0.067    -0.084    -0.022    -0.013     0.014     0.066    -0.031    -0.045
 2017      -0.060     0.004     0.042     0.001     0.041     0.037     0.034     0.057     0.039     0.019    -0.028     0.010
 2018       0.028    -0.010     0.014    -0.016    -0.005    -0.003     0.023    -0.006     0.024    -0.030     0.011    -0.006
 2019      -0.000     0.032    -0.042     0.020    -0.047    -0.011    -0.020     0.037    -0.003     0.010    -0.051    -0.008
 2020       0.022    -0.038     0.033    -0.052     0.002     0.015     0.089    -0.016    -0.006    -0.003     0.021     0.010
 2021       0.005     0.018     0.032     0.057    -0.038    -0.011    -0.068    -0.006    -0.004    -0.022    -0.039     0.009
 2022       0.021     0.063    -0.008    -0.006    -0.023    -0.013     0.000     0.017     0.021     0.011    -0.044    -0.026
 2023      -0.082    -0.003     0.025     0.062     0.014     0.003    -0.011     0.015     0.016    -0.035     0.047     0.055
 2024       0.064    -0.025    -0.013    -0.012     0.040     0.024    -0.022
 
 
  STABILITY TEST
 
 
     1. FULL PERIOD
                  FIRST HALF                    SECOND HALF
           Mean(t)          Variance      Mean(t)          Variance
       0.12E-02( 0.34    )  0.14E-02  0.66E-03( 0.21    )  0.11E-02
 
      Mean assumed equal to 0
      VR(variance ratio)= 0.80    
 
      MEAN STABILITY IS NOT REJECTED.
      VARIANCE STABILITY IS NOT REJECTED.


 
     2. LAST 10 YEARS
                  FIRST HALF                    SECOND HALF
           Mean(t)          Variance      Mean(t)          Variance
      -0.16E-02(-0.38    )  0.10E-02  0.24E-02( 0.57    )  0.11E-02
 
      Mean assumed equal to 0
      VR(variance ratio)=  1.0    
 
      LAST 10 YEARS MEAN STABILITY IS NOT REJECTED.
      LAST 10 YEARS VARIANCE STABILITY IS NOT REJECTED.


 
  OUT-OF-SAMPLE TEST
  ------------------
      Model re-estimated on Linearized series for first 217 observations.
       18 One-Period-Ahead Forecasts computed with model fixed.
      Comparison between forecast errors (last   18 observations) and residuals (in-sample):

        Mean(Forecast Errors)
            p-value= 0.1033
            Mean of forecast errors can be assumed zero.

        Out-of-Sample MSE is :  0.1056E-02
        In-Sample MSE is :  0.1245E-02
        F( 18,204) is :  0.848E+00
            p-value(%)=64.2084

        Mean and Variance of forecast Errors and In-Sample residuals ARE NOT significantly different.


 TEST-STATISTICS ON RESIDUALS
 ----------------------------


           MEAN=   0.9347677E-03
        ST.DEV.=   0.2371688E-02
        OF MEAN
        T-VALUE=  0.3941

 NORMALITY TEST=   1.509        ( CHI-SQUARE(2) )

       SKEWNESS=  0.0560          ( SE =  0.1659 )
       KURTOSIS=  3.3919          ( SE =  0.3318 )

 SUM OF SQUARES=   0.2587067    

  DURBIN-WATSON=  1.9699

 STANDARD ERROR=   0.3547070E-01
 OF RESID.
  MSE OF RESID.=   0.1258171E-02




 AUTOCORRELATIONS
 ----------------
      0.0448   0.0349  -0.1834  -0.0473   0.0419   0.1201   0.0947   0.0344   0.0100  -0.0413   0.0809  -0.1964
 SE   0.0677   0.0677   0.0677   0.0677   0.0677   0.0677   0.0677   0.0677   0.0677   0.0677   0.0677   0.0677
 Q      0.44     0.71     8.21     8.72     9.11    12.38    14.42    14.69    14.71    15.10    16.62    25.61
 PV    -1.00     0.40     0.02     0.03     0.06     0.03     0.03     0.04     0.07     0.09     0.08     0.01
      0.0498  -0.0141   0.0121  -0.0767  -0.0352   0.0885   0.0637   0.0123  -0.1173  -0.1573   0.0083  -0.0774
 SE   0.0677   0.0677   0.0677   0.0677   0.0677   0.0677   0.0677   0.0677   0.0677   0.0677   0.0677   0.0677
 Q     26.19    26.23    26.27    27.66    27.96    29.84    30.81    30.85    34.20    40.26    40.27    41.75
 PV     0.01     0.02     0.02     0.02     0.03     0.03     0.03     0.04     0.02     0.01     0.01     0.01
      0.0393  -0.0155  -0.0555  -0.0478  -0.0071  -0.1593  -0.0479  -0.0573   0.0493   0.1157  -0.1078  -0.0020
 SE   0.0677   0.0677   0.0677   0.0677   0.0677   0.0677   0.0677   0.0677   0.0677   0.0677   0.0677   0.0677
 Q     42.14    42.20    42.97    43.55    43.56    50.03    50.62    51.47    52.10    55.59    58.63    58.63
 PV     0.01     0.02     0.02     0.02     0.03     0.01     0.01     0.01     0.01     0.01     0.01     0.01

  LJUNG-BOX Q VALUE OF ORDER  24 IS     41.75 AND IF RESIDUALS ARE RANDOM IT SHOULD BE DISTRIBUTED AS CHI-SQUARE(23)
  p-value= 0.0097

  Given that the lag-12 autocorrelation is <0, the statistics Qs is not associated with
   the presence of residual seasonality. Thus Qs is set =0.

 APPROXIMATE TEST OF RUNS ON RESIDUALS
 -------------------------------------
  NUM.DATA= 218
   NUM.(+)= 109
   NUM.(-)= 109
  NUM.RUNS=  97
   T-VALUE= -1.7650


  NON-PARAMETRIC TEST FOR RESIDUAL SEASONALITY (FRIEDMAN) SEAS_NP =      8.14
    ASYMP. DISTRIBUTED AS CHI-SQUARE(11)
    p-value= 0.7010



 SQUARED RESIDUALS:
 ------------------




 AUTOCORRELATIONS
 ----------------
      0.1008  -0.0224  -0.0496  -0.0253   0.0476  -0.0439   0.0556   0.0383   0.0817   0.0184   0.1257   0.0084
 SE   0.0677   0.0677   0.0677   0.0677   0.0677   0.0677   0.0677   0.0677   0.0677   0.0677   0.0677   0.0677
 Q      2.25     2.36     2.91     3.05     3.56     4.00     4.70     5.04     6.57     6.65    10.31    10.32
 PV    -1.00     0.12     0.23     0.38     0.47     0.55     0.58     0.66     0.58     0.67     0.41     0.50
      0.0508   0.0511  -0.0409  -0.0216  -0.0150  -0.0460  -0.0201  -0.0308  -0.0225  -0.0405   0.0150   0.1252
 SE   0.0677   0.0677   0.0677   0.0677   0.0677   0.0677   0.0677   0.0677   0.0677   0.0677   0.0677   0.0677
 Q     10.93    11.54    11.93    12.05    12.10    12.61    12.70    12.93    13.06    13.46    13.51    17.39
 PV     0.54     0.57     0.61     0.68     0.74     0.76     0.81     0.84     0.87     0.89     0.92     0.79
     -0.0790  -0.0408  -0.0892  -0.0369  -0.1076   0.1333   0.0021  -0.0575   0.0021  -0.0029   0.1754   0.0620
 SE   0.0677   0.0677   0.0677   0.0677   0.0677   0.0677   0.0677   0.0677   0.0677   0.0677   0.0677   0.0677
 Q     18.94    19.36    21.35    21.70    24.64    29.17    29.17    30.03    30.03    30.03    38.09    39.10
 PV     0.76     0.78     0.72     0.75     0.65     0.46     0.51     0.52     0.57     0.62     0.29     0.29

  McLEOD-LI Q VALUE OF ORDER  24 IS     17.39 AND IF RESIDUALS ARE RANDOM IT SHOULD BE DISTRIBUTED AS CHI-SQUARE(24)
  p-value= 0.8316
 
 
 
SPECTRAL DIAGNOSTICS
 --------------------
 
A. SEASONAL SPECTRAL PEAKS
 
                           Frequency (cycles per year)
                     One    Two   Three  Four   Five    Six  
 Original series      -T     AT     aT     -T     aT     -t
 Linearized series    -T     AT     AT     -T     aT     -t
 Residuals            --     --     --     --     --     --
 
 AT : peaks detected in AR(30) and using Tukey spectrum  estimator
 A- : only peaks detected in AR(30) spectrum estimator
 -T : only peaks detected using Tukey spectrum estimator
 -- : No peaks detected in AR(30) nor using Tukey spectrum estimator
 
 
 
B. STOCHASTIC SEASONALITY: SPECTRAL EVIDENCE
 
 1 :  SERIES CONTAINS SEASONALITY THAT CAN BE RELIABLY EXTRACTED.
 0 :  SEASONALITY IS NOT PRESENT IN THE SERIES OR IS TOO WEAK TO BE RELIABLY CAPTURED.
 
 ORIGINAL SERIES :   1
 LINEARIZED SERIES : 1
 RESIDUALS :         0
 
 
 
C. TRADING DAY EFFECT: SPECTRAL EVIDENCE
 
 1 :  TRADING DAY EFFECT DETECTED
 0 :  NO TRADING DAY EFFECT DETECTED
 
 LINEARIZED SERIES : 0
 RESIDUALS :         0
 
 
OVERALL TEST FOR IDENTIFIABLE SEASONALITY 
----------------------------------------- 
 
  AUTOCORRELATION FUNCTION EVIDENCE : YES
  NON-PARAMETRIC EVIDENCE           : YES
  F-TEST                            :  - 
  SPECTRAL EVIDENCE                 : YES
 
IDENTIFIABLE SEASONALITY FOUND IN SERIES
 
 
OVERALL TEST FOR RESIDUALS SEASONALITY 
----------------------------------------- 
 
  AUTOCORRELATION FUNCTION EVIDENCE : NO 
  NON-PARAMETRIC EVIDENCE           : NO 
  F-TEST                            : NO 
  SPECTRAL EVIDENCE                 : NO 
 
NO IDENTIFIABLE SEASONALITY FOUND IN RESIDUALS
 
 
ARIMA MODEL : ACCEPTABLE FIT
----------------------------
  Point estimation is acceptable. Variance variablility/Non-Normality likely to have a mild effect  on some interferences
 
QUALITY ARIMA MODEL TESTS
----------------------------------------

  Mean in residuals                      :GOOD        
  Autocorrelation in residuals           :ACCEPTABLE  
  Normality of residuals                 :GOOD        
  Skewness of residuals                  :GOOD        
  Kurtosis of residuals                  :GOOD        
  Randomness of residual sign            :GOOD        
  Instability of residual mean           :GOOD        
  Instability of residual variance       :GOOD        
  Seasonality in residuals               :GOOD        
  Trading day in residuals               :GOOD        
  Out-of-sample forecast errors          :GOOD        
  Number of outliers                     :GOOD        
 


 LINEAR SERIES


 YEAR        JAN       FEB       MAR       APR       MAY       JUN       JUL       AUG       SEP       OCT       NOV       DEC 

 2005      49.195    44.065    42.978    40.277    45.479    54.969    50.790    51.151    39.906    40.894    49.281    49.200
 2006      49.579    43.564    40.138    39.948    46.375    52.774    48.366    46.176    40.948    40.850    50.877    48.921
 2007      47.777    44.366    42.378    41.023    52.346    51.677    50.161    47.270    42.308    46.264    53.870    49.517
 2008      49.458    45.680    42.390    44.397    54.497    53.424    51.526    46.761    42.394    46.562    57.446    52.000
 2009      49.900    46.068    41.379    45.190    51.316    54.969    52.122    47.873    40.802    47.058    56.164    50.769
 2010      47.584    44.065    41.129    39.641    53.292    55.368    50.962    46.673    42.095    45.640    54.069    49.456
 2011      49.598    44.766    43.978    41.676    53.440    54.869    52.910    49.858    44.882    47.760    55.466    51.700
 2012      53.569    47.865    44.078    46.667    58.118    59.757    56.669    53.440    47.470    52.320    61.053    55.871
 2013      57.174    51.376    48.988    51.471    59.411    63.887    58.873    56.002    50.984    54.604    62.477    58.500
 2014      59.954    53.880    51.105    51.871    63.228    64.893    59.766    57.692    52.445    56.986    62.779    61.200
 2015      57.747    55.482    53.273    54.605    63.765    64.546    59.071    55.600    50.853    54.267    63.646    61.577
 2016      58.237    55.213    53.673    56.368    60.108    58.760    55.939    52.843    49.460    55.838    60.454    57.200
 2017      52.672    52.377    52.932    53.976    59.909    58.959    56.545    55.132    51.486    57.571    59.756    58.278
 2018      54.800    52.878    54.572    54.226    60.605    59.657    58.672    55.928    53.745    57.284    61.452    59.098
 2019      55.789    55.582    53.726    56.168    59.013    59.460    57.781    58.009    54.095    58.376    59.056    58.500
 2020      56.762    53.579    55.020    53.317    58.293    59.558    62.546    57.909    54.336    58.672    60.753    59.891
 2021      57.933    55.482    58.077    58.172    58.712    61.054    60.374    58.416    54.834    58.060    58.758    60.173
 2022      59.055    59.288    58.771    58.863    58.317    60.855    60.786    59.809    56.625    59.675    57.362    59.100
 2023      54.467    57.886    58.969    61.701    59.212    61.353    60.483    60.904    57.909    58.372    60.255    63.261
 2024      59.844    59.185    60.479    63.364    63.690    65.597    62.347


  AUTOCORRELATION FUNCTION TEST FOR SEASONALITY IN LINEARIZEDSERIES QS =   242.81  ASIMPTOTICALLY DISTRIBUTED AS CHI-SQUARE(2)
    p-value= 0.0000


  NON-PARAMETRIC TEST FOR SEASONALITY IN LINEARIZED SERIES (FRIEDMAN) SEAS_NP =    102.94
    ASYMP. DISTRIBUTED AS CHI-SQUARE(11)
    p-value= 0.0000


TOTAL OUTLIER EFFECT FACTORS


 YEAR        JAN       FEB       MAR       APR       MAY       JUN       JUL       AUG       SEP       OCT       NOV       DEC 

 2005     100.000   100.000   100.000   100.000   100.000   100.000   100.000   100.000   100.000   100.000   100.000   100.000
 2006     100.000   100.000   100.000   100.000   100.000   100.000   100.000   100.000   100.000   100.000   100.000   100.000
 2007     100.000   100.000   100.000   100.000   100.000   100.000   100.000   100.000   100.000   100.000   100.000   100.000
 2008     100.000   100.000   100.000   100.000   100.000   100.000   100.000   100.000   100.000   100.000   100.000   100.000
 2009     100.000   100.000   100.000   100.000   100.000   100.000   100.000   100.000   100.000   100.000   100.000   100.000
 2010     100.000   100.000   100.000   100.000   100.000   100.000   100.000   100.000   100.000   100.000   100.000   100.000
 2011     100.000   100.000   100.000   100.000   100.000   100.000   100.000   100.000   100.000   100.000   100.000   100.000
 2012     100.000   100.000   100.000   100.000   100.000   100.000   100.000   100.000   100.000   100.000   100.000   100.000
 2013     100.000   100.000   100.000   100.000   100.000   100.000   100.000   100.000   100.000   100.000   100.000   100.000
 2014     100.000   100.000   100.000   100.000   100.000   100.000   100.000   100.000   100.000   100.000   100.000   100.000
 2015     100.000   100.000   100.000   100.000   100.000   100.000   100.000   100.000   100.000   100.000   100.000   100.000
 2016     100.000   100.000   100.000   100.000   100.000   100.000   100.000   100.000   100.000   100.000   100.000   100.000
 2017     100.000   100.000    90.997   100.000   100.000   100.000   100.000   100.000   100.000   100.000   100.000   100.000
 2018     100.000   100.000   100.000   100.000   100.000   100.000   100.000   100.000   100.000   100.000   100.000   100.000
 2019     100.000   100.000   100.000   100.000   100.000   100.000   100.000   100.000   100.000   100.000   100.000   100.000
 2020     100.000   100.000   109.723   100.000    86.295   100.000   100.000   100.000   100.000   100.000   100.000   100.000
 2021     100.000   100.000   100.000   100.000   100.000   100.000   100.000   100.000   100.000   100.000   100.000   100.000
 2022     100.000   100.000   100.000   100.000   100.000   100.000   100.000   100.000   100.000   100.000   100.000   100.000
 2023     100.000   100.000   100.000   100.000   100.000   100.000   100.000   100.000   100.000   100.000   100.000   100.000
 2024     100.000   100.000   100.000   100.000   100.000   100.000   100.000


TOTAL REGRESSION EFFECT FACTORS


 YEAR        JAN       FEB       MAR       APR       MAY       JUN       JUL       AUG       SEP       OCT       NOV       DEC 

 2005      99.399    99.852   100.051   100.057   100.486   100.239    99.036   100.486   100.486    99.036   100.241   100.000
 2006     100.244    99.852   100.901    98.378   100.486   100.239    99.036   100.486    99.639    99.877   100.241    98.322
 2007     101.096    99.852   100.051    99.214   100.486   100.239    99.877   100.486    98.800   100.726   100.241    99.158
 2008     101.096   100.700    98.372   100.907    99.639    99.394   100.726    98.800   100.486   100.726    99.397   100.000
 2009      99.399    99.852   100.051   100.907    98.800   100.239   100.726    99.639   100.486    99.877   100.241   100.850
 2010      98.562    99.852   100.901   100.907    99.639   100.239    99.877   100.486   100.486    99.036   100.241   101.706
 2011      99.399    99.852   100.051   100.057   100.486   100.239    99.036   100.486   100.486    99.036   100.241   100.000
 2012     100.244   100.700   100.051    99.214   100.486   100.239    99.877   100.486    98.800   100.726   100.241    99.158
 2013     101.096    99.852    99.208   100.057   100.486    99.394   100.726    99.639    99.639   100.726    99.397   100.000
 2014     100.244    99.852    99.208   100.057    99.639    99.394   100.726    98.800   100.486   100.726    99.397   100.000
 2015      99.399    99.852   100.051   100.907    98.800   100.239   100.726    99.639   100.486    99.877   100.241   100.850
 2016      98.562   100.700   100.051   100.057   100.486   100.239    99.036   100.486   100.486    99.036   100.241   100.000
 2017     100.244    99.852   100.901    98.378   100.486   100.239    99.036   100.486    99.639    99.877   100.241    98.322
 2018     101.096    99.852   100.051    99.214   100.486   100.239    99.877   100.486    98.800   100.726   100.241    99.158
 2019     101.096    99.852    99.208   100.057   100.486    99.394   100.726    99.639    99.639   100.726    99.397   100.000
 2020     100.244    99.852   100.051   100.907    98.800   100.239   100.726    99.639   100.486    99.877   100.241   100.850
 2021      98.562    99.852   100.901   100.907    99.639   100.239    99.877   100.486   100.486    99.036   100.241   101.706
 2022      99.399    99.852   100.901    99.214   100.486   100.239    99.036   100.486   100.486    99.036   100.241   100.000
 2023     100.244    99.852   100.901    98.378   100.486   100.239    99.036   100.486    99.639    99.877   100.241    98.322
 2024     101.096   100.700    99.208   100.057   100.486    99.394   100.726
 
 
 
 FORECAST FUNCTION OF ORIGINAL SERIES: 
  
ORIGIN: 235 PERIODS AHEAD: 24
  
 OBS    DATE         FORECAST          STD ERROR        FORECAST          STD ERROR   
                        (SERIES IN LOGS)                     (SERIES IN LEVELS)       
 236  Aug-2024       4.15055          0.346731E-01       63.4686           2.20131    
 237  Sep-2024       4.10012          0.357518E-01       60.3473           2.15821    
 238  Oct-2024       4.11892          0.369314E-01       61.4929           2.27179    
 239  Nov-2024       4.13739          0.381767E-01       62.6390           2.39222    
 240  Dec-2024       4.19213          0.393002E-01       66.1638           2.60125    
 241  Jan-2025       4.13904          0.403438E-01       62.7427           2.53231    
 242  Feb-2025       4.12405          0.413848E-01       61.8093           2.55906    
 243  Mar-2025       4.13920          0.422927E-01       62.7528           2.65517    
 244  Apr-2025       4.19432          0.432869E-01       66.3088           2.87165    
 245  May-2025       4.19528          0.443615E-01       66.3724           2.94583    
 246  Jun-2025       4.22232          0.452097E-01       68.1914           3.08449    
 247  Jul-2025       4.18481          0.461411E-01       65.6813           3.03222    
 248  Aug-2025       4.18694          0.638939E-01       65.8213           4.20988    
 249  Sep-2025       4.15343          0.662023E-01       63.6522           4.21854    
 250  Oct-2025       4.16378          0.687245E-01       64.3141           4.42518    
 251  Nov-2025       4.18225          0.712762E-01       65.5128           4.67544    
 252  Dec-2025       4.23699          0.735520E-01       69.1994           5.09665    
 253  Jan-2026       4.17544          0.760529E-01       65.0685           4.95581    
 254  Feb-2026       4.16891          0.781106E-01       64.6451           5.05718    
 255  Mar-2026       4.19252          0.801540E-01       66.1895           5.31389    
 256  Apr-2026       4.24764          0.822496E-01       69.9403           5.76230    
 257  May-2026       4.23168          0.845300E-01       68.8327           5.82884    
 258  Jun-2026       4.27564          0.862881E-01       71.9259           6.21792    
 259  Jul-2026       4.22967          0.882583E-01       68.6947           6.07471    
