
                                        PROGRAM TRAMO+

             (based on program TRAMO, Victor Gomez and Agustin Maravall©,1996)

         Developed at the Bank of Spain by Gianluca Caporello and Agustin Maravall,
         with programming support from Domingo Pérez Cañete and Roberto López Pavón.

                 VERSION: 1.0 (Revision: 942  Build: 2017/09/25 09:39:13)


 SERIES TITLE=DIVIZ16                                                                         

 INPUT PARAMETERS
   lam= 0   imean= 0   ireg= 4   seats= 2   int2=235   rsa= 0   modelsumm= 1   va=   3.762
 
  WARNING :
    Remember to define the regression variable name in the first line of the external regression file.
   Name : NOT DEFINED.
   Reglist01
    Iuser=-1   Nser= 1   Ilong= 312
 
   Name : NOT DEFINED.
   Reglist02
    Iuser= 2   Nser= 3   Ilong=   0
 
   Fixed Outliers:
   #Observ. Type
      56     AO
     184     AO
     183     TC
 

 NUMBER OF OBSERVATIONS: 235


 ORIGINAL SERIES 

 YEAR        JAN       FEB       MAR       APR       MAY       JUN       JUL       AUG       SEP       OCT       NOV       DEC 

 2005      64.500    73.100    73.400    73.300    71.500    67.800    75.600    28.300    78.600    73.100    71.100    49.500
 2006      76.000    76.100    90.700    68.500    84.700    87.300    88.200    39.400    97.400    90.100    88.900    65.200
 2007      73.600    77.200    93.200    77.600    90.600    86.800    92.500    44.500    87.000   100.100    86.700    59.000
 2008      90.700    93.300    89.400    89.500    93.500    92.600   109.800    34.600    86.500    88.100    66.400    49.800
 2009      57.000    56.200    58.200    56.000    51.700    54.800    70.900    21.800    62.900    70.900    65.400    49.100
 2010      49.500    63.000    67.800    69.900    65.900    66.900    77.000    30.900    71.600    71.900    66.800    50.300
 2011      54.900    64.500    72.100    67.400    75.000    72.000    84.100    34.700    69.300    72.700    70.600    51.800
 2012      59.500    68.100    76.000    61.100    66.000    63.900    80.500    31.200    64.500    67.600    62.800    42.300
 2013      60.500    62.200    60.600    61.500    67.600    63.400    74.100    35.100    63.400    72.100    63.400    44.100
 2014      62.900    61.600    66.400    63.200    64.600    64.000    75.200    29.900    68.100    78.800    66.500    55.200
 2015      59.200    66.200    74.000    76.800    73.800    74.100    87.800    34.400    72.400    79.900    76.100    57.700
 2016      68.300    81.100    88.300    83.700    86.200    83.400    90.100    42.200    84.200    81.100    81.100    63.500
 2017      69.300    82.200    89.500    77.400    86.600    82.800    83.600    45.600    83.700    87.900    87.600    63.400
 2018      80.300    90.300    92.700    82.100    91.400    95.000    95.500    49.200    82.300    95.200    92.200    59.800
 2019      85.900    87.200    97.800    88.500   102.100    90.600   102.400    45.400    97.200    98.900    89.200    63.300
 2020      87.800    88.300    74.300    44.800    78.500    78.700    95.200    49.200    93.000    94.700    97.500    69.100
 2021      78.800    92.100   104.500   101.700    99.500   108.700   112.000    60.500   119.700   114.100   119.800    88.600
 2022     100.200   122.900   155.600   126.300   146.400   133.100   126.800    57.800   118.300   110.400   117.900    90.700
 2023     103.600   119.400   137.100   103.600   116.600   117.900   104.600    54.300   108.400   109.800   106.800    78.500
 2024      99.700   110.800   121.200   109.000   121.800   109.000   120.100


 MODEL PARAMETERS            
 ----------------
  MQ= 12         IMEAN=  0      LAM=  0      D=  1       BD=  1
  P=  0          BP=  0         Q=  1        BQ=  1      IREG=  4
  ITRAD=  0      SMPDAY=  0     IEAST=  0      IDUR=  6     M= 36       IQM= 24
  INCON=  0      NBACK=  0      NPRED= 24    INTERP=  2  INIT=  0
  IFILT=  2      IROOT=  2    INIC=  0    ICONCE=  1
  ICDET=  1      IATIP=  0      IMVX=  0     IDIF=  0    PG=  0
  AIO=  2        INT1=  1       INT2= 235    RSA=  0     SEATS=  2
  VA= 3.76       TOL=  0.100E-03             PC=  0.120E+00
  NOADMISS= 1    STOCHTD 0    BIAS= 1
  THLIM=  0.000  BTHLIM=  0.000   RMOD=  0.500



TH =        -0.10

BTH =        -0.10

WARNING: When adjusting for degrees of freedom in
 order to compute white-noise residuals, the Housholder
 transformation contains an element of arbitrariness 
 that, when multiple regressors are entered, may produce
 a slight variation in results when the order in which
 regressors are entered changes



NUMBER OF INITIAL OBS. =  13

Log-Level pretest : LOGS are Selected
 DIFFERENCED TRANSFORMED SERIES

 YEAR        JAN       FEB       MAR       APR       MAY       JUN       JUL       AUG       SEP       OCT       NOV       DEC 

 2006                -0.124     0.171    -0.279     0.237     0.083    -0.099     0.177    -0.116    -0.005     0.014     0.052
 2007      -0.308     0.046     0.013     0.098    -0.057    -0.073     0.053     0.074    -0.235     0.218    -0.130    -0.075
 2008       0.309    -0.019    -0.231     0.184    -0.111     0.033     0.107    -0.423     0.246    -0.122    -0.139     0.097
 2009      -0.295    -0.042     0.078    -0.040    -0.124     0.068     0.087    -0.025     0.143     0.101     0.202     0.001
 2010      -0.127     0.255     0.038     0.069     0.021    -0.043    -0.117     0.266    -0.219    -0.116     0.007     0.003
 2011       0.079    -0.080     0.038    -0.098     0.166    -0.056     0.015     0.028    -0.149     0.044     0.044    -0.026
 2012       0.051    -0.026    -0.002    -0.151    -0.030     0.008     0.076    -0.063     0.035    -0.001    -0.044    -0.086
 2013       0.219    -0.107    -0.136     0.233     0.017    -0.032    -0.075     0.201    -0.135     0.082    -0.055     0.032
 2014      -0.003    -0.049     0.101    -0.064    -0.073     0.055     0.005    -0.175     0.232     0.017    -0.041     0.177
 2015      -0.285     0.133     0.036     0.087    -0.062     0.013     0.008    -0.015    -0.079    -0.047     0.121    -0.091
 2016       0.099     0.060    -0.026    -0.091     0.069    -0.037    -0.092     0.179    -0.053    -0.136     0.049     0.032
 2017      -0.081    -0.001     0.000    -0.092     0.083    -0.012    -0.068     0.152    -0.083     0.086    -0.003    -0.079
 2018       0.149    -0.053    -0.059     0.024    -0.005     0.084    -0.004    -0.057    -0.093     0.097    -0.029    -0.110
 2019       0.126    -0.102     0.088     0.022     0.036    -0.158     0.117    -0.150     0.247    -0.128    -0.071     0.090
 2020      -0.035    -0.009    -0.287    -0.406     0.418     0.122     0.068     0.153    -0.125     0.001     0.132    -0.001
 2021      -0.196     0.150     0.299     0.479    -0.583     0.086    -0.160     0.044     0.046    -0.066     0.020     0.043
 2022      -0.008     0.048     0.110    -0.181     0.170    -0.184    -0.078    -0.170     0.034    -0.021     0.017     0.039
 2023       0.010    -0.062    -0.098    -0.072    -0.029     0.106    -0.071     0.130    -0.025     0.082    -0.093    -0.046
 2024       0.106    -0.036    -0.049     0.174    -0.007    -0.122     0.217




 AUTOCORRELATIONS
 ----------------
     -0.4253   0.0866   0.0585  -0.0007  -0.0240   0.0510  -0.0683  -0.0017   0.0593  -0.1308   0.2464  -0.4218
 SE   0.0671   0.0783   0.0787   0.0789   0.0789   0.0790   0.0791   0.0794   0.0794   0.0796   0.0806   0.0839
      0.0903   0.0377  -0.0800  -0.0327   0.0498  -0.0382   0.0900  -0.0319  -0.0118   0.0641  -0.0407  -0.0482
 SE   0.0929   0.0933   0.0934   0.0937   0.0938   0.0939   0.0940   0.0943   0.0944   0.0944   0.0946   0.0947
      0.0967  -0.1052   0.0765  -0.0264   0.0415  -0.1023  -0.0049   0.0260  -0.0797   0.0085  -0.0014   0.0489
 SE   0.0948   0.0952   0.0957   0.0960   0.0961   0.0961   0.0966   0.0966   0.0967   0.0970   0.0970   0.0970


 PARTIAL AUTOCORRELATIONS
 ---------------------
     -0.4253  -0.1151   0.0626   0.0753   0.0048   0.0365  -0.0465  -0.0619   0.0374  -0.0961   0.2014  -0.3230
 SE   0.0671   0.0671   0.0671   0.0671   0.0671   0.0671   0.0671   0.0671   0.0671   0.0671   0.0671   0.0671
     -0.2652  -0.0613  -0.0256  -0.0212  -0.0137   0.0173   0.1039  -0.0138   0.0372   0.0019   0.1012  -0.2268
 SE   0.0671   0.0671   0.0671   0.0671   0.0671   0.0671   0.0671   0.0671   0.0671   0.0671   0.0671   0.0671
     -0.1413  -0.1113   0.0149  -0.0686   0.0540  -0.1031  -0.0543  -0.0175  -0.0585  -0.0268   0.0706  -0.0822
 SE   0.0671   0.0671   0.0671   0.0671   0.0671   0.0671   0.0671   0.0671   0.0671   0.0671   0.0671   0.0671
  
 ARIMA MODEL ESTIMATION 
  
 METHOD OF ESTIMATION: EXACT MAXIMUM LIKELIHOOD           
  
 PARAMETER      ESTIMATE           STD ERROR      T RATIO   LAG  
  
 TH1         -0.44664           0.61259E-01       -7.29      1
 BTH         -0.75615           0.44805E-01      -16.88     12
  
 
 REGULAR MA INVERSE ROOTS ARE 
 NO.     REAL P.     IMAG.P.     MODULUS    ARGUMENT      PERIOD
  1      0.44664       0.0000      0.44664       0.0000            -  
 
 SEASONAL MA INVERSE ROOTS ARE 
 NO.     REAL P.     IMAG.P.     MODULUS    ARGUMENT      PERIOD
  1      0.75615       0.0000      0.75615       0.0000            -  
  
 CORRELATIONS OF THE ESTIMATES 
  
  1.000   -0.198
 -0.198    1.000
  
 AIC 
    -531.513
  
 BIC 
     -5.1870
  
 FINAL VALUE OF OBJECTIVE FUNCTION: 
                1.1236    
  
 RADETN:    1.02369859143942     
 ITERATIONS:            3
  
  NUMBER OF FUNCTION EVALUATIONS:           11
  

 ESTIMATES OF REGRESSION PARAMETERS 
 CONCENTRATED OUT OF THE LIKELIHOOD 

 PARAMETER           VALUE          ST. ERROR     T VALUE
 REG      1          0.37173E-01    (     0.00399)    9.32
 OUT 1 ( 56)        -0.22957        (     0.05665)   -4.05   AO    ( 8 2009)
 OUT 2 (184)        -0.52644        (     0.05879)   -8.95   AO    ( 4 2020)
 OUT 3 (183)        -0.31467        (     0.06293)   -5.00   TC    ( 3 2020)

 VAR-CORRELATION MATRIX OF ESTIMATORS 

   0.159E-04
   0.677E-01   0.321E-02
  -0.130E+00  -0.894E-02   0.346E-02
   0.219E-01   0.105E-02  -0.245E+00   0.396E-02


 VARIANCES ARE IN THE MAIN DIAGONAL; 
 OFF-DIAGONAL ELEMENTS ARE CORRELATIONS. 



ACF DIFFERENCED SERIES




 AUTOCORRELATIONS
 ----------------
     -0.4284   0.0850   0.0538   0.0066  -0.0339   0.0541  -0.0754   0.0163   0.0447  -0.1213   0.2466  -0.4433
 SE   0.0671   0.0785   0.0789   0.0791   0.0791   0.0791   0.0793   0.0796   0.0796   0.0797   0.0806   0.0839
      0.1135   0.0371  -0.0751  -0.0430   0.0540  -0.0375   0.1094  -0.0631   0.0026   0.0673  -0.0569  -0.0094
 SE   0.0939   0.0945   0.0945   0.0948   0.0949   0.0950   0.0951   0.0957   0.0959   0.0959   0.0961   0.0962
      0.0646  -0.0989   0.0762  -0.0147   0.0361  -0.1086  -0.0190   0.0557  -0.0857  -0.0134   0.0311   0.0210
 SE   0.0962   0.0964   0.0969   0.0971   0.0972   0.0972   0.0978   0.0978   0.0979   0.0983   0.0983   0.0983
  
  
  NUMBER OF WHITE NOISE RESIDUALS          218
  
 WHITE NOISE RESIDUALS
  

 YEAR        JAN       FEB       MAR       APR       MAY       JUN       JUL       AUG       SEP       OCT       NOV       DEC 

 2006                                                         0.105    -0.032     0.127    -0.007    -0.067     0.011     0.106
 2007      -0.286    -0.075     0.071    -0.021     0.044    -0.011    -0.033     0.164    -0.141     0.033    -0.047    -0.068
 2008       0.101     0.014    -0.039    -0.018     0.027     0.024     0.023    -0.170    -0.124    -0.038    -0.155    -0.078
 2009      -0.123    -0.152    -0.133    -0.026    -0.071    -0.030     0.117     0.089    -0.042     0.129     0.085     0.033
 2010      -0.097     0.101    -0.001     0.129    -0.002    -0.005     0.013    -0.004    -0.014     0.024     0.001    -0.037
 2011      -0.021     0.055     0.065     0.027     0.059     0.005     0.065     0.012    -0.151    -0.002     0.036     0.036
 2012      -0.047     0.001     0.066    -0.085    -0.070    -0.039     0.068    -0.007    -0.012    -0.105     0.010    -0.028
 2013       0.084     0.021    -0.077     0.038     0.048     0.021    -0.075     0.212    -0.121    -0.010     0.021    -0.058
 2014       0.119    -0.045     0.016    -0.002    -0.013     0.011    -0.054     0.024     0.006     0.090     0.018     0.134
 2015      -0.079    -0.014     0.020     0.088     0.043    -0.029    -0.012    -0.021    -0.055     0.031     0.044     0.024
 2016       0.079     0.037     0.047     0.028    -0.027    -0.011    -0.022     0.045    -0.030    -0.070     0.003     0.074
 2017      -0.108     0.063    -0.023     0.014    -0.015    -0.018    -0.088     0.154    -0.016    -0.038     0.043     0.070
 2018      -0.038     0.051    -0.037    -0.049    -0.006     0.073    -0.070     0.095    -0.077    -0.035     0.038    -0.092
 2019       0.070    -0.020     0.071    -0.045     0.065    -0.035    -0.050    -0.003     0.081    -0.056    -0.018    -0.075
 2020       0.090    -0.045     0.031    -0.018    -0.007    -0.087     0.008     0.149    -0.049    -0.027     0.043    -0.038
 2021      -0.012     0.004    -0.015     0.052    -0.004     0.103    -0.010     0.098     0.055     0.002     0.033    -0.018
 2022      -0.009     0.091     0.140     0.001     0.038    -0.049    -0.105    -0.176    -0.036    -0.054     0.017     0.097
 2023      -0.059     0.020    -0.014    -0.087    -0.077     0.022    -0.121    -0.028     0.035    -0.009    -0.029     0.094
 2024      -0.057    -0.025     0.053    -0.033     0.032    -0.024    -0.017
 
 
  STABILITY TEST
 
 
     1. FULL PERIOD
                  FIRST HALF                    SECOND HALF
           Mean(t)          Variance      Mean(t)          Variance
      -0.16E-02(-0.21    )  0.61E-02 -0.18E-03(-0.32E-01)  0.35E-02
 
      Mean assumed equal to 0
      VR(variance ratio)= 0.58    
 
      MEAN STABILITY IS NOT REJECTED.
      VARIANCE STABILITY IS REJECTED.


 
     2. LAST 10 YEARS
                  FIRST HALF                    SECOND HALF
           Mean(t)          Variance      Mean(t)          Variance
       0.78E-02(  1.1    )  0.33E-02 -0.25E-02(-0.31    )  0.39E-02
 
      Mean assumed equal to 0
      VR(variance ratio)=  1.2    
 
      LAST 10 YEARS MEAN STABILITY IS NOT REJECTED.
      LAST 10 YEARS VARIANCE STABILITY IS NOT REJECTED.


      Residual mean and/or variance fail stability test for full period.
      Removing early years may improve stability.
      Test redone for last 10 years.

 
  OUT-OF-SAMPLE TEST
  ------------------
      Model re-estimated on Linearized series for first 217 observations.
       18 One-Period-Ahead Forecasts computed with model fixed.
      Comparison between forecast errors (last   18 observations) and residuals (in-sample):

        Mean(Forecast Errors)
            p-value= 0.3903
            Mean of forecast errors can be assumed zero.

        Out-of-Sample MSE is :  0.2547E-02
        In-Sample MSE is :  0.5026E-02
        F( 18,204) is :  0.507E+00
            p-value(%)=95.3119

        Mean and Variance of forecast Errors and In-Sample residuals ARE NOT significantly different.


 TEST-STATISTICS ON RESIDUALS
 ----------------------------


           MEAN=  -0.8895079E-03
        ST.DEV.=   0.4699455E-02
        OF MEAN
        T-VALUE= -0.1893

 NORMALITY TEST=   11.56        ( CHI-SQUARE(2) )

       SKEWNESS= -0.1943          ( SE =  0.1659 )
       KURTOSIS=  4.0588          ( SE =  0.3318 )

 SUM OF SQUARES=    1.041134    

  DURBIN-WATSON=  2.1466

 STANDARD ERROR=   0.7045445E-01
 OF RESID.
  MSE OF RESID.=   0.4963830E-02




 AUTOCORRELATIONS
 ----------------
     -0.0699   0.0838   0.1302   0.0252  -0.0455   0.0575  -0.0718   0.0129   0.0628  -0.0480  -0.0336  -0.0138
 SE   0.0677   0.0677   0.0677   0.0677   0.0677   0.0677   0.0677   0.0677   0.0677   0.0677   0.0677   0.0677
 Q      1.08     2.64     6.42     6.56     7.03     7.78     8.95     8.99     9.89    10.42    10.68    10.73
 PV    -1.00    -1.00     0.01     0.04     0.07     0.10     0.11     0.17     0.19     0.24     0.30     0.38
     -0.0928  -0.0354  -0.0489  -0.0467  -0.0321   0.0153   0.0367  -0.0340   0.0550   0.0128  -0.0601   0.0030
 SE   0.0677   0.0677   0.0677   0.0677   0.0677   0.0677   0.0677   0.0677   0.0677   0.0677   0.0677   0.0677
 Q     12.74    13.04    13.60    14.12    14.36    14.42    14.75    15.03    15.76    15.80    16.69    16.69
 PV     0.31     0.37     0.40     0.44     0.50     0.57     0.61     0.66     0.67     0.73     0.73     0.78
      0.0056  -0.0670   0.0327  -0.0126  -0.0405  -0.1166  -0.0742   0.0126  -0.0381  -0.0237  -0.0107   0.0427
 SE   0.0677   0.0677   0.0677   0.0677   0.0677   0.0677   0.0677   0.0677   0.0677   0.0677   0.0677   0.0677
 Q     16.70    17.82    18.09    18.13    18.55    22.01    23.42    23.46    23.84    23.99    24.02    24.50
 PV     0.82     0.81     0.84     0.87     0.89     0.78     0.76     0.80     0.82     0.84     0.87     0.88

  LJUNG-BOX Q VALUE OF ORDER  24 IS     16.69 AND IF RESIDUALS ARE RANDOM IT SHOULD BE DISTRIBUTED AS CHI-SQUARE(22)
  p-value= 0.7801

  Given that the lag-12 autocorrelation is <0, the statistics Qs is not associated with
   the presence of residual seasonality. Thus Qs is set =0.

 APPROXIMATE TEST OF RUNS ON RESIDUALS
 -------------------------------------
  NUM.DATA= 218
   NUM.(+)= 109
   NUM.(-)= 109
  NUM.RUNS= 114
   T-VALUE=  0.5431


  NON-PARAMETRIC TEST FOR RESIDUAL SEASONALITY (FRIEDMAN) SEAS_NP =     15.45
    ASYMP. DISTRIBUTED AS CHI-SQUARE(11)
    p-value= 0.1627



 SQUARED RESIDUALS:
 ------------------




 AUTOCORRELATIONS
 ----------------
      0.1139  -0.0322  -0.0244  -0.0211   0.1026  -0.0012   0.1444   0.0592  -0.0481  -0.0405   0.0564   0.0813
 SE   0.0677   0.0677   0.0677   0.0677   0.0677   0.0677   0.0677   0.0677   0.0677   0.0677   0.0677   0.0677
 Q      2.87     3.10     3.23     3.33     5.70     5.70    10.44    11.24    11.77    12.15    12.89    14.43
 PV    -1.00    -1.00     0.07     0.19     0.13     0.22     0.06     0.08     0.11     0.14     0.17     0.15
     -0.0047   0.0072  -0.0143   0.0113   0.0383  -0.0457   0.1110   0.0385  -0.0760   0.0227   0.0494   0.0757
 SE   0.0677   0.0677   0.0677   0.0677   0.0677   0.0677   0.0677   0.0677   0.0677   0.0677   0.0677   0.0677
 Q     14.43    14.44    14.49    14.52    14.87    15.37    18.34    18.70    20.11    20.24    20.84    22.25
 PV     0.21     0.27     0.34     0.41     0.46     0.50     0.37     0.41     0.39     0.44     0.47     0.44
      0.0917   0.0751  -0.0428  -0.0379  -0.0199   0.0716   0.0307   0.0164   0.0131  -0.0144  -0.0380   0.0281
 SE   0.0677   0.0677   0.0677   0.0677   0.0677   0.0677   0.0677   0.0677   0.0677   0.0677   0.0677   0.0677
 Q     24.34    25.75    26.21    26.57    26.67    27.98    28.22    28.29    28.34    28.39    28.77    28.98
 PV     0.39     0.37     0.40     0.43     0.48     0.47     0.51     0.55     0.60     0.65     0.68     0.71

  McLEOD-LI Q VALUE OF ORDER  24 IS     22.25 AND IF RESIDUALS ARE RANDOM IT SHOULD BE DISTRIBUTED AS CHI-SQUARE(24)
  p-value= 0.5642
 
 
 
SPECTRAL DIAGNOSTICS
 --------------------
 
A. SEASONAL SPECTRAL PEAKS
 
                           Frequency (cycles per year)
                     One    Two   Three  Four   Five    Six  
 Original series      -T     aT     AT     aT     AT     aT
 Linearized series    aT     AT     AT     aT     AT     aT
 Residuals            --     --     -t     --     a-     --
 
 AT : peaks detected in AR(30) and using Tukey spectrum  estimator
 A- : only peaks detected in AR(30) spectrum estimator
 -T : only peaks detected using Tukey spectrum estimator
 -- : No peaks detected in AR(30) nor using Tukey spectrum estimator
 
 
 
B. STOCHASTIC SEASONALITY: SPECTRAL EVIDENCE
 
 1 :  SERIES CONTAINS SEASONALITY THAT CAN BE RELIABLY EXTRACTED.
 0 :  SEASONALITY IS NOT PRESENT IN THE SERIES OR IS TOO WEAK TO BE RELIABLY CAPTURED.
 
 ORIGINAL SERIES :   1
 LINEARIZED SERIES : 1
 RESIDUALS :         0
 
 
 
C. TRADING DAY EFFECT: SPECTRAL EVIDENCE
 
 1 :  TRADING DAY EFFECT DETECTED
 0 :  NO TRADING DAY EFFECT DETECTED
 
 LINEARIZED SERIES : 0
 RESIDUALS :         0
 
 
OVERALL TEST FOR IDENTIFIABLE SEASONALITY 
----------------------------------------- 
 
  AUTOCORRELATION FUNCTION EVIDENCE : YES
  NON-PARAMETRIC EVIDENCE           : YES
  F-TEST                            :  - 
  SPECTRAL EVIDENCE                 : YES
 
IDENTIFIABLE SEASONALITY FOUND IN SERIES
 
 
OVERALL TEST FOR RESIDUALS SEASONALITY 
----------------------------------------- 
 
  AUTOCORRELATION FUNCTION EVIDENCE : NO 
  NON-PARAMETRIC EVIDENCE           : NO 
  F-TEST                            : NO 
  SPECTRAL EVIDENCE                 : NO 
 
NO IDENTIFIABLE SEASONALITY FOUND IN RESIDUALS
 
 
ARIMA MODEL : ACCEPTABLE FIT
----------------------------
  Point estimation is acceptable. Variance variablility/Non-Normality likely to have a mild effect  on some interferences
 
QUALITY ARIMA MODEL TESTS
----------------------------------------

  Mean in residuals                      :GOOD        
  Autocorrelation in residuals           :GOOD        
  Normality of residuals                 :ACCEPTABLE  
  Skewness of residuals                  :GOOD        
  Kurtosis of residuals                  :ACCEPTABLE  
  Randomness of residual sign            :GOOD        
  Instability of residual mean           :GOOD        
  Instability of residual variance       :GOOD        
  Seasonality in residuals               :GOOD        
  Trading day in residuals               :GOOD        
  Out-of-sample forecast errors          :GOOD        
  Number of outliers                     :GOOD        
 


 LINEAR SERIES


 YEAR        JAN       FEB       MAR       APR       MAY       JUN       JUL       AUG       SEP       OCT       NOV       DEC 

 2005      66.230    73.577    73.236    73.118    69.993    67.093    78.887    27.704    76.944    76.278    70.351    49.500
 2006      75.191    76.597    87.196    73.603    82.915    86.390    92.035    38.570    98.958    90.587    87.963    70.232
 2007      70.159    77.704    92.992    80.339    88.691    85.895    93.000    43.562    91.740    96.969    85.786    61.234
 2008      86.460    90.482    96.085    86.020    94.996    95.105   106.365    36.485    84.677    85.344    68.188    49.800
 2009      58.529    56.567    58.070    53.822    54.516    54.229    68.682    27.865    61.574    71.283    64.711    47.308
 2010      52.753    63.411    65.180    67.182    66.954    66.202    77.416    30.249    70.091    75.026    66.096    46.696
 2011      56.372    64.921    71.939    67.232    73.419    71.249    87.757    33.969    67.840    75.861    69.856    51.800
 2012      58.866    66.043    75.831    63.256    64.609    63.234    80.935    30.542    68.014    65.485    62.138    43.902
 2013      57.672    62.606    62.755    61.347    66.175    65.115    71.782    35.662    64.414    69.845    65.108    44.100
 2014      62.230    62.002    68.761    63.043    65.634    65.731    72.848    31.529    66.665    76.335    68.291    55.200
 2015      60.788    66.632    73.835    73.813    77.820    73.327    85.053    34.950    70.874    80.332    75.298    55.595
 2016      72.788    78.651    88.103    83.492    84.383    82.530    94.018    41.311    82.426    84.626    80.245    63.500
 2017      68.562    82.736    86.042    83.166    84.775    81.937    87.235    44.639    85.039    88.375    86.677    68.293
 2018      76.546    90.889    92.493    84.997    89.474    94.009    96.016    48.163    86.783    92.222    91.228    62.065
 2019      81.884    87.769   101.278    88.280    99.948    93.051    99.197    46.126    98.755    95.806    91.603    63.300
 2020      86.865    88.876   101.550    90.853    96.576    86.755    99.459    52.702    94.474    97.711    98.238    67.429
 2021      84.728    93.280   100.901    98.044   101.308   107.727   112.723    59.268   117.237   119.104   118.567    82.266
 2022     102.900   123.713   149.597   130.763   143.319   131.715   132.315    56.582   115.808   115.201   116.658    90.700
 2023     102.497   120.179   131.803   111.318   114.143   116.671   109.148    53.156   110.134   110.393   105.675    84.559
 2024      95.039   107.454   125.510   108.729   119.233   111.948   116.343


  AUTOCORRELATION FUNCTION TEST FOR SEASONALITY IN LINEARIZEDSERIES QS =   387.12  ASIMPTOTICALLY DISTRIBUTED AS CHI-SQUARE(2)
    p-value= 0.0000


  NON-PARAMETRIC TEST FOR SEASONALITY IN LINEARIZED SERIES (FRIEDMAN) SEAS_NP =    184.69
    ASYMP. DISTRIBUTED AS CHI-SQUARE(11)
    p-value= 0.0000


TOTAL OUTLIER EFFECT FACTORS


 YEAR        JAN       FEB       MAR       APR       MAY       JUN       JUL       AUG       SEP       OCT       NOV       DEC 

 2005     100.000   100.000   100.000   100.000   100.000   100.000   100.000   100.000   100.000   100.000   100.000   100.000
 2006     100.000   100.000   100.000   100.000   100.000   100.000   100.000   100.000   100.000   100.000   100.000   100.000
 2007     100.000   100.000   100.000   100.000   100.000   100.000   100.000   100.000   100.000   100.000   100.000   100.000
 2008     100.000   100.000   100.000   100.000   100.000   100.000   100.000   100.000   100.000   100.000   100.000   100.000
 2009     100.000   100.000   100.000   100.000   100.000   100.000   100.000    79.487   100.000   100.000   100.000   100.000
 2010     100.000   100.000   100.000   100.000   100.000   100.000   100.000   100.000   100.000   100.000   100.000   100.000
 2011     100.000   100.000   100.000   100.000   100.000   100.000   100.000   100.000   100.000   100.000   100.000   100.000
 2012     100.000   100.000   100.000   100.000   100.000   100.000   100.000   100.000   100.000   100.000   100.000   100.000
 2013     100.000   100.000   100.000   100.000   100.000   100.000   100.000   100.000   100.000   100.000   100.000   100.000
 2014     100.000   100.000   100.000   100.000   100.000   100.000   100.000   100.000   100.000   100.000   100.000   100.000
 2015     100.000   100.000   100.000   100.000   100.000   100.000   100.000   100.000   100.000   100.000   100.000   100.000
 2016     100.000   100.000   100.000   100.000   100.000   100.000   100.000   100.000   100.000   100.000   100.000   100.000
 2017     100.000   100.000   100.000   100.000   100.000   100.000   100.000   100.000   100.000   100.000   100.000   100.000
 2018     100.000   100.000   100.000   100.000   100.000   100.000   100.000   100.000   100.000   100.000   100.000   100.000
 2019     100.000   100.000   100.000   100.000   100.000   100.000   100.000   100.000   100.000   100.000   100.000   100.000
 2020     100.000   100.000    73.003    47.393    85.711    89.769    92.723    94.849    96.366    97.442    98.202    98.738
 2021      99.115    99.380    99.565    99.696    99.787    99.851    99.895    99.927    99.949    99.964    99.975    99.982
 2022      99.988    99.991    99.994    99.996    99.997    99.998    99.999    99.999    99.999   100.000   100.000   100.000
 2023     100.000   100.000   100.000   100.000   100.000   100.000   100.000   100.000   100.000   100.000   100.000   100.000
 2024     100.000   100.000   100.000   100.000   100.000   100.000   100.000


TOTAL REGRESSION EFFECT FACTORS


 YEAR        JAN       FEB       MAR       APR       MAY       JUN       JUL       AUG       SEP       OCT       NOV       DEC 

 2005      97.388    99.352   100.223   100.249   102.153   101.054    95.833   102.153   102.153    95.833   101.065   100.000
 2006     101.076    99.352   104.019    93.067   102.153   101.054    95.833   102.153    98.425    99.462   101.065    92.835
 2007     104.904    99.352   100.223    96.591   102.153   101.054    99.462   102.153    94.834   103.229   101.065    96.351
 2008     104.904   103.114    93.042   104.046    98.425    97.366   103.229    94.834   102.153   103.229    97.377   100.000
 2009      97.388    99.352   100.223   104.046    94.834   101.054   103.229    98.425   102.153    99.462   101.065   103.787
 2010      93.834    99.352   104.019   104.046    98.425   101.054    99.462   102.153   102.153    95.833   101.065   107.718
 2011      97.388    99.352   100.223   100.249   102.153   101.054    95.833   102.153   102.153    95.833   101.065   100.000
 2012     101.076   103.114   100.223    96.591   102.153   101.054    99.462   102.153    94.834   103.229   101.065    96.351
 2013     104.904    99.352    96.566   100.249   102.153    97.366   103.229    98.425    98.425   103.229    97.377   100.000
 2014     101.076    99.352    96.566   100.249    98.425    97.366   103.229    94.834   102.153   103.229    97.377   100.000
 2015      97.388    99.352   100.223   104.046    94.834   101.054   103.229    98.425   102.153    99.462   101.065   103.787
 2016      93.834   103.114   100.223   100.249   102.153   101.054    95.833   102.153   102.153    95.833   101.065   100.000
 2017     101.076    99.352   104.019    93.067   102.153   101.054    95.833   102.153    98.425    99.462   101.065    92.835
 2018     104.904    99.352   100.223    96.591   102.153   101.054    99.462   102.153    94.834   103.229   101.065    96.351
 2019     104.904    99.352    96.566   100.249   102.153    97.366   103.229    98.425    98.425   103.229    97.377   100.000
 2020     101.076    99.352   100.223   104.046    94.834   101.054   103.229    98.425   102.153    99.462   101.065   103.787
 2021      93.834    99.352   104.019   104.046    98.425   101.054    99.462   102.153   102.153    95.833   101.065   107.718
 2022      97.388    99.352   104.019    96.591   102.153   101.054    95.833   102.153   102.153    95.833   101.065   100.000
 2023     101.076    99.352   104.019    93.067   102.153   101.054    95.833   102.153    98.425    99.462   101.065    92.835
 2024     104.904   103.114    96.566   100.249   102.153    97.366   103.229
 
 
 
 FORECAST FUNCTION OF ORIGINAL SERIES: 
  
ORIGIN: 235 PERIODS AHEAD: 24
  
 OBS    DATE         FORECAST          STD ERROR        FORECAST          STD ERROR   
                        (SERIES IN LOGS)                     (SERIES IN LEVELS)       
 236  Aug-2024       4.00094          0.696195E-01       54.6493           3.80927    
 237  Sep-2024       4.69585          0.794606E-01       109.492           8.71406    
 238  Oct-2024       4.76166          0.882114E-01       116.940           10.3356    
 239  Nov-2024       4.67863          0.963495E-01       107.623           10.3935    
 240  Dec-2024       4.40940          0.103581           82.2197           8.53931    
 241  Jan-2025       4.59948          0.110486           99.4329           11.0196    
 242  Feb-2025       4.70583          0.117007           110.590           12.9843    
 243  Mar-2025       4.79811          0.123315           121.281           15.0128    
 244  Apr-2025       4.71916          0.129018           112.074           14.5200    
 245  May-2025       4.76384          0.134638           117.195           15.8508    
 246  Jun-2025       4.72216          0.140012           112.411           15.8163    
 247  Jul-2025       4.81631          0.145118           123.508           18.0181    
 248  Aug-2025       3.98860          0.155606           53.9791           8.45058    
 249  Sep-2025       4.75786          0.162501           116.496           19.0564    
 250  Oct-2025       4.78650          0.169396           119.881           20.4539    
 251  Nov-2025       4.70346          0.176106           110.329           19.5812    
 252  Dec-2025       4.43423          0.182380           84.2871           15.5010    
 253  Jan-2026       4.58714          0.188636           98.2136           18.6927    
 254  Feb-2026       4.73066          0.194529           113.371           22.2642    
 255  Mar-2026       4.86012          0.200303           129.039           26.1083    
 256  Apr-2026       4.78117          0.205955           119.244           24.8215    
 257  May-2026       4.75150          0.211563           115.758           24.7668    
 258  Jun-2026       4.78417          0.216697           119.602           26.2245    
 259  Jul-2026       4.84114          0.221905           126.614           28.4456    
