
                                        PROGRAM TRAMO+

             (based on program TRAMO, Victor Gomez and Agustin Maravall©,1996)

         Developed at the Bank of Spain by Gianluca Caporello and Agustin Maravall,
         with programming support from Domingo Pérez Cañete and Roberto López Pavón.

                 VERSION: 1.0 (Revision: 942  Build: 2017/09/25 09:39:13)


 SERIES TITLE=DIVID16                                                                         

 INPUT PARAMETERS
   lam= 0   imean= 0   ireg= 8   ieast= 3   seats= 2   int2=235   rsa= 0   modelsumm= 1   va=   3.762
 
  WARNING :
    Remember to define the regression variable name in the first line of the external regression file.
   Name : NOT DEFINED.
   Reglist01
    Iuser=-1   Nser= 1   Ilong= 312
 
   Name : NOT DEFINED.
   Reglist02
    Iuser= 2   Nser= 7   Ilong=   0
 
   Fixed Outliers:
   #Observ. Type
      20     AO
      36     AO
      48     LS
     184     AO
     183     TC
     188     AO
     185     AO
 

 NUMBER OF OBSERVATIONS: 235


 ORIGINAL SERIES 

 YEAR        JAN       FEB       MAR       APR       MAY       JUN       JUL       AUG       SEP       OCT       NOV       DEC 

 2005      91.500   108.300   112.700   112.000   117.100   116.400   121.100    41.400   133.600   121.600   127.000    97.000
 2006     102.600   113.200   128.100   104.300   136.500   130.100   133.500    53.600   136.900   144.500   141.800   104.300
 2007     124.300   132.300   147.900   124.200   153.700   146.200   158.300    53.100   145.200   160.100   143.300    96.200
 2008     125.600   134.900   126.200   134.500   133.000   134.400   151.500    41.300   138.900   136.800   115.800    86.100
 2009      83.700    94.400   102.300    94.900    97.500   103.400   119.000    35.900   109.800   108.400   106.300    85.100
 2010      76.900    92.800   107.700    96.800   104.100   105.500   115.200    37.800   112.700   107.100   107.100    88.500
 2011      76.800    94.500   106.400    96.700   111.800   107.600   111.200    42.500   108.200   100.900   103.200    82.400
 2012      72.400    84.400    94.700    79.000    98.100    92.400   101.200    37.200    88.600    92.800    88.100    67.400
 2013      69.200    70.400    75.700    74.200    87.600    85.600    97.300    33.200    85.900    91.300    83.300    67.900
 2014      68.300    71.300    78.000    73.300    80.200    81.300    92.500    30.900    85.500    86.600    76.800    67.500
 2015      61.200    69.800    80.400    75.900    77.200    80.500    90.600    31.300    84.000    83.500    80.100    68.300
 2016      60.700    76.500    82.900    79.000    84.800    83.100    86.400    38.100    82.200    78.700    83.900    67.800
 2017      65.400    76.400    89.600    70.100    91.700    88.300    91.800    43.300    86.500    90.600    88.600    68.700
 2018      72.800    79.700    86.600    77.200    94.100    90.600    97.300    40.900    84.400    96.100    87.900    70.400
 2019      73.900    81.700    88.100    79.300    93.800    85.200    98.200    37.000    85.600    92.000    84.500    67.400
 2020      74.200    80.500    61.600    26.900    64.100    79.800    96.300    46.800    92.200    91.100    89.800    72.100
 2021      71.600    82.600    99.200    95.900   102.000   110.400   117.100    57.600   118.000   116.100   123.700   105.700
 2022      98.700   118.800   147.000   126.100   148.900   133.700   130.900    61.100   125.700   120.200   121.400    96.900
 2023      95.900   106.900   126.600    94.700   118.900   111.000   110.300    48.000   102.000   103.900   103.000    90.000
 2024      84.300   101.600   101.200    95.800   110.900   100.200   112.900

DATES OF EASTER DURING THE REQUESTED TIME SPAN 

 YEAR MONTH  DAY 

   2005   MARCH   27
   2006   APRIL   16
   2007   APRIL    8
   2008   MARCH   23
   2009   APRIL   12
   2010   APRIL    4
   2011   APRIL   24
   2012   APRIL    8
   2013   MARCH   31
   2014   APRIL   20
   2015   APRIL    5
   2016   MARCH   27
   2017   APRIL   16
   2018   APRIL    1
   2019   APRIL   21
   2020   APRIL   12
   2021   APRIL    4
   2022   APRIL   17
   2023   APRIL    9
   2024   MARCH   31
   2025   APRIL   20
   2026   APRIL    5
   2027   MARCH   28


 MODEL PARAMETERS            
 ----------------
  MQ= 12         IMEAN=  0      LAM=  0      D=  1       BD=  1
  P=  0          BP=  0         Q=  1        BQ=  1      IREG=  8
  ITRAD=  0      SMPDAY=  0     IEAST=  3      IDUR=  6     M= 36       IQM= 24
  INCON=  0      NBACK=  0      NPRED= 24    INTERP=  2  INIT=  0
  IFILT=  2      IROOT=  2    INIC=  0    ICONCE=  1
  ICDET=  1      IATIP=  0      IMVX=  0     IDIF=  0    PG=  0
  AIO=  2        INT1=  1       INT2= 235    RSA=  0     SEATS=  2
  VA= 3.76       TOL=  0.100E-03             PC=  0.120E+00
  NOADMISS= 1    STOCHTD 0    BIAS= 1
  THLIM=  0.000  BTHLIM=  0.000   RMOD=  0.500



TH =        -0.10

BTH =        -0.10

WARNING: When adjusting for degrees of freedom in
 order to compute white-noise residuals, the Housholder
 transformation contains an element of arbitrariness 
 that, when multiple regressors are entered, may produce
 a slight variation in results when the order in which
 regressors are entered changes



NUMBER OF INITIAL OBS. =  13

Log-Level pretest : LOGS are Selected
 DIFFERENCED TRANSFORMED SERIES

 YEAR        JAN       FEB       MAR       APR       MAY       JUN       JUL       AUG       SEP       OCT       NOV       DEC 

 2006                -0.070     0.084    -0.199     0.225    -0.042    -0.014     0.161    -0.234     0.148    -0.062    -0.038
 2007       0.119    -0.036    -0.012     0.031    -0.056    -0.002     0.054    -0.180     0.068     0.044    -0.092    -0.091
 2008       0.091     0.009    -0.178     0.238    -0.224     0.060     0.040    -0.207     0.207    -0.113    -0.056     0.102
 2009      -0.295     0.049     0.147    -0.139     0.038     0.048     0.021     0.101    -0.095     0.002     0.147     0.074
 2010      -0.073     0.068     0.069    -0.032     0.046    -0.045    -0.053     0.084    -0.026    -0.038     0.020     0.032
 2011      -0.040     0.019    -0.030     0.011     0.072    -0.052    -0.055     0.153    -0.158    -0.019     0.023    -0.034
 2012       0.012    -0.054    -0.003    -0.086     0.071    -0.022     0.058    -0.039    -0.067     0.116    -0.075    -0.043
 2013       0.156    -0.136    -0.043     0.161    -0.051     0.037     0.037    -0.074     0.083     0.015    -0.040     0.063
 2014      -0.020     0.026     0.017    -0.042    -0.076     0.037     0.001    -0.021     0.067    -0.048    -0.028     0.075
 2015      -0.104     0.089     0.052     0.005    -0.073     0.028    -0.011     0.034    -0.031    -0.019     0.079    -0.030
 2016      -0.020     0.100    -0.061     0.009     0.054    -0.062    -0.079     0.244    -0.218    -0.038     0.106    -0.054
 2017       0.082    -0.076     0.079    -0.197     0.198    -0.018    -0.000     0.067    -0.077     0.090    -0.086    -0.041
 2018       0.094    -0.065    -0.076     0.131    -0.071    -0.000     0.032    -0.115     0.032     0.084    -0.067     0.032
 2019      -0.009     0.010    -0.008     0.010    -0.030    -0.058     0.071    -0.109     0.114    -0.058     0.004    -0.004
 2020       0.048    -0.019    -0.343    -0.723     0.700     0.315     0.046     0.255    -0.161    -0.084     0.071     0.007
 2021      -0.103     0.061     0.451     0.795    -0.807    -0.140    -0.129     0.012     0.039    -0.004     0.078     0.062
 2022      -0.062     0.042     0.030    -0.120     0.105    -0.187    -0.080    -0.052     0.004    -0.029    -0.053    -0.068
 2023       0.058    -0.077    -0.044    -0.137     0.061     0.039     0.015    -0.070     0.032     0.063    -0.019     0.090
 2024      -0.055     0.078    -0.173     0.235    -0.081    -0.033     0.126




 AUTOCORRELATIONS
 ----------------
     -0.3334   0.0837   0.0824   0.0224   0.0842   0.0152   0.0369  -0.1083   0.0920   0.0189  -0.0676  -0.0940
 SE   0.0671   0.0742   0.0746   0.0750   0.0751   0.0755   0.0755   0.0756   0.0763   0.0768   0.0768   0.0771
      0.0200  -0.0401  -0.0689  -0.0146  -0.0428  -0.0786   0.0699  -0.0876   0.0330  -0.0679   0.0250  -0.1919
 SE   0.0776   0.0776   0.0777   0.0780   0.0780   0.0781   0.0784   0.0787   0.0792   0.0792   0.0795   0.0795
      0.0867  -0.0547  -0.0227   0.0525  -0.0601   0.0272  -0.0677   0.0875  -0.0798   0.0375   0.0102  -0.0444
 SE   0.0816   0.0820   0.0822   0.0822   0.0823   0.0825   0.0826   0.0828   0.0832   0.0836   0.0837   0.0837


 PARTIAL AUTOCORRELATIONS
 ---------------------
     -0.3334  -0.0309   0.1136   0.1000   0.1296   0.0762   0.0491  -0.1329  -0.0226   0.0368  -0.0411  -0.1627
 SE   0.0671   0.0671   0.0671   0.0671   0.0671   0.0671   0.0671   0.0671   0.0671   0.0671   0.0671   0.0671
     -0.0688  -0.0388  -0.0733  -0.0486   0.0001  -0.0553   0.0459  -0.0325   0.0532  -0.0323  -0.0179  -0.2541
 SE   0.0671   0.0671   0.0671   0.0671   0.0671   0.0671   0.0671   0.0671   0.0671   0.0671   0.0671   0.0671
     -0.0726  -0.0739  -0.0131   0.0527   0.0305   0.0065  -0.0715  -0.0066  -0.0359  -0.0062  -0.0279  -0.1060
 SE   0.0671   0.0671   0.0671   0.0671   0.0671   0.0671   0.0671   0.0671   0.0671   0.0671   0.0671   0.0671
  
 ARIMA MODEL ESTIMATION 
  
 METHOD OF ESTIMATION: EXACT MAXIMUM LIKELIHOOD           
  
 PARAMETER      ESTIMATE           STD ERROR      T RATIO   LAG  
  
 TH1         -0.33776           0.63505E-01       -5.32      1
 BTH         -0.34279           0.63382E-01       -5.41     12
  
 
 REGULAR MA INVERSE ROOTS ARE 
 NO.     REAL P.     IMAG.P.     MODULUS    ARGUMENT      PERIOD
  1      0.33776       0.0000      0.33776       0.0000            -  
 
 SEASONAL MA INVERSE ROOTS ARE 
 NO.     REAL P.     IMAG.P.     MODULUS    ARGUMENT      PERIOD
  1      0.34279       0.0000      0.34279       0.0000            -  
  
 CORRELATIONS OF THE ESTIMATES 
  
  1.000   -0.102
 -0.102    1.000
  
 AIC 
    -727.023
  
 BIC 
     -5.9515
  
 FINAL VALUE OF OBJECTIVE FUNCTION: 
               0.44522    
  
 RADETN:    1.00365801681351     
 ITERATIONS:            4
  
  NUMBER OF FUNCTION EVALUATIONS:           14
  

 ESTIMATES OF REGRESSION PARAMETERS 
 CONCENTRATED OUT OF THE LIKELIHOOD 

 PARAMETER           VALUE          ST. ERROR     T VALUE
 REG      1          0.38986E-01    (     0.00239)   16.32
 EAST     1         -0.34791E-01    (     0.00881)   -3.95
 OUT 1 ( 20)         0.14458        (     0.03132)    4.62   AO    ( 8 2006)
 OUT 2 ( 36)        -0.14089        (     0.03143)   -4.48   AO    (12 2007)
 OUT 3 ( 48)        -0.12079        (     0.03597)   -3.36   LS    (12 2008)
 OUT 4 (184)        -0.87163        (     0.03355)  -25.98   AO    ( 4 2020)
 OUT 5 (183)        -0.40725        (     0.03564)  -11.43   TC    ( 3 2020)
 OUT 6 (188)         0.16308        (     0.03087)    5.28   AO    ( 8 2020)
 OUT 7 (185)        -0.12962        (     0.03289)   -3.94   AO    ( 5 2020)

 VAR-CORRELATION MATRIX OF ESTIMATORS 

   0.570E-05
   0.249E+00   0.776E-04
  -0.476E-01  -0.106E-01   0.981E-03
   0.857E-01   0.281E-01  -0.912E-02   0.988E-03
  -0.204E-02   0.272E-02  -0.346E-02   0.190E+00   0.129E-02
  -0.102E+00  -0.147E+00   0.470E-02  -0.964E-02  -0.211E-03   0.113E-02
   0.383E-01   0.830E-01  -0.173E-02   0.382E-02   0.175E-03  -0.198E+00   0.127E-02
   0.962E-01   0.247E-01  -0.457E-02   0.825E-02  -0.193E-03   0.990E-02   0.357E-01   0.953E-03
   0.132E+00   0.901E-02  -0.631E-02   0.112E-01  -0.351E-03   0.319E+00  -0.560E-01   0.545E-01   0.108E-02


 VARIANCES ARE IN THE MAIN DIAGONAL; 
 OFF-DIAGONAL ELEMENTS ARE CORRELATIONS. 



ACF DIFFERENCED SERIES




 AUTOCORRELATIONS
 ----------------
     -0.3526   0.0925   0.0827   0.0302   0.0660   0.0282   0.0240  -0.0987   0.0815   0.0100  -0.0593  -0.1019
 SE   0.0671   0.0750   0.0755   0.0759   0.0760   0.0762   0.0763   0.0763   0.0769   0.0773   0.0773   0.0775
      0.0301  -0.0467  -0.0646  -0.0179  -0.0284  -0.0883   0.0849  -0.1081   0.0387  -0.0587   0.0330  -0.1840
 SE   0.0781   0.0781   0.0783   0.0785   0.0785   0.0786   0.0790   0.0794   0.0801   0.0802   0.0804   0.0804
      0.0924  -0.0523  -0.0270   0.0630  -0.0646   0.0291  -0.0713   0.0968  -0.0791   0.0345   0.0083  -0.0478
 SE   0.0823   0.0828   0.0829   0.0829   0.0832   0.0834   0.0834   0.0837   0.0842   0.0845   0.0846   0.0846
  
  
  NUMBER OF WHITE NOISE RESIDUALS          213
  
 WHITE NOISE RESIDUALS
  

 YEAR        JAN       FEB       MAR       APR       MAY       JUN       JUL       AUG       SEP       OCT       NOV       DEC 

 2006                                                                                                          -0.005     0.037
 2007       0.017    -0.001     0.029    -0.041     0.003    -0.014     0.006     0.011    -0.049    -0.029    -0.070    -0.001
 2008      -0.009    -0.035    -0.028    -0.014    -0.071     0.031    -0.024    -0.095     0.001    -0.039    -0.050    -0.005
 2009      -0.042    -0.015    -0.015     0.002     0.020    -0.004     0.047     0.048    -0.028     0.018     0.063    -0.022
 2010      -0.016     0.023     0.051    -0.008     0.028    -0.001     0.003     0.018     0.004     0.012     0.004    -0.021
 2011      -0.050     0.051     0.023     0.045     0.003    -0.015    -0.020     0.113    -0.121    -0.056     0.004     0.037
 2012      -0.107    -0.067     0.015    -0.029     0.018    -0.021     0.007     0.043    -0.028    -0.055    -0.007     0.006
 2013       0.039    -0.056    -0.014    -0.003     0.032     0.077    -0.010     0.014    -0.005     0.036     0.015    -0.006
 2014       0.068    -0.014    -0.020     0.021    -0.053     0.002    -0.011     0.020    -0.007     0.001    -0.027     0.062
 2015      -0.020     0.030     0.029     0.001    -0.004    -0.044     0.009     0.006     0.006     0.023    -0.001    -0.006
 2016       0.042     0.049     0.024     0.007    -0.039    -0.012     0.003     0.129    -0.134    -0.037     0.051     0.001
 2017      -0.020     0.046    -0.016    -0.016     0.065     0.005     0.004     0.113    -0.061    -0.006    -0.027     0.022
 2018      -0.022    -0.015    -0.018    -0.027     0.018     0.000    -0.006    -0.040     0.024     0.019    -0.030    -0.006
 2019       0.017     0.013    -0.004    -0.007    -0.019    -0.028    -0.019    -0.051     0.032    -0.004     0.029    -0.071
 2020       0.108    -0.019     0.016     0.030    -0.006    -0.000     0.040     0.060    -0.020    -0.032    -0.018    -0.034
 2021       0.043    -0.025     0.019     0.062     0.014     0.093    -0.004     0.141    -0.031     0.030     0.056     0.040
 2022      -0.025     0.063     0.045     0.029    -0.021    -0.124    -0.094    -0.074    -0.047    -0.031    -0.048     0.001
 2023      -0.072    -0.037    -0.048    -0.109    -0.025    -0.010    -0.006    -0.085     0.035    -0.012     0.005     0.182
 2024      -0.144     0.026    -0.019    -0.034     0.027     0.017     0.007
 
 
  STABILITY TEST
 
 
     1. FULL PERIOD
                  FIRST HALF                    SECOND HALF
           Mean(t)          Variance      Mean(t)          Variance
      -0.30E-02(-0.82    )  0.14E-02 -0.62E-03(-0.13    )  0.26E-02
 
      Mean assumed equal to 0
      VR(variance ratio)=  1.9    
 
      MEAN STABILITY IS NOT REJECTED.
      VARIANCE STABILITY IS REJECTED.


 
     2. LAST 10 YEARS
                  FIRST HALF                    SECOND HALF
           Mean(t)          Variance      Mean(t)          Variance
       0.24E-02( 0.48    )  0.15E-02 -0.25E-02(-0.33    )  0.33E-02
 
      Mean assumed equal to 0
      VR(variance ratio)=  2.3    
 
      LAST 10 YEARS MEAN STABILITY IS NOT REJECTED.
      LAST 10 YEARS VARIANCE STABILITY IS REJECTED.


      When mean is stable and skewness moderate,
       variance instability is likely to have litte effect in point estimation.

 
  OUT-OF-SAMPLE TEST
  ------------------
      Model re-estimated on Linearized series for first 217 observations.
       18 One-Period-Ahead Forecasts computed with model fixed.
      Comparison between forecast errors (last   18 observations) and residuals (in-sample):

        Mean(Forecast Errors)
            p-value= 0.2073
            Mean of forecast errors can be assumed zero.

        Out-of-Sample MSE is :  0.4375E-02
        In-Sample MSE is :  0.1781E-02
        F( 18,204) is :  0.246E+01
            p-value(%)= 0.1274

        Mean and Variance of forecast Errors and In-Sample residuals ARE significantly different


 TEST-STATISTICS ON RESIDUALS
 ----------------------------


           MEAN=  -0.1782457E-02
        ST.DEV.=   0.3075510E-02
        OF MEAN
        T-VALUE= -0.5796

 NORMALITY TEST=   46.60        ( CHI-SQUARE(2) )

       SKEWNESS=  0.1972          ( SE =  0.1678 )
       KURTOSIS=  5.2572          ( SE =  0.3357 )

 SUM OF SQUARES=   0.3801295    

  DURBIN-WATSON=  2.3912

 STANDARD ERROR=   0.4576804E-01
 OF RESID.
  MSE OF RESID.=   0.2094713E-02




 AUTOCORRELATIONS
 ----------------
     -0.0575   0.1050   0.1749   0.0857   0.0959   0.0808   0.0320  -0.0566   0.0970  -0.0020  -0.1086   0.0654
 SE   0.0685   0.0685   0.0685   0.0685   0.0685   0.0685   0.0685   0.0685   0.0685   0.0685   0.0685   0.0685
 Q      0.71     3.11     9.78    11.39    13.41    14.86    15.08    15.80    17.91    17.91    20.59    21.56
 PV    -1.00    -1.00     0.00     0.00     0.00     0.01     0.01     0.01     0.01     0.02     0.01     0.02
     -0.0229  -0.0933  -0.0927  -0.0212  -0.0739  -0.0783   0.0208  -0.1034  -0.0047  -0.0590  -0.0903  -0.1868
 SE   0.0685   0.0685   0.0685   0.0685   0.0685   0.0685   0.0685   0.0685   0.0685   0.0685   0.0685   0.0685
 Q     21.68    23.68    25.67    25.78    27.05    28.49    28.59    31.13    31.13    31.97    33.94    42.39
 PV     0.03     0.02     0.02     0.03     0.03     0.03     0.04     0.03     0.04     0.04     0.04     0.01
      0.0154  -0.0605  -0.0448   0.0214  -0.0567  -0.0169  -0.0617   0.0741  -0.0827   0.0075   0.0265  -0.1006
 SE   0.0685   0.0685   0.0685   0.0685   0.0685   0.0685   0.0685   0.0685   0.0685   0.0685   0.0685   0.0685
 Q     42.45    43.34    43.84    43.95    44.75    44.82    45.78    47.17    48.91    48.92    49.10    51.72
 PV     0.01     0.01     0.01     0.02     0.02     0.02     0.02     0.02     0.02     0.03     0.04     0.03

  LJUNG-BOX Q VALUE OF ORDER  24 IS     42.39 AND IF RESIDUALS ARE RANDOM IT SHOULD BE DISTRIBUTED AS CHI-SQUARE(22)
  p-value= 0.0056
  THE PIERCE QS VALUE IS      0.97 AND IF RESIDUALS ARE RANDOM IT SHOULD BE DISTRIBUTED AS CHI-SQUARE(2)

 APPROXIMATE TEST OF RUNS ON RESIDUALS
 -------------------------------------
  NUM.DATA= 213
   NUM.(+)= 107
   NUM.(-)= 106
  NUM.RUNS= 106
   T-VALUE= -0.1374


  NON-PARAMETRIC TEST FOR RESIDUAL SEASONALITY (FRIEDMAN) SEAS_NP =      6.39
    ASYMP. DISTRIBUTED AS CHI-SQUARE(11)
    p-value= 0.8458



 SQUARED RESIDUALS:
 ------------------




 AUTOCORRELATIONS
 ----------------
      0.2714  -0.0423  -0.0312   0.0714   0.0049  -0.0502  -0.0175   0.0791   0.0443   0.0338   0.0610   0.0923
 SE   0.0685   0.0685   0.0685   0.0685   0.0685   0.0685   0.0685   0.0685   0.0685   0.0685   0.0685   0.0685
 Q     15.91    16.30    16.51    17.63    17.63    18.19    18.26    19.66    20.10    20.35    21.20    23.14
 PV    -1.00    -1.00     0.00     0.00     0.00     0.00     0.00     0.00     0.01     0.01     0.01     0.01
     -0.0202  -0.0233  -0.0510  -0.0389   0.0985   0.1182   0.0630   0.0041  -0.0220   0.0148  -0.0646  -0.0005
 SE   0.0685   0.0685   0.0685   0.0685   0.0685   0.0685   0.0685   0.0685   0.0685   0.0685   0.0685   0.0685
 Q     23.23    23.36    23.96    24.31    26.58    29.86    30.79    30.80    30.91    30.97    31.97    31.97
 PV     0.02     0.02     0.03     0.04     0.03     0.02     0.02     0.03     0.04     0.06     0.06     0.08
     -0.0503  -0.0336  -0.0657   0.1390   0.1095   0.0203  -0.0064   0.0084  -0.0564  -0.0703  -0.0446   0.0012
 SE   0.0685   0.0685   0.0685   0.0685   0.0685   0.0685   0.0685   0.0685   0.0685   0.0685   0.0685   0.0685
 Q     32.58    32.86    33.92    38.71    41.69    41.80    41.81    41.82    42.63    43.90    44.41    44.41
 PV     0.09     0.11     0.11     0.05     0.04     0.05     0.06     0.07     0.08     0.08     0.09     0.11

  McLEOD-LI Q VALUE OF ORDER  24 IS     31.97 AND IF RESIDUALS ARE RANDOM IT SHOULD BE DISTRIBUTED AS CHI-SQUARE(24)
  p-value= 0.1277
 
 
 
SPECTRAL DIAGNOSTICS
 --------------------
 
A. SEASONAL SPECTRAL PEAKS
 
                           Frequency (cycles per year)
                     One    Two   Three  Four   Five    Six  
 Original series      -T     aT     AT     aT     AT     AT
 Linearized series    AT     AT     AT     AT     AT     aT
 Residuals            --     --     --     --     --     --
 
 AT : peaks detected in AR(30) and using Tukey spectrum  estimator
 A- : only peaks detected in AR(30) spectrum estimator
 -T : only peaks detected using Tukey spectrum estimator
 -- : No peaks detected in AR(30) nor using Tukey spectrum estimator
 
 
 
B. STOCHASTIC SEASONALITY: SPECTRAL EVIDENCE
 
 1 :  SERIES CONTAINS SEASONALITY THAT CAN BE RELIABLY EXTRACTED.
 0 :  SEASONALITY IS NOT PRESENT IN THE SERIES OR IS TOO WEAK TO BE RELIABLY CAPTURED.
 
 ORIGINAL SERIES :   1
 LINEARIZED SERIES : 1
 RESIDUALS :         0
 
 
 
C. TRADING DAY EFFECT: SPECTRAL EVIDENCE
 
 1 :  TRADING DAY EFFECT DETECTED
 0 :  NO TRADING DAY EFFECT DETECTED
 
 LINEARIZED SERIES : 0
 RESIDUALS :         0
 
 
OVERALL TEST FOR IDENTIFIABLE SEASONALITY 
----------------------------------------- 
 
  AUTOCORRELATION FUNCTION EVIDENCE : YES
  NON-PARAMETRIC EVIDENCE           : YES
  F-TEST                            :  - 
  SPECTRAL EVIDENCE                 : YES
 
IDENTIFIABLE SEASONALITY FOUND IN SERIES
 
 
OVERALL TEST FOR RESIDUALS SEASONALITY 
----------------------------------------- 
 
  AUTOCORRELATION FUNCTION EVIDENCE : NO 
  NON-PARAMETRIC EVIDENCE           : NO 
  F-TEST                            : NO 
  SPECTRAL EVIDENCE                 : NO 
 
NO IDENTIFIABLE SEASONALITY FOUND IN RESIDUALS
 
 
ARIMA MODEL : POOR FIT
----------------------
 
QUALITY ARIMA MODEL TESTS
----------------------------------------

  Mean in residuals                      :GOOD        
  Autocorrelation in residuals           :ACCEPTABLE  
  Normality of residuals                 :POOR        
  Skewness of residuals                  :GOOD        
  Kurtosis of residuals                  :POOR        
  Randomness of residual sign            :GOOD        
  Instability of residual mean           :GOOD        
  Instability of residual variance       :ACCEPTABLE  
  Seasonality in residuals               :GOOD        
  Trading day in residuals               :GOOD        
  Out-of-sample forecast errors          :ACCEPTABLE  
  Number of outliers                     :GOOD        
 


 LINEAR SERIES


 YEAR        JAN       FEB       MAR       APR       MAY       JUN       JUL       AUG       SEP       OCT       NOV       DEC 

 2005      83.371    96.634   101.392    97.290   101.484   102.028   112.220    35.879   115.783   112.684   111.306    85.963
 2006      89.911   101.007   107.050   101.416   118.296   114.036   123.711    40.199   123.360   128.784   124.277    99.928
 2007     104.762   118.049   128.510   116.149   133.203   128.148   141.084    46.019   136.041   137.232   125.592   102.055
 2008     105.858   115.767   122.744   112.368   119.846   122.489   129.860    38.695   120.376   117.260   105.525    86.100
 2009      86.056    95.046   100.301    92.631   103.078   102.269   115.099    36.503   107.374   109.015   105.125    81.846
 2010      82.208    93.435   103.340    92.856   105.847   104.346   115.853    36.965   110.210   111.989   105.917    81.862
 2011      78.962    95.147   104.321    98.140   109.330   106.424   116.276    41.561   105.810   105.506   102.060    82.400
 2012      71.592    81.729    92.849    83.364    95.933    91.390   101.774    36.378    93.669    89.758    87.127    70.080
 2013      65.811    70.882    79.904    72.730    85.665    88.030    94.110    33.757    87.342    88.307    85.655    67.900
 2014      67.537    71.788    79.516    74.392    81.546    83.608    89.467    32.668    83.611    83.761    78.971    67.500
 2015      62.923    70.278    79.748    73.231    81.617    79.620    87.630    31.825    82.144    83.973    79.215    65.688
 2016      64.890    74.079    84.158    77.435    82.927    82.191    90.344    37.258    80.384    82.293    82.973    67.800
 2017      64.670    76.923    84.490    76.913    89.674    87.335    95.991    42.343    87.952    91.114    87.621    74.271
 2018      69.235    80.246    87.914    78.679    92.021    89.609    97.852    39.996    89.229    92.949    86.929    73.199
 2019      70.281    82.259    89.812    80.481    91.728    87.619    94.981    37.621    87.037    88.984    86.889    67.400
 2020      73.372    81.051    90.756    83.482    94.184    90.760   102.711    43.289    94.588    94.741    90.917    70.492
 2021      77.428    83.838    95.722    92.356   103.999   109.404   117.923    56.381   115.470   121.456   122.373    97.794
 2022     101.494   119.627   138.627   133.073   145.616   132.242   136.878    59.751   122.924   125.688   120.059    96.900
 2023      94.829   107.632   119.380   103.904   116.273   109.786   115.335    46.940   103.712   104.489   101.862    97.298
 2024      80.171    98.384   106.820    93.902   108.450   103.044   109.199


  AUTOCORRELATION FUNCTION TEST FOR SEASONALITY IN LINEARIZEDSERIES QS =   420.12  ASIMPTOTICALLY DISTRIBUTED AS CHI-SQUARE(2)
    p-value= 0.0000


  NON-PARAMETRIC TEST FOR SEASONALITY IN LINEARIZED SERIES (FRIEDMAN) SEAS_NP =    197.57
    ASYMP. DISTRIBUTED AS CHI-SQUARE(11)
    p-value= 0.0000


TOTAL OUTLIER EFFECT FACTORS


 YEAR        JAN       FEB       MAR       APR       MAY       JUN       JUL       AUG       SEP       OCT       NOV       DEC 

 2005     112.839   112.839   112.839   112.839   112.839   112.839   112.839   112.839   112.839   112.839   112.839   112.839
 2006     112.839   112.839   112.839   112.839   112.839   112.839   112.839   130.391   112.839   112.839   112.839   112.839
 2007     112.839   112.839   112.839   112.839   112.839   112.839   112.839   112.839   112.839   112.839   112.839    98.010
 2008     112.839   112.839   112.839   112.839   112.839   112.839   112.839   112.839   112.839   112.839   112.839   100.000
 2009     100.000   100.000   100.000   100.000   100.000   100.000   100.000   100.000   100.000   100.000   100.000   100.000
 2010     100.000   100.000   100.000   100.000   100.000   100.000   100.000   100.000   100.000   100.000   100.000   100.000
 2011     100.000   100.000   100.000   100.000   100.000   100.000   100.000   100.000   100.000   100.000   100.000   100.000
 2012     100.000   100.000   100.000   100.000   100.000   100.000   100.000   100.000   100.000   100.000   100.000   100.000
 2013     100.000   100.000   100.000   100.000   100.000   100.000   100.000   100.000   100.000   100.000   100.000   100.000
 2014     100.000   100.000   100.000   100.000   100.000   100.000   100.000   100.000   100.000   100.000   100.000   100.000
 2015     100.000   100.000   100.000   100.000   100.000   100.000   100.000   100.000   100.000   100.000   100.000   100.000
 2016     100.000   100.000   100.000   100.000   100.000   100.000   100.000   100.000   100.000   100.000   100.000   100.000
 2017     100.000   100.000   100.000   100.000   100.000   100.000   100.000   100.000   100.000   100.000   100.000   100.000
 2018     100.000   100.000   100.000   100.000   100.000   100.000   100.000   100.000   100.000   100.000   100.000   100.000
 2019     100.000   100.000   100.000   100.000   100.000   100.000   100.000   100.000   100.000   100.000   100.000   100.000
 2020     100.000   100.000    66.548    31.452    71.952    86.963    90.685   109.925    95.322    96.702    97.680    98.370
 2021      98.856    99.198    99.438    99.606    99.724    99.807    99.865    99.905    99.934    99.954    99.968    99.977
 2022      99.984    99.989    99.992    99.995    99.996    99.997    99.998    99.999    99.999    99.999   100.000   100.000
 2023     100.000   100.000   100.000   100.000   100.000   100.000   100.000   100.000   100.000   100.000   100.000   100.000
 2024     100.000   100.000   100.000   100.000   100.000   100.000   100.000


TOTAL TRADING DAY - EASTER - LEAP YEAR EFFECT FACTORS


 YEAR        JAN       FEB       MAR       APR       MAY       JUN       JUL       AUG       SEP       OCT       NOV       DEC 

 2005     100.000   100.000    98.275   101.755   100.000   100.000   100.000   100.000   100.000   100.000   100.000   100.000
 2006     100.000   100.000   101.755    98.275   100.000   100.000   100.000   100.000   100.000   100.000   100.000   100.000
 2007     100.000   100.000   101.755    98.275   100.000   100.000   100.000   100.000   100.000   100.000   100.000   100.000
 2008     100.000   100.000    98.275   101.755   100.000   100.000   100.000   100.000   100.000   100.000   100.000   100.000
 2009     100.000   100.000   101.755    98.275   100.000   100.000   100.000   100.000   100.000   100.000   100.000   100.000
 2010     100.000   100.000   100.000   100.000   100.000   100.000   100.000   100.000   100.000   100.000   100.000   100.000
 2011     100.000   100.000   101.755    98.275   100.000   100.000   100.000   100.000   100.000   100.000   100.000   100.000
 2012     100.000   100.000   101.755    98.275   100.000   100.000   100.000   100.000   100.000   100.000   100.000   100.000
 2013     100.000   100.000    98.275   101.755   100.000   100.000   100.000   100.000   100.000   100.000   100.000   100.000
 2014     100.000   100.000   101.755    98.275   100.000   100.000   100.000   100.000   100.000   100.000   100.000   100.000
 2015     100.000   100.000   100.582    99.422   100.000   100.000   100.000   100.000   100.000   100.000   100.000   100.000
 2016     100.000   100.000    98.275   101.755   100.000   100.000   100.000   100.000   100.000   100.000   100.000   100.000
 2017     100.000   100.000   101.755    98.275   100.000   100.000   100.000   100.000   100.000   100.000   100.000   100.000
 2018     100.000   100.000    98.275   101.755   100.000   100.000   100.000   100.000   100.000   100.000   100.000   100.000
 2019     100.000   100.000   101.755    98.275   100.000   100.000   100.000   100.000   100.000   100.000   100.000   100.000
 2020     100.000   100.000   101.755    98.275   100.000   100.000   100.000   100.000   100.000   100.000   100.000   100.000
 2021     100.000   100.000   100.000   100.000   100.000   100.000   100.000   100.000   100.000   100.000   100.000   100.000
 2022     100.000   100.000   101.755    98.275   100.000   100.000   100.000   100.000   100.000   100.000   100.000   100.000
 2023     100.000   100.000   101.755    98.275   100.000   100.000   100.000   100.000   100.000   100.000   100.000   100.000
 2024     100.000   100.000    98.275   101.755   100.000   100.000   100.000


TOTAL REGRESSION EFFECT FACTORS


 YEAR        JAN       FEB       MAR       APR       MAY       JUN       JUL       AUG       SEP       OCT       NOV       DEC 

 2005      97.262    99.320   100.234   100.262   102.259   101.105    95.634   102.259   102.259    95.634   101.117   100.000
 2006     101.129    99.320   104.219    92.741   102.259   101.105    95.634   102.259    98.349    99.436   101.117    92.499
 2007     105.150    99.320   100.234    96.428   102.259   101.105    99.436   102.259    94.589   103.390   101.117    96.176
 2008     105.150   103.269    92.716   104.248    98.349    97.240   103.390    94.589   102.259   103.390    97.251   100.000
 2009      97.262    99.320   100.234   104.248    94.589   101.105   103.390    98.349   102.259    99.436   101.117   103.976
 2010      93.543    99.320   104.219   104.248    98.349   101.105    99.436   102.259   102.259    95.634   101.117   108.109
 2011      97.262    99.320   100.234   100.262   102.259   101.105    95.634   102.259   102.259    95.634   101.117   100.000
 2012     101.129   103.269   100.234    96.428   102.259   101.105    99.436   102.259    94.589   103.390   101.117    96.176
 2013     105.150    99.320    96.402   100.262   102.259    97.240   103.390    98.349    98.349   103.390    97.251   100.000
 2014     101.129    99.320    96.402   100.262    98.349    97.240   103.390    94.589   102.259   103.390    97.251   100.000
 2015      97.262    99.320   100.234   104.248    94.589   101.105   103.390    98.349   102.259    99.436   101.117   103.976
 2016      93.543   103.269   100.234   100.262   102.259   101.105    95.634   102.259   102.259    95.634   101.117   100.000
 2017     101.129    99.320   104.219    92.741   102.259   101.105    95.634   102.259    98.349    99.436   101.117    92.499
 2018     105.150    99.320   100.234    96.428   102.259   101.105    99.436   102.259    94.589   103.390   101.117    96.176
 2019     105.150    99.320    96.402   100.262   102.259    97.240   103.390    98.349    98.349   103.390    97.251   100.000
 2020     101.129    99.320   100.234   104.248    94.589   101.105   103.390    98.349   102.259    99.436   101.117   103.976
 2021      93.543    99.320   104.219   104.248    98.349   101.105    99.436   102.259   102.259    95.634   101.117   108.109
 2022      97.262    99.320   104.219    96.428   102.259   101.105    95.634   102.259   102.259    95.634   101.117   100.000
 2023     101.129    99.320   104.219    92.741   102.259   101.105    95.634   102.259    98.349    99.436   101.117    92.499
 2024     105.150   103.269    96.402   100.262   102.259    97.240   103.390
 
 
 
 FORECAST FUNCTION OF ORIGINAL SERIES: 
  
ORIGIN: 235 PERIODS AHEAD: 24
  
 OBS    DATE         FORECAST          STD ERROR        FORECAST          STD ERROR   
                        (SERIES IN LOGS)                     (SERIES IN LEVELS)       
 236  Aug-2024       3.80230          0.427243E-01       44.8043           1.91511    
 237  Sep-2024       4.57323          0.510096E-01       96.8565           4.94383    
 238  Oct-2024       4.63745          0.581572E-01       103.280           6.01158    
 239  Nov-2024       4.54820          0.647678E-01       94.4620           6.12452    
 240  Dec-2024       4.47049          0.704424E-01       87.3999           6.16430    
 241  Jan-2025       4.35551          0.759325E-01       77.9065           5.92418    
 242  Feb-2025       4.51696          0.809825E-01       91.5571           7.42670    
 243  Mar-2025       4.59828          0.859878E-01       99.3138           8.55558    
 244  Apr-2025       4.48139          0.903182E-01       88.3578           7.99662    
 245  May-2025       4.61137          0.945255E-01       100.622           9.53262    
 246  Jun-2025       4.54687          0.985548E-01       94.3369           9.31997    
 247  Jul-2025       4.66360          0.102438           106.017           10.8887    
 248  Aug-2025       3.70186          0.117077           40.5226           4.76057    
 249  Sep-2025       4.55076          0.125718           94.7041           11.9532    
 250  Oct-2025       4.57599          0.134052           97.1240           13.0783    
 251  Nov-2025       4.48674          0.142055           88.8312           12.6828    
 252  Dec-2025       4.40903          0.149367           82.1901           12.3453    
 253  Jan-2026       4.25506          0.156644           70.4613           11.1054    
 254  Feb-2026       4.45550          0.163339           86.0995           14.1577    
 255  Mar-2026       4.56421          0.169826           95.9872           16.4194    
 256  Apr-2026       4.47052          0.176063           87.4021           15.5083    
 257  May-2026       4.51092          0.182302           91.0059           16.7294    
 258  Jun-2026       4.52440          0.187973           92.2405           17.4930    
 259  Jul-2026       4.60214          0.193660           99.6970           19.4897    
