
                                        PROGRAM TRAMO+

             (based on program TRAMO, Victor Gomez and Agustin Maravall©,1996)

         Developed at the Bank of Spain by Gianluca Caporello and Agustin Maravall,
         with programming support from Domingo Pérez Cañete and Roberto López Pavón.

                 VERSION: 1.0 (Revision: 942  Build: 2017/09/25 09:39:13)


 SERIES TITLE=DIVIZ19                                                                         

 INPUT PARAMETERS
   lam= 0   imean= 0   ireg= 2   seats= 2   int2=235   rsa= 0   modelsumm= 1   va=   3.762
 
   Name : NOT DEFINED.
   Reglist01
    Iuser= 2   Nser= 2   Ilong=   0
 
   Fixed Outliers:
   #Observ. Type
     183     LS
      48     LS
 

 NUMBER OF OBSERVATIONS: 235


 ORIGINAL SERIES 

 YEAR        JAN       FEB       MAR       APR       MAY       JUN       JUL       AUG       SEP       OCT       NOV       DEC 

 2005      73.500    62.000    91.600    77.900    95.500    97.000   139.000   134.500    95.000    98.500    83.200    96.700
 2006      98.000    74.600   162.500   111.400   107.800   126.800   161.000   195.800   141.300   131.100   100.400   126.400
 2007     109.000   121.100    99.900    95.200   143.400    95.600   108.300   124.600   133.800   113.000   115.900   161.500
 2008     125.000    99.400   137.400   121.200   176.800   151.500   155.000   156.500   142.900   112.900    78.700    56.700
 2009      74.200    59.400    51.900    57.500    65.400    70.400    68.800   101.600    79.600    73.800    74.700    74.000
 2010      65.900   102.200   123.800    72.500   109.300   103.500   101.900    89.600    93.100    98.500    84.900   160.700
 2011      98.800   104.600   135.100    57.400   135.400    81.100   112.800   112.600   109.100    91.300   101.500   120.600
 2012     128.700    91.900   149.100   130.600   100.400    87.500   121.400   147.200   154.600    93.700   123.600   112.400
 2013      98.000    85.700   108.100    79.300    86.700    98.100   106.100    93.300   111.800    87.500    91.600   126.500
 2014      67.100    77.500   123.900    88.200    90.900   102.300    80.600    87.200    83.200    60.400    56.400   109.700
 2015      57.700    85.700    98.800   102.900   122.700   159.600    80.600    68.400   107.800    77.000    66.800    72.200
 2016      38.800    49.200    76.600    82.600    74.300    82.900    81.800    69.300    79.200    71.800    66.200   124.600
 2017      72.500   113.400    81.400   173.900    85.600    99.300   107.400    96.900   101.300   124.600   131.500   127.800
 2018     124.100   143.200   122.200   119.100   101.700   129.800   131.100   118.600   159.600   153.800   134.200   131.100
 2019      83.400   100.300    92.200    89.700   106.700   128.300   104.800   107.200   107.200   137.900   121.600    73.900
 2020     116.600   101.300    53.300    49.100    56.100    59.400    60.500    57.900    54.400    65.400    65.000    69.900
 2021      62.900    70.500   101.000    86.600   110.400   107.800    80.800    90.800   122.200   100.700   142.900   123.500
 2022     130.500    79.800   164.400   187.600   204.100   220.200   175.400   190.300   144.800   218.600   228.200   181.800
 2023     109.200    73.500    94.800    98.700    82.800    68.200    37.700    94.700   139.000    98.600    75.300    63.900
 2024      81.600    59.700    66.500    87.000    97.200    73.500    89.200


 MODEL PARAMETERS            
 ----------------
  MQ= 12         IMEAN=  0      LAM=  0      D=  1       BD=  1
  P=  0          BP=  0         Q=  1        BQ=  1      IREG=  2
  ITRAD=  0      SMPDAY=  0     IEAST=  0      IDUR=  6     M= 36       IQM= 24
  INCON=  0      NBACK=  0      NPRED= 24    INTERP=  2  INIT=  0
  IFILT=  2      IROOT=  2    INIC=  0    ICONCE=  1
  ICDET=  1      IATIP=  0      IMVX=  0     IDIF=  0    PG=  0
  AIO=  2        INT1=  1       INT2= 235    RSA=  0     SEATS=  2
  VA= 3.76       TOL=  0.100E-03             PC=  0.120E+00
  NOADMISS= 1    STOCHTD 0    BIAS= 1
  THLIM=  0.000  BTHLIM=  0.000   RMOD=  0.500



TH =        -0.10

BTH =        -0.10

WARNING: When adjusting for degrees of freedom in
 order to compute white-noise residuals, the Housholder
 transformation contains an element of arbitrariness 
 that, when multiple regressors are entered, may produce
 a slight variation in results when the order in which
 regressors are entered changes



NUMBER OF INITIAL OBS. =  13

Log-Level pretest : LOGS are Selected
 DIFFERENCED TRANSFORMED SERIES

 YEAR        JAN       FEB       MAR       APR       MAY       JUN       JUL       AUG       SEP       OCT       NOV       DEC 

 2006                -0.103     0.388    -0.216    -0.237     0.147    -0.121     0.229     0.021    -0.111    -0.098     0.080
 2007      -0.161     0.378    -0.971     0.329     0.443    -0.568    -0.114    -0.055     0.397    -0.094     0.292     0.101
 2008      -0.108    -0.334     0.516    -0.077    -0.032     0.251    -0.102    -0.131    -0.162    -0.067    -0.386    -0.660
 2009       0.525     0.007    -0.459     0.228    -0.249     0.228    -0.046     0.380    -0.153     0.160     0.373     0.318
 2010      -0.385     0.661     0.327    -0.638     0.282    -0.128     0.007    -0.518     0.282     0.132    -0.161     0.647
 2011      -0.371    -0.382     0.064    -0.321     0.448    -0.458     0.346     0.127    -0.070    -0.234     0.254    -0.466
 2012       0.551    -0.394     0.228     0.723    -1.121     0.375    -0.002     0.194     0.081    -0.323     0.171    -0.267
 2013      -0.202     0.203    -0.252    -0.177     0.352     0.261    -0.249    -0.321     0.132     0.256    -0.231     0.418
 2014      -0.497     0.278     0.237    -0.030    -0.059    -0.005    -0.317     0.207    -0.228    -0.075    -0.114     0.342
 2015      -0.008     0.252    -0.327     0.381     0.146     0.145    -0.445    -0.243     0.502    -0.016    -0.074    -0.588
 2016       0.021    -0.158     0.300     0.035    -0.282    -0.153     0.670    -0.002    -0.321     0.238     0.061     0.555
 2017       0.079     0.210    -0.774     0.684    -0.603     0.039     0.092     0.063    -0.089     0.305     0.135    -0.661
 2018       0.512    -0.304     0.173    -0.785     0.551     0.096    -0.068     0.003     0.253    -0.244    -0.190     0.005
 2019      -0.423     0.041     0.074    -0.002     0.331    -0.060    -0.212     0.123    -0.297     0.289     0.011    -0.475
 2020       0.908    -0.325    -0.558    -0.055    -0.040    -0.127     0.221    -0.067    -0.062    -0.068     0.120     0.571
 2021      -0.562     0.255     1.002    -0.072     0.110    -0.081    -0.307     0.161     0.359    -0.378     0.356    -0.219
 2022       0.161    -0.606     0.363     0.286    -0.159     0.100     0.061    -0.035    -0.570     0.605    -0.307    -0.081
 2023      -0.565     0.096    -0.468    -0.092    -0.260    -0.270    -0.365     0.840     0.657    -0.755    -0.313     0.063
 2024       0.754     0.083    -0.147     0.228     0.287    -0.086     0.786




 AUTOCORRELATIONS
 ----------------
     -0.3844  -0.0345  -0.0031   0.0698   0.0003  -0.0122   0.0227  -0.0683  -0.0056   0.0644   0.1392  -0.4367
 SE   0.0671   0.0764   0.0765   0.0765   0.0767   0.0767   0.0768   0.0768   0.0771   0.0771   0.0773   0.0784
      0.2527  -0.0643   0.0130  -0.0284  -0.0251   0.0045  -0.0437   0.0981  -0.0402  -0.0195   0.0465   0.0326
 SE   0.0887   0.0919   0.0921   0.0921   0.0921   0.0922   0.0922   0.0923   0.0927   0.0928   0.0928   0.0929
     -0.1203   0.0442  -0.0967   0.0909  -0.0028   0.0412  -0.0358  -0.1192   0.1572  -0.0216  -0.0633  -0.0434
 SE   0.0930   0.0937   0.0938   0.0942   0.0946   0.0946   0.0947   0.0948   0.0954   0.0966   0.0966   0.0968


 PARTIAL AUTOCORRELATIONS
 ---------------------
     -0.3844  -0.2139  -0.1247   0.0137   0.0437   0.0301   0.0472  -0.0545  -0.0744   0.0160   0.2101  -0.3444
 SE   0.0671   0.0671   0.0671   0.0671   0.0671   0.0671   0.0671   0.0671   0.0671   0.0671   0.0671   0.0671
     -0.0357  -0.0911  -0.0566  -0.0109  -0.0472  -0.0380  -0.0575   0.0253  -0.0176   0.0255   0.1578  -0.0992
 SE   0.0671   0.0671   0.0671   0.0671   0.0671   0.0671   0.0671   0.0671   0.0671   0.0671   0.0671   0.0671
     -0.0750  -0.1063  -0.2228  -0.0322  -0.0150   0.0793  -0.0024  -0.1258   0.0207   0.0184   0.0454  -0.1260
 SE   0.0671   0.0671   0.0671   0.0671   0.0671   0.0671   0.0671   0.0671   0.0671   0.0671   0.0671   0.0671
  
 ARIMA MODEL ESTIMATION 
  
 METHOD OF ESTIMATION: EXACT MAXIMUM LIKELIHOOD           
  
 PARAMETER      ESTIMATE           STD ERROR      T RATIO   LAG  
  
 TH1         -0.57083           0.56616E-01      -10.08      1
 BTH         -0.77742           0.43371E-01      -17.92     12
  
 
 REGULAR MA INVERSE ROOTS ARE 
 NO.     REAL P.     IMAG.P.     MODULUS    ARGUMENT      PERIOD
  1      0.57083       0.0000      0.57083       0.0000            -  
 
 SEASONAL MA INVERSE ROOTS ARE 
 NO.     REAL P.     IMAG.P.     MODULUS    ARGUMENT      PERIOD
  1      0.77742       0.0000      0.77742       0.0000            -  
  
 CORRELATIONS OF THE ESTIMATES 
  
  1.000   -0.229
 -0.229    1.000
  
 AIC 
      28.617
  
 BIC 
     -2.6996
  
 FINAL VALUE OF OBJECTIVE FUNCTION: 
                14.263    
  
 RADETN:    1.02629274415023     
 ITERATIONS:            2
  
  NUMBER OF FUNCTION EVALUATIONS:            8
  

 ESTIMATES OF REGRESSION PARAMETERS 
 CONCENTRATED OUT OF THE LIKELIHOOD 

 PARAMETER           VALUE          ST. ERROR     T VALUE
 OUT 1 (183)        -0.80104        (     0.19441)   -4.12   LS    ( 3 2020)
 OUT 2 ( 48)        -0.61673        (     0.19537)   -3.16   LS    (12 2008)

 VAR-CORRELATION MATRIX OF ESTIMATORS 

   0.378E-01
   0.227E-02   0.382E-01


 VARIANCES ARE IN THE MAIN DIAGONAL; 
 OFF-DIAGONAL ELEMENTS ARE CORRELATIONS. 



ACF DIFFERENCED SERIES




 AUTOCORRELATIONS
 ----------------
     -0.3836  -0.0377  -0.0079   0.0718  -0.0024  -0.0108   0.0239  -0.0658  -0.0022   0.0625   0.1393  -0.4397
 SE   0.0671   0.0764   0.0764   0.0764   0.0767   0.0767   0.0768   0.0768   0.0770   0.0770   0.0773   0.0784
      0.2556  -0.0602   0.0172  -0.0300  -0.0263   0.0033  -0.0439   0.0974  -0.0457  -0.0135   0.0430   0.0386
 SE   0.0888   0.0921   0.0922   0.0923   0.0923   0.0923   0.0923   0.0924   0.0929   0.0930   0.0930   0.0931
     -0.1266   0.0450  -0.0994   0.0876   0.0046   0.0393  -0.0362  -0.1219   0.1627  -0.0255  -0.0608  -0.0458
 SE   0.0932   0.0939   0.0940   0.0945   0.0949   0.0949   0.0949   0.0950   0.0957   0.0969   0.0970   0.0971
  
  
  NUMBER OF WHITE NOISE RESIDUALS          220
  
 WHITE NOISE RESIDUALS
  

 YEAR        JAN       FEB       MAR       APR       MAY       JUN       JUL       AUG       SEP       OCT       NOV       DEC 

 2006                                    -0.026    -0.201     0.002    -0.095     0.127     0.089    -0.037    -0.098     0.007
 2007      -0.133     0.221    -0.579    -0.124     0.225    -0.320    -0.338    -0.143     0.286     0.030     0.238     0.262
 2008      -0.018    -0.129    -0.053     0.032     0.184     0.045    -0.175    -0.190    -0.017    -0.162    -0.312    -0.134
 2009       0.315     0.097    -0.376     0.051    -0.093     0.125    -0.116     0.238     0.052     0.076     0.249    -0.116
 2010      -0.157     0.501     0.286    -0.267     0.034     0.026    -0.117    -0.351     0.015     0.173     0.093     0.498
 2011      -0.152    -0.017     0.054    -0.612     0.235    -0.315     0.063    -0.054     0.063    -0.072     0.207    -0.006
 2012       0.213    -0.217     0.152     0.314    -0.488    -0.249     0.040     0.148     0.237    -0.268     0.206    -0.243
 2013      -0.174    -0.158    -0.128    -0.075    -0.206     0.165    -0.013    -0.231     0.116     0.011     0.053     0.168
 2014      -0.426    -0.011     0.201     0.083    -0.138     0.135    -0.322    -0.150    -0.121    -0.187    -0.185     0.343
 2015      -0.216     0.308     0.009     0.361     0.208     0.429    -0.509    -0.507     0.185    -0.002    -0.135    -0.316
 2016      -0.479    -0.097     0.116     0.377    -0.065     0.050     0.113    -0.105    -0.013     0.147     0.041     0.392
 2017       0.072     0.388    -0.420     0.685    -0.429    -0.138     0.079    -0.024    -0.067     0.387     0.322    -0.190
 2018       0.285     0.128    -0.252    -0.210    -0.206     0.061     0.089    -0.000     0.211     0.207     0.007    -0.282
 2019      -0.278    -0.144    -0.260    -0.202     0.149     0.164    -0.077     0.040    -0.110     0.293     0.091    -0.644
 2020       0.450    -0.057     0.072    -0.055     0.134     0.011     0.094     0.052    -0.136     0.131     0.136     0.107
 2021       0.135     0.088     0.332     0.043     0.263     0.018    -0.228     0.029     0.247    -0.074     0.361     0.010
 2022       0.224    -0.470     0.314     0.351     0.227     0.127    -0.052     0.059    -0.357     0.234     0.140    -0.154
 2023      -0.483    -0.644    -0.383    -0.177    -0.340    -0.466    -0.729     0.492     0.634    -0.053    -0.338    -0.310
 2024       0.270    -0.049    -0.192     0.151     0.187    -0.191     0.319
 
 
  STABILITY TEST
 
 
     1. FULL PERIOD
                  FIRST HALF                    SECOND HALF
           Mean(t)          Variance      Mean(t)          Variance
      -0.17E-01(-0.83    )  0.46E-01  0.51E-03( 0.19E-01)  0.76E-01
 
      Mean assumed equal to 0
      VR(variance ratio)=  1.7    
 
      MEAN STABILITY IS NOT REJECTED.
      VARIANCE STABILITY IS REJECTED.


 
     2. LAST 10 YEARS
                  FIRST HALF                    SECOND HALF
           Mean(t)          Variance      Mean(t)          Variance
       0.21E-02( 0.61E-01)  0.67E-01  0.16E-02( 0.43E-01)  0.81E-01
 
      Mean assumed equal to 0
      VR(variance ratio)=  1.2    
 
      LAST 10 YEARS MEAN STABILITY IS NOT REJECTED.
      LAST 10 YEARS VARIANCE STABILITY IS NOT REJECTED.


      Residual mean and/or variance fail stability test for full period.
      Removing early years may improve stability.
      Test redone for last 10 years.

 
  OUT-OF-SAMPLE TEST
  ------------------
      Model re-estimated on Linearized series for first 217 observations.
       18 One-Period-Ahead Forecasts computed with model fixed.
      Comparison between forecast errors (last   18 observations) and residuals (in-sample):

        Mean(Forecast Errors)
            p-value= 0.0172
            Mean of forecast errors can be assumed zero.

        Out-of-Sample MSE is :  0.1597E+00
        In-Sample MSE is :  0.5327E-01
        F( 18,204) is :  0.300E+01
            p-value(%)= 0.0083

        Mean and Variance of forecast Errors and In-Sample residuals ARE significantly different


 TEST-STATISTICS ON RESIDUALS
 ----------------------------


           MEAN=  -0.8152385E-02
        ST.DEV.=   0.1667263E-01
        OF MEAN
        T-VALUE= -0.4890

 NORMALITY TEST=   1.799        ( CHI-SQUARE(2) )

       SKEWNESS= -0.2151          ( SE =  0.1651 )
       KURTOSIS=  3.1059          ( SE =  0.3303 )

 SUM OF SQUARES=    11.84549    

  DURBIN-WATSON=  2.2493

 STANDARD ERROR=   0.2492336    
 OF RESID.
  MSE OF RESID.=   0.6211738E-01




 AUTOCORRELATIONS
 ----------------
      0.0071  -0.0163  -0.0125   0.0565   0.0005  -0.0444  -0.0383  -0.0435   0.0134   0.0771  -0.0688   0.0266
 SE   0.0674   0.0674   0.0674   0.0674   0.0674   0.0674   0.0674   0.0674   0.0674   0.0674   0.0674   0.0674
 Q      0.01     0.07     0.11     0.83     0.83     1.28     1.61     2.05     2.09     3.47     4.58     4.75
 PV    -1.00    -1.00     0.75     0.66     0.84     0.87     0.90     0.92     0.95     0.90     0.87     0.91
     -0.0138  -0.0568  -0.0518  -0.0097  -0.0289  -0.0084   0.0054   0.0149   0.0320   0.0226  -0.0414  -0.0087
 SE   0.0674   0.0674   0.0674   0.0674   0.0674   0.0674   0.0674   0.0674   0.0674   0.0674   0.0674   0.0674
 Q      4.79     5.56     6.20     6.22     6.42     6.44     6.44     6.50     6.75     6.88     7.30     7.32
 PV     0.94     0.94     0.94     0.96     0.97     0.98     0.99     0.99     1.00     1.00     1.00     1.00
     -0.1197  -0.0799  -0.1249   0.0302   0.0268   0.0458   0.0261  -0.0980   0.0542  -0.0068  -0.0961  -0.0448
 SE   0.0674   0.0674   0.0674   0.0674   0.0674   0.0674   0.0674   0.0674   0.0674   0.0674   0.0674   0.0674
 Q     10.91    12.52    16.46    16.69    16.88    17.42    17.59    20.09    20.86    20.87    23.30    23.84
 PV     0.98     0.97     0.90     0.92     0.93     0.94     0.95     0.91     0.92     0.93     0.89     0.90

  LJUNG-BOX Q VALUE OF ORDER  24 IS      7.32 AND IF RESIDUALS ARE RANDOM IT SHOULD BE DISTRIBUTED AS CHI-SQUARE(22)
  p-value= 0.9986
  THE PIERCE QS VALUE IS      0.17 AND IF RESIDUALS ARE RANDOM IT SHOULD BE DISTRIBUTED AS CHI-SQUARE(2)

 APPROXIMATE TEST OF RUNS ON RESIDUALS
 -------------------------------------
  NUM.DATA= 220
   NUM.(+)= 110
   NUM.(-)= 110
  NUM.RUNS= 108
   T-VALUE= -0.4054


  NON-PARAMETRIC TEST FOR RESIDUAL SEASONALITY (FRIEDMAN) SEAS_NP =      9.92
    ASYMP. DISTRIBUTED AS CHI-SQUARE(11)
    p-value= 0.5373



 SQUARED RESIDUALS:
 ------------------




 AUTOCORRELATIONS
 ----------------
      0.3004   0.1616  -0.0226   0.1170   0.0837   0.0981  -0.0249  -0.0380  -0.0705  -0.0192   0.0028   0.0254
 SE   0.0674   0.0674   0.0674   0.0674   0.0674   0.0674   0.0674   0.0674   0.0674   0.0674   0.0674   0.0674
 Q     20.12    25.97    26.09    29.18    30.78    32.97    33.11    33.45    34.60    34.68    34.68    34.84
 PV    -1.00    -1.00     0.00     0.00     0.00     0.00     0.00     0.00     0.00     0.00     0.00     0.00
     -0.0110  -0.0417   0.0134   0.0049   0.0391  -0.0236  -0.0167   0.0532   0.0782   0.0319  -0.0348  -0.0239
 SE   0.0674   0.0674   0.0674   0.0674   0.0674   0.0674   0.0674   0.0674   0.0674   0.0674   0.0674   0.0674
 Q     34.86    35.28    35.32    35.33    35.69    35.83    35.90    36.59    38.09    38.34    38.64    38.78
 PV     0.00     0.00     0.00     0.00     0.00     0.00     0.00     0.01     0.01     0.01     0.01     0.01
     -0.0463   0.0443  -0.0044  -0.0370  -0.0735  -0.1016  -0.0899   0.0660   0.0530  -0.0743  -0.0642  -0.0844
 SE   0.0674   0.0674   0.0674   0.0674   0.0674   0.0674   0.0674   0.0674   0.0674   0.0674   0.0674   0.0674
 Q     39.32    39.82    39.82    40.17    41.55    44.20    46.29    47.42    48.16    49.60    50.69    52.58
 PV     0.02     0.02     0.03     0.04     0.04     0.03     0.02     0.02     0.03     0.02     0.03     0.02

  McLEOD-LI Q VALUE OF ORDER  24 IS     38.78 AND IF RESIDUALS ARE RANDOM IT SHOULD BE DISTRIBUTED AS CHI-SQUARE(24)
  p-value= 0.0288
 
 
 
SPECTRAL DIAGNOSTICS
 --------------------
 
A. SEASONAL SPECTRAL PEAKS
 
                           Frequency (cycles per year)
                     One    Two   Three  Four   Five    Six  
 Original series      --     --     --     -t     a-     a-
 Linearized series    --     -t     --     -t     a-     a-
 Residuals            --     --     --     --     a-     A-
 
 AT : peaks detected in AR(30) and using Tukey spectrum  estimator
 A- : only peaks detected in AR(30) spectrum estimator
 -T : only peaks detected using Tukey spectrum estimator
 -- : No peaks detected in AR(30) nor using Tukey spectrum estimator
 
 
 
B. STOCHASTIC SEASONALITY: SPECTRAL EVIDENCE
 
 1 :  SERIES CONTAINS SEASONALITY THAT CAN BE RELIABLY EXTRACTED.
 0 :  SEASONALITY IS NOT PRESENT IN THE SERIES OR IS TOO WEAK TO BE RELIABLY CAPTURED.
 
 ORIGINAL SERIES :   0
 LINEARIZED SERIES : 1
 RESIDUALS :         0
 
 
 
C. TRADING DAY EFFECT: SPECTRAL EVIDENCE
 
 1 :  TRADING DAY EFFECT DETECTED
 0 :  NO TRADING DAY EFFECT DETECTED
 
 LINEARIZED SERIES : 0
 RESIDUALS :         0
 
 
OVERALL TEST FOR IDENTIFIABLE SEASONALITY 
----------------------------------------- 
 
  AUTOCORRELATION FUNCTION EVIDENCE : YES
  NON-PARAMETRIC EVIDENCE           : NO 
  F-TEST                            :  - 
  SPECTRAL EVIDENCE                 : YES
 
NO IDENTIFIABLE SEASONALITY FOUND IN SERIES
 
 
OVERALL TEST FOR RESIDUALS SEASONALITY 
----------------------------------------- 
 
  AUTOCORRELATION FUNCTION EVIDENCE : NO 
  NON-PARAMETRIC EVIDENCE           : NO 
  F-TEST                            : NO 
  SPECTRAL EVIDENCE                 : NO 
 
NO IDENTIFIABLE SEASONALITY FOUND IN RESIDUALS
 
 
ARIMA MODEL : POOR FIT
----------------------
 
QUALITY ARIMA MODEL TESTS
----------------------------------------

  Mean in residuals                      :GOOD        
  Autocorrelation in residuals           :GOOD        
  Normality of residuals                 :GOOD        
  Skewness of residuals                  :GOOD        
  Kurtosis of residuals                  :GOOD        
  Randomness of residual sign            :GOOD        
  Instability of residual mean           :GOOD        
  Instability of residual variance       :GOOD        
  Seasonality in residuals               :GOOD        
  Trading day in residuals               :GOOD        
  Out-of-sample forecast errors          :POOR        
  Number of outliers                     :GOOD        
 


 LINEAR SERIES


 YEAR        JAN       FEB       MAR       APR       MAY       JUN       JUL       AUG       SEP       OCT       NOV       DEC 

 2005      17.806    15.020    22.190    18.872    23.135    23.499    33.673    32.583    23.014    23.862    20.156    23.426
 2006      23.741    18.072    39.366    26.987    26.115    30.718    39.003    47.433    34.230    31.759    24.322    30.621
 2007      26.406    29.337    24.201    23.063    34.739    23.159    26.236    30.185    32.414    27.375    28.077    39.124
 2008      30.282    24.080    33.286    29.361    42.830    36.701    37.549    37.913    34.618    27.350    19.065    25.450
 2009      33.305    26.662    23.296    25.810    29.356    31.600    30.882    45.604    35.729    33.126    33.530    33.216
 2010      29.580    45.874    55.569    32.542    49.061    46.457    45.739    40.218    41.789    44.213    38.108    72.132
 2011      44.347    46.951    60.641    25.765    60.776    36.403    50.632    50.542    48.971    40.981    45.559    54.133
 2012      57.768    41.250    66.925    58.621    45.066    39.275    54.492    66.072    69.394    42.058    55.479    50.452
 2013      43.988    38.467    48.522    35.595    38.916    44.033    47.624    41.879    50.183    39.275    41.116    56.781
 2014      30.119    34.787    55.614    39.590    40.801    45.918    36.178    39.141    37.345    27.111    25.316    49.240
 2015      25.899    38.467    44.347    46.188    55.075    71.638    36.178    30.702    48.387    34.562    29.984    32.408
 2016      17.416    22.084    34.383    37.076    33.350    37.211    36.717    31.106    35.550    32.228    29.715    55.928
 2017      32.542    50.901    36.537    78.057    38.423    44.572    48.208    43.495    45.470    55.928    59.025    57.364
 2018      55.704    64.277    54.851    53.459    45.649    58.262    58.846    53.235    71.638    69.035    60.237    58.846
 2019      37.435    45.021    41.385    40.263    47.893    57.589    47.041    48.118    48.118    61.898    54.582    33.171
 2020      52.337    45.470    53.300    49.100    56.100    59.400    60.500    57.900    54.400    65.400    65.000    69.900
 2021      62.900    70.500   101.000    86.600   110.400   107.800    80.800    90.800   122.200   100.700   142.900   123.500
 2022     130.500    79.800   164.400   187.600   204.100   220.200   175.400   190.300   144.800   218.600   228.200   181.800
 2023     109.200    73.500    94.800    98.700    82.800    68.200    37.700    94.700   139.000    98.600    75.300    63.900
 2024      81.600    59.700    66.500    87.000    97.200    73.500    89.200


  AUTOCORRELATION FUNCTION TEST FOR SEASONALITY IN LINEARIZEDSERIES QS =    39.17  ASIMPTOTICALLY DISTRIBUTED AS CHI-SQUARE(2)
    p-value= 0.0000


  NON-PARAMETRIC TEST FOR SEASONALITY IN LINEARIZED SERIES (FRIEDMAN) SEAS_NP =     23.66
    ASYMP. DISTRIBUTED AS CHI-SQUARE(11)
    p-value= 0.0143


TOTAL OUTLIER EFFECT FACTORS


 YEAR        JAN       FEB       MAR       APR       MAY       JUN       JUL       AUG       SEP       OCT       NOV       DEC 

 2005     412.790   412.790   412.790   412.790   412.790   412.790   412.790   412.790   412.790   412.790   412.790   412.790
 2006     412.790   412.790   412.790   412.790   412.790   412.790   412.790   412.790   412.790   412.790   412.790   412.790
 2007     412.790   412.790   412.790   412.790   412.790   412.790   412.790   412.790   412.790   412.790   412.790   412.790
 2008     412.790   412.790   412.790   412.790   412.790   412.790   412.790   412.790   412.790   412.790   412.790   222.786
 2009     222.786   222.786   222.786   222.786   222.786   222.786   222.786   222.786   222.786   222.786   222.786   222.786
 2010     222.786   222.786   222.786   222.786   222.786   222.786   222.786   222.786   222.786   222.786   222.786   222.786
 2011     222.786   222.786   222.786   222.786   222.786   222.786   222.786   222.786   222.786   222.786   222.786   222.786
 2012     222.786   222.786   222.786   222.786   222.786   222.786   222.786   222.786   222.786   222.786   222.786   222.786
 2013     222.786   222.786   222.786   222.786   222.786   222.786   222.786   222.786   222.786   222.786   222.786   222.786
 2014     222.786   222.786   222.786   222.786   222.786   222.786   222.786   222.786   222.786   222.786   222.786   222.786
 2015     222.786   222.786   222.786   222.786   222.786   222.786   222.786   222.786   222.786   222.786   222.786   222.786
 2016     222.786   222.786   222.786   222.786   222.786   222.786   222.786   222.786   222.786   222.786   222.786   222.786
 2017     222.786   222.786   222.786   222.786   222.786   222.786   222.786   222.786   222.786   222.786   222.786   222.786
 2018     222.786   222.786   222.786   222.786   222.786   222.786   222.786   222.786   222.786   222.786   222.786   222.786
 2019     222.786   222.786   222.786   222.786   222.786   222.786   222.786   222.786   222.786   222.786   222.786   222.786
 2020     222.786   222.786   100.000   100.000   100.000   100.000   100.000   100.000   100.000   100.000   100.000   100.000
 2021     100.000   100.000   100.000   100.000   100.000   100.000   100.000   100.000   100.000   100.000   100.000   100.000
 2022     100.000   100.000   100.000   100.000   100.000   100.000   100.000   100.000   100.000   100.000   100.000   100.000
 2023     100.000   100.000   100.000   100.000   100.000   100.000   100.000   100.000   100.000   100.000   100.000   100.000
 2024     100.000   100.000   100.000   100.000   100.000   100.000   100.000
 
 
 
 FORECAST FUNCTION OF ORIGINAL SERIES: 
  
ORIGIN: 235 PERIODS AHEAD: 24
  
 OBS    DATE         FORECAST          STD ERROR        FORECAST          STD ERROR   
                        (SERIES IN LOGS)                     (SERIES IN LEVELS)       
 236  Aug-2024       4.52354          0.233110           92.1615           21.7789    
 237  Sep-2024       4.63278          0.253670           102.799           26.5023    
 238  Oct-2024       4.61182          0.272685           100.667           27.9687    
 239  Nov-2024       4.58132          0.290457           97.6437           28.9701    
 240  Dec-2024       4.50925          0.307205           90.8541           28.5825    
 241  Jan-2025       4.40637          0.323084           81.9710           27.1899    
 242  Feb-2025       4.25180          0.338218           70.2317           24.4494    
 243  Mar-2025       4.48304          0.353114           88.5037           32.2519    
 244  Apr-2025       4.54878          0.367012           94.5174           35.8906    
 245  May-2025       4.58157          0.380402           97.6679           38.5386    
 246  Jun-2025       4.53308          0.393337           93.0446           38.0602    
 247  Jul-2025       4.39447          0.405860           81.0013           34.2766    
 248  Aug-2025       4.56876          0.433376           96.4244           43.8291    
 249  Sep-2025       4.67799          0.450306           107.554           50.9944    
 250  Oct-2025       4.65704          0.466621           105.323           51.9468    
 251  Nov-2025       4.62654          0.482385           102.160           52.2913    
 252  Dec-2025       4.55447          0.497654           95.0564           50.3910    
 253  Jan-2026       4.45158          0.512464           85.7625           47.0001    
 254  Feb-2026       4.29702          0.526858           73.4801           41.5622    
 255  Mar-2026       4.52826          0.541606           92.5974           54.0641    
 256  Apr-2026       4.59400          0.555245           98.8892           59.4245    
 257  May-2026       4.62679          0.568557           102.185           63.1255    
 258  Jun-2026       4.57830          0.581564           97.3483           61.7563    
 259  Jul-2026       4.43968          0.594286           84.7479           55.1566    
