
                                        PROGRAM TRAMO+

             (based on program TRAMO, Victor Gomez and Agustin Maravall©,1996)

         Developed at the Bank of Spain by Gianluca Caporello and Agustin Maravall,
         with programming support from Domingo Pérez Cañete and Roberto López Pavón.

                 VERSION: 1.0 (Revision: 942  Build: 2017/09/25 09:39:13)


 SERIES TITLE=DIVIZ20                                                                         

 INPUT PARAMETERS
   lam= 0   imean= 0   ireg= 9   ieast= 3   seats= 2   int2=235   rsa= 0   modelsumm= 1   va=   3.762
 
  WARNING :
    Remember to define the regression variable name in the first line of the external regression file.
   Name : NOT DEFINED.
   Reglist01
    Iuser=-1   Nser= 1   Ilong= 312
 
   Name : NOT DEFINED.
   Reglist02
    Iuser= 2   Nser= 8   Ilong=   0
 
   Fixed Outliers:
   #Observ. Type
      47     LS
     103     AO
      49     TC
      51     TC
      46     TC
     184     AO
     185     AO
     186     AO
 

 NUMBER OF OBSERVATIONS: 235


 ORIGINAL SERIES 

 YEAR        JAN       FEB       MAR       APR       MAY       JUN       JUL       AUG       SEP       OCT       NOV       DEC 

 2005      57.700    59.400    68.000    66.400    65.600    63.300    73.400    60.700    70.300    70.000    67.900    55.800
 2006      69.900    69.400    79.200    70.200    77.900    77.900    77.600    65.100    75.800    76.900    74.900    63.200
 2007      87.100    80.100    94.100    90.300    94.600    90.100    97.200    72.100    82.800    88.800    81.500    65.000
 2008      86.500    82.800    81.800    87.600    83.200    88.000    89.200    67.800    88.800    76.200    55.100    47.400
 2009      50.600    57.300    55.900    56.700    57.800    63.700    69.200    50.800    68.000    64.800    64.900    55.200
 2010      71.400    76.000    84.200    82.400    86.300    86.300    87.300    67.600    80.700    79.900    79.500    73.400
 2011      87.200    87.300    95.800    89.600    96.000    85.000    89.600    68.400    85.300    80.300    81.000    65.800
 2012      86.200    85.900    94.400    82.500    86.400    88.200    94.000    66.400    80.700    88.200    80.100    63.800
 2013      86.900    81.200    87.300    81.000    83.700    73.800    95.700    57.300    79.700    84.500    77.700    64.800
 2014      85.500    80.900    87.700    82.400    81.400    81.200    86.700    62.500    84.400    86.400    77.600    65.100
 2015      78.100    79.500    91.200    89.900    90.000    91.200    99.000    66.800    88.700    90.600    81.100    67.900
 2016      80.800    84.100    85.700    85.400    83.900    88.800    87.100    67.400    87.300    84.400    87.800    73.800
 2017      86.300    88.500   102.100    88.100    97.100    92.000    94.800    74.200    87.300    89.800    94.700    78.000
 2018      96.300    92.200    98.800    92.200    99.000    96.500   100.000    76.000    92.000   100.700    94.600    70.200
 2019      94.800    90.900    96.800    92.200    98.800    90.800    97.800    69.400    90.200    96.500    84.500    71.200
 2020      91.300    87.500    97.400    71.300    65.800    70.500    80.700    60.800    85.300    86.100    87.700    76.600
 2021      88.100    93.100   103.700   102.900   103.200   105.600   106.700    79.400   108.200   107.600   108.000    93.500
 2022     115.500   119.700   137.300   124.700   137.200   135.800   121.300    93.200   120.000   121.200   116.000    93.700
 2023     112.300   114.900   125.600   102.000   110.900   104.900   100.200    80.000   102.000   105.000   102.300    78.000
 2024     106.900   107.900   113.200   106.400   107.400   105.300   111.900

DATES OF EASTER DURING THE REQUESTED TIME SPAN 

 YEAR MONTH  DAY 

   2005   MARCH   27
   2006   APRIL   16
   2007   APRIL    8
   2008   MARCH   23
   2009   APRIL   12
   2010   APRIL    4
   2011   APRIL   24
   2012   APRIL    8
   2013   MARCH   31
   2014   APRIL   20
   2015   APRIL    5
   2016   MARCH   27
   2017   APRIL   16
   2018   APRIL    1
   2019   APRIL   21
   2020   APRIL   12
   2021   APRIL    4
   2022   APRIL   17
   2023   APRIL    9
   2024   MARCH   31
   2025   APRIL   20
   2026   APRIL    5
   2027   MARCH   28


 MODEL PARAMETERS            
 ----------------
  MQ= 12         IMEAN=  0      LAM=  0      D=  1       BD=  1
  P=  0          BP=  0         Q=  1        BQ=  1      IREG=  9
  ITRAD=  0      SMPDAY=  0     IEAST=  3      IDUR=  6     M= 36       IQM= 24
  INCON=  0      NBACK=  0      NPRED= 24    INTERP=  2  INIT=  0
  IFILT=  2      IROOT=  2    INIC=  0    ICONCE=  1
  ICDET=  1      IATIP=  0      IMVX=  0     IDIF=  0    PG=  0
  AIO=  2        INT1=  1       INT2= 235    RSA=  0     SEATS=  2
  VA= 3.76       TOL=  0.100E-03             PC=  0.120E+00
  NOADMISS= 1    STOCHTD 0    BIAS= 1
  THLIM=  0.000  BTHLIM=  0.000   RMOD=  0.500



TH =        -0.10

BTH =        -0.10

WARNING: When adjusting for degrees of freedom in
 order to compute white-noise residuals, the Housholder
 transformation contains an element of arbitrariness 
 that, when multiple regressors are entered, may produce
 a slight variation in results when the order in which
 regressors are entered changes



NUMBER OF INITIAL OBS. =  13

Log-Level pretest : LOGS are Selected
 DIFFERENCED TRANSFORMED SERIES

 YEAR        JAN       FEB       MAR       APR       MAY       JUN       JUL       AUG       SEP       OCT       NOV       DEC 

 2006                -0.036    -0.003    -0.097     0.116     0.036    -0.152     0.014     0.005     0.019     0.004     0.026
 2007       0.095    -0.077     0.029     0.079    -0.058    -0.049     0.080    -0.123    -0.014     0.056    -0.059    -0.056
 2008      -0.035     0.040    -0.173     0.110    -0.098     0.105    -0.062     0.024     0.131    -0.223    -0.238     0.076
 2009      -0.220     0.168    -0.013    -0.054     0.071     0.041     0.069    -0.035     0.022     0.105     0.326    -0.011
 2010       0.192    -0.062     0.127    -0.036     0.027    -0.097    -0.071     0.053    -0.114     0.038    -0.007     0.082
 2011      -0.085    -0.061    -0.010    -0.045     0.023    -0.122     0.041    -0.014     0.044    -0.050     0.014    -0.128
 2012       0.098    -0.005     0.001    -0.068    -0.023     0.142     0.011    -0.078    -0.026     0.149    -0.105    -0.020
 2013       0.039    -0.064    -0.022     0.060    -0.013    -0.146     0.196    -0.165     0.135    -0.030     0.012     0.046
 2014      -0.032     0.013     0.008     0.013    -0.045     0.123    -0.194     0.186    -0.030    -0.035    -0.024     0.006
 2015      -0.095     0.073     0.057     0.048     0.013     0.016     0.017    -0.066    -0.017    -0.002    -0.003    -0.002
 2016      -0.008     0.022    -0.118     0.011    -0.019     0.044    -0.101     0.137    -0.025    -0.055     0.150     0.004
 2017      -0.017    -0.015     0.124    -0.144     0.115    -0.111     0.049     0.011    -0.096     0.062     0.014    -0.020
 2018       0.054    -0.069    -0.074     0.078    -0.026     0.028     0.006    -0.029     0.028     0.062    -0.116    -0.104
 2019       0.090     0.001    -0.006     0.020    -0.002    -0.059     0.039    -0.069     0.071    -0.023    -0.070     0.127
 2020      -0.052    -0.001     0.044    -0.263    -0.149     0.153     0.061     0.060     0.076    -0.058     0.151     0.036
 2021      -0.109     0.098     0.001     0.304     0.083    -0.046    -0.125    -0.012    -0.029    -0.015    -0.015    -0.009
 2022       0.071    -0.019     0.029    -0.089     0.093    -0.033    -0.123     0.032    -0.057     0.016    -0.048    -0.069
 2023      -0.030    -0.013    -0.048    -0.112    -0.012    -0.045     0.067     0.038    -0.010     0.019     0.018    -0.058
 2024       0.134    -0.014    -0.041     0.146    -0.074     0.036     0.107




 AUTOCORRELATIONS
 ----------------
     -0.2053   0.0244   0.0354   0.0868  -0.0590  -0.0460   0.0542   0.0246   0.0061  -0.1149   0.2814  -0.4823
 SE   0.0671   0.0699   0.0699   0.0700   0.0705   0.0707   0.0708   0.0710   0.0711   0.0711   0.0719   0.0767
      0.0777  -0.0744   0.0374  -0.0839   0.0418   0.1029  -0.0383  -0.0045  -0.1392   0.1173  -0.2405   0.0643
 SE   0.0893   0.0896   0.0899   0.0900   0.0903   0.0904   0.0909   0.0910   0.0910   0.0920   0.0926   0.0954
     -0.1333   0.1754  -0.1182  -0.0487   0.0524  -0.1046  -0.0727   0.0086   0.1570  -0.0724   0.1020  -0.0793
 SE   0.0956   0.0964   0.0979   0.0985   0.0986   0.0987   0.0992   0.0995   0.0995   0.1006   0.1008   0.1013


 PARTIAL AUTOCORRELATIONS
 ---------------------
     -0.2053  -0.0185   0.0384   0.1070  -0.0209  -0.0705   0.0229   0.0409   0.0352  -0.1114   0.2346  -0.4411
 SE   0.0671   0.0671   0.0671   0.0671   0.0671   0.0671   0.0671   0.0671   0.0671   0.0671   0.0671   0.0671
     -0.0484  -0.1029   0.0308   0.0012   0.0492   0.0927  -0.0184   0.0268  -0.1534  -0.0536  -0.0574  -0.2309
 SE   0.0671   0.0671   0.0671   0.0671   0.0671   0.0671   0.0671   0.0671   0.0671   0.0671   0.0671   0.0671
     -0.1577   0.0704  -0.0451  -0.1116   0.0659  -0.0480  -0.1431   0.1062   0.0197   0.0141  -0.0251  -0.1735
 SE   0.0671   0.0671   0.0671   0.0671   0.0671   0.0671   0.0671   0.0671   0.0671   0.0671   0.0671   0.0671
  
 ARIMA MODEL ESTIMATION 
  
 METHOD OF ESTIMATION: EXACT MAXIMUM LIKELIHOOD           
  
 PARAMETER      ESTIMATE           STD ERROR      T RATIO   LAG  
  
 TH1         -0.18299           0.66231E-01       -2.76      1
 BTH         -0.79828           0.40575E-01      -19.67     12
  
 
 REGULAR MA INVERSE ROOTS ARE 
 NO.     REAL P.     IMAG.P.     MODULUS    ARGUMENT      PERIOD
  1      0.18299       0.0000      0.18299       0.0000            -  
 
 SEASONAL MA INVERSE ROOTS ARE 
 NO.     REAL P.     IMAG.P.     MODULUS    ARGUMENT      PERIOD
  1      0.79828       0.0000      0.79828       0.0000            -  
  
 CORRELATIONS OF THE ESTIMATES 
  
  1.000   -0.086
 -0.086    1.000
  
 AIC 
    -771.327
  
 BIC 
     -6.1834
  
 FINAL VALUE OF OBJECTIVE FUNCTION: 
               0.36141    
  
 RADETN:    1.02786045823526     
 ITERATIONS:            2
  
  NUMBER OF FUNCTION EVALUATIONS:            8
  

 ESTIMATES OF REGRESSION PARAMETERS 
 CONCENTRATED OUT OF THE LIKELIHOOD 

 PARAMETER           VALUE          ST. ERROR     T VALUE
 REG      1          0.24488E-01    (     0.00208)   11.79
 EAST     1         -0.20637E-01    (     0.00880)   -2.35
 OUT 1 ( 47)        -0.29372        (     0.03872)   -7.59   LS    (11 2008)
 OUT 2 (103)         0.16452        (     0.02965)    5.55   AO    ( 7 2013)
 OUT 3 ( 49)        -0.18656        (     0.03682)   -5.07   TC    ( 1 2009)
 OUT 4 ( 51)        -0.17421        (     0.03662)   -4.76   TC    ( 3 2009)
 OUT 5 ( 46)        -0.16713        (     0.03701)   -4.52   TC    (10 2008)
 OUT 6 (184)        -0.21443        (     0.03459)   -6.20   AO    ( 4 2020)
 OUT 7 (185)        -0.23521        (     0.03736)   -6.30   AO    ( 5 2020)
 OUT 8 (186)        -0.15467        (     0.03400)   -4.55   AO    ( 6 2020)

 VAR-CORRELATION MATRIX OF ESTIMATORS 

   0.432E-05
   0.206E+00   0.774E-04
   0.823E-01   0.170E-01   0.150E-02
  -0.103E+00  -0.231E-01  -0.882E-02   0.879E-03
   0.459E-01   0.212E-01  -0.120E-01  -0.613E-02   0.136E-02
  -0.573E-02   0.864E-01   0.281E-03  -0.179E-02   0.129E+00   0.134E-02
  -0.229E-01   0.498E-03   0.147E+00   0.739E-03   0.109E+00   0.675E-01   0.137E-02
  -0.108E+00  -0.171E+00  -0.894E-02   0.560E-02  -0.782E-02  -0.125E-01   0.116E-02   0.120E-02
   0.104E+00  -0.139E-01   0.853E-02  -0.203E-01   0.314E-02  -0.443E-02  -0.317E-02   0.465E+00   0.140E-02
   0.100E-01  -0.193E-01   0.775E-03  -0.165E-01  -0.787E-03  -0.280E-02  -0.839E-03   0.287E+00   0.481E+00   0.116E-02


 VARIANCES ARE IN THE MAIN DIAGONAL; 
 OFF-DIAGONAL ELEMENTS ARE CORRELATIONS. 



ACF DIFFERENCED SERIES




 AUTOCORRELATIONS
 ----------------
     -0.2165   0.0321   0.0331   0.0930  -0.0592  -0.0323   0.0322   0.0092   0.0209  -0.1166   0.2882  -0.4977
 SE   0.0671   0.0702   0.0703   0.0703   0.0709   0.0711   0.0712   0.0712   0.0712   0.0713   0.0721   0.0771
      0.0957  -0.0841   0.0361  -0.0840   0.0543   0.0777  -0.0174   0.0149  -0.1578   0.1215  -0.2413   0.0821
 SE   0.0904   0.0909   0.0913   0.0913   0.0917   0.0918   0.0921   0.0921   0.0921   0.0933   0.0940   0.0968
     -0.1517   0.1850  -0.1238  -0.0490   0.0447  -0.0768  -0.0824  -0.0162   0.1657  -0.0712   0.1068  -0.0932
 SE   0.0971   0.0982   0.0997   0.1004   0.1005   0.1006   0.1009   0.1012   0.1012   0.1024   0.1026   0.1031
  
  
  NUMBER OF WHITE NOISE RESIDUALS          212
  
 WHITE NOISE RESIDUALS
  

 YEAR        JAN       FEB       MAR       APR       MAY       JUN       JUL       AUG       SEP       OCT       NOV       DEC 

 2006                                                                                                                     0.062
 2007       0.030    -0.047     0.018     0.038    -0.002    -0.028    -0.022    -0.086     0.007    -0.006    -0.020    -0.043
 2008      -0.006    -0.021    -0.060    -0.015    -0.013     0.078    -0.102     0.018     0.050    -0.002     0.015    -0.032
 2009       0.010     0.055    -0.015    -0.056    -0.005     0.008    -0.022    -0.055     0.054    -0.045     0.028    -0.002
 2010       0.084     0.040    -0.023     0.009     0.078    -0.009    -0.036    -0.020    -0.029     0.025     0.008     0.058
 2011      -0.006    -0.016    -0.020    -0.016     0.020    -0.109     0.019    -0.045     0.016    -0.024     0.012    -0.032
 2012       0.006    -0.015     0.009    -0.051    -0.038     0.046     0.025    -0.086     0.026     0.035    -0.036    -0.029
 2013      -0.006    -0.029     0.003    -0.071    -0.004    -0.081    -0.019    -0.027     0.113     0.039     0.010    -0.019
 2014       0.013    -0.032    -0.012    -0.005    -0.035     0.029    -0.027     0.022     0.019     0.007    -0.020    -0.014
 2015      -0.060     0.010     0.036     0.038     0.049     0.004     0.016    -0.066     0.008     0.027    -0.064    -0.022
 2016      -0.009    -0.011    -0.055     0.023    -0.041     0.081    -0.026     0.004     0.016    -0.008     0.069     0.033
 2017      -0.089     0.035     0.019     0.000     0.010    -0.038     0.010     0.020    -0.056    -0.005     0.094     0.062
 2018      -0.083    -0.019    -0.022    -0.018     0.023     0.001    -0.005     0.009     0.007     0.018    -0.012    -0.095
 2019       0.021     0.003    -0.017    -0.002     0.023    -0.033    -0.021    -0.016     0.024     0.019    -0.055    -0.006
 2020       0.027    -0.021     0.002    -0.047    -0.045    -0.039    -0.088     0.034     0.079     0.017     0.059     0.050
 2021      -0.004     0.027    -0.004     0.055     0.029     0.040    -0.003    -0.022     0.050     0.021     0.009    -0.001
 2022       0.061     0.038     0.019     0.029     0.029     0.024    -0.102    -0.028    -0.019     0.022    -0.039    -0.029
 2023      -0.060     0.022    -0.034    -0.073    -0.031    -0.036    -0.023     0.026     0.009    -0.009     0.006    -0.024
 2024       0.011     0.015     0.021    -0.031    -0.034     0.032     0.024
 
 
  STABILITY TEST
 
 
     1. FULL PERIOD
                  FIRST HALF                    SECOND HALF
           Mean(t)          Variance      Mean(t)          Variance
      -0.45E-02( -1.2    )  0.16E-02 -0.12E-02(-0.33    )  0.15E-02
 
      Mean assumed equal to 0
      VR(variance ratio)= 0.93    
 
      MEAN STABILITY IS NOT REJECTED.
      VARIANCE STABILITY IS NOT REJECTED.


 
     2. LAST 10 YEARS
                  FIRST HALF                    SECOND HALF
           Mean(t)          Variance      Mean(t)          Variance
      -0.13E-02(-0.25    )  0.15E-02 -0.20E-03(-0.42E-01)  0.14E-02
 
      Mean assumed equal to 0
      VR(variance ratio)= 0.94    
 
      LAST 10 YEARS MEAN STABILITY IS NOT REJECTED.
      LAST 10 YEARS VARIANCE STABILITY IS NOT REJECTED.


 
  OUT-OF-SAMPLE TEST
  ------------------
      Model re-estimated on Linearized series for first 217 observations.
       18 One-Period-Ahead Forecasts computed with model fixed.
      Comparison between forecast errors (last   18 observations) and residuals (in-sample):

        Mean(Forecast Errors)
            p-value= 0.4418
            Mean of forecast errors can be assumed zero.

        Out-of-Sample MSE is :  0.9245E-03
        In-Sample MSE is :  0.1599E-02
        F( 18,204) is :  0.578E+00
            p-value(%)=91.2784

        Mean and Variance of forecast Errors and In-Sample residuals ARE NOT significantly different.


 TEST-STATISTICS ON RESIDUALS
 ----------------------------


           MEAN=  -0.2846045E-02
        ST.DEV.=   0.2674150E-02
        OF MEAN
        T-VALUE= -1.0643

 NORMALITY TEST=   1.313        ( CHI-SQUARE(2) )

       SKEWNESS= -0.1229          ( SE =  0.1682 )
       KURTOSIS=  3.2970          ( SE =  0.3365 )

 SUM OF SQUARES=   0.3349054    

  DURBIN-WATSON=  1.8952

 STANDARD ERROR=   0.4036025E-01
 OF RESID.
  MSE OF RESID.=   0.1628950E-02




 AUTOCORRELATIONS
 ----------------
      0.0109  -0.0253   0.0309   0.1120  -0.0110  -0.0390  -0.0559   0.1052   0.0054  -0.1119   0.1171   0.0021
 SE   0.0687   0.0687   0.0687   0.0687   0.0687   0.0687   0.0687   0.0687   0.0687   0.0687   0.0687   0.0687
 Q      0.03     0.16     0.37     3.11     3.13     3.47     4.16     6.62     6.63     9.44    12.53    12.54
 PV    -1.00    -1.00     0.54     0.21     0.37     0.48     0.53     0.36     0.47     0.31     0.18     0.25
     -0.0458  -0.0653  -0.0309  -0.0507   0.0434   0.0351  -0.0799   0.0418  -0.1232   0.0103  -0.1410  -0.0345
 SE   0.0687   0.0687   0.0687   0.0687   0.0687   0.0687   0.0687   0.0687   0.0687   0.0687   0.0687   0.0687
 Q     13.01    13.99    14.21    14.80    15.24    15.53    17.03    17.45    21.05    21.07    25.85    26.13
 PV     0.29     0.30     0.36     0.39     0.43     0.49     0.45     0.49     0.33     0.39     0.21     0.25
     -0.0519   0.0796  -0.1386  -0.0803   0.0335  -0.0752  -0.0980   0.0260   0.1060  -0.0244   0.0557  -0.0098
 SE   0.0687   0.0687   0.0687   0.0687   0.0687   0.0687   0.0687   0.0687   0.0687   0.0687   0.0687   0.0687
 Q     26.79    28.33    33.04    34.63    34.91    36.32    38.72    38.90    41.74    41.89    42.69    42.71
 PV     0.27     0.25     0.13     0.12     0.14     0.13     0.11     0.13     0.09     0.11     0.12     0.15

  LJUNG-BOX Q VALUE OF ORDER  24 IS     26.13 AND IF RESIDUALS ARE RANDOM IT SHOULD BE DISTRIBUTED AS CHI-SQUARE(22)
  p-value= 0.2460
  THE PIERCE QS VALUE IS      0.00 AND IF RESIDUALS ARE RANDOM IT SHOULD BE DISTRIBUTED AS CHI-SQUARE(2)

 APPROXIMATE TEST OF RUNS ON RESIDUALS
 -------------------------------------
  NUM.DATA= 212
   NUM.(+)= 106
   NUM.(-)= 106
  NUM.RUNS= 101
   T-VALUE= -0.8261


  NON-PARAMETRIC TEST FOR RESIDUAL SEASONALITY (FRIEDMAN) SEAS_NP =     16.29
    ASYMP. DISTRIBUTED AS CHI-SQUARE(11)
    p-value= 0.1309



 SQUARED RESIDUALS:
 ------------------




 AUTOCORRELATIONS
 ----------------
     -0.0646   0.0410  -0.0379  -0.0358  -0.0630  -0.0716  -0.0363  -0.0753  -0.0925   0.0626   0.0330  -0.0328
 SE   0.0687   0.0687   0.0687   0.0687   0.0687   0.0687   0.0687   0.0687   0.0687   0.0687   0.0687   0.0687
 Q      0.90     1.26     1.57     1.85     2.72     3.85     4.14     5.40     7.31     8.19     8.44     8.68
 PV    -1.00    -1.00     0.21     0.40     0.44     0.43     0.53     0.49     0.40     0.41     0.49     0.56
      0.0991  -0.0118  -0.0541  -0.0836   0.0087  -0.0276   0.0274  -0.0375  -0.0887   0.0884  -0.0016   0.0373
 SE   0.0687   0.0687   0.0687   0.0687   0.0687   0.0687   0.0687   0.0687   0.0687   0.0687   0.0687   0.0687
 Q     10.92    10.96    11.63    13.25    13.27    13.45    13.62    13.95    15.82    17.69    17.69    18.02
 PV     0.45     0.53     0.56     0.51     0.58     0.64     0.69     0.73     0.67     0.61     0.67     0.70
     -0.0702  -0.0140   0.0230  -0.0489  -0.0145   0.0552  -0.0381   0.0052   0.1365  -0.0597   0.0329   0.0257
 SE   0.0687   0.0687   0.0687   0.0687   0.0687   0.0687   0.0687   0.0687   0.0687   0.0687   0.0687   0.0687
 Q     19.22    19.27    19.40    19.99    20.04    20.80    21.16    21.17    25.89    26.80    27.08    27.25
 PV     0.69     0.74     0.78     0.79     0.83     0.83     0.85     0.88     0.73     0.73     0.76     0.79

  McLEOD-LI Q VALUE OF ORDER  24 IS     18.02 AND IF RESIDUALS ARE RANDOM IT SHOULD BE DISTRIBUTED AS CHI-SQUARE(24)
  p-value= 0.8018
 
 
 
SPECTRAL DIAGNOSTICS
 --------------------
 
A. SEASONAL SPECTRAL PEAKS
 
                           Frequency (cycles per year)
                     One    Two   Three  Four   Five    Six  
 Original series      aT     aT     AT     aT     -T     AT
 Linearized series    AT     AT     AT     AT     AT     aT
 Residuals            --     --     --     --     --     --
 
 AT : peaks detected in AR(30) and using Tukey spectrum  estimator
 A- : only peaks detected in AR(30) spectrum estimator
 -T : only peaks detected using Tukey spectrum estimator
 -- : No peaks detected in AR(30) nor using Tukey spectrum estimator
 
 
 
B. STOCHASTIC SEASONALITY: SPECTRAL EVIDENCE
 
 1 :  SERIES CONTAINS SEASONALITY THAT CAN BE RELIABLY EXTRACTED.
 0 :  SEASONALITY IS NOT PRESENT IN THE SERIES OR IS TOO WEAK TO BE RELIABLY CAPTURED.
 
 ORIGINAL SERIES :   1
 LINEARIZED SERIES : 1
 RESIDUALS :         0
 
 
 
C. TRADING DAY EFFECT: SPECTRAL EVIDENCE
 
 1 :  TRADING DAY EFFECT DETECTED
 0 :  NO TRADING DAY EFFECT DETECTED
 
 LINEARIZED SERIES : 0
 RESIDUALS :         0
 
 
OVERALL TEST FOR IDENTIFIABLE SEASONALITY 
----------------------------------------- 
 
  AUTOCORRELATION FUNCTION EVIDENCE : YES
  NON-PARAMETRIC EVIDENCE           : YES
  F-TEST                            :  - 
  SPECTRAL EVIDENCE                 : YES
 
IDENTIFIABLE SEASONALITY FOUND IN SERIES
 
 
OVERALL TEST FOR RESIDUALS SEASONALITY 
----------------------------------------- 
 
  AUTOCORRELATION FUNCTION EVIDENCE : NO 
  NON-PARAMETRIC EVIDENCE           : NO 
  F-TEST                            : NO 
  SPECTRAL EVIDENCE                 : NO 
 
NO IDENTIFIABLE SEASONALITY FOUND IN RESIDUALS
 
 
ARIMA MODEL : GOOD FIT
----------------------

ALL TEST ARE PASSED
 
QUALITY ARIMA MODEL TESTS
----------------------------------------

  Mean in residuals                      :GOOD        
  Autocorrelation in residuals           :GOOD        
  Normality of residuals                 :GOOD        
  Skewness of residuals                  :GOOD        
  Kurtosis of residuals                  :GOOD        
  Randomness of residual sign            :GOOD        
  Instability of residual mean           :GOOD        
  Instability of residual variance       :GOOD        
  Seasonality in residuals               :GOOD        
  Trading day in residuals               :GOOD        
  Out-of-sample forecast errors          :GOOD        
  Number of outliers                     :GOOD        
 


 LINEAR SERIES


 YEAR        JAN       FEB       MAR       APR       MAY       JUN       JUL       AUG       SEP       OCT       NOV       DEC 

 2005      43.771    44.472    51.144    48.912    48.223    46.865    56.275    44.621    51.678    53.668    50.267    41.598
 2006      51.743    51.959    56.939    55.439    57.264    57.674    59.495    47.855    57.102    57.532    55.449    49.480
 2007      62.916    59.970    69.328    69.588    69.540    66.706    72.719    53.001    63.921    64.828    60.335    49.658
 2008      62.482    60.492    64.611    62.967    62.676    66.767    65.120    52.341    65.277    65.749    63.033    51.445
 2009      65.711    68.259    74.105    68.550    69.120    69.967    72.718    53.932    69.410    66.623    65.549    54.507
 2010      75.077    76.771    82.377    80.504    87.381    85.826    87.696    66.704    79.614    82.200    78.966    69.903
 2011      88.744    87.682    94.683    90.384    94.665    84.417    92.149    67.448    84.112    82.584    80.437    65.800
 2012      85.594    84.182    93.294    85.282    85.196    87.593    94.334    65.475    83.570    86.373    79.543    65.382
 2013      84.202    81.549    90.259    80.037    82.534    75.109    79.500    57.902    80.538    82.749    79.072    64.800
 2014      84.899    81.247    88.821    83.118    82.256    82.640    84.904    64.723    83.224    84.610    78.971    65.100
 2015      79.474    79.841    90.753    87.883    93.201    90.572    96.949    67.502    87.464    90.922    80.536    66.257
 2016      84.259    82.418    86.462    84.385    82.731    88.189    89.577    66.461    86.084    86.800    87.189    73.800
 2017      85.694    88.880    98.463    93.329    95.747    91.367    97.496    73.166    88.218    90.119    94.041    81.915
 2018      93.310    92.596    99.678    93.362    97.621    95.836   100.356    74.941    95.272    98.614    93.942    71.940
 2019      91.857    91.290    98.037    93.004    97.423    92.411    95.774    70.129    91.148    94.501    85.993    71.200
 2020      90.658    87.876    96.259    86.966    86.209    81.726    79.028    61.439    84.111    86.406    87.090    74.747
 2021      91.872    93.500   101.043   100.246   104.285   104.873   107.080    78.294   106.692   110.660   107.249    89.031
 2022     117.531   120.214   132.409   128.905   135.288   134.865   124.749    91.901   118.328   124.646   115.193    93.700
 2023     111.511   115.393   121.125   108.054   109.355   104.178   103.049    78.885   103.072   105.373   101.589    81.915
 2024     103.581   105.742   117.037   105.135   105.904   107.168   109.581


  AUTOCORRELATION FUNCTION TEST FOR SEASONALITY IN LINEARIZEDSERIES QS =   401.83  ASIMPTOTICALLY DISTRIBUTED AS CHI-SQUARE(2)
    p-value= 0.0000


  NON-PARAMETRIC TEST FOR SEASONALITY IN LINEARIZED SERIES (FRIEDMAN) SEAS_NP =    194.33
    ASYMP. DISTRIBUTED AS CHI-SQUARE(11)
    p-value= 0.0000


TOTAL OUTLIER EFFECT FACTORS


 YEAR        JAN       FEB       MAR       APR       MAY       JUN       JUL       AUG       SEP       OCT       NOV       DEC 

 2005     134.140   134.140   134.140   134.140   134.140   134.140   134.140   134.140   134.140   134.140   134.140   134.140
 2006     134.140   134.140   134.140   134.140   134.140   134.140   134.140   134.140   134.140   134.140   134.140   134.140
 2007     134.140   134.140   134.140   134.140   134.140   134.140   134.140   134.140   134.140   134.140   134.140   134.140
 2008     134.140   134.140   134.140   134.140   134.140   134.140   134.140   134.140   134.140   113.494    88.959    92.137
 2009      78.358    84.306    74.549    81.416    86.596    90.417    93.191    95.183    96.604    97.610    98.321    98.822
 2010      99.174    99.421    99.594    99.716    99.801    99.861    99.902    99.932    99.952    99.967    99.977    99.984
 2011      99.989    99.992    99.994    99.996    99.997    99.998    99.999    99.999    99.999   100.000   100.000   100.000
 2012     100.000   100.000   100.000   100.000   100.000   100.000   100.000   100.000   100.000   100.000   100.000   100.000
 2013     100.000   100.000   100.000   100.000   100.000   100.000   117.883   100.000   100.000   100.000   100.000   100.000
 2014     100.000   100.000   100.000   100.000   100.000   100.000   100.000   100.000   100.000   100.000   100.000   100.000
 2015     100.000   100.000   100.000   100.000   100.000   100.000   100.000   100.000   100.000   100.000   100.000   100.000
 2016     100.000   100.000   100.000   100.000   100.000   100.000   100.000   100.000   100.000   100.000   100.000   100.000
 2017     100.000   100.000   100.000   100.000   100.000   100.000   100.000   100.000   100.000   100.000   100.000   100.000
 2018     100.000   100.000   100.000   100.000   100.000   100.000   100.000   100.000   100.000   100.000   100.000   100.000
 2019     100.000   100.000   100.000   100.000   100.000   100.000   100.000   100.000   100.000   100.000   100.000   100.000
 2020     100.000   100.000   100.000    80.700    79.040    85.670   100.000   100.000   100.000   100.000   100.000   100.000
 2021     100.000   100.000   100.000   100.000   100.000   100.000   100.000   100.000   100.000   100.000   100.000   100.000
 2022     100.000   100.000   100.000   100.000   100.000   100.000   100.000   100.000   100.000   100.000   100.000   100.000
 2023     100.000   100.000   100.000   100.000   100.000   100.000   100.000   100.000   100.000   100.000   100.000   100.000
 2024     100.000   100.000   100.000   100.000   100.000   100.000   100.000


TOTAL TRADING DAY - EASTER - LEAP YEAR EFFECT FACTORS


 YEAR        JAN       FEB       MAR       APR       MAY       JUN       JUL       AUG       SEP       OCT       NOV       DEC 

 2005     100.000   100.000    98.973   101.037   100.000   100.000   100.000   100.000   100.000   100.000   100.000   100.000
 2006     100.000   100.000   101.037    98.973   100.000   100.000   100.000   100.000   100.000   100.000   100.000   100.000
 2007     100.000   100.000   101.037    98.973   100.000   100.000   100.000   100.000   100.000   100.000   100.000   100.000
 2008     100.000   100.000    98.973   101.037   100.000   100.000   100.000   100.000   100.000   100.000   100.000   100.000
 2009     100.000   100.000   101.037    98.973   100.000   100.000   100.000   100.000   100.000   100.000   100.000   100.000
 2010     100.000   100.000   100.000   100.000   100.000   100.000   100.000   100.000   100.000   100.000   100.000   100.000
 2011     100.000   100.000   101.037    98.973   100.000   100.000   100.000   100.000   100.000   100.000   100.000   100.000
 2012     100.000   100.000   101.037    98.973   100.000   100.000   100.000   100.000   100.000   100.000   100.000   100.000
 2013     100.000   100.000    98.973   101.037   100.000   100.000   100.000   100.000   100.000   100.000   100.000   100.000
 2014     100.000   100.000   101.037    98.973   100.000   100.000   100.000   100.000   100.000   100.000   100.000   100.000
 2015     100.000   100.000   100.345    99.657   100.000   100.000   100.000   100.000   100.000   100.000   100.000   100.000
 2016     100.000   100.000    98.973   101.037   100.000   100.000   100.000   100.000   100.000   100.000   100.000   100.000
 2017     100.000   100.000   101.037    98.973   100.000   100.000   100.000   100.000   100.000   100.000   100.000   100.000
 2018     100.000   100.000    98.973   101.037   100.000   100.000   100.000   100.000   100.000   100.000   100.000   100.000
 2019     100.000   100.000   101.037    98.973   100.000   100.000   100.000   100.000   100.000   100.000   100.000   100.000
 2020     100.000   100.000   101.037    98.973   100.000   100.000   100.000   100.000   100.000   100.000   100.000   100.000
 2021     100.000   100.000   100.000   100.000   100.000   100.000   100.000   100.000   100.000   100.000   100.000   100.000
 2022     100.000   100.000   101.037    98.973   100.000   100.000   100.000   100.000   100.000   100.000   100.000   100.000
 2023     100.000   100.000   101.037    98.973   100.000   100.000   100.000   100.000   100.000   100.000   100.000   100.000
 2024     100.000   100.000    98.973   101.037   100.000   100.000   100.000


TOTAL REGRESSION EFFECT FACTORS


 YEAR        JAN       FEB       MAR       APR       MAY       JUN       JUL       AUG       SEP       OCT       NOV       DEC 

 2005      98.272    99.572   100.147   100.164   101.413   100.693    97.235   101.413   101.413    97.235   100.700   100.000
 2006     100.708    99.572   102.630    95.377   101.413   100.693    97.235   101.413    98.960    99.646   100.700    95.220
 2007     103.204    99.572   100.147    97.741   101.413   100.693    99.646   101.413    96.566   102.116   100.700    97.581
 2008     103.204   102.041    95.360   102.647    98.960    98.257   102.116    96.566   101.413   102.116    98.264   100.000
 2009      98.272    99.572   100.147   102.647    96.566   100.693   102.116    98.960   101.413    99.646   100.700   102.479
 2010      95.894    99.572   102.630   102.647    98.960   100.693    99.646   101.413   101.413    97.235   100.700   105.020
 2011      98.272    99.572   100.147   100.164   101.413   100.693    97.235   101.413   101.413    97.235   100.700   100.000
 2012     100.708   102.041   100.147    97.741   101.413   100.693    99.646   101.413    96.566   102.116   100.700    97.581
 2013     103.204    99.572    97.724   100.164   101.413    98.257   102.116    98.960    98.960   102.116    98.264   100.000
 2014     100.708    99.572    97.724   100.164    98.960    98.257   102.116    96.566   101.413   102.116    98.264   100.000
 2015      98.272    99.572   100.147   102.647    96.566   100.693   102.116    98.960   101.413    99.646   100.700   102.479
 2016      95.894   102.041   100.147   100.164   101.413   100.693    97.235   101.413   101.413    97.235   100.700   100.000
 2017     100.708    99.572   102.630    95.377   101.413   100.693    97.235   101.413    98.960    99.646   100.700    95.220
 2018     103.204    99.572   100.147    97.741   101.413   100.693    99.646   101.413    96.566   102.116   100.700    97.581
 2019     103.204    99.572    97.724   100.164   101.413    98.257   102.116    98.960    98.960   102.116    98.264   100.000
 2020     100.708    99.572   100.147   102.647    96.566   100.693   102.116    98.960   101.413    99.646   100.700   102.479
 2021      95.894    99.572   102.630   102.647    98.960   100.693    99.646   101.413   101.413    97.235   100.700   105.020
 2022      98.272    99.572   102.630    97.741   101.413   100.693    97.235   101.413   101.413    97.235   100.700   100.000
 2023     100.708    99.572   102.630    95.377   101.413   100.693    97.235   101.413    98.960    99.646   100.700    95.220
 2024     103.204   102.041    97.724   100.164   101.413    98.257   102.116
 
 
 
 FORECAST FUNCTION OF ORIGINAL SERIES: 
  
ORIGIN: 235 PERIODS AHEAD: 24
  
 OBS    DATE         FORECAST          STD ERROR        FORECAST          STD ERROR   
                        (SERIES IN LOGS)                     (SERIES IN LEVELS)       
 236  Aug-2024       4.38990          0.400752E-01       80.6327           3.23267    
 237  Sep-2024       4.65441          0.516510E-01       105.047           5.42939    
 238  Oct-2024       4.71586          0.610337E-01       111.705           6.82411    
 239  Nov-2024       4.63472          0.693020E-01       102.999           7.14662    
 240  Dec-2024       4.45805          0.765262E-01       86.3186           6.61532    
 241  Jan-2025       4.68635          0.831950E-01       108.456           9.03865    
 242  Feb-2025       4.68519          0.893817E-01       108.331           9.70215    
 243  Mar-2025       4.76051          0.953040E-01       116.805           11.1573    
 244  Apr-2025       4.69449          0.100662           109.343           11.0347    
 245  May-2025       4.71474          0.105813           111.579           11.8396    
 246  Jun-2025       4.69053          0.110712           108.911           12.0949    
 247  Jul-2025       4.73647          0.115352           114.031           13.1976    
 248  Aug-2025       4.38784          0.122452           80.4667           9.89040    
 249  Sep-2025       4.70132          0.128455           110.092           14.2004    
 250  Oct-2025       4.73829          0.134302           114.238           15.4119    
 251  Nov-2025       4.65715          0.139969           105.335           14.8161    
 252  Dec-2025       4.48047          0.145313           88.2763           12.8957    
 253  Jan-2026       4.68429          0.150555           108.233           16.3878    
 254  Feb-2026       4.70761          0.155548           110.788           17.3376    
 255  Mar-2026       4.80054          0.160412           121.576           19.6284    
 256  Apr-2026       4.74829          0.165137           115.386           19.1853    
 257  May-2026       4.71268          0.169830           111.350           19.0476    
 258  Jun-2026       4.73745          0.174195           114.142           20.0348    
 259  Jul-2026       4.75890          0.178534           116.618           20.9872    
