
                                        PROGRAM TRAMO+

             (based on program TRAMO, Victor Gomez and Agustin Maravall©,1996)

         Developed at the Bank of Spain by Gianluca Caporello and Agustin Maravall,
         with programming support from Domingo Pérez Cañete and Roberto López Pavón.

                 VERSION: 1.0 (Revision: 942  Build: 2017/09/25 09:39:13)


 SERIES TITLE=DIVIZ22                                                                         

 INPUT PARAMETERS
   lam= 0   imean= 0   ireg= 3   ieast= 3   seats= 2   int2=235   rsa= 0   modelsumm= 1   va=   3.762
 
  WARNING :
    Remember to define the regression variable name in the first line of the external regression file.
   Name : NOT DEFINED.
   Reglist01
    Iuser=-1   Nser= 1   Ilong= 312
 
   Name : NOT DEFINED.
   Reglist02
    Iuser= 2   Nser= 2   Ilong=   0
 
   Fixed Outliers:
   #Observ. Type
     183     AO
     184     TC
 

 NUMBER OF OBSERVATIONS: 235


 ORIGINAL SERIES 

 YEAR        JAN       FEB       MAR       APR       MAY       JUN       JUL       AUG       SEP       OCT       NOV       DEC 

 2005      63.000    67.900    74.600    78.300    80.000    77.200    79.700    44.900    79.800    74.900    74.000    56.300
 2006      73.300    75.900    87.500    70.600    89.000    85.500    83.300    51.200    83.800    86.300    83.900    60.900
 2007      81.500    80.600    91.800    80.500    90.100    91.500    92.900    54.100    84.700    94.400    83.700    58.200
 2008      85.400    88.300    85.700    91.000    87.500    88.100    95.400    47.200    82.600    83.200    70.100    49.500
 2009      62.700    64.300    67.500    62.500    68.100    68.100    75.300    39.100    72.200    69.800    65.500    47.000
 2010      60.400    67.500    71.700    69.600    73.800    75.900    80.000    47.000    77.200    74.300    74.200    56.700
 2011      74.700    78.000    86.800    83.600    91.100    85.200    86.100    52.600    83.600    79.200    78.100    60.700
 2012      79.100    84.200    94.300    80.500    88.000    86.100    89.700    53.900    76.900    83.300    74.600    53.000
 2013      78.400    80.600    78.300    82.900    84.300    80.500    95.200    54.100    81.100    88.000    77.800    58.600
 2014      82.200    81.400    87.600    87.700    87.000    79.900    94.300    52.800    85.400    85.500    75.900    59.800
 2015      76.600    80.700    90.000    86.200    84.700    90.700    98.800    54.800    84.700    89.500    82.400    60.900
 2016      78.300    87.300    92.100    89.500    85.100    91.500    91.000    60.600    91.500    84.400    84.500    65.700
 2017      84.100    87.700   102.600    85.500    96.300    97.700    96.600    67.100    92.700    94.100    91.600    66.900
 2018      93.300    94.800   103.800    94.400   102.500   103.000   105.100    69.200    94.900   101.700    93.100    67.800
 2019      98.700    96.300   102.500    96.900   106.200    96.300   107.300    67.200    97.500   100.400    88.700    66.700
 2020      95.800    98.600    96.500    66.600    78.700    90.800   100.800    65.500    96.000    96.800    94.000    72.000
 2021      86.700    95.900   111.000   102.300   107.200   109.700   112.900    72.200   108.300   106.000   105.200    82.700
 2022     105.700   116.300   134.500   117.700   133.200   126.600   122.400    83.500   121.300   112.200   112.500    79.400
 2023     108.300   114.900   129.400   101.400   117.000   114.600   110.500    75.000   108.400   105.800    98.100    69.800
 2024     102.500   111.400   111.000   109.800   112.900   109.800   116.900

DATES OF EASTER DURING THE REQUESTED TIME SPAN 

 YEAR MONTH  DAY 

   2005   MARCH   27
   2006   APRIL   16
   2007   APRIL    8
   2008   MARCH   23
   2009   APRIL   12
   2010   APRIL    4
   2011   APRIL   24
   2012   APRIL    8
   2013   MARCH   31
   2014   APRIL   20
   2015   APRIL    5
   2016   MARCH   27
   2017   APRIL   16
   2018   APRIL    1
   2019   APRIL   21
   2020   APRIL   12
   2021   APRIL    4
   2022   APRIL   17
   2023   APRIL    9
   2024   MARCH   31
   2025   APRIL   20
   2026   APRIL    5
   2027   MARCH   28


 MODEL PARAMETERS            
 ----------------
  MQ= 12         IMEAN=  0      LAM=  0      D=  1       BD=  1
  P=  0          BP=  0         Q=  1        BQ=  1      IREG=  3
  ITRAD=  0      SMPDAY=  0     IEAST=  3      IDUR=  6     M= 36       IQM= 24
  INCON=  0      NBACK=  0      NPRED= 24    INTERP=  2  INIT=  0
  IFILT=  2      IROOT=  2    INIC=  0    ICONCE=  1
  ICDET=  1      IATIP=  0      IMVX=  0     IDIF=  0    PG=  0
  AIO=  2        INT1=  1       INT2= 235    RSA=  0     SEATS=  2
  VA= 3.76       TOL=  0.100E-03             PC=  0.120E+00
  NOADMISS= 1    STOCHTD 0    BIAS= 1
  THLIM=  0.000  BTHLIM=  0.000   RMOD=  0.500



TH =        -0.10

BTH =        -0.10

WARNING: When adjusting for degrees of freedom in
 order to compute white-noise residuals, the Housholder
 transformation contains an element of arbitrariness 
 that, when multiple regressors are entered, may produce
 a slight variation in results when the order in which
 regressors are entered changes



NUMBER OF INITIAL OBS. =  13

Log-Level pretest : LOGS are Selected
 DIFFERENCED TRANSFORMED SERIES

 YEAR        JAN       FEB       MAR       APR       MAY       JUN       JUL       AUG       SEP       OCT       NOV       DEC 

 2006                -0.040     0.048    -0.263     0.210    -0.004    -0.058     0.087    -0.082     0.093    -0.016    -0.047
 2007       0.028    -0.046    -0.012     0.083    -0.119     0.056     0.041    -0.054    -0.044     0.079    -0.092    -0.043
 2008       0.092     0.044    -0.160     0.191    -0.152    -0.009     0.064    -0.163     0.111    -0.101    -0.051     0.015
 2009      -0.147    -0.008     0.078    -0.137     0.125    -0.007     0.021     0.048     0.054    -0.041     0.108     0.016
 2010       0.014     0.086     0.012     0.047    -0.027     0.028    -0.048     0.123    -0.117    -0.004     0.062     0.063
 2011       0.025    -0.068     0.047    -0.008     0.027    -0.095    -0.042     0.039    -0.033    -0.016    -0.013     0.017
 2012      -0.011     0.019     0.006    -0.121     0.003     0.045     0.030    -0.017    -0.108     0.134    -0.096    -0.090
 2013       0.127    -0.035    -0.142     0.215    -0.072    -0.024     0.127    -0.056     0.049     0.002    -0.013     0.058
 2014      -0.053    -0.037     0.102    -0.056    -0.025    -0.039    -0.002    -0.015     0.076    -0.080     0.004     0.045
 2015      -0.091     0.062     0.036    -0.044    -0.010     0.154    -0.080    -0.009    -0.045     0.054     0.036    -0.064
 2016       0.004     0.057    -0.056     0.015    -0.033     0.004    -0.091     0.183    -0.023    -0.136     0.084     0.051
 2017      -0.004    -0.067     0.103    -0.154     0.169    -0.058    -0.006     0.042    -0.089     0.096    -0.028    -0.063
 2018       0.086    -0.026    -0.066     0.087    -0.037    -0.010     0.032    -0.054    -0.007     0.054    -0.061    -0.003
 2019       0.043    -0.041    -0.028     0.039     0.009    -0.103     0.088    -0.050     0.056    -0.040    -0.036     0.032
 2020      -0.013     0.053    -0.084    -0.315     0.075     0.241    -0.004     0.037     0.010    -0.021     0.095     0.018
 2021      -0.176     0.072     0.168     0.289    -0.120    -0.120    -0.076    -0.016     0.023    -0.030     0.022     0.026
 2022       0.060    -0.005    -0.001    -0.052     0.077    -0.074    -0.062     0.065    -0.032    -0.057     0.010    -0.108
 2023       0.065    -0.036    -0.027    -0.110     0.019     0.030    -0.003    -0.005    -0.005     0.054    -0.078     0.008
 2024       0.074     0.024    -0.122     0.233    -0.115    -0.007     0.099




 AUTOCORRELATIONS
 ----------------
     -0.2306  -0.1636   0.2093   0.0874   0.0096   0.0116  -0.0204  -0.0018  -0.0815   0.0727   0.0863  -0.3781
 SE   0.0671   0.0706   0.0723   0.0750   0.0754   0.0754   0.0754   0.0755   0.0755   0.0759   0.0762   0.0766
      0.0267   0.1249  -0.0804  -0.0536  -0.0841   0.0513  -0.0094   0.0012  -0.0611   0.0097   0.0623  -0.1159
 SE   0.0846   0.0846   0.0855   0.0858   0.0860   0.0863   0.0865   0.0865   0.0865   0.0867   0.0867   0.0869
      0.0467  -0.0496  -0.0256  -0.0728   0.1534  -0.0950  -0.0354   0.0114   0.0966  -0.1142  -0.0316   0.1373
 SE   0.0876   0.0877   0.0878   0.0878   0.0881   0.0893   0.0898   0.0898   0.0898   0.0903   0.0909   0.0910


 PARTIAL AUTOCORRELATIONS
 ---------------------
     -0.2306  -0.2290   0.1227   0.1554   0.1511   0.0698  -0.0355  -0.0710  -0.1694  -0.0025   0.1246  -0.2964
 SE   0.0671   0.0671   0.0671   0.0671   0.0671   0.0671   0.0671   0.0671   0.0671   0.0671   0.0671   0.0671
     -0.1511  -0.0537   0.0514   0.0930  -0.0488   0.0191  -0.0544   0.0262  -0.1088  -0.0015   0.1284  -0.2434
 SE   0.0671   0.0671   0.0671   0.0671   0.0671   0.0671   0.0671   0.0671   0.0671   0.0671   0.0671   0.0671
     -0.0824  -0.1359   0.0061  -0.0981   0.1113   0.0040  -0.0046  -0.0189   0.0127  -0.1012   0.0037  -0.0477
 SE   0.0671   0.0671   0.0671   0.0671   0.0671   0.0671   0.0671   0.0671   0.0671   0.0671   0.0671   0.0671
  
 ARIMA MODEL ESTIMATION 
  
 METHOD OF ESTIMATION: EXACT MAXIMUM LIKELIHOOD           
  
 PARAMETER      ESTIMATE           STD ERROR      T RATIO   LAG  
  
 TH1         -0.32895           0.64124E-01       -5.13      1
 BTH         -0.62888           0.52795E-01      -11.91     12
  
 
 REGULAR MA INVERSE ROOTS ARE 
 NO.     REAL P.     IMAG.P.     MODULUS    ARGUMENT      PERIOD
  1      0.32895       0.0000      0.32895       0.0000            -  
 
 SEASONAL MA INVERSE ROOTS ARE 
 NO.     REAL P.     IMAG.P.     MODULUS    ARGUMENT      PERIOD
  1      0.62888       0.0000      0.62888       0.0000            -  
  
 CORRELATIONS OF THE ESTIMATES 
  
  1.000   -0.152
 -0.152    1.000
  
 AIC 
    -811.318
  
 BIC 
     -6.4282
  
 FINAL VALUE OF OBJECTIVE FUNCTION: 
               0.31859    
  
 RADETN:    1.01395837315897     
 ITERATIONS:            2
  
  NUMBER OF FUNCTION EVALUATIONS:            8
  

 ESTIMATES OF REGRESSION PARAMETERS 
 CONCENTRATED OUT OF THE LIKELIHOOD 

 PARAMETER           VALUE          ST. ERROR     T VALUE
 REG      1          0.30436E-01    (     0.00197)   15.45
 EAST     1         -0.42061E-01    (     0.00826)   -5.09
 OUT 1 (183)        -0.13959        (     0.03231)   -4.32   AO    ( 3 2020)
 OUT 2 (184)        -0.42391        (     0.03696)  -11.47   TC    ( 4 2020)

 VAR-CORRELATION MATRIX OF ESTIMATORS 

   0.388E-05
   0.205E+00   0.683E-04
   0.206E-01   0.863E-01   0.104E-02
  -0.664E-01  -0.875E-01   0.485E+00   0.137E-02


 VARIANCES ARE IN THE MAIN DIAGONAL; 
 OFF-DIAGONAL ELEMENTS ARE CORRELATIONS. 



ACF DIFFERENCED SERIES




 AUTOCORRELATIONS
 ----------------
     -0.2373  -0.1578   0.2073   0.0827   0.0133   0.0155  -0.0247  -0.0033  -0.0770   0.0739   0.0868  -0.3769
 SE   0.0671   0.0708   0.0724   0.0750   0.0754   0.0754   0.0754   0.0755   0.0755   0.0758   0.0761   0.0766
      0.0323   0.1205  -0.0859  -0.0451  -0.0811   0.0405  -0.0059   0.0067  -0.0671   0.0088   0.0612  -0.1177
 SE   0.0845   0.0846   0.0853   0.0857   0.0858   0.0862   0.0863   0.0863   0.0863   0.0865   0.0865   0.0867
      0.0473  -0.0514  -0.0178  -0.0790   0.1483  -0.0872  -0.0371   0.0072   0.0993  -0.1117  -0.0325   0.1392
 SE   0.0874   0.0875   0.0877   0.0877   0.0880   0.0891   0.0895   0.0896   0.0896   0.0901   0.0907   0.0908
  
  
  NUMBER OF WHITE NOISE RESIDUALS          218
  
 WHITE NOISE RESIDUALS
  

 YEAR        JAN       FEB       MAR       APR       MAY       JUN       JUL       AUG       SEP       OCT       NOV       DEC 

 2006                                                         0.017    -0.043     0.059    -0.024     0.019     0.018     0.018
 2007      -0.046    -0.032    -0.003    -0.017    -0.044     0.036    -0.003     0.014    -0.031     0.021    -0.046    -0.079
 2008       0.065     0.024    -0.014    -0.028    -0.050     0.005    -0.003    -0.063    -0.052    -0.038    -0.063    -0.103
 2009      -0.035    -0.048    -0.084    -0.034     0.077    -0.029     0.038    -0.007     0.062    -0.003     0.014    -0.029
 2010       0.065     0.054    -0.022     0.024     0.026     0.033     0.023     0.058    -0.027     0.002     0.042     0.025
 2011       0.079     0.009     0.034     0.065    -0.022    -0.056    -0.022     0.033    -0.051    -0.026     0.005     0.086
 2012      -0.029    -0.001     0.056    -0.038    -0.067    -0.008    -0.005     0.037    -0.074    -0.017    -0.033    -0.017
 2013       0.024     0.039    -0.052     0.018    -0.028     0.006     0.066     0.051    -0.048     0.020     0.007    -0.004
 2014       0.025    -0.040     0.006     0.052    -0.041    -0.073     0.014     0.039    -0.013    -0.032    -0.006     0.039
 2015      -0.031    -0.009     0.029    -0.031     0.019     0.061    -0.005    -0.020    -0.038     0.055    -0.004    -0.039
 2016       0.024     0.004     0.024    -0.029    -0.087     0.071    -0.023     0.072     0.011    -0.059     0.020     0.064
 2017      -0.051     0.005     0.017     0.004     0.019     0.011    -0.031     0.082    -0.039    -0.018     0.022     0.041
 2018      -0.038     0.006     0.018    -0.053     0.030     0.003    -0.020     0.029    -0.009    -0.013    -0.018    -0.018
 2019       0.035    -0.017    -0.036     0.013     0.032    -0.066    -0.008     0.030    -0.006    -0.018    -0.020    -0.043
 2020       0.059     0.024     0.014    -0.010     0.053     0.030    -0.017     0.008    -0.058    -0.010     0.007    -0.013
 2021      -0.050    -0.008     0.017    -0.013     0.027     0.015     0.004    -0.024     0.038     0.040     0.025     0.005
 2022       0.039     0.049     0.010     0.045     0.001    -0.038    -0.044     0.004    -0.002    -0.040     0.005    -0.047
 2023      -0.018     0.011    -0.027    -0.062    -0.040    -0.007    -0.027    -0.003     0.022    -0.025    -0.045     0.024
 2024      -0.012     0.031    -0.002     0.003    -0.026     0.017    -0.002
 
 
  STABILITY TEST
 
 
     1. FULL PERIOD
                  FIRST HALF                    SECOND HALF
           Mean(t)          Variance      Mean(t)          Variance
      -0.26E-02(-0.66    )  0.16E-02 -0.60E-03(-0.19    )  0.11E-02
 
      Mean assumed equal to 0
      VR(variance ratio)= 0.67    
 
      MEAN STABILITY IS NOT REJECTED.
      VARIANCE STABILITY IS NOT REJECTED.


 
     2. LAST 10 YEARS
                  FIRST HALF                    SECOND HALF
           Mean(t)          Variance      Mean(t)          Variance
       0.74E-03( 0.16    )  0.13E-02 -0.17E-02(-0.47    )  0.83E-03
 
      Mean assumed equal to 0
      VR(variance ratio)= 0.63    
 
      LAST 10 YEARS MEAN STABILITY IS NOT REJECTED.
      LAST 10 YEARS VARIANCE STABILITY IS NOT REJECTED.


 
  OUT-OF-SAMPLE TEST
  ------------------
      Model re-estimated on Linearized series for first 217 observations.
       18 One-Period-Ahead Forecasts computed with model fixed.
      Comparison between forecast errors (last   18 observations) and residuals (in-sample):

        Mean(Forecast Errors)
            p-value= 0.2971
            Mean of forecast errors can be assumed zero.

        Out-of-Sample MSE is :  0.7176E-03
        In-Sample MSE is :  0.1457E-02
        F( 18,204) is :  0.492E+00
            p-value(%)=95.9415

        Mean and Variance of forecast Errors and In-Sample residuals ARE NOT significantly different.


 TEST-STATISTICS ON RESIDUALS
 ----------------------------


           MEAN=  -0.1569445E-02
        ST.DEV.=   0.2504456E-02
        OF MEAN
        T-VALUE= -0.6267

 NORMALITY TEST=   1.547        ( CHI-SQUARE(2) )

       SKEWNESS=  0.0316          ( SE =  0.1659 )
       KURTOSIS=  2.5922          ( SE =  0.3318 )

 SUM OF SQUARES=   0.3034582    

  DURBIN-WATSON=  1.9612

 STANDARD ERROR=   0.3787661E-01
 OF RESID.
  MSE OF RESID.=   0.1434637E-02




 AUTOCORRELATIONS
 ----------------
      0.0030  -0.0617   0.1928   0.1800   0.0294   0.0564  -0.0186   0.0574  -0.0091  -0.0252  -0.0108   0.0303
 SE   0.0677   0.0677   0.0677   0.0677   0.0677   0.0677   0.0677   0.0677   0.0677   0.0677   0.0677   0.0677
 Q      0.00     0.85     9.14    16.40    16.60    17.32    17.40    18.15    18.17    18.32    18.34    18.56
 PV    -1.00    -1.00     0.00     0.00     0.00     0.00     0.00     0.01     0.01     0.02     0.03     0.05
     -0.1216   0.0091  -0.0350  -0.0703  -0.0728   0.0085  -0.0249  -0.0339  -0.0629  -0.0383   0.0253  -0.0687
 SE   0.0677   0.0677   0.0677   0.0677   0.0677   0.0677   0.0677   0.0677   0.0677   0.0677   0.0677   0.0677
 Q     22.02    22.04    22.33    23.50    24.77    24.78    24.93    25.21    26.17    26.53    26.69    27.86
 PV     0.02     0.04     0.05     0.05     0.05     0.07     0.10     0.12     0.13     0.15     0.18     0.18
     -0.1013  -0.0740  -0.0642  -0.1240   0.0626  -0.0608  -0.0095  -0.0096   0.0183  -0.0886  -0.0172   0.0331
 SE   0.0677   0.0677   0.0677   0.0677   0.0677   0.0677   0.0677   0.0677   0.0677   0.0677   0.0677   0.0677
 Q     30.40    31.77    32.81    36.69    37.68    38.63    38.65    38.67    38.76    40.81    40.89    41.18
 PV     0.14     0.13     0.14     0.08     0.08     0.09     0.11     0.13     0.16     0.14     0.16     0.19

  LJUNG-BOX Q VALUE OF ORDER  24 IS     27.86 AND IF RESIDUALS ARE RANDOM IT SHOULD BE DISTRIBUTED AS CHI-SQUARE(22)
  p-value= 0.1805
  THE PIERCE QS VALUE IS      0.21 AND IF RESIDUALS ARE RANDOM IT SHOULD BE DISTRIBUTED AS CHI-SQUARE(2)

 APPROXIMATE TEST OF RUNS ON RESIDUALS
 -------------------------------------
  NUM.DATA= 218
   NUM.(+)= 109
   NUM.(-)= 109
  NUM.RUNS= 113
   T-VALUE=  0.4073


  NON-PARAMETRIC TEST FOR RESIDUAL SEASONALITY (FRIEDMAN) SEAS_NP =     16.04
    ASYMP. DISTRIBUTED AS CHI-SQUARE(11)
    p-value= 0.1396



 SQUARED RESIDUALS:
 ------------------




 AUTOCORRELATIONS
 ----------------
      0.0401   0.0134   0.0797   0.1103   0.0821  -0.0158   0.0317   0.0850   0.0123  -0.0241   0.1361   0.1039
 SE   0.0677   0.0677   0.0677   0.0677   0.0677   0.0677   0.0677   0.0677   0.0677   0.0677   0.0677   0.0677
 Q      0.35     0.39     1.81     4.54     6.06     6.11     6.34     7.99     8.03     8.16    12.46    14.97
 PV    -1.00    -1.00     0.18     0.10     0.11     0.19     0.27     0.24     0.33     0.42     0.19     0.13
     -0.0525   0.0440   0.0804   0.1041  -0.0112  -0.1037  -0.0474   0.0327  -0.0099  -0.0083   0.0204  -0.0662
 SE   0.0677   0.0677   0.0677   0.0677   0.0677   0.0677   0.0677   0.0677   0.0677   0.0677   0.0677   0.0677
 Q     15.61    16.07    17.60    20.17    20.20    22.78    23.32    23.58    23.60    23.62    23.72    24.80
 PV     0.16     0.19     0.17     0.12     0.16     0.12     0.14     0.17     0.21     0.26     0.31     0.31
      0.1294  -0.0180   0.0446   0.0777  -0.0617  -0.0020   0.0506   0.0740   0.0233   0.0202  -0.1181   0.1771
 SE   0.0677   0.0677   0.0677   0.0677   0.0677   0.0677   0.0677   0.0677   0.0677   0.0677   0.0677   0.0677
 Q     28.96    29.05    29.54    31.07    32.03    32.03    32.69    34.10    34.24    34.35    38.00    46.27
 PV     0.18     0.22     0.24     0.23     0.23     0.27     0.29     0.28     0.31     0.36     0.25     0.08

  McLEOD-LI Q VALUE OF ORDER  24 IS     24.80 AND IF RESIDUALS ARE RANDOM IT SHOULD BE DISTRIBUTED AS CHI-SQUARE(24)
  p-value= 0.4165
 
 
 
SPECTRAL DIAGNOSTICS
 --------------------
 
A. SEASONAL SPECTRAL PEAKS
 
                           Frequency (cycles per year)
                     One    Two   Three  Four   Five    Six  
 Original series      aT     aT     AT     aT     -T     aT
 Linearized series    AT     AT     AT     AT     AT     aT
 Residuals            --     -T     --     --     at     --
 
 AT : peaks detected in AR(30) and using Tukey spectrum  estimator
 A- : only peaks detected in AR(30) spectrum estimator
 -T : only peaks detected using Tukey spectrum estimator
 -- : No peaks detected in AR(30) nor using Tukey spectrum estimator
 
 
 
B. STOCHASTIC SEASONALITY: SPECTRAL EVIDENCE
 
 1 :  SERIES CONTAINS SEASONALITY THAT CAN BE RELIABLY EXTRACTED.
 0 :  SEASONALITY IS NOT PRESENT IN THE SERIES OR IS TOO WEAK TO BE RELIABLY CAPTURED.
 
 ORIGINAL SERIES :   1
 LINEARIZED SERIES : 1
 RESIDUALS :         0
 
 
 
C. TRADING DAY EFFECT: SPECTRAL EVIDENCE
 
 1 :  TRADING DAY EFFECT DETECTED
 0 :  NO TRADING DAY EFFECT DETECTED
 
 LINEARIZED SERIES : 0
 RESIDUALS :         0
 
 
OVERALL TEST FOR IDENTIFIABLE SEASONALITY 
----------------------------------------- 
 
  AUTOCORRELATION FUNCTION EVIDENCE : YES
  NON-PARAMETRIC EVIDENCE           : YES
  F-TEST                            :  - 
  SPECTRAL EVIDENCE                 : YES
 
IDENTIFIABLE SEASONALITY FOUND IN SERIES
 
 
OVERALL TEST FOR RESIDUALS SEASONALITY 
----------------------------------------- 
 
  AUTOCORRELATION FUNCTION EVIDENCE : NO 
  NON-PARAMETRIC EVIDENCE           : NO 
  F-TEST                            : NO 
  SPECTRAL EVIDENCE                 : NO 
 
NO IDENTIFIABLE SEASONALITY FOUND IN RESIDUALS
 
 
ARIMA MODEL : GOOD FIT
----------------------

ALL TEST ARE PASSED
 
QUALITY ARIMA MODEL TESTS
----------------------------------------

  Mean in residuals                      :GOOD        
  Autocorrelation in residuals           :GOOD        
  Normality of residuals                 :GOOD        
  Skewness of residuals                  :GOOD        
  Kurtosis of residuals                  :GOOD        
  Randomness of residual sign            :GOOD        
  Instability of residual mean           :GOOD        
  Instability of residual variance       :GOOD        
  Seasonality in residuals               :GOOD        
  Trading day in residuals               :GOOD        
  Out-of-sample forecast errors          :GOOD        
  Number of outliers                     :GOOD        
 


 LINEAR SERIES


 YEAR        JAN       FEB       MAR       APR       MAY       JUN       JUL       AUG       SEP       OCT       NOV       DEC 

 2005      64.380    68.263    76.046    76.514    78.617    76.540    82.526    44.124    78.420    77.556    73.361    56.300
 2006      72.660    76.305    82.959    76.470    87.461    84.769    86.254    50.315    84.896    86.682    83.175    64.722
 2007      78.367    81.030    89.726    84.579    88.542    90.718    93.311    53.165    88.460    91.975    82.977    59.999
 2008      82.117    86.110    92.845    86.259    88.645    90.046    92.949    49.295    81.172    81.063    71.642    49.500
 2009      64.074    64.643    65.975    61.789    71.123    67.518    73.366    39.611    70.952    70.109    64.934    45.591
 2010      63.631    67.860    69.424    67.376    74.765    75.251    80.354    46.187    75.865    76.935    73.559    53.351
 2011      76.336    78.417    84.839    85.203    89.525    84.472    89.153    51.691    82.155    82.009    77.425    60.700
 2012      78.410    82.112    92.169    84.579    86.479    85.364    90.097    52.968    80.314    81.160    73.956    54.638
 2013      75.386    81.030    82.285    81.009    82.843    82.279    92.755    54.808    82.161    85.740    79.512    58.600
 2014      81.483    81.835    88.267    89.381    88.138    81.665    91.878    55.144    83.924    83.304    77.570    59.800
 2015      78.278    81.131    89.208    84.033    88.460    89.925    96.262    55.517    83.236    89.896    81.688    59.074
 2016      82.488    85.135    93.886    87.459    83.629    90.718    94.227    59.552    89.918    87.393    83.770    65.700
 2017      83.366    88.168    97.275    92.608    94.635    96.865   100.026    65.940    93.913    94.516    90.809    71.099
 2018      89.713    95.306   105.813    95.098   100.728   102.120   105.565    68.004    99.113    99.088    92.296    69.895
 2019      94.906    96.814   103.280    98.758   104.364    98.428   104.544    68.079    98.775    97.821    90.651    66.700
 2020      94.964    99.127   108.448   100.602   110.588   110.807   113.581    73.466   101.307   102.200    96.499    71.569
 2021      92.913    97.574   108.381    99.614   109.049   109.076   113.628    71.052   106.533   109.835   104.342    77.842
 2022     108.041   116.940   127.535   123.674   130.905   125.523   126.744    82.058   119.204   116.180   111.529    79.400
 2023     107.355   115.514   122.685   109.830   114.977   113.621   114.419    73.703   109.818   106.268    97.253    74.181
 2024      98.560   108.638   116.649   107.296   110.948   112.226   113.897


  AUTOCORRELATION FUNCTION TEST FOR SEASONALITY IN LINEARIZEDSERIES QS =   414.88  ASIMPTOTICALLY DISTRIBUTED AS CHI-SQUARE(2)
    p-value= 0.0000


  NON-PARAMETRIC TEST FOR SEASONALITY IN LINEARIZED SERIES (FRIEDMAN) SEAS_NP =    200.38
    ASYMP. DISTRIBUTED AS CHI-SQUARE(11)
    p-value= 0.0000


TOTAL OUTLIER EFFECT FACTORS


 YEAR        JAN       FEB       MAR       APR       MAY       JUN       JUL       AUG       SEP       OCT       NOV       DEC 

 2005     100.000   100.000   100.000   100.000   100.000   100.000   100.000   100.000   100.000   100.000   100.000   100.000
 2006     100.000   100.000   100.000   100.000   100.000   100.000   100.000   100.000   100.000   100.000   100.000   100.000
 2007     100.000   100.000   100.000   100.000   100.000   100.000   100.000   100.000   100.000   100.000   100.000   100.000
 2008     100.000   100.000   100.000   100.000   100.000   100.000   100.000   100.000   100.000   100.000   100.000   100.000
 2009     100.000   100.000   100.000   100.000   100.000   100.000   100.000   100.000   100.000   100.000   100.000   100.000
 2010     100.000   100.000   100.000   100.000   100.000   100.000   100.000   100.000   100.000   100.000   100.000   100.000
 2011     100.000   100.000   100.000   100.000   100.000   100.000   100.000   100.000   100.000   100.000   100.000   100.000
 2012     100.000   100.000   100.000   100.000   100.000   100.000   100.000   100.000   100.000   100.000   100.000   100.000
 2013     100.000   100.000   100.000   100.000   100.000   100.000   100.000   100.000   100.000   100.000   100.000   100.000
 2014     100.000   100.000   100.000   100.000   100.000   100.000   100.000   100.000   100.000   100.000   100.000   100.000
 2015     100.000   100.000   100.000   100.000   100.000   100.000   100.000   100.000   100.000   100.000   100.000   100.000
 2016     100.000   100.000   100.000   100.000   100.000   100.000   100.000   100.000   100.000   100.000   100.000   100.000
 2017     100.000   100.000   100.000   100.000   100.000   100.000   100.000   100.000   100.000   100.000   100.000   100.000
 2018     100.000   100.000   100.000   100.000   100.000   100.000   100.000   100.000   100.000   100.000   100.000   100.000
 2019     100.000   100.000   100.000   100.000   100.000   100.000   100.000   100.000   100.000   100.000   100.000   100.000
 2020     100.000   100.000    86.972    65.448    74.324    81.244    86.467    90.323    93.123    95.135    96.569    97.586
 2021      98.304    98.810    99.165    99.415    99.590    99.713    99.799    99.859    99.901    99.931    99.952    99.966
 2022      99.976    99.983    99.988    99.992    99.994    99.996    99.997    99.998    99.999    99.999    99.999   100.000
 2023     100.000   100.000   100.000   100.000   100.000   100.000   100.000   100.000   100.000   100.000   100.000   100.000
 2024     100.000   100.000   100.000   100.000   100.000   100.000   100.000


TOTAL TRADING DAY - EASTER - LEAP YEAR EFFECT FACTORS


 YEAR        JAN       FEB       MAR       APR       MAY       JUN       JUL       AUG       SEP       OCT       NOV       DEC 

 2005     100.000   100.000    97.919   102.125   100.000   100.000   100.000   100.000   100.000   100.000   100.000   100.000
 2006     100.000   100.000   102.125    97.919   100.000   100.000   100.000   100.000   100.000   100.000   100.000   100.000
 2007     100.000   100.000   102.125    97.919   100.000   100.000   100.000   100.000   100.000   100.000   100.000   100.000
 2008     100.000   100.000    97.919   102.125   100.000   100.000   100.000   100.000   100.000   100.000   100.000   100.000
 2009     100.000   100.000   102.125    97.919   100.000   100.000   100.000   100.000   100.000   100.000   100.000   100.000
 2010     100.000   100.000   100.000   100.000   100.000   100.000   100.000   100.000   100.000   100.000   100.000   100.000
 2011     100.000   100.000   102.125    97.919   100.000   100.000   100.000   100.000   100.000   100.000   100.000   100.000
 2012     100.000   100.000   102.125    97.919   100.000   100.000   100.000   100.000   100.000   100.000   100.000   100.000
 2013     100.000   100.000    97.919   102.125   100.000   100.000   100.000   100.000   100.000   100.000   100.000   100.000
 2014     100.000   100.000   102.125    97.919   100.000   100.000   100.000   100.000   100.000   100.000   100.000   100.000
 2015     100.000   100.000   100.703    99.301   100.000   100.000   100.000   100.000   100.000   100.000   100.000   100.000
 2016     100.000   100.000    97.919   102.125   100.000   100.000   100.000   100.000   100.000   100.000   100.000   100.000
 2017     100.000   100.000   102.125    97.919   100.000   100.000   100.000   100.000   100.000   100.000   100.000   100.000
 2018     100.000   100.000    97.919   102.125   100.000   100.000   100.000   100.000   100.000   100.000   100.000   100.000
 2019     100.000   100.000   102.125    97.919   100.000   100.000   100.000   100.000   100.000   100.000   100.000   100.000
 2020     100.000   100.000   102.125    97.919   100.000   100.000   100.000   100.000   100.000   100.000   100.000   100.000
 2021     100.000   100.000   100.000   100.000   100.000   100.000   100.000   100.000   100.000   100.000   100.000   100.000
 2022     100.000   100.000   102.125    97.919   100.000   100.000   100.000   100.000   100.000   100.000   100.000   100.000
 2023     100.000   100.000   102.125    97.919   100.000   100.000   100.000   100.000   100.000   100.000   100.000   100.000
 2024     100.000   100.000    97.919   102.125   100.000   100.000   100.000


TOTAL REGRESSION EFFECT FACTORS


 YEAR        JAN       FEB       MAR       APR       MAY       JUN       JUL       AUG       SEP       OCT       NOV       DEC 

 2005      97.856    99.469   100.183   100.204   101.759   100.862    96.575   101.759   101.759    96.575   100.871   100.000
 2006     100.880    99.469   103.279    94.286   101.759   100.862    96.575   101.759    98.709    99.560   100.871    94.094
 2007     103.998    99.469   100.183    97.200   101.759   100.862    99.560   101.759    95.750   102.636   100.871    97.002
 2008     103.998   102.543    94.266   103.301    98.709    97.838   102.636    95.750   101.759   102.636    97.847   100.000
 2009      97.856    99.469   100.183   103.301    95.750   100.862   102.636    98.709   101.759    99.560   100.871   103.090
 2010      94.923    99.469   103.279   103.301    98.709   100.862    99.560   101.759   101.759    96.575   100.871   106.276
 2011      97.856    99.469   100.183   100.204   101.759   100.862    96.575   101.759   101.759    96.575   100.871   100.000
 2012     100.880   102.543   100.183    97.200   101.759   100.862    99.560   101.759    95.750   102.636   100.871    97.002
 2013     103.998    99.469    97.180   100.204   101.759    97.838   102.636    98.709    98.709   102.636    97.847   100.000
 2014     100.880    99.469    97.180   100.204    98.709    97.838   102.636    95.750   101.759   102.636    97.847   100.000
 2015      97.856    99.469   100.183   103.301    95.750   100.862   102.636    98.709   101.759    99.560   100.871   103.090
 2016      94.923   102.543   100.183   100.204   101.759   100.862    96.575   101.759   101.759    96.575   100.871   100.000
 2017     100.880    99.469   103.279    94.286   101.759   100.862    96.575   101.759    98.709    99.560   100.871    94.094
 2018     103.998    99.469   100.183    97.200   101.759   100.862    99.560   101.759    95.750   102.636   100.871    97.002
 2019     103.998    99.469    97.180   100.204   101.759    97.838   102.636    98.709    98.709   102.636    97.847   100.000
 2020     100.880    99.469   100.183   103.301    95.750   100.862   102.636    98.709   101.759    99.560   100.871   103.090
 2021      94.923    99.469   103.279   103.301    98.709   100.862    99.560   101.759   101.759    96.575   100.871   106.276
 2022      97.856    99.469   103.279    97.200   101.759   100.862    96.575   101.759   101.759    96.575   100.871   100.000
 2023     100.880    99.469   103.279    94.286   101.759   100.862    96.575   101.759    98.709    99.560   100.871    94.094
 2024     103.998   102.543    97.180   100.204   101.759    97.838   102.636
 
 
 
 FORECAST FUNCTION OF ORIGINAL SERIES: 
  
ORIGIN: 235 PERIODS AHEAD: 24
  
 OBS    DATE         FORECAST          STD ERROR        FORECAST          STD ERROR   
                        (SERIES IN LOGS)                     (SERIES IN LEVELS)       
 236  Aug-2024       4.27829          0.376278E-01       72.1167           2.71456    
 237  Sep-2024       4.66235          0.452200E-01       105.885           4.79057    
 238  Oct-2024       4.68848          0.516917E-01       108.688           5.62203    
 239  Nov-2024       4.57488          0.575883E-01       97.0166           5.59166    
 240  Dec-2024       4.30183          0.627509E-01       73.8344           4.63774    
 241  Jan-2025       4.60670          0.676248E-01       100.153           6.78060    
 242  Feb-2025       4.66821          0.721695E-01       106.507           7.69658    
 243  Mar-2025       4.74228          0.766281E-01       114.696           8.80186    
 244  Apr-2025       4.65140          0.805069E-01       104.732           8.44532    
 245  May-2025       4.70645          0.843108E-01       110.658           9.34629    
 246  Jun-2025       4.69202          0.879720E-01       109.073           9.61397    
 247  Jul-2025       4.75871          0.914573E-01       116.595           10.6858    
 248  Aug-2025       4.24516          0.996257E-01       69.7668           6.96785    
 249  Sep-2025       4.69010          0.105274           108.864           11.4923    
 250  Oct-2025       4.68579          0.110775           108.396           12.0444    
 251  Nov-2025       4.57219          0.116093           96.7558           11.2707    
 252  Dec-2025       4.29913          0.121047           73.6360           8.94616    
 253  Jan-2026       4.57357          0.125934           96.8898           12.2502    
 254  Feb-2026       4.66552          0.130532           106.221           13.9245    
 255  Mar-2026       4.75601          0.135008           116.281           15.7707    
 256  Apr-2026       4.69317          0.139308           109.199           15.2864    
 257  May-2026       4.67332          0.143619           107.052           15.4544    
 258  Jun-2026       4.71976          0.147601           112.142           16.6427    
 259  Jul-2026       4.75602          0.151572           116.282           17.7268    
