
                                        PROGRAM TRAMO+

             (based on program TRAMO, Victor Gomez and Agustin Maravall©,1996)

         Developed at the Bank of Spain by Gianluca Caporello and Agustin Maravall,
         with programming support from Domingo Pérez Cañete and Roberto López Pavón.

                 VERSION: 1.0 (Revision: 942  Build: 2017/09/25 09:39:13)


 SERIES TITLE=DIVIZ28                                                                         

 INPUT PARAMETERS
   lam= 0   imean= 0   ireg= 7   seats= 2   int2=227   rsa= 0   modelsumm= 1   va=   3.742
 
  WARNING :
    Remember to define the regression variable name in the first line of the external regression file.
   Name : NOT DEFINED.
   Reglist01
    Iuser=-1   Nser= 1   Ilong= 312
 
   Name : NOT DEFINED.
   Reglist02
    Iuser= 2   Nser= 6   Ilong=   0
 
   Fixed Outliers:
   #Observ. Type
      50     LS
      57     AO
      56     TC
      44     LS
     184     AO
     183     TC
 

 NUMBER OF OBSERVATIONS: 227


 ORIGINAL SERIES 

 YEAR        JAN       FEB       MAR       APR       MAY       JUN       JUL       AUG       SEP       OCT       NOV       DEC 

 2005      61.700    80.700    87.200    85.800    90.200    88.800    89.100    51.300    93.100    82.800    85.700    97.300
 2006      69.000    84.800   112.800    83.800   103.700   112.900    94.200    50.500    99.200    98.900   101.600   100.400
 2007      77.000    92.600   117.800    93.600   109.300   113.100   107.200    58.600   109.300   111.500   110.000   109.700
 2008      88.600   105.100   113.900   106.900   105.700   111.300   112.800    50.100   103.900   106.200    88.500   101.600
 2009      64.500    70.400    81.700    72.700    66.300    69.300    80.900    32.600    87.700    66.300    72.100    78.200
 2010      56.600    72.200    93.300    79.500    78.200    84.000    90.600    45.900    92.500    83.100    85.700    93.400
 2011      68.200    83.700   101.400    91.800   104.700   101.700    95.700    56.000    94.500    91.000    96.600    99.000
 2012      75.400    94.300   110.100    91.400   100.700   100.300   103.500    53.600    89.400    91.700    90.700    93.000
 2013      76.000    86.000   102.600    88.800    97.200    90.600   101.900    51.000    91.100    96.600    97.200    95.200
 2014      82.700    90.700   103.300    94.200    96.500   102.100   105.700    50.900    95.300   104.100    93.400   103.900
 2015      76.100    94.200   109.300   105.700   103.400   113.200   115.600    57.200   101.500   106.300   107.800   109.600
 2016      78.400   101.800   113.400   106.500   110.000   112.700   111.500    65.300   114.300   106.200   112.300   121.500
 2017      89.800   104.100   131.100   104.500   124.200   122.000   120.000    75.500   113.800   121.700   126.600   117.600
 2018      98.700   114.100   130.500   118.000   130.100   129.300   130.300    80.600   119.000   135.800   128.800   124.900
 2019     107.100   115.800   136.800   117.800   130.800   126.000   135.800    73.700   122.600   129.700   123.300   134.900
 2020      99.900   109.400   105.200    62.100    98.800   118.800   126.600    68.500   122.200   122.000   120.200   130.400
 2021      97.000   111.900   135.400   127.600   129.900   140.100   133.200    81.200   130.900   124.100   125.300   132.600
 2022     102.700   124.700   153.400   129.400   149.400   142.600   141.800    96.500   150.000   145.100   151.800   157.100
 2023     121.700   144.700   170.600   136.100   157.500   160.400   147.400    99.700   151.600   151.800   162.600


 MODEL PARAMETERS            
 ----------------
  MQ= 12         IMEAN=  0      LAM=  0      D=  1       BD=  1
  P=  0          BP=  0         Q=  1        BQ=  1      IREG=  7
  ITRAD=  0      SMPDAY=  0     IEAST=  0      IDUR=  6     M= 36       IQM= 24
  INCON=  0      NBACK=  0      NPRED= 24    INTERP=  2  INIT=  0
  IFILT=  2      IROOT=  2    INIC=  0    ICONCE=  1
  ICDET=  1      IATIP=  0      IMVX=  0     IDIF=  0    PG=  0
  AIO=  2        INT1=  1       INT2= 227    RSA=  0     SEATS=  2
  VA= 3.74       TOL=  0.100E-03             PC=  0.120E+00
  NOADMISS= 1    STOCHTD 0    BIAS= 1
  THLIM=  0.000  BTHLIM=  0.000   RMOD=  0.500



TH =        -0.10

BTH =        -0.10

WARNING: When adjusting for degrees of freedom in
 order to compute white-noise residuals, the Housholder
 transformation contains an element of arbitrariness 
 that, when multiple regressors are entered, may produce
 a slight variation in results when the order in which
 regressors are entered changes



NUMBER OF INITIAL OBS. =  13

Log-Level pretest : LOGS are Selected
 DIFFERENCED TRANSFORMED SERIES

 YEAR        JAN       FEB       MAR       APR       MAY       JUN       JUL       AUG       SEP       OCT       NOV       DEC 

 2006                -0.062     0.208    -0.281     0.163     0.101    -0.184    -0.071     0.079     0.114    -0.007    -0.139
 2007       0.078    -0.022    -0.045     0.067    -0.058    -0.051     0.128     0.019    -0.052     0.023    -0.040     0.009
 2008       0.052    -0.014    -0.160     0.167    -0.166     0.017     0.067    -0.208     0.106     0.002    -0.169     0.141
 2009      -0.241    -0.083     0.068    -0.053    -0.081    -0.007     0.141    -0.097     0.260    -0.302     0.266    -0.057
 2010       0.131     0.156     0.108    -0.043     0.076     0.027    -0.079     0.229    -0.289     0.173    -0.053     0.005
 2011       0.009    -0.039    -0.065     0.061     0.148    -0.101    -0.136     0.144    -0.177     0.069     0.029    -0.061
 2012       0.042     0.019    -0.037    -0.087    -0.035     0.025     0.092    -0.122    -0.012     0.063    -0.071     0.001
 2013       0.070    -0.100     0.022     0.042    -0.007    -0.066     0.086    -0.034     0.069     0.033     0.017    -0.046
 2014       0.061    -0.031    -0.046     0.052    -0.066     0.127    -0.083    -0.039     0.047     0.030    -0.115     0.127
 2015      -0.171     0.121     0.019     0.059    -0.046     0.034    -0.014     0.027    -0.054    -0.042     0.122    -0.090
 2016      -0.024     0.048    -0.041    -0.029     0.054    -0.066    -0.032     0.169    -0.014    -0.120     0.042     0.062
 2017       0.033    -0.113     0.123    -0.164     0.140    -0.042    -0.006     0.072    -0.150     0.141    -0.016    -0.152
 2018       0.127    -0.003    -0.096     0.126    -0.075     0.012     0.024    -0.017    -0.021     0.065    -0.092     0.043
 2019       0.021    -0.067     0.032    -0.049     0.007    -0.031     0.067    -0.131     0.119    -0.076     0.002     0.121
 2020      -0.147     0.013    -0.206    -0.378     0.360     0.222    -0.011    -0.003     0.070    -0.058     0.036    -0.008
 2021       0.004     0.052     0.230     0.468    -0.446    -0.109    -0.114     0.119    -0.101    -0.052     0.024    -0.025
 2022       0.040     0.051     0.017    -0.111     0.126    -0.122     0.045     0.110    -0.036     0.020     0.036    -0.022
 2023       0.000    -0.021    -0.042    -0.056     0.002     0.065    -0.079    -0.006    -0.022     0.035     0.024




 AUTOCORRELATIONS
 ----------------
     -0.4509   0.0424   0.0382   0.0383  -0.0739   0.1010  -0.0573  -0.0068   0.0264  -0.0700   0.2485  -0.4203
 SE   0.0684   0.0811   0.0812   0.0813   0.0813   0.0817   0.0822   0.0824   0.0824   0.0825   0.0827   0.0862
      0.2015  -0.0445  -0.0254   0.0586  -0.0408  -0.0853   0.1556  -0.1541   0.0598   0.0442  -0.0791  -0.0055
 SE   0.0953   0.0972   0.0973   0.0974   0.0975   0.0976   0.0980   0.0991   0.1002   0.1004   0.1005   0.1008
      0.0489  -0.1497   0.1354  -0.1325   0.0795  -0.0006  -0.0773   0.1325  -0.1710   0.1124  -0.0228  -0.0521
 SE   0.1008   0.1009   0.1019   0.1027   0.1035   0.1038   0.1038   0.1041   0.1049   0.1062   0.1067   0.1068


 PARTIAL AUTOCORRELATIONS
 ---------------------
     -0.4509  -0.2020  -0.0391   0.0670  -0.0193   0.0761   0.0170  -0.0223   0.0031  -0.0849   0.2524  -0.2855
 SE   0.0684   0.0684   0.0684   0.0684   0.0684   0.0684   0.0684   0.0684   0.0684   0.0684   0.0684   0.0684
     -0.1093  -0.0822  -0.0691   0.1248  -0.0642  -0.0562   0.0948  -0.1374   0.0372  -0.0251   0.1043  -0.1618
 SE   0.0684   0.0684   0.0684   0.0684   0.0684   0.0684   0.0684   0.0684   0.0684   0.0684   0.0684   0.0684
     -0.0655  -0.2027  -0.0318  -0.0573  -0.0041  -0.0261  -0.0013   0.0341  -0.1593   0.0528   0.0411  -0.1876
 SE   0.0684   0.0684   0.0684   0.0684   0.0684   0.0684   0.0684   0.0684   0.0684   0.0684   0.0684   0.0684
  
 ARIMA MODEL ESTIMATION 
  
 METHOD OF ESTIMATION: EXACT MAXIMUM LIKELIHOOD           
  
 PARAMETER      ESTIMATE           STD ERROR      T RATIO   LAG  
  
 TH1         -0.62484           0.55042E-01      -11.35      1
 BTH         -0.70274           0.50156E-01      -14.01     12
  
 
 REGULAR MA INVERSE ROOTS ARE 
 NO.     REAL P.     IMAG.P.     MODULUS    ARGUMENT      PERIOD
  1      0.62484       0.0000      0.62484       0.0000            -  
 
 SEASONAL MA INVERSE ROOTS ARE 
 NO.     REAL P.     IMAG.P.     MODULUS    ARGUMENT      PERIOD
  1      0.70274       0.0000      0.70274       0.0000            -  
  
 CORRELATIONS OF THE ESTIMATES 
  
  1.000   -0.245
 -0.245    1.000
  
 AIC 
    -697.312
  
 BIC 
     -5.9953
  
 FINAL VALUE OF OBJECTIVE FUNCTION: 
               0.44287    
  
 RADETN:    1.02046542729831     
 ITERATIONS:            2
  
  NUMBER OF FUNCTION EVALUATIONS:            8
  

 ESTIMATES OF REGRESSION PARAMETERS 
 CONCENTRATED OUT OF THE LIKELIHOOD 

 PARAMETER           VALUE          ST. ERROR     T VALUE
 REG      1          0.36875E-01    (     0.00292)   12.65
 OUT 1 ( 50)        -0.26133        (     0.03323)   -7.86   LS    ( 2 2009)
 OUT 2 ( 57)         0.26229        (     0.04055)    6.47   AO    ( 9 2009)
 OUT 3 ( 56)        -0.20435        (     0.03986)   -5.13   TC    ( 8 2009)
 OUT 4 ( 44)        -0.11777        (     0.03347)   -3.52   LS    ( 8 2008)
 OUT 5 (184)        -0.50161        (     0.04107)  -12.21   AO    ( 4 2020)
 OUT 6 (183)        -0.25860        (     0.03962)   -6.53   TC    ( 3 2020)

 VAR-CORRELATION MATRIX OF ESTIMATORS 

   0.850E-05
  -0.330E-01   0.110E-02
  -0.589E-01   0.357E-02   0.164E-02
   0.629E-01  -0.871E-01  -0.341E+00   0.159E-02
   0.606E-01  -0.613E-01   0.308E-03   0.114E+00   0.112E-02
  -0.140E+00   0.475E-02   0.825E-02  -0.899E-02  -0.854E-02   0.169E-02
   0.481E-01   0.561E-03  -0.281E-02   0.148E-02   0.178E-02  -0.345E+00   0.157E-02


 VARIANCES ARE IN THE MAIN DIAGONAL; 
 OFF-DIAGONAL ELEMENTS ARE CORRELATIONS. 



ACF DIFFERENCED SERIES




 AUTOCORRELATIONS
 ----------------
     -0.5034   0.0472  -0.0162   0.0458  -0.0561   0.1063  -0.0999   0.0059   0.0525  -0.0708   0.2556  -0.4349
 SE   0.0684   0.0839   0.0840   0.0840   0.0842   0.0843   0.0850   0.0855   0.0855   0.0857   0.0859   0.0894
      0.2517  -0.0553   0.0003   0.0320  -0.0139  -0.0927   0.2073  -0.1923   0.0471   0.0440  -0.0379   0.0013
 SE   0.0988   0.1018   0.1019   0.1019   0.1019   0.1020   0.1024   0.1043   0.1059   0.1060   0.1061   0.1062
      0.0159  -0.1287   0.1428  -0.1175   0.0933   0.0005  -0.1606   0.1987  -0.1405   0.0699  -0.0099  -0.0477
 SE   0.1062   0.1062   0.1069   0.1078   0.1084   0.1088   0.1088   0.1099   0.1115   0.1124   0.1126   0.1126
  
  
  NUMBER OF WHITE NOISE RESIDUALS          207
  
 WHITE NOISE RESIDUALS
  

 YEAR        JAN       FEB       MAR       APR       MAY       JUN       JUL       AUG       SEP       OCT       NOV       DEC 

 2006                                                                                       0.025     0.049     0.054    -0.019
 2007      -0.049    -0.025     0.052    -0.048    -0.011    -0.010    -0.003     0.020     0.049     0.001     0.010    -0.048
 2008       0.033    -0.027    -0.022    -0.046    -0.070    -0.029    -0.022     0.019    -0.005     0.052    -0.089    -0.025
 2009      -0.101     0.045    -0.017    -0.012    -0.079    -0.119     0.098     0.037    -0.014    -0.017     0.068    -0.014
 2010       0.122    -0.002     0.031     0.007    -0.010     0.007     0.079    -0.017     0.034     0.005    -0.003    -0.051
 2011       0.081     0.005     0.005     0.060     0.105     0.014    -0.037     0.039    -0.121    -0.017     0.014    -0.013
 2012       0.002    -0.012    -0.006    -0.014    -0.033    -0.031     0.004    -0.040    -0.064    -0.083    -0.031     0.002
 2013       0.005    -0.032     0.002    -0.038    -0.010    -0.043     0.002     0.011    -0.026     0.024     0.083    -0.052
 2014       0.105    -0.027    -0.048    -0.005    -0.023     0.049    -0.032    -0.015    -0.059     0.058    -0.031     0.035
 2015      -0.015     0.009    -0.034     0.055     0.048     0.035     0.001    -0.005    -0.055     0.027     0.019    -0.040
 2016      -0.001    -0.013    -0.040     0.036    -0.024    -0.004     0.025     0.069     0.030    -0.021    -0.007     0.058
 2017      -0.025    -0.027     0.010    -0.004     0.031    -0.015     0.004     0.112    -0.052     0.006     0.029    -0.017
 2018      -0.037     0.003    -0.039     0.021    -0.002    -0.013    -0.012     0.090    -0.013     0.010    -0.032    -0.038
 2019       0.016    -0.039     0.016    -0.081    -0.017    -0.014    -0.017     0.000    -0.003    -0.028    -0.005     0.031
 2020      -0.026    -0.074    -0.002    -0.019    -0.074     0.025     0.008    -0.009     0.012    -0.004    -0.038    -0.013
 2021       0.072    -0.020    -0.048     0.037     0.051     0.048    -0.026     0.038    -0.016    -0.024    -0.046    -0.078
 2022       0.051     0.077     0.041     0.037     0.059    -0.037     0.019     0.124     0.013     0.019     0.027     0.035
 2023      -0.019     0.036    -0.040    -0.014    -0.033    -0.005    -0.050     0.041    -0.003    -0.034     0.050
 
 
  STABILITY TEST
 
 
     1. FULL PERIOD
                  FIRST HALF                    SECOND HALF
           Mean(t)          Variance      Mean(t)          Variance
      -0.38E-02(-0.83    )  0.21E-02  0.20E-02( 0.54    )  0.15E-02
 
      Mean assumed equal to 0
      VR(variance ratio)= 0.72    
 
      MEAN STABILITY IS NOT REJECTED.
      VARIANCE STABILITY IS NOT REJECTED.


 
     2. LAST 10 YEARS
                  FIRST HALF                    SECOND HALF
           Mean(t)          Variance      Mean(t)          Variance
       0.29E-02( 0.57    )  0.15E-02 -0.64E-03(-0.12    )  0.16E-02
 
      Mean assumed equal to 0
      VR(variance ratio)=  1.1    
 
      LAST 10 YEARS MEAN STABILITY IS NOT REJECTED.
      LAST 10 YEARS VARIANCE STABILITY IS NOT REJECTED.


 
  OUT-OF-SAMPLE TEST
  ------------------
      Model re-estimated on Linearized series for first 209 observations.
       18 One-Period-Ahead Forecasts computed with model fixed.
      Comparison between forecast errors (last   18 observations) and residuals (in-sample):

        Mean(Forecast Errors)
            p-value= 0.4733
            Mean of forecast errors can be assumed zero.

        Out-of-Sample MSE is :  0.1729E-02
        In-Sample MSE is :  0.2008E-02
        F( 18,196) is :  0.861E+00
            p-value(%)=62.6354

        Mean and Variance of forecast Errors and In-Sample residuals ARE NOT significantly different.


 TEST-STATISTICS ON RESIDUALS
 ----------------------------


           MEAN=  -0.8431590E-03
        ST.DEV.=   0.2956189E-02
        OF MEAN
        T-VALUE= -0.2852

 NORMALITY TEST=   5.654        ( CHI-SQUARE(2) )

       SKEWNESS=  0.2946          ( SE =  0.1703 )
       KURTOSIS=  3.5553          ( SE =  0.3405 )

 SUM OF SQUARES=   0.4120542    

  DURBIN-WATSON=  1.8490

 STANDARD ERROR=   0.4554731E-01
 OF RESID.
  MSE OF RESID.=   0.2074557E-02




 AUTOCORRELATIONS
 ----------------
     -0.0210   0.0591   0.0447   0.0660  -0.0295   0.1305  -0.0351  -0.0732   0.0529   0.0180   0.0669   0.0450
 SE   0.0695   0.0695   0.0695   0.0695   0.0695   0.0695   0.0695   0.0695   0.0695   0.0695   0.0695   0.0695
 Q      0.09     0.83     1.25     2.18     2.37     6.03     6.30     7.46     8.08     8.15     9.14     9.59
 PV    -1.00    -1.00     0.26     0.34     0.50     0.20     0.28     0.28     0.33     0.42     0.42     0.48
      0.0725  -0.1115   0.0125   0.0094  -0.0335  -0.0187   0.0563  -0.2063  -0.0363   0.0132  -0.0828  -0.0499
 SE   0.0695   0.0695   0.0695   0.0695   0.0695   0.0695   0.0695   0.0695   0.0695   0.0695   0.0695   0.0695
 Q     10.76    13.55    13.58    13.60    13.86    13.94    14.67    24.52    24.82    24.86    26.48    27.07
 PV     0.46     0.33     0.40     0.48     0.54     0.60     0.62     0.14     0.17     0.21     0.19     0.21
     -0.0961  -0.1547  -0.0276  -0.0754   0.0116  -0.0643  -0.1222   0.0348  -0.1350   0.0533  -0.1062   0.0084
 SE   0.0695   0.0695   0.0695   0.0695   0.0695   0.0695   0.0695   0.0695   0.0695   0.0695   0.0695   0.0695
 Q     29.26    34.98    35.16    36.54    36.57    37.58    41.25    41.55    46.08    46.79    49.63    49.64
 PV     0.17     0.07     0.09     0.08     0.10     0.11     0.07     0.08     0.04     0.04     0.03     0.04

  LJUNG-BOX Q VALUE OF ORDER  24 IS     27.07 AND IF RESIDUALS ARE RANDOM IT SHOULD BE DISTRIBUTED AS CHI-SQUARE(22)
  p-value= 0.2087
  THE PIERCE QS VALUE IS      0.45 AND IF RESIDUALS ARE RANDOM IT SHOULD BE DISTRIBUTED AS CHI-SQUARE(2)

 APPROXIMATE TEST OF RUNS ON RESIDUALS
 -------------------------------------
  NUM.DATA= 207
   NUM.(+)= 104
   NUM.(-)= 103
  NUM.RUNS= 105
   T-VALUE=  0.1394


  NON-PARAMETRIC TEST FOR RESIDUAL SEASONALITY (FRIEDMAN) SEAS_NP =     11.14
    ASYMP. DISTRIBUTED AS CHI-SQUARE(11)
    p-value= 0.4312



 SQUARED RESIDUALS:
 ------------------




 AUTOCORRELATIONS
 ----------------
      0.0421  -0.0017  -0.1106   0.0411   0.0175   0.1199   0.0417   0.1382  -0.0928  -0.1298  -0.0875   0.1511
 SE   0.0695   0.0695   0.0695   0.0695   0.0695   0.0695   0.0695   0.0695   0.0695   0.0695   0.0695   0.0695
 Q      0.37     0.37     2.97     3.33     3.39     6.49     6.86    11.02    12.90    16.60    18.29    23.36
 PV    -1.00    -1.00     0.08     0.19     0.33     0.17     0.23     0.09     0.07     0.03     0.03     0.01
      0.0389   0.0503  -0.0197  -0.0205  -0.0587   0.0047  -0.0490   0.1054  -0.0275  -0.0202  -0.0137  -0.0633
 SE   0.0695   0.0695   0.0695   0.0695   0.0695   0.0695   0.0695   0.0695   0.0695   0.0695   0.0695   0.0695
 Q     23.69    24.26    24.35    24.44    25.23    25.23    25.79    28.35    28.53    28.62    28.67    29.62
 PV     0.01     0.02     0.03     0.04     0.05     0.07     0.08     0.06     0.07     0.10     0.12     0.13
     -0.1125   0.0737   0.1214   0.0971  -0.1068   0.0360  -0.0375   0.1033   0.0205   0.0307  -0.0387  -0.0240
 SE   0.0695   0.0695   0.0695   0.0695   0.0695   0.0695   0.0695   0.0695   0.0695   0.0695   0.0695   0.0695
 Q     32.63    33.93    37.47    39.74    42.52    42.83    43.18    45.82    45.92    46.16    46.54    46.68
 PV     0.09     0.09     0.05     0.04     0.03     0.04     0.04     0.03     0.04     0.05     0.06     0.07

  McLEOD-LI Q VALUE OF ORDER  24 IS     29.62 AND IF RESIDUALS ARE RANDOM IT SHOULD BE DISTRIBUTED AS CHI-SQUARE(24)
  p-value= 0.1978
 
 
 
SPECTRAL DIAGNOSTICS
 --------------------
 
A. SEASONAL SPECTRAL PEAKS
 
                           Frequency (cycles per year)
                     One    Two   Three  Four   Five    Six  
 Original series      -T     AT     AT     AT     AT     AT
 Linearized series    aT     AT     AT     AT     AT     AT
 Residuals            --     --     --     -t     AT     --
 
 AT : peaks detected in AR(30) and using Tukey spectrum  estimator
 A- : only peaks detected in AR(30) spectrum estimator
 -T : only peaks detected using Tukey spectrum estimator
 -- : No peaks detected in AR(30) nor using Tukey spectrum estimator
 
 
 
B. STOCHASTIC SEASONALITY: SPECTRAL EVIDENCE
 
 1 :  SERIES CONTAINS SEASONALITY THAT CAN BE RELIABLY EXTRACTED.
 0 :  SEASONALITY IS NOT PRESENT IN THE SERIES OR IS TOO WEAK TO BE RELIABLY CAPTURED.
 
 ORIGINAL SERIES :   1
 LINEARIZED SERIES : 1
 RESIDUALS :         0
 
 
 
C. TRADING DAY EFFECT: SPECTRAL EVIDENCE
 
 1 :  TRADING DAY EFFECT DETECTED
 0 :  NO TRADING DAY EFFECT DETECTED
 
 LINEARIZED SERIES : 0
 RESIDUALS :         0
 
 
OVERALL TEST FOR IDENTIFIABLE SEASONALITY 
----------------------------------------- 
 
  AUTOCORRELATION FUNCTION EVIDENCE : YES
  NON-PARAMETRIC EVIDENCE           : YES
  F-TEST                            :  - 
  SPECTRAL EVIDENCE                 : YES
 
IDENTIFIABLE SEASONALITY FOUND IN SERIES
 
 
OVERALL TEST FOR RESIDUALS SEASONALITY 
----------------------------------------- 
 
  AUTOCORRELATION FUNCTION EVIDENCE : NO 
  NON-PARAMETRIC EVIDENCE           : NO 
  F-TEST                            : NO 
  SPECTRAL EVIDENCE                 : NO 
 
NO IDENTIFIABLE SEASONALITY FOUND IN RESIDUALS
 
 
ARIMA MODEL : GOOD FIT
----------------------

ALL TEST ARE PASSED
 
QUALITY ARIMA MODEL TESTS
----------------------------------------

  Mean in residuals                      :GOOD        
  Autocorrelation in residuals           :GOOD        
  Normality of residuals                 :GOOD        
  Skewness of residuals                  :GOOD        
  Kurtosis of residuals                  :GOOD        
  Randomness of residual sign            :GOOD        
  Instability of residual mean           :GOOD        
  Instability of residual variance       :GOOD        
  Seasonality in residuals               :GOOD        
  Trading day in residuals               :GOOD        
  Out-of-sample forecast errors          :GOOD        
  Number of outliers                     :GOOD        
 


 LINEAR SERIES


 YEAR        JAN       FEB       MAR       APR       MAY       JUN       JUL       AUG       SEP       OCT       NOV       DEC 

 2005      43.356    55.595    59.555    58.583    60.449    60.153    63.617    34.380    62.393    59.119    58.047    66.600
 2006      46.730    58.420    74.250    61.597    69.496    76.478    67.259    33.843    68.978    68.058    68.816    73.982
 2007      50.260    63.793    80.453    66.310    73.249    76.614    73.770    39.272    78.856    73.951    74.506    77.908
 2008      57.832    69.783    83.744    70.348    73.498    78.227    74.813    40.663    78.333    79.239    69.968    78.235
 2009      50.988    70.856    81.519    69.895    69.882    68.583    78.389    40.626    76.214    73.675    76.526    79.159
 2010      62.395    74.436    91.246    77.338    80.099    83.612    91.455    45.068    90.746    86.804    84.886    86.819
 2011      70.048    84.270   101.199    91.588   102.523   100.656    99.833    54.831    92.527    94.926    95.591    99.001
 2012      74.604    91.475   109.857    94.600    98.595    99.263   104.055    52.479    94.230    88.854    89.752    96.493
 2013      72.475    86.557   106.219    88.581    95.168    93.031    98.737    51.809    92.546    93.602    99.797    95.200
 2014      81.826    91.287   106.943    93.968    98.031   104.839   102.419    53.650    93.307   100.869    95.895   103.900
 2015      78.124    94.810   109.058   101.622   108.987   112.029   112.012    58.108    99.378   106.870   106.673   105.632
 2016      83.509    98.750   113.149   106.237   107.700   111.534   116.309    63.935   111.910   110.780   111.126   121.500
 2017      88.851   104.774   126.074   112.221   121.603   120.738   125.175    73.921   115.606   122.352   125.276   126.601
 2018      94.122   114.839   130.212   122.130   127.380   127.962   130.999    78.915   125.430   131.585   127.453   129.592
 2019     102.132   116.550   141.625   117.509   128.065   129.381   131.585    74.870   124.546   125.675   126.594   134.900
 2020      98.845   110.108   135.945   118.159   118.206   128.476   130.529    72.678   123.341   125.294   120.730   126.997
 2021     104.079   113.202   130.677   122.985   132.193   138.821   134.029    79.550   128.217   129.490   124.016   123.190
 2022     105.443   125.516   147.527   133.934   146.280   141.127   147.917    94.483   146.865   151.358   150.213   157.100
 2023     120.415   145.637   164.060   146.155   154.207   158.741   153.757    97.616   154.006   152.614   160.900


  AUTOCORRELATION FUNCTION TEST FOR SEASONALITY IN LINEARIZEDSERIES QS =   397.93  ASIMPTOTICALLY DISTRIBUTED AS CHI-SQUARE(2)
    p-value= 0.0000


  NON-PARAMETRIC TEST FOR SEASONALITY IN LINEARIZED SERIES (FRIEDMAN) SEAS_NP =    183.07
    ASYMP. DISTRIBUTED AS CHI-SQUARE(11)
    p-value= 0.0000


TOTAL OUTLIER EFFECT FACTORS


 YEAR        JAN       FEB       MAR       APR       MAY       JUN       JUL       AUG       SEP       OCT       NOV       DEC 

 2005     146.096   146.096   146.096   146.096   146.096   146.096   146.096   146.096   146.096   146.096   146.096   146.096
 2006     146.096   146.096   146.096   146.096   146.096   146.096   146.096   146.096   146.096   146.096   146.096   146.096
 2007     146.096   146.096   146.096   146.096   146.096   146.096   146.096   146.096   146.096   146.096   146.096   146.096
 2008     146.096   146.096   146.096   146.096   146.096   146.096   146.096   129.866   129.866   129.866   129.866   129.866
 2009     129.866   100.000   100.000   100.000   100.000   100.000   100.000    81.518   112.665    90.472    93.231    95.212
 2010      96.624    97.625    98.331    98.829    99.179    99.424    99.597    99.718    99.802    99.862    99.903    99.932
 2011      99.952    99.967    99.977    99.984    99.989    99.992    99.994    99.996    99.997    99.998    99.999    99.999
 2012      99.999   100.000   100.000   100.000   100.000   100.000   100.000   100.000   100.000   100.000   100.000   100.000
 2013     100.000   100.000   100.000   100.000   100.000   100.000   100.000   100.000   100.000   100.000   100.000   100.000
 2014     100.000   100.000   100.000   100.000   100.000   100.000   100.000   100.000   100.000   100.000   100.000   100.000
 2015     100.000   100.000   100.000   100.000   100.000   100.000   100.000   100.000   100.000   100.000   100.000   100.000
 2016     100.000   100.000   100.000   100.000   100.000   100.000   100.000   100.000   100.000   100.000   100.000   100.000
 2017     100.000   100.000   100.000   100.000   100.000   100.000   100.000   100.000   100.000   100.000   100.000   100.000
 2018     100.000   100.000   100.000   100.000   100.000   100.000   100.000   100.000   100.000   100.000   100.000   100.000
 2019     100.000   100.000   100.000   100.000   100.000   100.000   100.000   100.000   100.000   100.000   100.000   100.000
 2020     100.000   100.000    77.213    50.529    88.099    91.512    93.980    95.747    97.003    97.893    98.520    98.962
 2021      99.272    99.490    99.643    99.750    99.825    99.877    99.914    99.940    99.958    99.971    99.979    99.986
 2022      99.990    99.993    99.995    99.997    99.998    99.998    99.999    99.999    99.999   100.000   100.000   100.000
 2023     100.000   100.000   100.000   100.000   100.000   100.000   100.000   100.000   100.000   100.000   100.000


TOTAL REGRESSION EFFECT FACTORS


 YEAR        JAN       FEB       MAR       APR       MAY       JUN       JUL       AUG       SEP       OCT       NOV       DEC 

 2005      97.409    99.357   100.221   100.247   102.135   101.045    95.866   102.135   102.135    95.866   101.056   100.000
 2006     101.068    99.357   103.986    93.120   102.135   101.045    95.866   102.135    98.438    99.467   101.056    92.890
 2007     104.864    99.357   100.221    96.618   102.135   101.045    99.467   102.135    94.874   103.203   101.056    96.380
 2008     104.864   103.089    93.096   104.013    98.438    97.387   103.203    94.874   102.135   103.203    97.398   100.000
 2009      97.409    99.357   100.221   104.013    94.874   101.045   103.203    98.438   102.135    99.467   101.056   103.756
 2010      93.882    99.357   103.986   104.013    98.438   101.045    99.467   102.135   102.135    95.866   101.056   107.654
 2011      97.409    99.357   100.221   100.247   102.135   101.045    95.866   102.135   102.135    95.866   101.056   100.000
 2012     101.068   103.089   100.221    96.618   102.135   101.045    99.467   102.135    94.874   103.203   101.056    96.380
 2013     104.864    99.357    96.593   100.247   102.135    97.387   103.203    98.438    98.438   103.203    97.398   100.000
 2014     101.068    99.357    96.593   100.247    98.438    97.387   103.203    94.874   102.135   103.203    97.398   100.000
 2015      97.409    99.357   100.221   104.013    94.874   101.045   103.203    98.438   102.135    99.467   101.056   103.756
 2016      93.882   103.089   100.221   100.247   102.135   101.045    95.866   102.135   102.135    95.866   101.056   100.000
 2017     101.068    99.357   103.986    93.120   102.135   101.045    95.866   102.135    98.438    99.467   101.056    92.890
 2018     104.864    99.357   100.221    96.618   102.135   101.045    99.467   102.135    94.874   103.203   101.056    96.380
 2019     104.864    99.357    96.593   100.247   102.135    97.387   103.203    98.438    98.438   103.203    97.398   100.000
 2020     101.068    99.357   100.221   104.013    94.874   101.045   103.203    98.438   102.135    99.467   101.056   103.756
 2021      93.882    99.357   103.986   104.013    98.438   101.045    99.467   102.135   102.135    95.866   101.056   107.654
 2022      97.409    99.357   103.986    96.618   102.135   101.045    95.866   102.135   102.135    95.866   101.056   100.000
 2023     101.068    99.357   103.986    93.120   102.135   101.045    95.866   102.135    98.438    99.467   101.056
 
 
 
 FORECAST FUNCTION OF ORIGINAL SERIES: 
  
ORIGIN: 227 PERIODS AHEAD: 24
  
 OBS    DATE         FORECAST          STD ERROR        FORECAST          STD ERROR   
                        (SERIES IN LOGS)                     (SERIES IN LEVELS)       
 228  Dec-2023       5.00993          0.453858E-01       149.894           6.80657    
 229  Jan-2024       4.89344          0.480739E-01       133.411           6.41729    
 230  Feb-2024       5.03332          0.508350E-01       153.441           7.80521    
 231  Mar-2024       5.12078          0.537952E-01       167.466           9.01537    
 232  Apr-2024       5.05006          0.562390E-01       156.033           8.78205    
 233  May-2024       5.12891          0.585445E-01       168.834           9.89276    
 234  Jun-2024       5.10123          0.609524E-01       164.223           10.0191    
 235  Jul-2024       5.16167          0.632908E-01       174.456           11.0525    
 236  Aug-2024       4.60932          0.654096E-01       100.416           6.57519    
 237  Sep-2024       5.08631          0.675139E-01       161.792           10.9357    
 238  Oct-2024       5.14689          0.696570E-01       171.896           11.9883    
 239  Nov-2024       5.09260          0.716185E-01       162.812           11.6753    
 240  Dec-2024       5.14309          0.776711E-01       171.244           13.3208    
 241  Jan-2025       4.91597          0.806799E-01       136.452           11.0269    
 242  Feb-2025       5.05585          0.835687E-01       156.938           13.1380    
 243  Mar-2025       5.18019          0.865611E-01       177.717           15.4122    
 244  Apr-2025       5.10948          0.891960E-01       165.583           14.7988    
 245  May-2025       5.15145          0.917373E-01       172.682           15.8747    
 246  Jun-2025       5.16064          0.943126E-01       174.276           16.4730    
 247  Jul-2025       5.22108          0.968442E-01       185.134           17.9713    
 248  Aug-2025       4.63186          0.993304E-01       102.705           10.2269    
 249  Sep-2025       5.18260          0.101579           178.145           18.1425    
 250  Oct-2025       5.20630          0.103947           182.418           19.0132    
 251  Nov-2025       5.15201          0.106186           172.778           18.3984    
