
                                        PROGRAM TRAMO+

             (based on program TRAMO, Victor Gomez and Agustin Maravall©,1996)

         Developed at the Bank of Spain by Gianluca Caporello and Agustin Maravall,
         with programming support from Domingo Pérez Cañete and Roberto López Pavón.

                 VERSION: 1.0 (Revision: 942  Build: 2017/09/25 09:39:13)


 SERIES TITLE=DIVID24                                                                         

 INPUT PARAMETERS
   lam= 0   imean= 0   p= 1   q= 0   ireg= 8   ieast= 3   seats= 2   int2=235   rsa= 0   modelsumm= 1   va=   3.762
 
  WARNING :
    Remember to define the regression variable name in the first line of the external regression file.
   Name : NOT DEFINED.
   Reglist01
    Iuser=-1   Nser= 1   Ilong= 312
 
   Name : NOT DEFINED.
   Reglist02
    Iuser= 2   Nser= 7   Ilong=   0
 
   Fixed Outliers:
   #Observ. Type
      48     LS
      56     AO
      36     AO
     152     AO
      46     LS
     184     AO
     183     TC
 

 NUMBER OF OBSERVATIONS: 235


 ORIGINAL SERIES 

 YEAR        JAN       FEB       MAR       APR       MAY       JUN       JUL       AUG       SEP       OCT       NOV       DEC 

 2005      66.800    74.500    79.800    76.000    79.100    72.100    75.700    27.000    81.000    77.600    78.800    62.300
 2006      69.200    80.400    91.800    76.100    99.900    96.300    95.600    39.500   102.200   107.000   101.900    79.500
 2007      97.000   100.200   111.800    94.000   112.900   105.000   102.400    36.900    99.300   106.500    99.600    65.400
 2008     100.800   103.100   102.800   110.400   112.200   110.500   117.200    36.600   113.100    98.900    76.100    45.200
 2009      52.300    51.300    53.600    47.100    47.200    53.600    58.500    17.100    60.200    61.100    58.200    43.000
 2010      54.600    64.500    76.600    75.700    78.600    78.700    82.100    29.700    88.600    84.700    82.900    65.500
 2011      78.600    89.500    97.400    86.200    93.500    87.400    88.700    33.600    92.300    79.800    76.900    59.900
 2012      69.200    74.400    80.900    68.100    81.800    74.500    77.200    28.900    74.800    77.400    68.900    49.600
 2013      65.000    64.700    66.800    65.300    72.500    68.300    77.500    26.700    71.700    73.100    67.500    51.400
 2014      65.500    66.600    71.300    63.100    69.500    65.800    73.300    22.600    72.800    69.700    61.000    49.200
 2015      60.600    64.100    71.600    68.900    67.600    68.600    73.500    25.000    71.300    68.800    63.500    46.300
 2016      54.000    64.000    64.900    61.700    66.500    62.700    63.700    27.800    66.700    65.300    68.100    52.600
 2017      64.200    69.800    79.800    62.200    78.900    75.800    75.100    35.600    78.100    81.900    81.100    56.100
 2018      82.500    77.600    85.300    73.800    89.300    82.000    84.800    35.400    78.400    82.600    77.100    51.500
 2019      76.300    76.600    80.900    70.600    84.100    73.400    81.900    28.700    76.400    78.400    69.000    46.400
 2020      68.200    71.900    53.000    25.700    55.100    59.600    69.400    28.800    72.000    76.400    75.700    59.800
 2021      75.100    84.900   101.800    95.800   102.100   109.300   114.700    50.800   122.900   122.500   124.800    95.400
 2022     106.600   124.800   150.300   129.300   149.200   129.900   119.900    47.900   125.700   114.200   110.400    74.800
 2023      97.200   105.600   123.500    94.500   109.900   102.300    97.600    40.800   100.100   100.900    98.000    67.400
 2024      92.800   108.000   108.500   103.500   109.200    96.000   102.700

DATES OF EASTER DURING THE REQUESTED TIME SPAN 

 YEAR MONTH  DAY 

   2005   MARCH   27
   2006   APRIL   16
   2007   APRIL    8
   2008   MARCH   23
   2009   APRIL   12
   2010   APRIL    4
   2011   APRIL   24
   2012   APRIL    8
   2013   MARCH   31
   2014   APRIL   20
   2015   APRIL    5
   2016   MARCH   27
   2017   APRIL   16
   2018   APRIL    1
   2019   APRIL   21
   2020   APRIL   12
   2021   APRIL    4
   2022   APRIL   17
   2023   APRIL    9
   2024   MARCH   31
   2025   APRIL   20
   2026   APRIL    5
   2027   MARCH   28


 MODEL PARAMETERS            
 ----------------
  MQ= 12         IMEAN=  0      LAM=  0      D=  1       BD=  1
  P=  1          BP=  0         Q=  0        BQ=  1      IREG=  8
  ITRAD=  0      SMPDAY=  0     IEAST=  3      IDUR=  6     M= 36       IQM= 24
  INCON=  0      NBACK=  0      NPRED= 24    INTERP=  2  INIT=  0
  IFILT=  2      IROOT=  2    INIC=  0    ICONCE=  1
  ICDET=  1      IATIP=  0      IMVX=  0     IDIF=  0    PG=  0
  AIO=  2        INT1=  1       INT2= 235    RSA=  0     SEATS=  2
  VA= 3.76       TOL=  0.100E-03             PC=  0.120E+00
  NOADMISS= 1    STOCHTD 0    BIAS= 1
  THLIM=  0.000  BTHLIM=  0.000   RMOD=  0.500



BTH =        -0.10

PHI =        -0.10

WARNING: When adjusting for degrees of freedom in
 order to compute white-noise residuals, the Housholder
 transformation contains an element of arbitrariness 
 that, when multiple regressors are entered, may produce
 a slight variation in results when the order in which
 regressors are entered changes



NUMBER OF INITIAL OBS. =  13

Log-Level pretest : LOGS are Selected
 DIFFERENCED TRANSFORMED SERIES

 YEAR        JAN       FEB       MAR       APR       MAY       JUN       JUL       AUG       SEP       OCT       NOV       DEC 

 2006                 0.041     0.064    -0.139     0.232     0.056    -0.056     0.147    -0.148     0.089    -0.064    -0.013
 2007       0.094    -0.118    -0.023     0.014    -0.089    -0.036    -0.018    -0.137     0.039     0.024    -0.018    -0.172
 2008       0.234    -0.010    -0.112     0.245    -0.167     0.057     0.084    -0.143     0.138    -0.204    -0.195    -0.100
 2009      -0.287    -0.042     0.047    -0.201    -0.014     0.142     0.029    -0.066     0.130     0.149     0.213     0.218
 2010       0.093     0.186     0.128     0.117     0.035    -0.126    -0.045     0.213    -0.166    -0.060     0.027     0.067
 2011      -0.057    -0.037    -0.087    -0.110     0.044    -0.069    -0.028     0.046    -0.082    -0.101    -0.016    -0.014
 2012      -0.038    -0.057    -0.001    -0.050     0.102    -0.026     0.021    -0.012    -0.060     0.180    -0.079    -0.079
 2013       0.126    -0.077    -0.052     0.150    -0.079     0.034     0.091    -0.083     0.037    -0.015     0.037     0.056
 2014      -0.028     0.021     0.036    -0.099    -0.008     0.005    -0.018    -0.111     0.182    -0.063    -0.054     0.058
 2015      -0.034     0.039     0.042     0.084    -0.116     0.069    -0.039     0.098    -0.122     0.008     0.053    -0.101
 2016      -0.055     0.114    -0.097    -0.012     0.094    -0.074    -0.053     0.249    -0.173     0.014     0.122     0.058
 2017       0.045    -0.086     0.120    -0.199     0.163     0.019    -0.025     0.083    -0.090     0.069    -0.052    -0.110
 2018       0.186    -0.145    -0.039     0.104    -0.047    -0.045     0.043    -0.127     0.009     0.005    -0.059    -0.035
 2019       0.007     0.065    -0.040     0.009    -0.016    -0.051     0.076    -0.175     0.184    -0.026    -0.059     0.007
 2020      -0.008     0.049    -0.360    -0.588     0.588     0.215     0.043     0.169    -0.063     0.033     0.119     0.161
 2021      -0.157     0.070     0.487     0.663    -0.699    -0.010    -0.104     0.065    -0.033    -0.063     0.028    -0.033
 2022      -0.117     0.035     0.004    -0.090     0.079    -0.207    -0.128    -0.103     0.081    -0.093    -0.052    -0.121
 2023       0.151    -0.075    -0.029    -0.117     0.008     0.067     0.033     0.045    -0.067     0.104     0.005     0.015
 2024       0.058     0.069    -0.152     0.220    -0.097    -0.057     0.114




 AUTOCORRELATIONS
 ----------------
     -0.0198   0.1510   0.0694   0.2021   0.0682   0.1145  -0.0214  -0.0780   0.0392   0.0586  -0.1211  -0.3055
 SE   0.0671   0.0671   0.0687   0.0690   0.0716   0.0719   0.0727   0.0727   0.0731   0.0732   0.0734   0.0743
     -0.0052  -0.2424  -0.0330  -0.0821  -0.0739  -0.1094  -0.0087  -0.0321  -0.0531  -0.0370  -0.0553  -0.1892
 SE   0.0798   0.0798   0.0830   0.0831   0.0834   0.0837   0.0844   0.0844   0.0844   0.0846   0.0847   0.0848
      0.0714   0.0295  -0.0434  -0.0999   0.0245  -0.0532   0.0387  -0.1014  -0.0561  -0.0191   0.0583  -0.0231
 SE   0.0867   0.0870   0.0870   0.0871   0.0876   0.0876   0.0878   0.0879   0.0884   0.0886   0.0886   0.0887


 PARTIAL AUTOCORRELATIONS
 ---------------------
     -0.0198   0.1507   0.0767   0.1880   0.0637   0.0661  -0.0618  -0.1630  -0.0050   0.0606  -0.1067  -0.3260
 SE   0.0671   0.0671   0.0671   0.0671   0.0671   0.0671   0.0671   0.0671   0.0671   0.0671   0.0671   0.0671
     -0.0151  -0.1852   0.0003   0.0951   0.0551   0.0483  -0.0149  -0.0359  -0.0114  -0.0172  -0.1201  -0.3230
 SE   0.0671   0.0671   0.0671   0.0671   0.0671   0.0671   0.0671   0.0671   0.0671   0.0671   0.0671   0.0671
     -0.0255  -0.0507  -0.0007  -0.0688   0.0422  -0.0001   0.0384  -0.1142  -0.0635   0.0121  -0.1054  -0.2405
 SE   0.0671   0.0671   0.0671   0.0671   0.0671   0.0671   0.0671   0.0671   0.0671   0.0671   0.0671   0.0671
  
 ARIMA MODEL ESTIMATION 
  
 METHOD OF ESTIMATION: EXACT MAXIMUM LIKELIHOOD           
  
 PARAMETER      ESTIMATE           STD ERROR      T RATIO   LAG  
  
 PHI1          0.15971           0.66461E-01        2.40      1
 BTH         -0.71264           0.47230E-01      -15.09     12
  
 
 REGULAR AR INVERSE ROOTS ARE 
 NO.     REAL P.     IMAG.P.     MODULUS    ARGUMENT      PERIOD
  1     -0.15971       0.0000      0.15971       180.00           2.0 
 
 SEASONAL MA INVERSE ROOTS ARE 
 NO.     REAL P.     IMAG.P.     MODULUS    ARGUMENT      PERIOD
  1      0.71264       0.0000      0.71264       0.0000            -  
  
 CORRELATIONS OF THE ESTIMATES 
  
  1.000   -0.079
 -0.079    1.000
  
 AIC 
    -654.589
  
 BIC 
     -5.6563
  
 FINAL VALUE OF OBJECTIVE FUNCTION: 
               0.61699    
  
 RADETN:    1.01940596423838     
 ITERATIONS:            2
  
  NUMBER OF FUNCTION EVALUATIONS:            8
  

 ESTIMATES OF REGRESSION PARAMETERS 
 CONCENTRATED OUT OF THE LIKELIHOOD 

 PARAMETER           VALUE          ST. ERROR     T VALUE
 REG      1          0.36776E-01    (     0.00261)   14.07
 EAST     1         -0.37060E-01    (     0.01099)   -3.37
 OUT 1 ( 48)        -0.31744        (     0.04926)   -6.44   LS    (12 2008)
 OUT 2 ( 56)        -0.16912        (     0.03762)   -4.50   AO    ( 8 2009)
 OUT 3 ( 36)        -0.14344        (     0.03850)   -3.73   AO    (12 2007)
 OUT 4 (152)         0.13442        (     0.03747)    3.59   AO    ( 8 2017)
 OUT 5 ( 46)        -0.16725        (     0.04896)   -3.42   LS    (10 2008)
 OUT 6 (184)        -0.70097        (     0.03868)  -18.12   AO    ( 4 2020)
 OUT 7 (183)        -0.42250        (     0.04630)   -9.12   TC    ( 3 2020)

 VAR-CORRELATION MATRIX OF ESTIMATORS 

   0.683E-05
   0.219E+00   0.121E-03
  -0.187E-01  -0.411E-02   0.243E-02
   0.823E-01   0.180E-01  -0.154E-02   0.142E-02
   0.111E+00   0.243E-01   0.111E+00   0.915E-02   0.148E-02
  -0.794E-01  -0.175E-01   0.149E-02   0.770E-02  -0.882E-02   0.140E-02
  -0.237E-01  -0.520E-02   0.444E-03  -0.210E-01  -0.263E-02   0.330E-03   0.240E-02
  -0.180E+00  -0.189E+00   0.338E-02  -0.148E-01  -0.200E-01   0.144E-01   0.428E-02   0.150E-02
   0.249E-01   0.946E-01  -0.561E-03   0.191E-02   0.274E-02  -0.368E-02  -0.773E-03  -0.908E-01   0.214E-02


 VARIANCES ARE IN THE MAIN DIAGONAL; 
 OFF-DIAGONAL ELEMENTS ARE CORRELATIONS. 



ACF DIFFERENCED SERIES




 AUTOCORRELATIONS
 ----------------
     -0.0561   0.1441   0.0495   0.1641   0.0506   0.1190  -0.0123  -0.0680   0.0386   0.0582  -0.0564  -0.3793
 SE   0.0671   0.0673   0.0687   0.0689   0.0706   0.0708   0.0717   0.0717   0.0720   0.0721   0.0723   0.0725
      0.0281  -0.2150  -0.0050  -0.0918  -0.0304  -0.1341  -0.0091  -0.0018  -0.0595  -0.0589  -0.0702  -0.1089
 SE   0.0809   0.0810   0.0835   0.0835   0.0839   0.0840   0.0850   0.0850   0.0850   0.0851   0.0853   0.0856
      0.0365   0.0313  -0.0638  -0.0610  -0.0046  -0.0352   0.0349  -0.1095  -0.0363   0.0001   0.0174   0.0051
 SE   0.0862   0.0863   0.0863   0.0865   0.0867   0.0867   0.0868   0.0869   0.0875   0.0876   0.0876   0.0876
  
  
  NUMBER OF WHITE NOISE RESIDUALS          213
  
 WHITE NOISE RESIDUALS
  

 YEAR        JAN       FEB       MAR       APR       MAY       JUN       JUL       AUG       SEP       OCT       NOV       DEC 

 2006                                                                                                          -0.020     0.046
 2007      -0.010    -0.043     0.002    -0.034    -0.001    -0.008    -0.076    -0.040     0.017    -0.036    -0.001    -0.033
 2008       0.103    -0.054     0.028     0.007    -0.016     0.047    -0.030    -0.056    -0.003     0.011    -0.148    -0.046
 2009       0.034    -0.119    -0.093    -0.063    -0.033     0.097     0.055     0.038     0.007     0.026     0.041    -0.106
 2010       0.172     0.091     0.068     0.090     0.013    -0.018     0.016    -0.004     0.040     0.001     0.015    -0.045
 2011       0.068     0.055    -0.021    -0.021    -0.051    -0.052     0.015     0.008    -0.053    -0.112    -0.021     0.025
 2012      -0.091    -0.042     0.012    -0.022     0.027    -0.053    -0.009     0.028    -0.019    -0.045    -0.015    -0.025
 2013      -0.018    -0.025    -0.007    -0.016     0.015     0.032     0.022     0.013    -0.052    -0.016     0.066    -0.024
 2014       0.030    -0.026    -0.008    -0.037    -0.002    -0.010    -0.008    -0.068     0.060    -0.020    -0.011     0.032
 2015       0.033    -0.015     0.013     0.035    -0.022    -0.016    -0.008     0.013    -0.033     0.017    -0.021    -0.081
 2016       0.026     0.032    -0.020    -0.005    -0.011    -0.010     0.014     0.151    -0.137     0.041     0.079     0.050
 2017      -0.031     0.037    -0.001    -0.016     0.042     0.020    -0.012     0.052    -0.024     0.038     0.040    -0.003
 2018       0.048    -0.070     0.017    -0.049     0.050    -0.027    -0.010     0.082    -0.098    -0.056    -0.005    -0.078
 2019       0.067     0.022    -0.018    -0.032     0.021    -0.036    -0.007    -0.043     0.024    -0.012    -0.024    -0.126
 2020       0.103     0.039     0.015    -0.032    -0.079     0.002     0.038     0.114    -0.082     0.064     0.032     0.070
 2021       0.046     0.012     0.053     0.071     0.029     0.101     0.017     0.099    -0.030     0.039     0.023    -0.013
 2022      -0.089     0.066     0.038     0.071    -0.024    -0.105    -0.106    -0.083     0.038    -0.052    -0.051    -0.064
 2023      -0.030     0.016    -0.008    -0.034    -0.059    -0.013    -0.034    -0.005     0.001    -0.010     0.010     0.045
 2024      -0.054     0.072    -0.006    -0.025    -0.025    -0.029    -0.018
 
 
  STABILITY TEST
 
 
     1. FULL PERIOD
                  FIRST HALF                    SECOND HALF
           Mean(t)          Variance      Mean(t)          Variance
      -0.50E-02( -1.1    )  0.23E-02  0.34E-03( 0.66E-01)  0.28E-02
 
      Mean assumed equal to 0
      VR(variance ratio)=  1.2    
 
      MEAN STABILITY IS NOT REJECTED.
      VARIANCE STABILITY IS NOT REJECTED.


 
     2. LAST 10 YEARS
                  FIRST HALF                    SECOND HALF
           Mean(t)          Variance      Mean(t)          Variance
       0.15E-02( 0.24    )  0.23E-02 -0.43E-03(-0.62E-01)  0.30E-02
 
      Mean assumed equal to 0
      VR(variance ratio)=  1.3    
 
      LAST 10 YEARS MEAN STABILITY IS NOT REJECTED.
      LAST 10 YEARS VARIANCE STABILITY IS NOT REJECTED.


 
  OUT-OF-SAMPLE TEST
  ------------------
      Model re-estimated on Linearized series for first 217 observations.
       18 One-Period-Ahead Forecasts computed with model fixed.
      Comparison between forecast errors (last   18 observations) and residuals (in-sample):

        Mean(Forecast Errors)
            p-value= 0.4267
            Mean of forecast errors can be assumed zero.

        Out-of-Sample MSE is :  0.1131E-02
        In-Sample MSE is :  0.2810E-02
        F( 18,204) is :  0.403E+00
            p-value(%)=98.6320

        Mean and Variance of forecast Errors and In-Sample residuals ARE NOT significantly different.


 TEST-STATISTICS ON RESIDUALS
 ----------------------------


           MEAN=  -0.2329874E-02
        ST.DEV.=   0.3488282E-02
        OF MEAN
        T-VALUE= -0.6679

 NORMALITY TEST=   4.095        ( CHI-SQUARE(2) )

       SKEWNESS=  0.0799          ( SE =  0.1678 )
       KURTOSIS=  3.6602          ( SE =  0.3357 )

 SUM OF SQUARES=   0.5785223    

  DURBIN-WATSON=  1.8713

 STANDARD ERROR=   0.5304592E-01
 OF RESID.
  MSE OF RESID.=   0.2813869E-02




 AUTOCORRELATIONS
 ----------------
      0.0209   0.0793   0.1058   0.0945   0.1204   0.1536   0.0434  -0.0411   0.0685   0.0749  -0.1745   0.0531
 SE   0.0685   0.0685   0.0685   0.0685   0.0685   0.0685   0.0685   0.0685   0.0685   0.0685   0.0685   0.0685
 Q      0.09     1.46     3.90     5.86     9.05    14.27    14.69    15.07    16.12    17.39    24.29    24.93
 PV    -1.00    -1.00     0.05     0.05     0.03     0.01     0.01     0.02     0.02     0.03     0.00     0.01
     -0.0564  -0.1648  -0.0168  -0.0968  -0.0473  -0.0761  -0.0035  -0.0874  -0.0616  -0.0568  -0.2140  -0.0912
 SE   0.0685   0.0685   0.0685   0.0685   0.0685   0.0685   0.0685   0.0685   0.0685   0.0685   0.0685   0.0685
 Q     25.66    31.91    31.98    34.16    34.68    36.04    36.04    37.86    38.76    39.53    50.57    52.58
 PV     0.01     0.00     0.00     0.00     0.00     0.00     0.00     0.00     0.00     0.01     0.00     0.00
     -0.0005  -0.0583  -0.0132  -0.1481  -0.0413  -0.0315   0.0541  -0.0738  -0.0128   0.0158  -0.0073  -0.0014
 SE   0.0685   0.0685   0.0685   0.0685   0.0685   0.0685   0.0685   0.0685   0.0685   0.0685   0.0685   0.0685
 Q     52.58    53.41    53.46    58.89    59.31    59.56    60.29    61.67    61.71    61.78    61.79    61.79
 PV     0.00     0.00     0.00     0.00     0.00     0.00     0.00     0.00     0.00     0.00     0.00     0.00

  LJUNG-BOX Q VALUE OF ORDER  24 IS     52.58 AND IF RESIDUALS ARE RANDOM IT SHOULD BE DISTRIBUTED AS CHI-SQUARE(22)
  p-value= 0.0003
  THE PIERCE QS VALUE IS      0.64 AND IF RESIDUALS ARE RANDOM IT SHOULD BE DISTRIBUTED AS CHI-SQUARE(2)

 APPROXIMATE TEST OF RUNS ON RESIDUALS
 -------------------------------------
  NUM.DATA= 213
   NUM.(+)= 107
   NUM.(-)= 106
  NUM.RUNS= 111
   T-VALUE=  0.5495


  NON-PARAMETRIC TEST FOR RESIDUAL SEASONALITY (FRIEDMAN) SEAS_NP =     11.90
    ASYMP. DISTRIBUTED AS CHI-SQUARE(11)
    p-value= 0.3708



 SQUARED RESIDUALS:
 ------------------




 AUTOCORRELATIONS
 ----------------
      0.2835   0.0077   0.1121   0.0247  -0.0334  -0.0825   0.0175   0.0476   0.0052   0.0868   0.0570   0.0502
 SE   0.0685   0.0685   0.0685   0.0685   0.0685   0.0685   0.0685   0.0685   0.0685   0.0685   0.0685   0.0685
 Q     17.36    17.37    20.11    20.25    20.49    22.00    22.06    22.57    22.58    24.28    25.01    25.59
 PV    -1.00    -1.00     0.00     0.00     0.00     0.00     0.00     0.00     0.00     0.00     0.00     0.00
      0.0482   0.0569  -0.0444   0.0076   0.0152  -0.0570  -0.0683   0.0086  -0.0173  -0.0253   0.0640   0.1621
 SE   0.0685   0.0685   0.0685   0.0685   0.0685   0.0685   0.0685   0.0685   0.0685   0.0685   0.0685   0.0685
 Q     26.12    26.86    27.32    27.33    27.39    28.15    29.25    29.27    29.34    29.49    30.48    36.85
 PV     0.01     0.01     0.01     0.02     0.03     0.03     0.03     0.05     0.06     0.08     0.08     0.02
      0.0593  -0.0590  -0.0463  -0.0258  -0.0722   0.0106   0.0043  -0.0321  -0.0770  -0.0594   0.0045  -0.0661
 SE   0.0685   0.0685   0.0685   0.0685   0.0685   0.0685   0.0685   0.0685   0.0685   0.0685   0.0685   0.0685
 Q     37.71    38.56    39.09    39.25    40.55    40.58    40.58    40.84    42.35    43.26    43.26    44.39
 PV     0.03     0.03     0.04     0.05     0.05     0.06     0.07     0.09     0.08     0.09     0.11     0.11

  McLEOD-LI Q VALUE OF ORDER  24 IS     36.85 AND IF RESIDUALS ARE RANDOM IT SHOULD BE DISTRIBUTED AS CHI-SQUARE(24)
  p-value= 0.0453
 
 
 
SPECTRAL DIAGNOSTICS
 --------------------
 
A. SEASONAL SPECTRAL PEAKS
 
                           Frequency (cycles per year)
                     One    Two   Three  Four   Five    Six  
 Original series      aT     aT     AT     aT     AT     aT
 Linearized series    AT     AT     AT     AT     AT     aT
 Residuals            --     --     --     a-     a-     --
 
 AT : peaks detected in AR(30) and using Tukey spectrum  estimator
 A- : only peaks detected in AR(30) spectrum estimator
 -T : only peaks detected using Tukey spectrum estimator
 -- : No peaks detected in AR(30) nor using Tukey spectrum estimator
 
 
 
B. STOCHASTIC SEASONALITY: SPECTRAL EVIDENCE
 
 1 :  SERIES CONTAINS SEASONALITY THAT CAN BE RELIABLY EXTRACTED.
 0 :  SEASONALITY IS NOT PRESENT IN THE SERIES OR IS TOO WEAK TO BE RELIABLY CAPTURED.
 
 ORIGINAL SERIES :   1
 LINEARIZED SERIES : 1
 RESIDUALS :         0
 
 
 
C. TRADING DAY EFFECT: SPECTRAL EVIDENCE
 
 1 :  TRADING DAY EFFECT DETECTED
 0 :  NO TRADING DAY EFFECT DETECTED
 
 LINEARIZED SERIES : 0
 RESIDUALS :         0
 
 
OVERALL TEST FOR IDENTIFIABLE SEASONALITY 
----------------------------------------- 
 
  AUTOCORRELATION FUNCTION EVIDENCE : YES
  NON-PARAMETRIC EVIDENCE           : YES
  F-TEST                            :  - 
  SPECTRAL EVIDENCE                 : YES
 
IDENTIFIABLE SEASONALITY FOUND IN SERIES
 
 
OVERALL TEST FOR RESIDUALS SEASONALITY 
----------------------------------------- 
 
  AUTOCORRELATION FUNCTION EVIDENCE : NO 
  NON-PARAMETRIC EVIDENCE           : NO 
  F-TEST                            : NO 
  SPECTRAL EVIDENCE                 : NO 
 
NO IDENTIFIABLE SEASONALITY FOUND IN RESIDUALS
 
 
ARIMA MODEL : POOR FIT
----------------------
 
QUALITY ARIMA MODEL TESTS
----------------------------------------

  Mean in residuals                      :GOOD        
  Autocorrelation in residuals           :POOR        
  Normality of residuals                 :GOOD        
  Skewness of residuals                  :GOOD        
  Kurtosis of residuals                  :GOOD        
  Randomness of residual sign            :GOOD        
  Instability of residual mean           :GOOD        
  Instability of residual variance       :GOOD        
  Seasonality in residuals               :GOOD        
  Trading day in residuals               :GOOD        
  Out-of-sample forecast errors          :GOOD        
  Number of outliers                     :GOOD        
 


 LINEAR SERIES


 YEAR        JAN       FEB       MAR       APR       MAY       JUN       JUL       AUG       SEP       OCT       NOV       DEC 

 2005      42.233    46.180    49.956    45.835    47.701    43.947    48.628    16.282    48.846    49.848    48.026    38.370
 2006      42.170    49.837    53.378    51.263    60.244    58.698    61.411    23.820    63.940    66.252    62.104    52.700
 2007      56.977    62.110    67.443    61.035    68.083    64.001    63.404    22.252    64.453    63.561    60.703    48.233
 2008      59.209    61.600    69.267    64.177    70.196    69.876    69.947    23.756    68.204    69.771    56.877    45.200
 2009      53.688    51.631    52.500    46.135    49.743    53.047    56.689    20.571    58.945    61.427    57.593    41.447
 2010      58.148    64.916    73.671    72.787    79.844    77.888    82.539    29.081    86.753    88.343    82.036    60.855
 2011      80.685    90.078    95.401    87.596    91.550    86.498    92.515    32.899    90.375    83.232    76.098    59.900
 2012      68.471    72.177    79.240    71.795    80.094    73.731    77.613    28.297    78.830    75.004    68.182    51.458
 2013      61.993    65.118    70.443    63.943    70.988    70.127    75.101    27.123    72.835    70.837    69.298    51.400
 2014      64.810    67.030    72.453    64.122    70.600    67.561    71.031    23.818    71.282    67.542    62.625    49.200
 2015      62.208    64.514    71.002    66.659    71.242    67.892    71.225    25.396    69.813    69.168    62.838    44.628
 2016      57.509    62.087    65.968    60.418    65.113    62.053    66.440    27.220    65.309    68.108    67.390    52.600
 2017      63.524    70.251    75.340    68.032    77.255    75.018    78.330    30.473    79.336    82.338    80.254    60.382
 2018      78.683    78.101    86.704    74.974    87.438    81.154    85.253    34.662    82.624    80.043    76.296    53.429
 2019      72.770    77.095    82.208    71.743    82.346    75.364    79.365    29.154    77.609    75.973    70.838    46.400
 2020      67.481    72.364    79.206    68.204    71.425    68.183    74.432    31.409    74.091    79.528    76.758    58.632
 2021      80.941    86.165    98.482    92.491   104.014   108.390   115.475    49.790   120.420   127.830   123.540    88.656
 2022     109.446   125.620   141.911   136.324   146.095   128.563   125.059    46.902   123.080   119.112   109.249    74.800
 2023      96.176   106.282   116.598   103.360   107.608   101.245   101.798    39.949   101.684   101.439    96.978    72.544
 2024      88.507   104.772   114.417   101.350   106.923    98.569    99.521


  AUTOCORRELATION FUNCTION TEST FOR SEASONALITY IN LINEARIZEDSERIES QS =   424.87  ASIMPTOTICALLY DISTRIBUTED AS CHI-SQUARE(2)
    p-value= 0.0000


  NON-PARAMETRIC TEST FOR SEASONALITY IN LINEARIZED SERIES (FRIEDMAN) SEAS_NP =    197.37
    ASYMP. DISTRIBUTED AS CHI-SQUARE(11)
    p-value= 0.0000


TOTAL OUTLIER EFFECT FACTORS


 YEAR        JAN       FEB       MAR       APR       MAY       JUN       JUL       AUG       SEP       OCT       NOV       DEC 

 2005     162.368   162.368   162.368   162.368   162.368   162.368   162.368   162.368   162.368   162.368   162.368   162.368
 2006     162.368   162.368   162.368   162.368   162.368   162.368   162.368   162.368   162.368   162.368   162.368   162.368
 2007     162.368   162.368   162.368   162.368   162.368   162.368   162.368   162.368   162.368   162.368   162.368   140.672
 2008     162.368   162.368   162.368   162.368   162.368   162.368   162.368   162.368   162.368   137.361   137.361   100.000
 2009     100.000   100.000   100.000   100.000   100.000   100.000   100.000    84.441   100.000   100.000   100.000   100.000
 2010     100.000   100.000   100.000   100.000   100.000   100.000   100.000   100.000   100.000   100.000   100.000   100.000
 2011     100.000   100.000   100.000   100.000   100.000   100.000   100.000   100.000   100.000   100.000   100.000   100.000
 2012     100.000   100.000   100.000   100.000   100.000   100.000   100.000   100.000   100.000   100.000   100.000   100.000
 2013     100.000   100.000   100.000   100.000   100.000   100.000   100.000   100.000   100.000   100.000   100.000   100.000
 2014     100.000   100.000   100.000   100.000   100.000   100.000   100.000   100.000   100.000   100.000   100.000   100.000
 2015     100.000   100.000   100.000   100.000   100.000   100.000   100.000   100.000   100.000   100.000   100.000   100.000
 2016     100.000   100.000   100.000   100.000   100.000   100.000   100.000   100.000   100.000   100.000   100.000   100.000
 2017     100.000   100.000   100.000   100.000   100.000   100.000   100.000   114.388   100.000   100.000   100.000   100.000
 2018     100.000   100.000   100.000   100.000   100.000   100.000   100.000   100.000   100.000   100.000   100.000   100.000
 2019     100.000   100.000   100.000   100.000   100.000   100.000   100.000   100.000   100.000   100.000   100.000   100.000
 2020     100.000   100.000    65.541    36.909    81.300    86.509    90.353    93.145    95.151    96.580    97.594    98.310
 2021      98.814    99.168    99.417    99.591    99.714    99.800    99.860    99.902    99.931    99.952    99.966    99.976
 2022      99.983    99.988    99.992    99.994    99.996    99.997    99.998    99.999    99.999    99.999   100.000   100.000
 2023     100.000   100.000   100.000   100.000   100.000   100.000   100.000   100.000   100.000   100.000   100.000   100.000
 2024     100.000   100.000   100.000   100.000   100.000   100.000   100.000


TOTAL TRADING DAY - EASTER - LEAP YEAR EFFECT FACTORS


 YEAR        JAN       FEB       MAR       APR       MAY       JUN       JUL       AUG       SEP       OCT       NOV       DEC 

 2005     100.000   100.000    98.164   101.870   100.000   100.000   100.000   100.000   100.000   100.000   100.000   100.000
 2006     100.000   100.000   101.870    98.164   100.000   100.000   100.000   100.000   100.000   100.000   100.000   100.000
 2007     100.000   100.000   101.870    98.164   100.000   100.000   100.000   100.000   100.000   100.000   100.000   100.000
 2008     100.000   100.000    98.164   101.870   100.000   100.000   100.000   100.000   100.000   100.000   100.000   100.000
 2009     100.000   100.000   101.870    98.164   100.000   100.000   100.000   100.000   100.000   100.000   100.000   100.000
 2010     100.000   100.000   100.000   100.000   100.000   100.000   100.000   100.000   100.000   100.000   100.000   100.000
 2011     100.000   100.000   101.870    98.164   100.000   100.000   100.000   100.000   100.000   100.000   100.000   100.000
 2012     100.000   100.000   101.870    98.164   100.000   100.000   100.000   100.000   100.000   100.000   100.000   100.000
 2013     100.000   100.000    98.164   101.870   100.000   100.000   100.000   100.000   100.000   100.000   100.000   100.000
 2014     100.000   100.000   101.870    98.164   100.000   100.000   100.000   100.000   100.000   100.000   100.000   100.000
 2015     100.000   100.000   100.620    99.384   100.000   100.000   100.000   100.000   100.000   100.000   100.000   100.000
 2016     100.000   100.000    98.164   101.870   100.000   100.000   100.000   100.000   100.000   100.000   100.000   100.000
 2017     100.000   100.000   101.870    98.164   100.000   100.000   100.000   100.000   100.000   100.000   100.000   100.000
 2018     100.000   100.000    98.164   101.870   100.000   100.000   100.000   100.000   100.000   100.000   100.000   100.000
 2019     100.000   100.000   101.870    98.164   100.000   100.000   100.000   100.000   100.000   100.000   100.000   100.000
 2020     100.000   100.000   101.870    98.164   100.000   100.000   100.000   100.000   100.000   100.000   100.000   100.000
 2021     100.000   100.000   100.000   100.000   100.000   100.000   100.000   100.000   100.000   100.000   100.000   100.000
 2022     100.000   100.000   101.870    98.164   100.000   100.000   100.000   100.000   100.000   100.000   100.000   100.000
 2023     100.000   100.000   101.870    98.164   100.000   100.000   100.000   100.000   100.000   100.000   100.000   100.000
 2024     100.000   100.000    98.164   101.870   100.000   100.000   100.000


TOTAL REGRESSION EFFECT FACTORS


 YEAR        JAN       FEB       MAR       APR       MAY       JUN       JUL       AUG       SEP       OCT       NOV       DEC 

 2005      97.416    99.358   100.221   100.247   102.130   101.042    95.877   102.130   102.130    95.877   101.054   100.000
 2006     101.065    99.358   103.975    93.138   102.130   101.042    95.877   102.130    98.442    99.468   101.054    92.909
 2007     104.851    99.358   100.221    96.627   102.130   101.042    99.468   102.130    94.887   103.194   101.054    96.389
 2008     104.851   103.081    93.114   104.002    98.442    97.394   103.194    94.887   102.130   103.194    97.405   100.000
 2009      97.416    99.358   100.221   104.002    94.887   101.042   103.194    98.442   102.130    99.468   101.054   103.746
 2010      93.898    99.358   103.975   104.002    98.442   101.042    99.468   102.130   102.130    95.877   101.054   107.632
 2011      97.416    99.358   100.221   100.247   102.130   101.042    95.877   102.130   102.130    95.877   101.054   100.000
 2012     101.065   103.081   100.221    96.627   102.130   101.042    99.468   102.130    94.887   103.194   101.054    96.389
 2013     104.851    99.358    96.602   100.247   102.130    97.394   103.194    98.442    98.442   103.194    97.405   100.000
 2014     101.065    99.358    96.602   100.247    98.442    97.394   103.194    94.887   102.130   103.194    97.405   100.000
 2015      97.416    99.358   100.221   104.002    94.887   101.042   103.194    98.442   102.130    99.468   101.054   103.746
 2016      93.898   103.081   100.221   100.247   102.130   101.042    95.877   102.130   102.130    95.877   101.054   100.000
 2017     101.065    99.358   103.975    93.138   102.130   101.042    95.877   102.130    98.442    99.468   101.054    92.909
 2018     104.851    99.358   100.221    96.627   102.130   101.042    99.468   102.130    94.887   103.194   101.054    96.389
 2019     104.851    99.358    96.602   100.247   102.130    97.394   103.194    98.442    98.442   103.194    97.405   100.000
 2020     101.065    99.358   100.221   104.002    94.887   101.042   103.194    98.442   102.130    99.468   101.054   103.746
 2021      93.898    99.358   103.975   104.002    98.442   101.042    99.468   102.130   102.130    95.877   101.054   107.632
 2022      97.416    99.358   103.975    96.627   102.130   101.042    95.877   102.130   102.130    95.877   101.054   100.000
 2023     101.065    99.358   103.975    93.138   102.130   101.042    95.877   102.130    98.442    99.468   101.054    92.909
 2024     104.851   103.081    96.602   100.247   102.130    97.394   103.194
 
 
 
 FORECAST FUNCTION OF ORIGINAL SERIES: 
  
ORIGIN: 235 PERIODS AHEAD: 24
  
 OBS    DATE         FORECAST          STD ERROR        FORECAST          STD ERROR   
                        (SERIES IN LOGS)                     (SERIES IN LEVELS)       
 236  Aug-2024       3.65494          0.525706E-01       38.6652           2.03406    
 237  Sep-2024       4.58552          0.685098E-01       98.0542           6.72557    
 238  Oct-2024       4.63901          0.820615E-01       103.442           8.50289    
 239  Nov-2024       4.52778          0.937829E-01       92.5527           8.69898    
 240  Dec-2024       4.23002          0.103985           68.7185           7.16506    
 241  Jan-2025       4.48765          0.113378           88.9121           10.1132    
 242  Feb-2025       4.58069          0.122061           97.5816           11.9554    
 243  Mar-2025       4.66811          0.130365           106.497           13.9426    
 244  Apr-2025       4.56390          0.137818           95.9571           13.2877    
 245  May-2025       4.63560          0.144990           103.090           15.0259    
 246  Jun-2025       4.56014          0.151852           95.5972           14.6007    
 247  Jul-2025       4.64047          0.158363           103.593           16.5087    
 248  Aug-2025       3.62477          0.169610           37.5160           6.40911    
 249  Sep-2025       4.62923          0.179019           102.435           18.4857    
 250  Oct-2025       4.64589          0.188226           104.156           19.7797    
 251  Nov-2025       4.53466          0.197079           93.1923           18.5461    
 252  Dec-2025       4.23690          0.205409           69.1932           14.3642    
 253  Jan-2026       4.45776          0.213542           86.2938           18.6394    
 254  Feb-2026       4.58757          0.221272           98.2557           22.0101    
 255  Mar-2026       4.69942          0.228780           109.884           25.4718    
 256  Apr-2026       4.61992          0.236027           101.486           24.2909    
 257  May-2026       4.60571          0.243187           100.054           24.6960    
 258  Jun-2026       4.60380          0.249924           99.8636           25.3532    
 259  Jul-2026       4.64735          0.256585           104.309           27.2106    
