
                                        PROGRAM TRAMO+

             (based on program TRAMO, Victor Gomez and Agustin Maravall©,1996)

         Developed at the Bank of Spain by Gianluca Caporello and Agustin Maravall,
         with programming support from Domingo Pérez Cañete and Roberto López Pavón.

                 VERSION: 1.0 (Revision: 942  Build: 2017/09/25 09:39:13)


 SERIES TITLE=FATEXP_17                                                                       

 INPUT PARAMETERS
   lam= 0   imean= 0   seats= 2   int2=235   rsa= 0   modelsumm= 1   va=   3.762
 

 NUMBER OF OBSERVATIONS: 235


 ORIGINAL SERIES 

 YEAR        JAN       FEB       MAR       APR       MAY       JUN       JUL       AUG       SEP       OCT       NOV       DEC 

 2005      29.400    29.000    28.000    30.400    30.400    32.000    31.000    35.600    29.400    30.400    29.900    30.700
 2006      29.200    28.700    28.800    31.400    30.300    30.300    30.000    36.000    29.600    30.000    30.200    30.300
 2007      31.500    31.300    32.400    32.300    30.600    31.600    31.700    35.800    31.500    31.700    31.800    31.900
 2008      30.900    30.800    31.700    32.200    31.300    31.500    32.400    35.700    31.100    31.100    32.000    32.900
 2009      30.900    30.200    31.700    31.200    31.000    31.700    31.600    36.100    30.900    30.800    31.600    30.700
 2010      30.400    31.300    31.900    32.200    31.900    32.800    33.900    36.400    31.800    31.600    31.200    31.500
 2011      30.200    30.400    30.600    30.700    30.900    31.600    30.700    33.300    30.600    31.500    31.100    31.000
 2012      29.800    29.700    31.000    32.000    31.700    32.100    32.000    33.600    30.900    32.500    31.800    31.000
 2013      31.000    31.400    33.100    33.100    31.300    33.100    32.100    33.600    31.700    31.900    31.800    31.900
 2014      31.800    31.700    33.700    33.600    33.600    33.000    32.300    35.100    32.100    33.400    32.800    33.500
 2015      33.200    34.600    34.700    34.900    34.700    35.400    32.900    35.900    33.600    33.800    34.300    36.300
 2016      33.500    33.700    34.400    35.700    33.900    34.500    33.200    35.300    33.400    34.200    33.600    34.100
 2017      33.600    33.900    33.800    34.400    33.200    33.700    32.200    34.500    31.700    33.200    33.500    32.400
 2018      32.200    32.500    32.800    34.400    33.300    33.700    32.900    34.300    32.200    32.400    32.200    33.100
 2019      31.600    32.800    33.800    34.300    33.600    33.700    32.200    34.000    31.200    32.800    32.000    33.200
 2020      31.600    31.800    34.200    34.800    32.800    32.000    30.400    30.700    29.600    30.900    31.100    32.400
 2021      30.600    30.300    31.400    32.100    31.100    30.900    29.900    31.500    30.000    30.500    30.400    30.400
 2022      30.400    30.700    30.300    31.900    32.000    32.700    31.400    34.900    30.500    32.200    31.400    30.600
 2023      29.800    30.000    30.700    32.800    31.100    31.200    30.700    31.900    29.800    30.800    31.500    30.100
 2024      31.300    31.900    32.400    33.000    31.800    32.300    30.900


 MODEL PARAMETERS            
 ----------------
  MQ= 12         IMEAN=  0      LAM=  0      D=  1       BD=  1
  P=  0          BP=  0         Q=  1        BQ=  1      IREG=  0
  ITRAD=  0      SMPDAY=  0     IEAST=  0      IDUR=  6     M= 36       IQM= 24
  INCON=  0      NBACK=  0      NPRED= 24    INTERP=  2  INIT=  0
  IFILT=  2      IROOT=  2    INIC=  0    ICONCE=  0
  ICDET=  1      IATIP=  0      IMVX=  0     IDIF=  0    PG=  0
  AIO=  2        INT1=  1       INT2= 235    RSA=  0     SEATS=  2
  VA= 3.76       TOL=  0.100E-03             PC=  0.120E+00
  NOADMISS= 1    STOCHTD 0    BIAS= 1
  THLIM=  0.000  BTHLIM=  0.000   RMOD=  0.500



TH =        -0.10

BTH =        -0.10

NUMBER OF INITIAL OBS. =  13

Log-Level pretest : LOGS are Selected
 DIFFERENCED TRANSFORMED SERIES
    X  10.0D-1


 YEAR        JAN       FEB       MAR       APR       MAY       JUN       JUL       AUG       SEP       OCT       NOV       DEC 

 2006                -0.036     0.386     0.042    -0.357    -0.513     0.218     0.440    -0.044    -0.200     0.232    -0.231
 2007       0.889     0.109     0.311    -0.895    -0.184     0.322     0.131    -0.607     0.678    -0.071    -0.035    -0.002
 2008      -0.707     0.031    -0.057     0.187     0.257    -0.258     0.250    -0.246    -0.100    -0.063     0.254     0.246
 2009      -0.309    -0.197     0.197    -0.315     0.219     0.160    -0.313     0.361    -0.176    -0.032    -0.029    -0.566
 2010       0.529     0.521    -0.295     0.253    -0.029     0.055     0.361    -0.620     0.204    -0.031    -0.384     0.385
 2011      -0.323    -0.226    -0.124    -0.061     0.159    -0.054    -0.619     0.101     0.505     0.353    -0.000    -0.128
 2012       0.027    -0.100     0.363     0.285    -0.159    -0.099     0.258    -0.325     0.008     0.215    -0.090    -0.223
 2013       0.395     0.162     0.099    -0.317    -0.465     0.434    -0.276    -0.031     0.256    -0.442     0.186     0.286
 2014      -0.031    -0.160     0.085    -0.030     0.559    -0.739     0.092     0.375    -0.311     0.334    -0.150     0.180
 2015      -0.059     0.445    -0.583     0.087    -0.057     0.380    -0.518     0.041     0.231    -0.338     0.328     0.356
 2016      -0.713    -0.354     0.177     0.313    -0.460    -0.024     0.348    -0.259     0.109     0.177    -0.324    -0.419
 2017       0.655     0.029    -0.235    -0.195     0.162    -0.026    -0.071     0.077    -0.293     0.226     0.267    -0.482
 2018       0.086     0.004     0.121     0.300     0.030    -0.030     0.215    -0.273     0.215    -0.400    -0.152     0.610
 2019      -0.402     0.280     0.208    -0.329     0.119    -0.090    -0.215     0.127    -0.228     0.438    -0.185     0.092
 2020      -0.030    -0.310     0.427     0.027    -0.386    -0.277    -0.058    -0.446     0.495    -0.070     0.311     0.041
 2021      -0.078    -0.162    -0.371     0.047     0.275     0.182     0.184     0.423    -0.123    -0.265    -0.097    -0.410
 2022       0.572     0.197    -0.488     0.294     0.348     0.281    -0.077     0.535    -0.860     0.377    -0.219    -0.258
 2023      -0.265    -0.031     0.362     0.147    -0.564    -0.184     0.244    -0.673     0.667    -0.212     0.476    -0.197
 2024       0.656     0.123    -0.075    -0.478     0.162     0.124    -0.282




 AUTOCORRELATIONS
 ----------------
     -0.3042  -0.1084   0.0307  -0.0890   0.0292   0.0457  -0.1169   0.0634  -0.0595   0.1164   0.1413  -0.3904
 SE   0.0671   0.0731   0.0738   0.0738   0.0743   0.0744   0.0745   0.0753   0.0756   0.0758   0.0766   0.0777
      0.1399   0.0267  -0.0469   0.0589  -0.1013  -0.0056   0.0658   0.0115   0.0664  -0.0518   0.0445  -0.0521
 SE   0.0861   0.0871   0.0872   0.0873   0.0875   0.0880   0.0880   0.0882   0.0882   0.0884   0.0886   0.0887
     -0.0756   0.0086  -0.0211   0.0169   0.1109  -0.0812   0.0467   0.0267  -0.0305   0.0015  -0.0678   0.0445
 SE   0.0888   0.0891   0.0891   0.0891   0.0892   0.0898   0.0901   0.0902   0.0902   0.0903   0.0903   0.0905


 PARTIAL AUTOCORRELATIONS
 ---------------------
     -0.3042  -0.2214  -0.0891  -0.1537  -0.0727  -0.0071  -0.1309  -0.0327  -0.1087   0.0721   0.2067  -0.2879
 SE   0.0671   0.0671   0.0671   0.0671   0.0671   0.0671   0.0671   0.0671   0.0671   0.0671   0.0671   0.0671
     -0.0469  -0.0494  -0.0434  -0.0456  -0.1442  -0.0601  -0.0871  -0.0006   0.0094   0.0301   0.1956  -0.1646
 SE   0.0671   0.0671   0.0671   0.0671   0.0671   0.0671   0.0671   0.0671   0.0671   0.0671   0.0671   0.0671
     -0.1053  -0.1024  -0.1208  -0.0262  -0.0263  -0.0728  -0.0318   0.0350   0.0281  -0.0103   0.0486  -0.0371
 SE   0.0671   0.0671   0.0671   0.0671   0.0671   0.0671   0.0671   0.0671   0.0671   0.0671   0.0671   0.0671
  
 ARIMA MODEL ESTIMATION 
  
 METHOD OF ESTIMATION: EXACT MAXIMUM LIKELIHOOD           
  
 PARAMETER      ESTIMATE           STD ERROR      T RATIO   LAG  
  
 TH1         -0.48100           0.60133E-01       -8.00      1
 BTH         -0.62781           0.53387E-01      -11.76     12
  
 
 REGULAR MA INVERSE ROOTS ARE 
 NO.     REAL P.     IMAG.P.     MODULUS    ARGUMENT      PERIOD
  1      0.48100       0.0000      0.48100       0.0000            -  
 
 SEASONAL MA INVERSE ROOTS ARE 
 NO.     REAL P.     IMAG.P.     MODULUS    ARGUMENT      PERIOD
  1      0.62781       0.0000      0.62781       0.0000            -  
  
 CORRELATIONS OF THE ESTIMATES 
  
  1.000   -0.206
 -0.206    1.000
  
 AIC 
    -985.723
  
 BIC 
     -7.2757
  
 FINAL VALUE OF OBJECTIVE FUNCTION: 
               0.15056    
  
 RADETN:    1.01423699456474     
 ITERATIONS:            2
  
  NUMBER OF FUNCTION EVALUATIONS:            8
  


ACF DIFFERENCED SERIES




 AUTOCORRELATIONS
 ----------------
     -0.3042  -0.1084   0.0307  -0.0890   0.0292   0.0457  -0.1169   0.0634  -0.0595   0.1164   0.1413  -0.3904
 SE   0.0671   0.0731   0.0738   0.0738   0.0743   0.0744   0.0745   0.0753   0.0756   0.0758   0.0766   0.0777
      0.1399   0.0267  -0.0469   0.0589  -0.1013  -0.0056   0.0658   0.0115   0.0664  -0.0518   0.0445  -0.0521
 SE   0.0861   0.0871   0.0872   0.0873   0.0875   0.0880   0.0880   0.0882   0.0882   0.0884   0.0886   0.0887
     -0.0756   0.0086  -0.0211   0.0169   0.1109  -0.0812   0.0467   0.0267  -0.0305   0.0015  -0.0678   0.0445
 SE   0.0888   0.0891   0.0891   0.0891   0.0892   0.0898   0.0901   0.0902   0.0902   0.0903   0.0903   0.0905
  
  
 RESIDUALS
  
  
  NUMBER OF WHITE NOISE RESIDUALS          222
  
  WHITE NOISE RESIDUALS
  
  
  
  
  NUMBER OF WHITE NOISE RESIDUALS          222
  WHITE NOISE RESIDUALS
  
    X  10.0D-1


 YEAR        JAN       FEB       MAR       APR       MAY       JUN       JUL       AUG       SEP       OCT       NOV       DEC 

 2006                -0.027     0.308     0.180    -0.216    -0.538    -0.074     0.337     0.125    -0.110     0.144    -0.126
 2007       0.690     0.384     0.638    -0.525    -0.579    -0.193     0.125    -0.328     0.467     0.072     0.100    -0.052
 2008      -0.333    -0.073     0.177    -0.217    -0.043    -0.223     0.265    -0.341     0.103    -0.102     0.238     0.297
 2009      -0.341    -0.307     0.177    -0.412     0.057     0.062    -0.054     0.047     0.011    -0.119     0.090    -0.407
 2010       0.034     0.445     0.122     0.001     0.130     0.139     0.375    -0.392     0.008    -0.104    -0.341    -0.061
 2011      -0.210    -0.058    -0.210    -0.198     0.144     0.063    -0.395    -0.447     0.413     0.484     0.050    -0.039
 2012      -0.105    -0.123     0.190     0.315     0.143    -0.034    -0.025    -0.498     0.162     0.471     0.022    -0.251
 2013       0.220     0.222     0.362    -0.003    -0.472     0.142    -0.213    -0.438     0.297    -0.052     0.033     0.138
 2014       0.249     0.033     0.260    -0.016     0.256    -0.384    -0.269     0.034     0.024     0.223    -0.006     0.253
 2015       0.178     0.476    -0.201    -0.098     0.061     0.091    -0.527    -0.109     0.183    -0.117     0.201     0.613
 2016      -0.383    -0.293    -0.234     0.200    -0.296    -0.128    -0.072    -0.203     0.159     0.125    -0.102    -0.144
 2017       0.160     0.038    -0.275    -0.131    -0.147    -0.088    -0.120    -0.087    -0.174     0.173     0.248    -0.422
 2018       0.027    -0.008    -0.066     0.269     0.107     0.011     0.172    -0.209     0.031    -0.224    -0.156     0.195
 2019      -0.164     0.188     0.260    -0.016     0.097    -0.069    -0.144    -0.125    -0.205     0.189    -0.124     0.202
 2020      -0.095    -0.187     0.443     0.152    -0.247    -0.468    -0.352    -0.650     0.091     0.154     0.250     0.326
 2021      -0.041    -0.271    -0.166    -0.072     0.040    -0.017     0.096     0.167     0.211    -0.094    -0.032    -0.296
 2022       0.305     0.186    -0.421     0.097     0.441     0.470     0.215     0.715    -0.434     0.046    -0.188    -0.525
 2023      -0.237    -0.120    -0.017     0.327    -0.159    -0.099     0.190    -0.198     0.083    -0.013     0.338    -0.306
 2024       0.518     0.368     0.128    -0.206    -0.136     0.045    -0.111
 
 
  STABILITY TEST
 
 
     1. FULL PERIOD
                  FIRST HALF                    SECOND HALF
           Mean(t)          Variance      Mean(t)          Variance
       0.83E-03( 0.33    )  0.72E-03 -0.13E-02(-0.54    )  0.60E-03
 
      Mean assumed equal to 0
      VR(variance ratio)= 0.84    
 
      MEAN STABILITY IS NOT REJECTED.
      VARIANCE STABILITY IS NOT REJECTED.


 
     2. LAST 10 YEARS
                  FIRST HALF                    SECOND HALF
           Mean(t)          Variance      Mean(t)          Variance
      -0.80E-03(-0.29    )  0.44E-03  0.64E-04( 0.18E-01)  0.74E-03
 
      Mean assumed equal to 0
      VR(variance ratio)=  1.7    
 
      LAST 10 YEARS MEAN STABILITY IS NOT REJECTED.
      LAST 10 YEARS VARIANCE STABILITY IS NOT REJECTED.


 
  OUT-OF-SAMPLE TEST
  ------------------
      Model re-estimated on Linearized series for first 217 observations.
       18 One-Period-Ahead Forecasts computed with model fixed.
      Comparison between forecast errors (last   18 observations) and residuals (in-sample):

        Mean(Forecast Errors)
            p-value= 0.5752
            Mean of forecast errors can be assumed zero.

        Out-of-Sample MSE is :  0.5313E-03
        In-Sample MSE is :  0.6724E-03
        F( 18,204) is :  0.790E+00
            p-value(%)=71.0659

        Mean and Variance of forecast Errors and In-Sample residuals ARE NOT significantly different.


 TEST-STATISTICS ON RESIDUALS
 ----------------------------


           MEAN=  -0.2221450E-03
        ST.DEV.=   0.1723226E-02
        OF MEAN
        T-VALUE= -0.1289

 NORMALITY TEST=  0.3235        ( CHI-SQUARE(2) )

       SKEWNESS=  0.0773          ( SE =  0.1644 )
       KURTOSIS=  2.8949          ( SE =  0.3288 )

 SUM OF SQUARES=   0.1463603    

  DURBIN-WATSON=  1.8482

 STANDARD ERROR=   0.2579290E-01
 OF RESID.
  MSE OF RESID.=   0.6652739E-03




 AUTOCORRELATIONS
 ----------------
      0.0754  -0.0837  -0.0817  -0.1139  -0.1131  -0.0100  -0.1046   0.0188   0.0040   0.0808   0.0873   0.0524
 SE   0.0671   0.0671   0.0671   0.0671   0.0671   0.0671   0.0671   0.0671   0.0671   0.0671   0.0671   0.0671
 Q      1.28     2.86     4.38     7.34    10.27    10.29    12.82    12.91    12.91    14.44    16.24    16.88
 PV    -1.00    -1.00     0.04     0.03     0.02     0.04     0.03     0.04     0.07     0.07     0.06     0.08
     -0.0245  -0.0630  -0.0914  -0.0320  -0.0991  -0.0018   0.0696   0.1158   0.0460   0.0003   0.0150  -0.0534
 SE   0.0671   0.0671   0.0671   0.0671   0.0671   0.0671   0.0671   0.0671   0.0671   0.0671   0.0671   0.0671
 Q     17.03    17.98    19.98    20.23    22.61    22.61    23.80    27.10    27.63    27.63    27.68    28.40
 PV     0.11     0.12     0.10     0.12     0.09     0.12     0.12     0.08     0.09     0.12     0.15     0.16
     -0.1292  -0.0391  -0.0476   0.0604   0.0604   0.0082   0.0673   0.0587  -0.0908  -0.0373  -0.0203   0.0128
 SE   0.0671   0.0671   0.0671   0.0671   0.0671   0.0671   0.0671   0.0671   0.0671   0.0671   0.0671   0.0671
 Q     32.61    33.00    33.58    34.51    35.45    35.47    36.65    37.55    39.72    40.09    40.20    40.24
 PV     0.09     0.10     0.12     0.12     0.13     0.16     0.16     0.16     0.14     0.15     0.18     0.21

  LJUNG-BOX Q VALUE OF ORDER  24 IS     28.40 AND IF RESIDUALS ARE RANDOM IT SHOULD BE DISTRIBUTED AS CHI-SQUARE(22)
  p-value= 0.1628
  THE PIERCE QS VALUE IS      0.65 AND IF RESIDUALS ARE RANDOM IT SHOULD BE DISTRIBUTED AS CHI-SQUARE(2)

 APPROXIMATE TEST OF RUNS ON RESIDUALS
 -------------------------------------
  NUM.DATA= 222
   NUM.(+)= 111
   NUM.(-)= 111
  NUM.RUNS= 109
   T-VALUE= -0.4036


  NON-PARAMETRIC TEST FOR RESIDUAL SEASONALITY (FRIEDMAN) SEAS_NP =     13.85
    ASYMP. DISTRIBUTED AS CHI-SQUARE(11)
    p-value= 0.2416



 SQUARED RESIDUALS:
 ------------------




 AUTOCORRELATIONS
 ----------------
      0.1582   0.1876   0.0637   0.0572   0.0794  -0.0770   0.0074  -0.0213  -0.0503  -0.0313  -0.0517  -0.0256
 SE   0.0671   0.0671   0.0671   0.0671   0.0671   0.0671   0.0671   0.0671   0.0671   0.0671   0.0671   0.0671
 Q      5.63    13.59    14.51    15.25    16.70    18.06    18.08    18.18    18.77    19.00    19.63    19.79
 PV    -1.00    -1.00     0.00     0.00     0.00     0.00     0.00     0.01     0.01     0.01     0.02     0.03
     -0.0454  -0.1103  -0.0332  -0.0837   0.0399  -0.0047   0.0688   0.0049   0.0339   0.0413   0.0325   0.1233
 SE   0.0671   0.0671   0.0671   0.0671   0.0671   0.0671   0.0671   0.0671   0.0671   0.0671   0.0671   0.0671
 Q     20.28    23.18    23.45    25.14    25.52    25.53    26.69    26.70    26.98    27.40    27.67    31.49
 PV     0.04     0.03     0.04     0.03     0.04     0.06     0.06     0.08     0.11     0.12     0.15     0.09
     -0.0109  -0.0218  -0.0347   0.0170  -0.0143  -0.0068  -0.0522   0.0178   0.0539   0.0212  -0.0023  -0.0849
 SE   0.0671   0.0671   0.0671   0.0671   0.0671   0.0671   0.0671   0.0671   0.0671   0.0671   0.0671   0.0671
 Q     31.52    31.64    31.95    32.02    32.07    32.08    32.79    32.88    33.64    33.76    33.76    35.69
 PV     0.11     0.14     0.16     0.19     0.23     0.27     0.29     0.33     0.34     0.38     0.43     0.39

  McLEOD-LI Q VALUE OF ORDER  24 IS     31.49 AND IF RESIDUALS ARE RANDOM IT SHOULD BE DISTRIBUTED AS CHI-SQUARE(24)
  p-value= 0.1402
 
 
 
SPECTRAL DIAGNOSTICS
 --------------------
 
A. SEASONAL SPECTRAL PEAKS
 
                           Frequency (cycles per year)
                     One    Two   Three  Four   Five    Six  
 Original series      -T     at     AT     -T     aT     aT
 Linearized series    -T     at     AT     -T     aT     aT
 Residuals            --     --     --     --     --     --
 
 AT : peaks detected in AR(30) and using Tukey spectrum  estimator
 A- : only peaks detected in AR(30) spectrum estimator
 -T : only peaks detected using Tukey spectrum estimator
 -- : No peaks detected in AR(30) nor using Tukey spectrum estimator
 
 
 
B. STOCHASTIC SEASONALITY: SPECTRAL EVIDENCE
 
 1 :  SERIES CONTAINS SEASONALITY THAT CAN BE RELIABLY EXTRACTED.
 0 :  SEASONALITY IS NOT PRESENT IN THE SERIES OR IS TOO WEAK TO BE RELIABLY CAPTURED.
 
 ORIGINAL SERIES :   1
 LINEARIZED SERIES : 1
 RESIDUALS :         0
 
 
 
C. TRADING DAY EFFECT: SPECTRAL EVIDENCE
 
 1 :  TRADING DAY EFFECT DETECTED
 0 :  NO TRADING DAY EFFECT DETECTED
 
 LINEARIZED SERIES : 0
 RESIDUALS :         0
 
 
OVERALL TEST FOR IDENTIFIABLE SEASONALITY 
----------------------------------------- 
 
  AUTOCORRELATION FUNCTION EVIDENCE : YES
  NON-PARAMETRIC EVIDENCE           : YES
  F-TEST                            :  - 
  SPECTRAL EVIDENCE                 : YES
 
IDENTIFIABLE SEASONALITY FOUND IN SERIES
 
 
OVERALL TEST FOR RESIDUALS SEASONALITY 
----------------------------------------- 
 
  AUTOCORRELATION FUNCTION EVIDENCE : NO 
  NON-PARAMETRIC EVIDENCE           : NO 
  F-TEST                            : NO 
  SPECTRAL EVIDENCE                 : NO 
 
NO IDENTIFIABLE SEASONALITY FOUND IN RESIDUALS
 
 
ARIMA MODEL : GOOD FIT
----------------------

ALL TEST ARE PASSED
 
QUALITY ARIMA MODEL TESTS
----------------------------------------

  Mean in residuals                      :GOOD        
  Autocorrelation in residuals           :GOOD        
  Normality of residuals                 :GOOD        
  Skewness of residuals                  :GOOD        
  Kurtosis of residuals                  :GOOD        
  Randomness of residual sign            :GOOD        
  Instability of residual mean           :GOOD        
  Instability of residual variance       :GOOD        
  Seasonality in residuals               :GOOD        
  Trading day in residuals               :GOOD        
  Out-of-sample forecast errors          :GOOD        
  Number of outliers                     :GOOD        
 


  AUTOCORRELATION FUNCTION TEST FOR SEASONALITY IN LINEARIZEDSERIES QS =   240.47  ASIMPTOTICALLY DISTRIBUTED AS CHI-SQUARE(2)
    p-value= 0.0000


  NON-PARAMETRIC TEST FOR SEASONALITY IN LINEARIZED SERIES (FRIEDMAN) SEAS_NP =    153.24
    ASYMP. DISTRIBUTED AS CHI-SQUARE(11)
    p-value= 0.0000
 
 
 
 FORECAST FUNCTION OF ORIGINAL SERIES: 
  
ORIGIN: 235 PERIODS AHEAD: 24
  
 OBS    DATE         FORECAST          STD ERROR        FORECAST          STD ERROR   
                        (SERIES IN LOGS)                     (SERIES IN LEVELS)       
 236  Aug-2024       3.49262          0.257929E-01       32.8720          0.848006    
 237  Sep-2024       3.41333          0.290599E-01       30.3662          0.882625    
 238  Oct-2024       3.44964          0.319950E-01       31.4889           1.00774    
 239  Nov-2024       3.45050          0.346826E-01       31.5161           1.09339    
 240  Dec-2024       3.43448          0.371764E-01       31.0154           1.15344    
 241  Jan-2025       3.43178          0.395131E-01       30.9315           1.22268    
 242  Feb-2025       3.44330          0.417191E-01       31.2902           1.30597    
 243  Mar-2025       3.46194          0.438142E-01       31.8789           1.39742    
 244  Apr-2025       3.49711          0.458137E-01       33.0199           1.51356    
 245  May-2025       3.46236          0.477294E-01       31.8921           1.52306    
 246  Jun-2025       3.47106          0.495711E-01       32.1709           1.59573    
 247  Jul-2025       3.43509          0.513468E-01       31.0341           1.59455    
 248  Aug-2025       3.49359          0.562573E-01       32.9039           1.85255    
 249  Sep-2025       3.41430          0.591802E-01       30.3957           1.80040    
 250  Oct-2025       3.45060          0.619655E-01       31.5194           1.95499    
 251  Nov-2025       3.45147          0.646308E-01       31.5466           2.04101    
 252  Dec-2025       3.43545          0.671905E-01       31.0454           2.08831    
 253  Jan-2026       3.43275          0.696562E-01       30.9615           2.15928    
 254  Feb-2026       3.44427          0.720375E-01       31.3205           2.25918    
 255  Mar-2026       3.46291          0.743427E-01       31.9098           2.37554    
 256  Apr-2026       3.49808          0.765784E-01       33.0519           2.53478    
 257  May-2026       3.46333          0.787507E-01       31.9230           2.51786    
 258  Jun-2026       3.47203          0.808647E-01       32.2021           2.60828    
 259  Jul-2026       3.43605          0.829248E-01       31.0642           2.58042    
 260  Aug-2026       3.49456          0.875144E-01       32.9358           2.88788    
 261  Sep-2026       3.41527          0.905763E-01       30.4251           2.76146    
 262  Oct-2026       3.45157          0.935380E-01       31.5500           2.95759    
 263  Nov-2026       3.45243          0.964088E-01       31.5772           3.05141    
 264  Dec-2026       3.43642          0.991965E-01       31.0755           3.09018    
 265  Jan-2027       3.43371          0.101908           30.9915           3.16650    
 266  Feb-2027       3.44524           0.00000           31.3509           0.00000    
 267  Mar-2027       3.46388           0.00000           31.9407           0.00000    
 268  Apr-2027       3.49905           0.00000           33.0839           0.00000    
 269  May-2027       3.46430           0.00000           31.9539           0.00000    
 270  Jun-2027       3.47300           0.00000           32.2333           0.00000    
 271  Jul-2027       3.43702           0.00000           31.0943           0.00000    
 272  Aug-2027       3.49553           0.00000           32.9677           0.00000    
