
                                        PROGRAM TRAMO+

             (based on program TRAMO, Victor Gomez and Agustin Maravall©,1996)

         Developed at the Bank of Spain by Gianluca Caporello and Agustin Maravall,
         with programming support from Domingo Pérez Cañete and Roberto López Pavón.

                 VERSION: 1.0 (Revision: 942  Build: 2017/09/25 09:39:13)


 SERIES TITLE=DIVID32                                                                         

 INPUT PARAMETERS
   lam= 0   imean= 0   ireg= 8   seats= 2   int2=227   rsa= 0   modelsumm= 1   va=   3.742
 
  WARNING :
    Remember to define the regression variable name in the first line of the external regression file.
   Name : NOT DEFINED.
   Reglist01
    Iuser=-1   Nser= 1   Ilong= 312
 
   Name : NOT DEFINED.
   Reglist02
    Iuser= 2   Nser= 7   Ilong=   0
 
   Fixed Outliers:
   #Observ. Type
     156     AO
      56     AO
      44     AO
      30     LS
     184     AO
     183     TC
     188     AO
 

 NUMBER OF OBSERVATIONS: 227


 ORIGINAL SERIES 

 YEAR        JAN       FEB       MAR       APR       MAY       JUN       JUL       AUG       SEP       OCT       NOV       DEC 

 2005      78.000   103.100   125.600   120.000   123.900   126.000   114.500    60.800   129.600   121.600   142.100    97.800
 2006      86.700   110.100   139.300   104.900   146.600   141.000   124.400    62.400   123.200   152.600   170.700   109.600
 2007      98.600   118.500   149.500   122.100   159.900   131.700   112.400    51.100   123.400   157.600   146.700   104.000
 2008      97.300   107.900   128.700   114.800   125.900   117.000   111.300    39.000   121.500   141.000   127.800    90.400
 2009      71.600    86.200   117.600   104.900   108.600   107.700   101.200    36.600   117.800   130.700   128.400   103.800
 2010      79.700    98.700   119.000   112.900   112.700   109.100   110.600    51.100   126.900   129.800   134.400    96.900
 2011      86.300    98.700   123.200   111.200   120.400   114.500   104.500    53.100   123.500   125.700   127.500    98.100
 2012      82.400    98.900   118.600   100.500   113.800   102.100   101.600    46.500   106.000   128.200   114.900    93.700
 2013      78.600    89.500   102.500    99.600   113.700    99.100   105.200    41.600   103.800   115.900   106.300    89.300
 2014      83.200    94.500   111.900    97.200   102.400   100.800   109.900    42.000   108.400   115.300   106.300    94.200
 2015      79.300    95.400   113.200   105.200   105.500   104.900   113.100    41.700   113.400   112.300   117.600    98.400
 2016      89.300   103.200   117.300   111.600   116.500   104.700   103.600    47.800   110.300   115.200   126.600    97.000
 2017      84.000   104.600   126.800   100.900   123.300   113.800   116.600    55.600   113.400   128.700   121.800   134.000
 2018      95.300   105.400   123.400   104.800   121.800   114.900   120.400    56.500   114.300   136.700   126.600   110.500
 2019     102.100   109.000   123.500   111.100   125.700   115.500   125.200    51.100   122.100   135.000   126.900   112.200
 2020     100.700   114.900    74.400    39.200    76.200    97.800   112.900    63.300   118.500   137.700   125.100   119.900
 2021      95.000   110.400   122.500   118.400   123.600   126.300   138.900    68.400   142.000   146.000   156.600   147.600
 2022     107.400   128.600   148.300   130.900   160.600   137.200   143.100    71.900   157.700   153.700   164.700   147.200
 2023     124.100   139.600   165.200   130.600   170.600   155.100   151.800    75.200   156.800   167.600   157.000


 MODEL PARAMETERS            
 ----------------
  MQ= 12         IMEAN=  0      LAM=  0      D=  1       BD=  1
  P=  0          BP=  0         Q=  1        BQ=  1      IREG=  8
  ITRAD=  0      SMPDAY=  0     IEAST=  0      IDUR=  6     M= 36       IQM= 24
  INCON=  0      NBACK=  0      NPRED= 24    INTERP=  2  INIT=  0
  IFILT=  2      IROOT=  2    INIC=  0    ICONCE=  1
  ICDET=  1      IATIP=  0      IMVX=  0     IDIF=  0    PG=  0
  AIO=  2        INT1=  1       INT2= 227    RSA=  0     SEATS=  2
  VA= 3.74       TOL=  0.100E-03             PC=  0.120E+00
  NOADMISS= 1    STOCHTD 0    BIAS= 1
  THLIM=  0.000  BTHLIM=  0.000   RMOD=  0.500



TH =        -0.10

BTH =        -0.10

WARNING: When adjusting for degrees of freedom in
 order to compute white-noise residuals, the Housholder
 transformation contains an element of arbitrariness 
 that, when multiple regressors are entered, may produce
 a slight variation in results when the order in which
 regressors are entered changes



NUMBER OF INITIAL OBS. =  13

Log-Level pretest : LOGS are Selected
 DIFFERENCED TRANSFORMED SERIES

 YEAR        JAN       FEB       MAR       APR       MAY       JUN       JUL       AUG       SEP       OCT       NOV       DEC 

 2006                -0.040     0.038    -0.238     0.303    -0.056    -0.030    -0.057    -0.077     0.278    -0.044    -0.069
 2007       0.015    -0.055    -0.003     0.081    -0.065    -0.155    -0.033    -0.098     0.201     0.031    -0.184     0.099
 2008       0.039    -0.080    -0.056     0.088    -0.177     0.121     0.109    -0.260     0.255    -0.096    -0.027    -0.002
 2009      -0.167     0.082     0.134     0.000    -0.058     0.065    -0.012     0.032     0.033    -0.045     0.081     0.134
 2010      -0.031     0.028    -0.124     0.062    -0.036    -0.024     0.076     0.245    -0.259    -0.081     0.053    -0.114
 2011       0.148    -0.080     0.035    -0.050     0.081    -0.018    -0.105     0.095    -0.066    -0.005    -0.021     0.065
 2012      -0.059     0.048    -0.040    -0.063     0.045    -0.058     0.086    -0.105    -0.020     0.172    -0.124     0.058
 2013      -0.001    -0.053    -0.046     0.137     0.008    -0.029     0.065    -0.146     0.090    -0.080     0.023     0.030
 2014       0.105    -0.003     0.033    -0.112    -0.080     0.122     0.027    -0.034     0.034    -0.049     0.005     0.053
 2015      -0.101     0.057     0.002     0.068    -0.049     0.010    -0.011    -0.036     0.052    -0.071     0.127    -0.057
 2016       0.075    -0.040    -0.043     0.023     0.040    -0.101    -0.086     0.224    -0.164     0.053     0.048    -0.088
 2017      -0.047     0.075     0.064    -0.179     0.158     0.027     0.035     0.033    -0.123     0.083    -0.149     0.362
 2018      -0.197    -0.119    -0.035     0.065    -0.050     0.022     0.022    -0.016    -0.008     0.052    -0.022    -0.231
 2019       0.262    -0.035    -0.033     0.058    -0.027    -0.026     0.034    -0.140     0.166    -0.079     0.015     0.013
 2020      -0.029     0.067    -0.559    -0.535     0.541     0.334     0.063     0.318    -0.244     0.050    -0.034     0.081
 2021      -0.125     0.018     0.539     0.607    -0.622    -0.228    -0.048    -0.130     0.103    -0.122     0.166    -0.017
 2022      -0.085     0.030     0.039    -0.091     0.162    -0.179    -0.053     0.020     0.055    -0.053    -0.001    -0.053
 2023       0.147    -0.062     0.026    -0.110     0.063     0.062    -0.064    -0.014    -0.051     0.092    -0.134




 AUTOCORRELATIONS
 ----------------
     -0.3818  -0.0459  -0.0793   0.0915  -0.0780   0.0259   0.1314  -0.2313   0.1598   0.0144   0.1105  -0.3137
 SE   0.0684   0.0777   0.0778   0.0782   0.0787   0.0791   0.0791   0.0801   0.0832   0.0846   0.0846   0.0853
      0.1552  -0.0354  -0.0433   0.0970  -0.0194  -0.0106  -0.0150   0.0159  -0.0773   0.0676   0.0346  -0.1041
 SE   0.0905   0.0917   0.0918   0.0919   0.0924   0.0924   0.0924   0.0924   0.0924   0.0927   0.0930   0.0930
      0.0605  -0.0523   0.0585  -0.0423   0.0015  -0.0411   0.0281   0.0073  -0.0339   0.0458  -0.0266   0.0401
 SE   0.0936   0.0937   0.0939   0.0940   0.0941   0.0941   0.0942   0.0943   0.0943   0.0943   0.0944   0.0945


 PARTIAL AUTOCORRELATIONS
 ---------------------
     -0.3818  -0.2244  -0.2299  -0.0685  -0.1250  -0.0791   0.1259  -0.1696   0.0459   0.0882   0.1958  -0.1546
 SE   0.0684   0.0684   0.0684   0.0684   0.0684   0.0684   0.0684   0.0684   0.0684   0.0684   0.0684   0.0684
     -0.0345  -0.0624  -0.1278  -0.0033  -0.0221  -0.0117   0.0811  -0.1043  -0.0559   0.0333   0.0903  -0.1207
 SE   0.0684   0.0684   0.0684   0.0684   0.0684   0.0684   0.0684   0.0684   0.0684   0.0684   0.0684   0.0684
      0.0115  -0.1126  -0.0521  -0.0219  -0.0889  -0.0728   0.0313  -0.1149  -0.0908   0.0102   0.0271  -0.0137
 SE   0.0684   0.0684   0.0684   0.0684   0.0684   0.0684   0.0684   0.0684   0.0684   0.0684   0.0684   0.0684
  
 ARIMA MODEL ESTIMATION 
  
 METHOD OF ESTIMATION: EXACT MAXIMUM LIKELIHOOD           
  
 PARAMETER      ESTIMATE           STD ERROR      T RATIO   LAG  
  
 TH1         -0.63121           0.54498E-01      -11.58      1
 BTH         -0.57747           0.57365E-01      -10.07     12
  
 
 REGULAR MA INVERSE ROOTS ARE 
 NO.     REAL P.     IMAG.P.     MODULUS    ARGUMENT      PERIOD
  1      0.63121       0.0000      0.63121       0.0000            -  
 
 SEASONAL MA INVERSE ROOTS ARE 
 NO.     REAL P.     IMAG.P.     MODULUS    ARGUMENT      PERIOD
  1      0.57747       0.0000      0.57747       0.0000            -  
  
 CORRELATIONS OF THE ESTIMATES 
  
  1.000   -0.231
 -0.231    1.000
  
 AIC 
    -605.640
  
 BIC 
     -5.5358
  
 FINAL VALUE OF OBJECTIVE FUNCTION: 
               0.67338    
  
 RADETN:    1.01265145903475     
 ITERATIONS:            3
  
  NUMBER OF FUNCTION EVALUATIONS:           11
  

 ESTIMATES OF REGRESSION PARAMETERS 
 CONCENTRATED OUT OF THE LIKELIHOOD 

 PARAMETER           VALUE          ST. ERROR     T VALUE
 REG      1          0.36213E-01    (     0.00366)    9.89
 OUT 1 (156)         0.31226        (     0.04627)    6.75   AO    (12 2017)
 OUT 2 ( 56)        -0.25065        (     0.04690)   -5.34   AO    ( 8 2009)
 OUT 3 ( 44)        -0.20961        (     0.04754)   -4.41   AO    ( 8 2008)
 OUT 4 ( 30)        -0.14014        (     0.03965)   -3.53   LS    ( 6 2007)
 OUT 5 (184)        -0.67800        (     0.04917)  -13.79   AO    ( 4 2020)
 OUT 6 (183)        -0.57641        (     0.04718)  -12.22   TC    ( 3 2020)
 OUT 7 (188)         0.22402        (     0.04588)    4.88   AO    ( 8 2020)

 VAR-CORRELATION MATRIX OF ESTIMATORS 

   0.134E-04
   0.179E+00   0.214E-02
   0.938E-01   0.165E-01   0.220E-02
   0.171E+00   0.304E-01   0.231E+00   0.226E-02
  -0.946E-03  -0.182E-03   0.308E-01   0.425E-01   0.157E-02
  -0.139E+00  -0.250E-01  -0.131E-01  -0.238E-01   0.774E-04   0.242E-02
   0.507E-01  -0.825E-02   0.472E-02   0.863E-02  -0.115E-03  -0.347E+00   0.223E-02
   0.771E-01   0.862E-02   0.827E-02   0.139E-01   0.267E-04   0.196E-01   0.363E-01   0.211E-02


 VARIANCES ARE IN THE MAIN DIAGONAL; 
 OFF-DIAGONAL ELEMENTS ARE CORRELATIONS. 



ACF DIFFERENCED SERIES




 AUTOCORRELATIONS
 ----------------
     -0.3981  -0.0390  -0.0779   0.1028  -0.0800   0.0289   0.1281  -0.2493   0.1558   0.0314   0.1167  -0.3396
 SE   0.0684   0.0784   0.0785   0.0789   0.0795   0.0799   0.0799   0.0809   0.0844   0.0857   0.0858   0.0865
      0.1711  -0.0449  -0.0307   0.0931  -0.0065  -0.0192  -0.0232   0.0515  -0.1021   0.0694   0.0328  -0.1033
 SE   0.0926   0.0940   0.0941   0.0942   0.0946   0.0946   0.0946   0.0946   0.0948   0.0953   0.0955   0.0956
      0.0704  -0.0673   0.1009  -0.1037   0.0219  -0.0502   0.0321   0.0155  -0.0275   0.0581  -0.0626   0.0685
 SE   0.0961   0.0963   0.0966   0.0970   0.0976   0.0976   0.0977   0.0978   0.0978   0.0978   0.0980   0.0982
  
  
  NUMBER OF WHITE NOISE RESIDUALS          206
  
 WHITE NOISE RESIDUALS
  

 YEAR        JAN       FEB       MAR       APR       MAY       JUN       JUL       AUG       SEP       OCT       NOV       DEC 

 2006                                                                                                 0.135     0.079     0.052
 2007      -0.048    -0.047     0.004    -0.043     0.041    -0.012    -0.086    -0.138     0.124     0.124    -0.067     0.020
 2008       0.048    -0.096     0.010    -0.075    -0.078    -0.089    -0.064    -0.029    -0.001     0.001    -0.069    -0.084
 2009      -0.089    -0.081     0.014     0.035    -0.017    -0.040    -0.006     0.039     0.062     0.031    -0.012     0.103
 2010       0.086     0.031    -0.102     0.048    -0.064    -0.046     0.094     0.006     0.053    -0.016    -0.012    -0.095
 2011       0.101     0.007     0.005     0.018    -0.034    -0.006    -0.002     0.027    -0.020    -0.046    -0.051     0.055
 2012      -0.040    -0.010    -0.010    -0.024    -0.033    -0.070     0.007    -0.048     0.001     0.009    -0.058     0.108
 2013      -0.049    -0.002    -0.049     0.023     0.048     0.009     0.028    -0.086    -0.019    -0.051    -0.010     0.035
 2014       0.132     0.061     0.044    -0.053    -0.058     0.037     0.063    -0.018    -0.030    -0.053    -0.016     0.067
 2015       0.041     0.034    -0.009     0.015     0.018    -0.008     0.042    -0.079     0.028    -0.037     0.042     0.013
 2016       0.155    -0.010    -0.031     0.052    -0.030    -0.059    -0.023     0.040    -0.058     0.021     0.063    -0.020
 2017      -0.083     0.069     0.021    -0.015     0.039     0.028     0.061     0.103    -0.070    -0.000    -0.085     0.034
 2018      -0.013    -0.020    -0.024    -0.039    -0.011     0.017     0.022     0.071    -0.005     0.002    -0.033     0.074
 2019       0.013    -0.034    -0.025    -0.044    -0.010     0.017    -0.021    -0.047     0.035    -0.017     0.021     0.008
 2020       0.029     0.024    -0.006    -0.050    -0.171     0.047     0.051     0.064    -0.007     0.075    -0.055     0.033
 2021       0.012    -0.048    -0.120     0.033     0.080     0.031     0.078     0.131    -0.001    -0.021     0.071     0.041
 2022      -0.058     0.002    -0.008     0.042     0.115    -0.080    -0.033     0.011     0.014    -0.056     0.011     0.027
 2023       0.004     0.000     0.014    -0.029     0.053     0.009    -0.045    -0.018    -0.027    -0.037    -0.093
 
 
  STABILITY TEST
 
 
     1. FULL PERIOD
                  FIRST HALF                    SECOND HALF
           Mean(t)          Variance      Mean(t)          Variance
      -0.35E-02(-0.61    )  0.33E-02  0.30E-02( 0.59    )  0.27E-02
 
      Mean assumed equal to 0
      VR(variance ratio)= 0.80    
 
      MEAN STABILITY IS NOT REJECTED.
      VARIANCE STABILITY IS NOT REJECTED.


 
     2. LAST 10 YEARS
                  FIRST HALF                    SECOND HALF
           Mean(t)          Variance      Mean(t)          Variance
       0.87E-02(  1.3    )  0.25E-02  0.12E-02( 0.18    )  0.28E-02
 
      Mean assumed equal to 0
      VR(variance ratio)=  1.1    
 
      LAST 10 YEARS MEAN STABILITY IS NOT REJECTED.
      LAST 10 YEARS VARIANCE STABILITY IS NOT REJECTED.


 
  OUT-OF-SAMPLE TEST
  ------------------
      Model re-estimated on Linearized series for first 209 observations.
       18 One-Period-Ahead Forecasts computed with model fixed.
      Comparison between forecast errors (last   18 observations) and residuals (in-sample):

        Mean(Forecast Errors)
            p-value= 0.2414
            Mean of forecast errors can be assumed zero.

        Out-of-Sample MSE is :  0.1683E-02
        In-Sample MSE is :  0.3202E-02
        F( 18,196) is :  0.526E+00
            p-value(%)=94.3818

        Mean and Variance of forecast Errors and In-Sample residuals ARE NOT significantly different.


 TEST-STATISTICS ON RESIDUALS
 ----------------------------


           MEAN=  -0.2264177E-03
        ST.DEV.=   0.3816259E-02
        OF MEAN
        T-VALUE= -0.0593

 NORMALITY TEST=  0.8905        ( CHI-SQUARE(2) )

       SKEWNESS=  0.1338          ( SE =  0.1707 )
       KURTOSIS=  3.1793          ( SE =  0.3413 )

 SUM OF SQUARES=   0.6377220    

  DURBIN-WATSON=  1.7162

 STANDARD ERROR=   0.5673532E-01
 OF RESID.
  MSE OF RESID.=   0.3218896E-02




 AUTOCORRELATIONS
 ----------------
      0.0929  -0.0446  -0.0472  -0.0049  -0.0794   0.0704   0.0634  -0.1658   0.0555   0.0671   0.0242   0.0719
 SE   0.0697   0.0697   0.0697   0.0697   0.0697   0.0697   0.0697   0.0697   0.0697   0.0697   0.0697   0.0697
 Q      1.80     2.22     2.69     2.70     4.04     5.10     5.97    11.92    12.59    13.57    13.70    14.84
 PV    -1.00    -1.00     0.10     0.26     0.26     0.28     0.31     0.06     0.08     0.09     0.13     0.14
      0.0621  -0.1134  -0.0546   0.0229  -0.0106  -0.0010  -0.0393  -0.1086  -0.0803   0.0519   0.0529  -0.0593
 SE   0.0697   0.0697   0.0697   0.0697   0.0697   0.0697   0.0697   0.0697   0.0697   0.0697   0.0697   0.0697
 Q     15.70    18.57    19.23    19.35    19.38    19.38    19.73    22.45    23.94    24.57    25.23    26.06
 PV     0.15     0.10     0.12     0.15     0.20     0.25     0.29     0.21     0.20     0.22     0.24     0.25
     -0.0079  -0.1383  -0.0565  -0.0546  -0.0530  -0.0565   0.0146   0.0013  -0.0613   0.0327   0.0597   0.0428
 SE   0.0697   0.0697   0.0697   0.0697   0.0697   0.0697   0.0697   0.0697   0.0697   0.0697   0.0697   0.0697
 Q     26.07    30.62    31.39    32.11    32.79    33.56    33.62    33.62    34.55    34.81    35.71    36.17
 PV     0.30     0.16     0.18     0.19     0.20     0.22     0.25     0.30     0.30     0.34     0.34     0.37

  LJUNG-BOX Q VALUE OF ORDER  24 IS     26.06 AND IF RESIDUALS ARE RANDOM IT SHOULD BE DISTRIBUTED AS CHI-SQUARE(22)
  p-value= 0.2493
  THE PIERCE QS VALUE IS      1.14 AND IF RESIDUALS ARE RANDOM IT SHOULD BE DISTRIBUTED AS CHI-SQUARE(2)

 APPROXIMATE TEST OF RUNS ON RESIDUALS
 -------------------------------------
  NUM.DATA= 206
   NUM.(+)= 103
   NUM.(-)= 103
  NUM.RUNS=  98
   T-VALUE= -0.8381


  NON-PARAMETRIC TEST FOR RESIDUAL SEASONALITY (FRIEDMAN) SEAS_NP =     13.80
    ASYMP. DISTRIBUTED AS CHI-SQUARE(11)
    p-value= 0.2445



 SQUARED RESIDUALS:
 ------------------




 AUTOCORRELATIONS
 ----------------
      0.1475   0.0019   0.0020  -0.0646   0.0680  -0.0075  -0.0608  -0.0258   0.0849   0.1846  -0.0176   0.0755
 SE   0.0697   0.0697   0.0697   0.0697   0.0697   0.0697   0.0697   0.0697   0.0697   0.0697   0.0697   0.0697
 Q      4.55     4.55     4.55     5.43     6.42     6.43     7.22     7.37     8.94    16.39    16.46    17.71
 PV    -1.00    -1.00     0.03     0.07     0.09     0.17     0.20     0.29     0.26     0.04     0.06     0.06
      0.0199  -0.0198   0.0733  -0.0301  -0.0364   0.0194   0.0354  -0.0636  -0.1026  -0.0733  -0.0141   0.1302
 SE   0.0697   0.0697   0.0697   0.0697   0.0697   0.0697   0.0697   0.0697   0.0697   0.0697   0.0697   0.0697
 Q     17.80    17.89    19.09    19.30    19.60    19.69    19.97    20.90    23.34    24.59    24.64    28.63
 PV     0.09     0.12     0.12     0.15     0.19     0.23     0.28     0.28     0.22     0.22     0.26     0.16
     -0.0038  -0.0671   0.0078  -0.0679   0.0201  -0.0398  -0.0117   0.0528   0.0010  -0.0475   0.0037   0.0120
 SE   0.0697   0.0697   0.0697   0.0697   0.0697   0.0697   0.0697   0.0697   0.0697   0.0697   0.0697   0.0697
 Q     28.64    29.71    29.72    30.83    30.93    31.31    31.35    32.04    32.04    32.60    32.60    32.64
 PV     0.19     0.19     0.23     0.23     0.27     0.30     0.35     0.37     0.41     0.44     0.49     0.53

  McLEOD-LI Q VALUE OF ORDER  24 IS     28.63 AND IF RESIDUALS ARE RANDOM IT SHOULD BE DISTRIBUTED AS CHI-SQUARE(24)
  p-value= 0.2343
 
 
 
SPECTRAL DIAGNOSTICS
 --------------------
 
A. SEASONAL SPECTRAL PEAKS
 
                           Frequency (cycles per year)
                     One    Two   Three  Four   Five    Six  
 Original series      -t     AT     AT     AT     AT     aT
 Linearized series    aT     AT     AT     AT     AT     aT
 Residuals            --     a-     --     --     --     --
 
 AT : peaks detected in AR(30) and using Tukey spectrum  estimator
 A- : only peaks detected in AR(30) spectrum estimator
 -T : only peaks detected using Tukey spectrum estimator
 -- : No peaks detected in AR(30) nor using Tukey spectrum estimator
 
 
 
B. STOCHASTIC SEASONALITY: SPECTRAL EVIDENCE
 
 1 :  SERIES CONTAINS SEASONALITY THAT CAN BE RELIABLY EXTRACTED.
 0 :  SEASONALITY IS NOT PRESENT IN THE SERIES OR IS TOO WEAK TO BE RELIABLY CAPTURED.
 
 ORIGINAL SERIES :   1
 LINEARIZED SERIES : 1
 RESIDUALS :         0
 
 
 
C. TRADING DAY EFFECT: SPECTRAL EVIDENCE
 
 1 :  TRADING DAY EFFECT DETECTED
 0 :  NO TRADING DAY EFFECT DETECTED
 
 LINEARIZED SERIES : 0
 RESIDUALS :         0
 
 
OVERALL TEST FOR IDENTIFIABLE SEASONALITY 
----------------------------------------- 
 
  AUTOCORRELATION FUNCTION EVIDENCE : YES
  NON-PARAMETRIC EVIDENCE           : YES
  F-TEST                            :  - 
  SPECTRAL EVIDENCE                 : YES
 
IDENTIFIABLE SEASONALITY FOUND IN SERIES
 
 
OVERALL TEST FOR RESIDUALS SEASONALITY 
----------------------------------------- 
 
  AUTOCORRELATION FUNCTION EVIDENCE : NO 
  NON-PARAMETRIC EVIDENCE           : NO 
  F-TEST                            : NO 
  SPECTRAL EVIDENCE                 : NO 
 
NO IDENTIFIABLE SEASONALITY FOUND IN RESIDUALS
 
 
ARIMA MODEL : GOOD FIT
----------------------

ALL TEST ARE PASSED
 
QUALITY ARIMA MODEL TESTS
----------------------------------------

  Mean in residuals                      :GOOD        
  Autocorrelation in residuals           :GOOD        
  Normality of residuals                 :GOOD        
  Skewness of residuals                  :GOOD        
  Kurtosis of residuals                  :GOOD        
  Randomness of residual sign            :GOOD        
  Instability of residual mean           :GOOD        
  Instability of residual variance       :GOOD        
  Seasonality in residuals               :GOOD        
  Trading day in residuals               :GOOD        
  Out-of-sample forecast errors          :GOOD        
  Number of outliers                     :GOOD        
 


 LINEAR SERIES


 YEAR        JAN       FEB       MAR       APR       MAY       JUN       JUL       AUG       SEP       OCT       NOV       DEC 

 2005      69.571    90.188   108.939   104.055   105.486   108.411   103.741    51.764   110.339   110.174   122.250    85.011
 2006      74.581    96.311   116.525    97.794   124.813   121.317   112.711    53.126   108.758   133.344   146.855   102.424
 2007      81.801   103.659   129.669   109.781   136.136   130.362   112.992    50.051   129.944   152.795   145.194   107.835
 2008      92.866   104.724   138.067   110.449   127.862   120.082   107.907    50.645   119.005   136.701   131.152    90.400
 2009      73.470    86.748   117.345   100.924   114.359   106.606    98.115    47.759   115.381   131.388   127.082   100.108
 2010      84.797    99.327   114.519   108.621   114.456   107.992   111.182    50.051   124.294   135.295   133.020    90.130
 2011      88.554    99.327   122.933   110.931   117.927   113.337   108.924    52.010   120.964   131.022   126.191    98.100
 2012      81.545    95.989   118.343   103.954   111.463   101.063   102.135    45.545   111.622   124.292   113.720    97.155
 2013      75.018    90.069   106.049    99.359   111.365   101.710   101.993    42.248   105.418   112.367   109.088    89.300
 2014      82.337    95.101   115.775    96.964   103.996   103.455   106.549    44.227   106.174   111.785   109.088    94.200
 2015      81.371    96.006   112.954   101.213   111.095   103.834   109.652    42.350   111.071   112.891   116.393    94.900
 2016      95.011   100.162   117.045   111.330   114.108   103.636   107.986    46.818   108.035   120.077   125.300    97.000
 2017      83.128   105.265   122.025   108.216   120.768   112.644   121.536    54.458   115.167   129.378   120.549   105.426
 2018      90.957   106.070   123.132   108.401   119.299   113.733   121.034    55.340   120.362   132.532   125.300   114.575
 2019      97.447   109.693   127.776   110.831   123.119   118.542   121.383    51.896   124.003   130.884   130.229   112.200
 2020      99.655   115.630   132.118   111.221   106.429   117.969   125.705    56.611   124.210   145.154   127.999   118.357
 2021     102.735   112.375   118.831   114.550   126.018   125.359   139.899    67.085   139.214   152.281   155.063   137.332
 2022     110.230   129.438   142.731   135.409   157.310   135.811   149.162    70.425   154.463   160.208   163.010   147.201
 2023     122.813   140.488   158.979   140.070   167.097   153.524   158.227    73.656   159.243   168.482   155.388


  AUTOCORRELATION FUNCTION TEST FOR SEASONALITY IN LINEARIZEDSERIES QS =   408.08  ASIMPTOTICALLY DISTRIBUTED AS CHI-SQUARE(2)
    p-value= 0.0000


  NON-PARAMETRIC TEST FOR SEASONALITY IN LINEARIZED SERIES (FRIEDMAN) SEAS_NP =    180.21
    ASYMP. DISTRIBUTED AS CHI-SQUARE(11)
    p-value= 0.0000


TOTAL OUTLIER EFFECT FACTORS


 YEAR        JAN       FEB       MAR       APR       MAY       JUN       JUL       AUG       SEP       OCT       NOV       DEC 

 2005     115.044   115.044   115.044   115.044   115.044   115.044   115.044   115.044   115.044   115.044   115.044   115.044
 2006     115.044   115.044   115.044   115.044   115.044   115.044   115.044   115.044   115.044   115.044   115.044   115.044
 2007     115.044   115.044   115.044   115.044   115.044   100.000   100.000   100.000   100.000   100.000   100.000   100.000
 2008     100.000   100.000   100.000   100.000   100.000   100.000   100.000    81.090   100.000   100.000   100.000   100.000
 2009     100.000   100.000   100.000   100.000   100.000   100.000   100.000    77.830   100.000   100.000   100.000   100.000
 2010     100.000   100.000   100.000   100.000   100.000   100.000   100.000   100.000   100.000   100.000   100.000   100.000
 2011     100.000   100.000   100.000   100.000   100.000   100.000   100.000   100.000   100.000   100.000   100.000   100.000
 2012     100.000   100.000   100.000   100.000   100.000   100.000   100.000   100.000   100.000   100.000   100.000   100.000
 2013     100.000   100.000   100.000   100.000   100.000   100.000   100.000   100.000   100.000   100.000   100.000   100.000
 2014     100.000   100.000   100.000   100.000   100.000   100.000   100.000   100.000   100.000   100.000   100.000   100.000
 2015     100.000   100.000   100.000   100.000   100.000   100.000   100.000   100.000   100.000   100.000   100.000   100.000
 2016     100.000   100.000   100.000   100.000   100.000   100.000   100.000   100.000   100.000   100.000   100.000   100.000
 2017     100.000   100.000   100.000   100.000   100.000   100.000   100.000   100.000   100.000   100.000   100.000   136.651
 2018     100.000   100.000   100.000   100.000   100.000   100.000   100.000   100.000   100.000   100.000   100.000   100.000
 2019     100.000   100.000   100.000   100.000   100.000   100.000   100.000   100.000   100.000   100.000   100.000   100.000
 2020     100.000   100.000    56.191    33.909    75.394    82.061    87.075   113.557    93.443    95.364    96.732    97.701
 2021      98.385    98.867    99.205    99.443    99.610    99.727    99.809    99.866    99.906    99.934    99.954    99.968
 2022      99.977    99.984    99.989    99.992    99.995    99.996    99.997    99.998    99.999    99.999    99.999   100.000
 2023     100.000   100.000   100.000   100.000   100.000   100.000   100.000   100.000   100.000   100.000   100.000


TOTAL REGRESSION EFFECT FACTORS


 YEAR        JAN       FEB       MAR       APR       MAY       JUN       JUL       AUG       SEP       OCT       NOV       DEC 

 2005      97.455    99.368   100.218   100.243   102.097   101.026    95.938   102.097   102.097    95.938   101.037   100.000
 2006     101.048    99.368   103.913    93.239   102.097   101.026    95.938   102.097    98.466    99.476   101.037    93.014
 2007     104.775    99.368   100.218    96.678   102.097   101.026    99.476   102.097    94.964   103.145   101.037    96.444
 2008     104.775   103.033    93.216   103.940    98.466    97.433   103.145    94.964   102.097   103.145    97.444   100.000
 2009      97.455    99.368   100.218   103.940    94.964   101.026   103.145    98.466   102.097    99.476   101.037   103.688
 2010      93.989    99.368   103.913   103.940    98.466   101.026    99.476   102.097   102.097    95.938   101.037   107.511
 2011      97.455    99.368   100.218   100.243   102.097   101.026    95.938   102.097   102.097    95.938   101.037   100.000
 2012     101.048   103.033   100.218    96.678   102.097   101.026    99.476   102.097    94.964   103.145   101.037    96.444
 2013     104.775    99.368    96.653   100.243   102.097    97.433   103.145    98.466    98.466   103.145    97.444   100.000
 2014     101.048    99.368    96.653   100.243    98.466    97.433   103.145    94.964   102.097   103.145    97.444   100.000
 2015      97.455    99.368   100.218   103.940    94.964   101.026   103.145    98.466   102.097    99.476   101.037   103.688
 2016      93.989   103.033   100.218   100.243   102.097   101.026    95.938   102.097   102.097    95.938   101.037   100.000
 2017     101.048    99.368   103.913    93.239   102.097   101.026    95.938   102.097    98.466    99.476   101.037    93.014
 2018     104.775    99.368   100.218    96.678   102.097   101.026    99.476   102.097    94.964   103.145   101.037    96.444
 2019     104.775    99.368    96.653   100.243   102.097    97.433   103.145    98.466    98.466   103.145    97.444   100.000
 2020     101.048    99.368   100.218   103.940    94.964   101.026   103.145    98.466   102.097    99.476   101.037   103.688
 2021      93.989    99.368   103.913   103.940    98.466   101.026    99.476   102.097   102.097    95.938   101.037   107.511
 2022      97.455    99.368   103.913    96.678   102.097   101.026    95.938   102.097   102.097    95.938   101.037   100.000
 2023     101.048    99.368   103.913    93.239   102.097   101.026    95.938   102.097    98.466    99.476   101.037
 
 
 
 FORECAST FUNCTION OF ORIGINAL SERIES: 
  
ORIGIN: 227 PERIODS AHEAD: 24
  
 OBS    DATE         FORECAST          STD ERROR        FORECAST          STD ERROR   
                        (SERIES IN LOGS)                     (SERIES IN LEVELS)       
 228  Dec-2023       4.91971          0.567327E-01       136.963           7.77652    
 229  Jan-2024       4.86319          0.598454E-01       129.436           7.75312    
 230  Feb-2024       4.98306          0.631717E-01       145.920           9.22724    
 231  Mar-2024       5.03113          0.667501E-01       153.107           10.2313    
 232  Apr-2024       4.96808          0.696771E-01       143.751           10.0283    
 233  May-2024       5.11796          0.724887E-01       166.995           12.1212    
 234  Jun-2024       5.00147          0.754325E-01       148.631           11.2276    
 235  Jul-2024       5.11939          0.783250E-01       167.233           13.1186    
 236  Aug-2024       4.30599          0.809260E-01       74.1426           6.00990    
 237  Sep-2024       5.08289          0.834026E-01       161.240           13.4712    
 238  Oct-2024       5.19590          0.860338E-01       180.531           15.5605    
 239  Nov-2024       5.09884          0.884067E-01       163.832           14.5122    
 240  Dec-2024       5.03735          0.988358E-01       154.062           15.2641    
 241  Jan-2025       4.87220          0.103082           130.607           13.4991    
 242  Feb-2025       4.99207          0.107160           147.240           15.8237    
 243  Mar-2025       5.07635          0.111327           160.189           17.8888    
 244  Apr-2025       5.01330          0.115022           150.400           17.3567    
 245  May-2025       5.12697          0.118618           168.506           20.0583    
 246  Jun-2025       5.04669          0.122212           155.507           19.0760    
 247  Jul-2025       5.16460          0.125763           174.968           22.0918    
 248  Aug-2025       4.31500          0.129237           74.8133           9.70917    
 249  Sep-2025       5.16432          0.132323           174.919           23.2475    
 250  Oct-2025       5.24112          0.135607           188.882           25.7320    
 251  Nov-2025       5.14406          0.138703           171.410           23.8898    
