
                                        PROGRAM TRAMO+

             (based on program TRAMO, Victor Gomez and Agustin Maravall©,1996)

         Developed at the Bank of Spain by Gianluca Caporello and Agustin Maravall,
         with programming support from Domingo Pérez Cañete and Roberto López Pavón.

                 VERSION: 1.0 (Revision: 942  Build: 2017/09/25 09:39:13)


 SERIES TITLE=DIVID28                                                                         

 INPUT PARAMETERS
   lam= 0   imean= 0   ireg= 7   seats= 2   int2=235   rsa= 0   modelsumm= 1   va=   3.762
 
  WARNING :
    Remember to define the regression variable name in the first line of the external regression file.
   Name : NOT DEFINED.
   Reglist01
    Iuser=-1   Nser= 1   Ilong= 312
 
   Name : NOT DEFINED.
   Reglist02
    Iuser= 2   Nser= 6   Ilong=   0
 
   Fixed Outliers:
   #Observ. Type
      66     AO
      68     AO
     126     AO
      47     LS
     184     AO
     183     TC
 

 NUMBER OF OBSERVATIONS: 235


 ORIGINAL SERIES 

 YEAR        JAN       FEB       MAR       APR       MAY       JUN       JUL       AUG       SEP       OCT       NOV       DEC 

 2005      73.400    92.200   110.200   104.400   109.800   122.300   115.400    59.800   109.200   100.400   106.100   141.700
 2006      77.700    97.500   124.900   102.100   113.900   125.100   114.600    64.400   116.300   121.100   130.700   146.600
 2007      91.400   100.500   124.200   107.900   132.200   130.300   131.700    72.300   123.700   128.900   123.100   138.400
 2008      93.200   104.800   118.000   119.700   116.100   133.600   126.900    55.800   126.400   120.000   103.400   118.700
 2009      70.700    75.900    92.500    83.100    79.400    93.700    93.600    43.900    91.600    87.700   104.800   119.400
 2010      67.000    81.300    95.100    85.000    93.900   139.300    90.800    38.700    93.600    91.000    94.300   107.300
 2011      65.700    79.800   106.300    87.400    95.100    99.500    92.800    54.200    91.300    84.400    84.300   104.500
 2012      62.700    70.100    87.000    75.100    82.600    84.300    86.700    41.800    77.200    80.800    77.200    88.300
 2013      56.200    66.100    74.100    68.200    79.000    79.500    86.600    39.900    78.100    79.500    79.900    91.200
 2014      60.700    68.000    77.600    70.600    76.200    80.300    87.900    37.500    78.500    84.100    75.100    96.700
 2015      57.000    69.800    86.500    75.700    85.100   105.600    90.900    43.400    83.100    86.200    84.500   102.900
 2016      57.000    75.300    86.400    73.800    85.300    86.900    84.200    52.300    87.100    80.900    92.700   125.800
 2017      62.400    75.600    98.500    70.900    91.700    96.200    91.800    57.800    89.900    91.100    95.100   115.600
 2018      64.700    78.000    92.900    79.300   100.200   104.800    95.200    56.800    94.000    94.200    94.600   114.300
 2019      66.700    79.300    91.200    82.700   100.200    92.100    95.300    57.500    90.200    98.900    94.000   120.500
 2020      67.300    74.700    62.100    36.600    70.900    85.700    96.400    53.200    88.100    94.400    96.000   116.200
 2021      73.000    85.200   109.000    86.200   107.700   110.400   107.600    59.600   110.600   101.200   113.400   136.100
 2022      73.400    92.800   121.300   110.900   123.600   127.600   118.400    69.000   125.600   116.000   130.400   166.700
 2023      91.000   102.800   134.700    98.100   125.400   139.400   125.900    75.200   128.600   125.700   142.400   136.300
 2024      90.300   103.400   112.900    99.100   117.000   115.700   115.700


 MODEL PARAMETERS            
 ----------------
  MQ= 12         IMEAN=  0      LAM=  0      D=  1       BD=  1
  P=  0          BP=  0         Q=  1        BQ=  1      IREG=  7
  ITRAD=  0      SMPDAY=  0     IEAST=  0      IDUR=  6     M= 36       IQM= 24
  INCON=  0      NBACK=  0      NPRED= 24    INTERP=  2  INIT=  0
  IFILT=  2      IROOT=  2    INIC=  0    ICONCE=  1
  ICDET=  1      IATIP=  0      IMVX=  0     IDIF=  0    PG=  0
  AIO=  2        INT1=  1       INT2= 235    RSA=  0     SEATS=  2
  VA= 3.76       TOL=  0.100E-03             PC=  0.120E+00
  NOADMISS= 1    STOCHTD 0    BIAS= 1
  THLIM=  0.000  BTHLIM=  0.000   RMOD=  0.500



TH =        -0.10

BTH =        -0.10

WARNING: When adjusting for degrees of freedom in
 order to compute white-noise residuals, the Housholder
 transformation contains an element of arbitrariness 
 that, when multiple regressors are entered, may produce
 a slight variation in results when the order in which
 regressors are entered changes



NUMBER OF INITIAL OBS. =  13

Log-Level pretest : LOGS are Selected
 DIFFERENCED TRANSFORMED SERIES

 YEAR        JAN       FEB       MAR       APR       MAY       JUN       JUL       AUG       SEP       OCT       NOV       DEC 

 2006                -0.001     0.069    -0.147     0.059    -0.014    -0.030     0.081    -0.011     0.124     0.021    -0.175
 2007       0.128    -0.132    -0.036     0.061     0.094    -0.108     0.098    -0.023    -0.054     0.001    -0.122     0.002
 2008       0.077     0.022    -0.093     0.155    -0.234     0.155    -0.062    -0.222     0.281    -0.093    -0.103     0.021
 2009      -0.123    -0.046     0.079    -0.121    -0.015     0.025     0.050     0.065    -0.082     0.008     0.327    -0.008
 2010      -0.060     0.122    -0.041    -0.005     0.145     0.229    -0.427    -0.096     0.148     0.015    -0.143    -0.001
 2011       0.087     0.001     0.130    -0.083    -0.015    -0.349     0.358     0.315    -0.362    -0.050    -0.037     0.086
 2012      -0.020    -0.083    -0.071     0.049     0.011    -0.025     0.098    -0.192     0.092     0.124    -0.044    -0.080
 2013       0.059     0.051    -0.102     0.064     0.052    -0.014     0.057    -0.045     0.058    -0.028     0.051    -0.002
 2014       0.045    -0.049     0.018    -0.012    -0.071     0.046     0.005    -0.077     0.067     0.051    -0.118     0.121
 2015      -0.121     0.089     0.082    -0.039     0.041     0.163    -0.240     0.113    -0.089    -0.032     0.093    -0.056
 2016      -0.062     0.076    -0.077    -0.024     0.028    -0.197     0.118     0.263    -0.140    -0.110     0.156     0.108
 2017      -0.110    -0.087     0.127    -0.171     0.112     0.029    -0.015     0.014    -0.068     0.087    -0.093    -0.110
 2018       0.121    -0.005    -0.090     0.171    -0.023    -0.003    -0.049    -0.054     0.062    -0.011    -0.039    -0.006
 2019       0.042    -0.014    -0.035     0.060    -0.042    -0.129     0.130     0.011    -0.054     0.090    -0.055     0.059
 2020      -0.044    -0.069    -0.325    -0.431     0.469     0.274     0.083    -0.089     0.054    -0.023     0.068    -0.057
 2021       0.118     0.050     0.431     0.294    -0.439    -0.165    -0.143     0.004     0.114    -0.158     0.097    -0.008
 2022      -0.153     0.080     0.021     0.145    -0.114     0.007    -0.049     0.051    -0.019     0.009     0.003     0.063
 2023       0.012    -0.113     0.002    -0.227     0.137     0.074    -0.027     0.025    -0.062     0.057     0.008    -0.289
 2024       0.194     0.014    -0.182     0.187    -0.079    -0.117     0.102




 AUTOCORRELATIONS
 ----------------
     -0.3683  -0.0739   0.0450  -0.0911   0.0608  -0.0333  -0.0288   0.0706  -0.0119   0.0223   0.1675  -0.3556
 SE   0.0671   0.0757   0.0760   0.0761   0.0766   0.0768   0.0769   0.0769   0.0772   0.0772   0.0773   0.0789
      0.0350   0.1039   0.0141   0.0289  -0.0647   0.0902  -0.0266  -0.0250   0.0090   0.0225  -0.0072  -0.1353
 SE   0.0858   0.0859   0.0864   0.0864   0.0865   0.0867   0.0871   0.0872   0.0872   0.0872   0.0872   0.0872
      0.0838   0.0070  -0.0834   0.0383   0.0858  -0.0588  -0.0828   0.0890   0.0017  -0.0840  -0.0078   0.0947
 SE   0.0882   0.0885   0.0885   0.0889   0.0890   0.0893   0.0895   0.0898   0.0902   0.0902   0.0906   0.0906


 PARTIAL AUTOCORRELATIONS
 ---------------------
     -0.3683  -0.2424  -0.0960  -0.1563  -0.0505  -0.0729  -0.0853   0.0027   0.0124   0.0431   0.2550  -0.1989
 SE   0.0671   0.0671   0.0671   0.0671   0.0671   0.0671   0.0671   0.0671   0.0671   0.0671   0.0671   0.0671
     -0.1941  -0.0628   0.0459   0.0336  -0.0244   0.0757   0.0093   0.0220   0.0309   0.0855   0.1572  -0.2413
 SE   0.0671   0.0671   0.0671   0.0671   0.0671   0.0671   0.0671   0.0671   0.0671   0.0671   0.0671   0.0671
     -0.2121  -0.0903  -0.0923  -0.0537   0.0566   0.0693  -0.1424  -0.0217   0.0724  -0.0030   0.0012  -0.1248
 SE   0.0671   0.0671   0.0671   0.0671   0.0671   0.0671   0.0671   0.0671   0.0671   0.0671   0.0671   0.0671
  
 ARIMA MODEL ESTIMATION 
  
 METHOD OF ESTIMATION: EXACT MAXIMUM LIKELIHOOD           
  
 PARAMETER      ESTIMATE           STD ERROR      T RATIO   LAG  
  
 TH1         -0.59796           0.55296E-01      -10.81      1
 BTH         -0.79532           0.41820E-01      -19.02     12
  
 
 REGULAR MA INVERSE ROOTS ARE 
 NO.     REAL P.     IMAG.P.     MODULUS    ARGUMENT      PERIOD
  1      0.59796       0.0000      0.59796       0.0000            -  
 
 SEASONAL MA INVERSE ROOTS ARE 
 NO.     REAL P.     IMAG.P.     MODULUS    ARGUMENT      PERIOD
  1      0.79532       0.0000      0.79532       0.0000            -  
  
 CORRELATIONS OF THE ESTIMATES 
  
  1.000   -0.231
 -0.231    1.000
  
 AIC 
    -616.006
  
 BIC 
     -5.5308
  
 FINAL VALUE OF OBJECTIVE FUNCTION: 
               0.74745    
  
 RADETN:    1.02845503197622     
 ITERATIONS:            3
  
  NUMBER OF FUNCTION EVALUATIONS:           11
  

 ESTIMATES OF REGRESSION PARAMETERS 
 CONCENTRATED OUT OF THE LIKELIHOOD 

 PARAMETER           VALUE          ST. ERROR     T VALUE
 REG      1          0.29838E-01    (     0.00358)    8.34
 OUT 1 ( 66)         0.35223        (     0.04945)    7.12   AO    ( 6 2010)
 OUT 2 ( 68)        -0.25395        (     0.04943)   -5.14   AO    ( 8 2010)
 OUT 3 (126)         0.17407        (     0.04891)    3.56   AO    ( 6 2015)
 OUT 4 ( 47)        -0.19172        (     0.04444)   -4.31   LS    (11 2008)
 OUT 5 (184)        -0.52647        (     0.05247)  -10.03   AO    ( 4 2020)
 OUT 6 (183)        -0.44909        (     0.05164)   -8.70   TC    ( 3 2020)

 VAR-CORRELATION MATRIX OF ESTIMATORS 

   0.128E-04
  -0.113E-01   0.244E-02
  -0.355E-01   0.120E+00   0.244E-02
  -0.228E-01   0.450E-01   0.661E-03   0.239E-02
   0.669E-01  -0.693E-02  -0.184E-01  -0.307E-02   0.197E-02
  -0.123E+00  -0.997E-03   0.367E-02  -0.325E-02  -0.787E-02   0.275E-02
   0.297E-01   0.302E-03  -0.201E-02   0.129E-02   0.162E-02  -0.329E+00   0.267E-02


 VARIANCES ARE IN THE MAIN DIAGONAL; 
 OFF-DIAGONAL ELEMENTS ARE CORRELATIONS. 



ACF DIFFERENCED SERIES




 AUTOCORRELATIONS
 ----------------
     -0.3866  -0.0915   0.0742  -0.0822   0.0429  -0.0291  -0.0198   0.0587  -0.0172   0.0338   0.1836  -0.3715
 SE   0.0671   0.0765   0.0770   0.0773   0.0777   0.0778   0.0779   0.0779   0.0781   0.0781   0.0782   0.0801
      0.0437   0.1122   0.0050   0.0168  -0.0595   0.0908  -0.0176  -0.0315  -0.0187   0.0388  -0.0127  -0.1084
 SE   0.0875   0.0876   0.0882   0.0882   0.0883   0.0884   0.0889   0.0889   0.0889   0.0889   0.0890   0.0890
      0.0883   0.0005  -0.0876   0.0341   0.0890  -0.0589  -0.1011   0.1091   0.0301  -0.1031  -0.0073   0.0818
 SE   0.0896   0.0900   0.0900   0.0904   0.0904   0.0908   0.0910   0.0915   0.0921   0.0921   0.0927   0.0927
  
  
  NUMBER OF WHITE NOISE RESIDUALS          215
  
 WHITE NOISE RESIDUALS
  

 YEAR        JAN       FEB       MAR       APR       MAY       JUN       JUL       AUG       SEP       OCT       NOV       DEC 

 2006                                                                                       0.040     0.075     0.085    -0.039
 2007      -0.001    -0.077    -0.033    -0.043     0.084    -0.053     0.017     0.051     0.017    -0.014    -0.069    -0.116
 2008       0.046    -0.033    -0.015     0.008    -0.057     0.043    -0.057    -0.131     0.065    -0.009     0.066    -0.048
 2009       0.020    -0.105    -0.069    -0.088    -0.083    -0.027     0.002    -0.036     0.032     0.021     0.137     0.012
 2010       0.045     0.029    -0.057    -0.045     0.063    -0.037    -0.053     0.037    -0.013     0.038    -0.052    -0.115
 2011       0.046     0.060     0.136    -0.010    -0.010    -0.031    -0.007     0.080    -0.086    -0.066    -0.133    -0.000
 2012      -0.021    -0.069    -0.004     0.005    -0.020    -0.056     0.043    -0.070     0.005    -0.003    -0.060    -0.024
 2013      -0.031     0.046    -0.044    -0.016     0.054     0.013     0.066    -0.021     0.022     0.010     0.041    -0.028
 2014       0.074     0.017    -0.028    -0.021    -0.003    -0.001     0.050    -0.065    -0.004     0.076    -0.045     0.052
 2015       0.011     0.044     0.048    -0.013     0.100    -0.009    -0.002     0.006    -0.028     0.043    -0.013    -0.001
 2016      -0.019     0.035    -0.009    -0.033     0.004    -0.016    -0.003     0.178    -0.028    -0.050     0.066     0.183
 2017      -0.105    -0.023     0.030    -0.086     0.020     0.027     0.006     0.160    -0.050    -0.029    -0.005     0.061
 2018      -0.102    -0.005    -0.028     0.012     0.070     0.051    -0.056     0.066     0.016    -0.060    -0.035    -0.006
 2019      -0.042     0.005    -0.022     0.010     0.044    -0.066    -0.038     0.128    -0.056     0.031    -0.006     0.008
 2020      -0.010    -0.080     0.027    -0.004    -0.034     0.024     0.083     0.047    -0.075     0.027    -0.006    -0.060
 2021       0.154     0.020     0.021    -0.074     0.082     0.015    -0.005    -0.029     0.067    -0.015     0.051    -0.045
 2022      -0.023     0.042     0.056     0.172     0.000     0.011    -0.023    -0.013     0.040    -0.010     0.045     0.090
 2023      -0.021    -0.050    -0.003    -0.089    -0.028     0.066    -0.014     0.018     0.015    -0.020     0.066    -0.144
 2024      -0.036    -0.039    -0.094    -0.055    -0.035    -0.045    -0.052
 
 
  STABILITY TEST
 
 
     1. FULL PERIOD
                  FIRST HALF                    SECOND HALF
           Mean(t)          Variance      Mean(t)          Variance
      -0.42E-02(-0.79    )  0.30E-02  0.23E-02( 0.41    )  0.35E-02
 
      Mean assumed equal to 0
      VR(variance ratio)=  1.2    
 
      MEAN STABILITY IS NOT REJECTED.
      VARIANCE STABILITY IS NOT REJECTED.


 
     2. LAST 10 YEARS
                  FIRST HALF                    SECOND HALF
           Mean(t)          Variance      Mean(t)          Variance
       0.63E-02( 0.83    )  0.34E-02  0.12E-02( 0.16    )  0.34E-02
 
      Mean assumed equal to 0
      VR(variance ratio)=  1.0    
 
      LAST 10 YEARS MEAN STABILITY IS NOT REJECTED.
      LAST 10 YEARS VARIANCE STABILITY IS NOT REJECTED.


 
  OUT-OF-SAMPLE TEST
  ------------------
      Model re-estimated on Linearized series for first 217 observations.
       18 One-Period-Ahead Forecasts computed with model fixed.
      Comparison between forecast errors (last   18 observations) and residuals (in-sample):

        Mean(Forecast Errors)
            p-value= 0.0157
            Mean of forecast errors can be assumed zero.

        Out-of-Sample MSE is :  0.3624E-02
        In-Sample MSE is :  0.3170E-02
        F( 18,204) is :  0.114E+01
            p-value(%)=31.3022

        Mean and Variance of forecast Errors and In-Sample residuals ARE NOT significantly different.


 TEST-STATISTICS ON RESIDUALS
 ----------------------------


           MEAN=  -0.9053299E-03
        ST.DEV.=   0.3893214E-02
        OF MEAN
        T-VALUE= -0.2325

 NORMALITY TEST=   13.73        ( CHI-SQUARE(2) )

       SKEWNESS=  0.4738          ( SE =  0.1671 )
       KURTOSIS=  3.7966          ( SE =  0.3341 )

 SUM OF SQUARES=   0.6600305    

  DURBIN-WATSON=  2.1882

 STANDARD ERROR=   0.5759930E-01
 OF RESID.
  MSE OF RESID.=   0.3317679E-02




 AUTOCORRELATIONS
 ----------------
     -0.0335   0.0152   0.0718  -0.0244  -0.0024  -0.0193  -0.0340   0.0354   0.0453   0.0684  -0.0272   0.0804
 SE   0.0682   0.0682   0.0682   0.0682   0.0682   0.0682   0.0682   0.0682   0.0682   0.0682   0.0682   0.0682
 Q      0.25     0.30     1.43     1.56     1.56     1.65     1.90     2.19     2.65     3.72     3.89     5.37
 PV    -1.00    -1.00     0.23     0.46     0.67     0.80     0.86     0.90     0.92     0.88     0.92     0.86
     -0.0996   0.0934   0.0635   0.0262   0.0123   0.0435  -0.0517  -0.0119  -0.0140  -0.0131  -0.1227  -0.0676
 SE   0.0682   0.0682   0.0682   0.0682   0.0682   0.0682   0.0682   0.0682   0.0682   0.0682   0.0682   0.0682
 Q      7.67     9.69    10.63    10.79    10.83    11.28    11.92    11.95    12.00    12.04    15.69    16.81
 PV     0.74     0.64     0.64     0.70     0.76     0.79     0.81     0.85     0.89     0.91     0.79     0.77
     -0.0507  -0.0122  -0.0658   0.0072   0.0820  -0.0355  -0.0814   0.0681  -0.0225  -0.0240  -0.0407   0.0326
 SE   0.0682   0.0682   0.0682   0.0682   0.0682   0.0682   0.0682   0.0682   0.0682   0.0682   0.0682   0.0682
 Q     17.44    17.48    18.55    18.56    20.25    20.57    22.25    23.43    23.56    23.71    24.14    24.42
 PV     0.79     0.83     0.82     0.85     0.82     0.84     0.81     0.80     0.83     0.85     0.87     0.89

  LJUNG-BOX Q VALUE OF ORDER  24 IS     16.81 AND IF RESIDUALS ARE RANDOM IT SHOULD BE DISTRIBUTED AS CHI-SQUARE(22)
  p-value= 0.7737
  THE PIERCE QS VALUE IS      1.49 AND IF RESIDUALS ARE RANDOM IT SHOULD BE DISTRIBUTED AS CHI-SQUARE(2)

 APPROXIMATE TEST OF RUNS ON RESIDUALS
 -------------------------------------
  NUM.DATA= 215
   NUM.(+)= 108
   NUM.(-)= 107
  NUM.RUNS= 120
   T-VALUE=  1.6407


  NON-PARAMETRIC TEST FOR RESIDUAL SEASONALITY (FRIEDMAN) SEAS_NP =      6.32
    ASYMP. DISTRIBUTED AS CHI-SQUARE(11)
    p-value= 0.8511



 SQUARED RESIDUALS:
 ------------------




 AUTOCORRELATIONS
 ----------------
     -0.0087  -0.1039  -0.0327   0.1185  -0.0405  -0.0540  -0.0248   0.1918  -0.0123  -0.0970  -0.0365   0.1166
 SE   0.0682   0.0682   0.0682   0.0682   0.0682   0.0682   0.0682   0.0682   0.0682   0.0682   0.0682   0.0682
 Q      0.02     2.38     2.61     5.72     6.08     6.73     6.87    15.16    15.20    17.34    17.64    20.77
 PV    -1.00    -1.00     0.11     0.06     0.11     0.15     0.23     0.02     0.03     0.03     0.04     0.02
     -0.0507  -0.0724   0.1087  -0.0413  -0.0125  -0.1052  -0.0072   0.0402  -0.0097  -0.0106   0.0117   0.0525
 SE   0.0682   0.0682   0.0682   0.0682   0.0682   0.0682   0.0682   0.0682   0.0682   0.0682   0.0682   0.0682
 Q     21.36    22.58    25.33    25.73    25.77    28.39    28.41    28.79    28.81    28.84    28.87    29.55
 PV     0.03     0.03     0.02     0.03     0.04     0.03     0.04     0.05     0.07     0.09     0.12     0.13
     -0.0803  -0.0750  -0.0153  -0.0562  -0.0590  -0.0111   0.0370   0.0716  -0.0352  -0.0497   0.0074   0.0714
 SE   0.0682   0.0682   0.0682   0.0682   0.0682   0.0682   0.0682   0.0682   0.0682   0.0682   0.0682   0.0682
 Q     31.13    32.52    32.58    33.37    34.24    34.27    34.62    35.93    36.24    36.88    36.90    38.22
 PV     0.12     0.11     0.14     0.15     0.16     0.19     0.22     0.21     0.24     0.25     0.29     0.28

  McLEOD-LI Q VALUE OF ORDER  24 IS     29.55 AND IF RESIDUALS ARE RANDOM IT SHOULD BE DISTRIBUTED AS CHI-SQUARE(24)
  p-value= 0.2002
 
 
 
SPECTRAL DIAGNOSTICS
 --------------------
 
A. SEASONAL SPECTRAL PEAKS
 
                           Frequency (cycles per year)
                     One    Two   Three  Four   Five    Six  
 Original series      -t     AT     AT     AT     AT     aT
 Linearized series    -t     AT     AT     AT     AT     aT
 Residuals            --     --     --     --     a-     --
 
 AT : peaks detected in AR(30) and using Tukey spectrum  estimator
 A- : only peaks detected in AR(30) spectrum estimator
 -T : only peaks detected using Tukey spectrum estimator
 -- : No peaks detected in AR(30) nor using Tukey spectrum estimator
 
 
 
B. STOCHASTIC SEASONALITY: SPECTRAL EVIDENCE
 
 1 :  SERIES CONTAINS SEASONALITY THAT CAN BE RELIABLY EXTRACTED.
 0 :  SEASONALITY IS NOT PRESENT IN THE SERIES OR IS TOO WEAK TO BE RELIABLY CAPTURED.
 
 ORIGINAL SERIES :   1
 LINEARIZED SERIES : 1
 RESIDUALS :         0
 
 
 
C. TRADING DAY EFFECT: SPECTRAL EVIDENCE
 
 1 :  TRADING DAY EFFECT DETECTED
 0 :  NO TRADING DAY EFFECT DETECTED
 
 LINEARIZED SERIES : 0
 RESIDUALS :         0
 
 
OVERALL TEST FOR IDENTIFIABLE SEASONALITY 
----------------------------------------- 
 
  AUTOCORRELATION FUNCTION EVIDENCE : YES
  NON-PARAMETRIC EVIDENCE           : YES
  F-TEST                            :  - 
  SPECTRAL EVIDENCE                 : YES
 
IDENTIFIABLE SEASONALITY FOUND IN SERIES
 
 
OVERALL TEST FOR RESIDUALS SEASONALITY 
----------------------------------------- 
 
  AUTOCORRELATION FUNCTION EVIDENCE : NO 
  NON-PARAMETRIC EVIDENCE           : NO 
  F-TEST                            : NO 
  SPECTRAL EVIDENCE                 : NO 
 
NO IDENTIFIABLE SEASONALITY FOUND IN RESIDUALS
 
 
ARIMA MODEL : MILDLY POOR FIT
-----------------------------
 
QUALITY ARIMA MODEL TESTS
----------------------------------------

  Mean in residuals                      :GOOD        
  Autocorrelation in residuals           :GOOD        
  Normality of residuals                 :ACCEPTABLE  
  Skewness of residuals                  :MILDLY POOR 
  Kurtosis of residuals                  :GOOD        
  Randomness of residual sign            :GOOD        
  Instability of residual mean           :GOOD        
  Instability of residual variance       :GOOD        
  Seasonality in residuals               :GOOD        
  Trading day in residuals               :GOOD        
  Out-of-sample forecast errors          :GOOD        
  Number of outliers                     :GOOD        
 


 LINEAR SERIES


 YEAR        JAN       FEB       MAR       APR       MAY       JUN       JUL       AUG       SEP       OCT       NOV       DEC 

 2005      61.895    76.513    90.811    86.014    89.107   100.117    98.578    48.530    88.620    85.764    86.848   116.978
 2006      63.595    80.911    99.899    89.291    92.434   102.409    97.894    52.263    97.241   100.406   106.984   128.465
 2007      72.609    83.401   102.348    91.590   107.286   106.666   109.194    58.674   106.561   103.731   100.763   117.714
 2008      74.039    84.412   103.218    95.720    97.074   112.680   102.122    48.069   102.579    96.569   105.630   118.700
 2009      72.218    76.297    92.335    80.496    82.854    92.915    91.242    44.463    90.047    88.080   103.913   115.890
 2010      70.511    81.726    92.139    82.336    95.104    97.124    91.194    49.043    92.013    94.163    93.501   101.084
 2011      67.111    80.218   106.110    87.225    93.488    98.666    96.025    53.281    89.752    87.333    83.586   104.500
 2012      62.164    68.395    86.844    77.220    81.200    83.594    87.076    41.091    80.558    78.765    76.546    90.974
 2013      54.081    66.446    76.208    68.064    77.661    81.222    84.419    40.412    79.101    77.497    81.623    91.200
 2014      60.181    68.356    79.807    70.459    77.177    82.039    85.686    39.131    77.169    81.982    76.719    96.700
 2015      58.224    70.165    86.345    73.328    88.802    87.986    88.610    43.956    81.691    86.574    83.784    99.875
 2016      59.987    73.469    86.245    73.653    83.854    86.172    87.126    51.413    85.623    83.712    91.915   125.800
 2017      61.866    75.996    95.433    75.110    90.146    95.394    94.990    56.820    91.053    91.495    94.295   122.709
 2018      62.261    78.408    92.734    81.539    98.501   103.922    95.613    55.837    98.089    91.827    93.799   117.762
 2019      64.185    79.715    93.794    82.535    98.501    94.094    92.900    58.237    91.357    96.409    96.027   120.500
 2020      66.724    75.091    97.130    82.191    92.195    99.135   104.671    58.107    91.305    98.381    97.684   114.847
 2021      77.807    86.410   106.265    83.863   109.414   109.709   108.228    58.651   108.805   104.771   112.480   128.248
 2022      74.989    93.297   117.534   114.038   121.510   126.535   122.518    67.831   123.472   120.032   129.296   166.701
 2023      90.222   103.338   130.506   103.925   123.274   138.232   130.276    73.925   130.249   126.245   141.194   144.681
 2024      86.895   100.886   116.111    98.902   115.017   118.205   112.786


  AUTOCORRELATION FUNCTION TEST FOR SEASONALITY IN LINEARIZEDSERIES QS =   403.61  ASIMPTOTICALLY DISTRIBUTED AS CHI-SQUARE(2)
    p-value= 0.0000


  NON-PARAMETRIC TEST FOR SEASONALITY IN LINEARIZED SERIES (FRIEDMAN) SEAS_NP =    196.07
    ASYMP. DISTRIBUTED AS CHI-SQUARE(11)
    p-value= 0.0000


TOTAL OUTLIER EFFECT FACTORS


 YEAR        JAN       FEB       MAR       APR       MAY       JUN       JUL       AUG       SEP       OCT       NOV       DEC 

 2005     121.134   121.134   121.134   121.134   121.134   121.134   121.134   121.134   121.134   121.134   121.134   121.134
 2006     121.134   121.134   121.134   121.134   121.134   121.134   121.134   121.134   121.134   121.134   121.134   121.134
 2007     121.134   121.134   121.134   121.134   121.134   121.134   121.134   121.134   121.134   121.134   121.134   121.134
 2008     121.134   121.134   121.134   121.134   121.134   121.134   121.134   121.134   121.134   121.134   100.000   100.000
 2009     100.000   100.000   100.000   100.000   100.000   100.000   100.000   100.000   100.000   100.000   100.000   100.000
 2010     100.000   100.000   100.000   100.000   100.000   142.224   100.000    77.573   100.000   100.000   100.000   100.000
 2011     100.000   100.000   100.000   100.000   100.000   100.000   100.000   100.000   100.000   100.000   100.000   100.000
 2012     100.000   100.000   100.000   100.000   100.000   100.000   100.000   100.000   100.000   100.000   100.000   100.000
 2013     100.000   100.000   100.000   100.000   100.000   100.000   100.000   100.000   100.000   100.000   100.000   100.000
 2014     100.000   100.000   100.000   100.000   100.000   100.000   100.000   100.000   100.000   100.000   100.000   100.000
 2015     100.000   100.000   100.000   100.000   100.000   119.014   100.000   100.000   100.000   100.000   100.000   100.000
 2016     100.000   100.000   100.000   100.000   100.000   100.000   100.000   100.000   100.000   100.000   100.000   100.000
 2017     100.000   100.000   100.000   100.000   100.000   100.000   100.000   100.000   100.000   100.000   100.000   100.000
 2018     100.000   100.000   100.000   100.000   100.000   100.000   100.000   100.000   100.000   100.000   100.000   100.000
 2019     100.000   100.000   100.000   100.000   100.000   100.000   100.000   100.000   100.000   100.000   100.000   100.000
 2020     100.000   100.000    63.821    43.135    80.247    85.724    89.778    92.730    94.854    96.369    97.444    98.204
 2021      98.739    99.116    99.380    99.566    99.696    99.787    99.851    99.896    99.927    99.949    99.964    99.975
 2022      99.982    99.988    99.991    99.994    99.996    99.997    99.998    99.999    99.999    99.999   100.000   100.000
 2023     100.000   100.000   100.000   100.000   100.000   100.000   100.000   100.000   100.000   100.000   100.000   100.000
 2024     100.000   100.000   100.000   100.000   100.000   100.000   100.000


TOTAL REGRESSION EFFECT FACTORS


 YEAR        JAN       FEB       MAR       APR       MAY       JUN       JUL       AUG       SEP       OCT       NOV       DEC 

 2005      97.898    99.479   100.179   100.200   101.724   100.845    96.641   101.724   101.724    96.641   100.854   100.000
 2006     100.863    99.479   103.213    94.395   101.724   100.845    96.641   101.724    98.734    99.568   100.854    94.207
 2007     103.918    99.479   100.179    97.255   101.724   100.845    99.568   101.724    95.831   102.584   100.854    97.060
 2008     103.918   102.492    94.376   103.235    98.734    97.880   102.584    95.831   101.724   102.584    97.889   100.000
 2009      97.898    99.479   100.179   103.235    95.831   100.845   102.584    98.734   101.724    99.568   100.854   103.029
 2010      95.020    99.479   103.213   103.235    98.734   100.845    99.568   101.724   101.724    96.641   100.854   106.149
 2011      97.898    99.479   100.179   100.200   101.724   100.845    96.641   101.724   101.724    96.641   100.854   100.000
 2012     100.863   102.492   100.179    97.255   101.724   100.845    99.568   101.724    95.831   102.584   100.854    97.060
 2013     103.918    99.479    97.234   100.200   101.724    97.880   102.584    98.734    98.734   102.584    97.889   100.000
 2014     100.863    99.479    97.234   100.200    98.734    97.880   102.584    95.831   101.724   102.584    97.889   100.000
 2015      97.898    99.479   100.179   103.235    95.831   100.845   102.584    98.734   101.724    99.568   100.854   103.029
 2016      95.020   102.492   100.179   100.200   101.724   100.845    96.641   101.724   101.724    96.641   100.854   100.000
 2017     100.863    99.479   103.213    94.395   101.724   100.845    96.641   101.724    98.734    99.568   100.854    94.207
 2018     103.918    99.479   100.179    97.255   101.724   100.845    99.568   101.724    95.831   102.584   100.854    97.060
 2019     103.918    99.479    97.234   100.200   101.724    97.880   102.584    98.734    98.734   102.584    97.889   100.000
 2020     100.863    99.479   100.179   103.235    95.831   100.845   102.584    98.734   101.724    99.568   100.854   103.029
 2021      95.020    99.479   103.213   103.235    98.734   100.845    99.568   101.724   101.724    96.641   100.854   106.149
 2022      97.898    99.479   103.213    97.255   101.724   100.845    96.641   101.724   101.724    96.641   100.854   100.000
 2023     100.863    99.479   103.213    94.395   101.724   100.845    96.641   101.724    98.734    99.568   100.854    94.207
 2024     103.918   102.492    97.234   100.200   101.724    97.880   102.584
 
 
 
 FORECAST FUNCTION OF ORIGINAL SERIES: 
  
ORIGIN: 235 PERIODS AHEAD: 24
  
 OBS    DATE         FORECAST          STD ERROR        FORECAST          STD ERROR   
                        (SERIES IN LOGS)                     (SERIES IN LEVELS)       
 236  Aug-2024       4.15772          0.558031E-01       63.9259           3.57004    
 237  Sep-2024       4.71978          0.600825E-01       112.144           6.74396    
 238  Oct-2024       4.75098          0.641169E-01       115.698           7.42581    
 239  Nov-2024       4.75374          0.679951E-01       116.018           7.89778    
 240  Dec-2024       4.94239          0.714559E-01       140.105           10.0241    
 241  Jan-2025       4.40540          0.748825E-01       81.8916           6.14086    
 242  Feb-2025       4.55413          0.781825E-01       95.0238           7.44056    
 243  Mar-2025       4.72847          0.814943E-01       113.123           9.23418    
 244  Apr-2025       4.60000          0.843780E-01       99.4844           8.40925    
 245  May-2025       4.73557          0.872943E-01       113.929           9.96429    
 246  Jun-2025       4.77143          0.901280E-01       118.088           10.6647    
 247  Jul-2025       4.79352          0.928136E-01       120.726           11.2292    
 248  Aug-2025       4.14517          0.990409E-01       63.1281           6.26763    
 249  Sep-2025       4.76690          0.102371           117.554           12.0658    
 250  Oct-2025       4.76826          0.105895           117.714           12.5004    
 251  Nov-2025       4.77102          0.109346           118.040           12.9459    
 252  Dec-2025       4.95967          0.112531           142.547           16.0919    
 253  Jan-2026       4.39284          0.115810           80.8696           9.39696    
 254  Feb-2026       4.57141          0.118840           96.6799           11.5301    
 255  Mar-2026       4.77559          0.121854           118.580           14.5033    
 256  Apr-2026       4.64712          0.124874           104.284           13.0733    
 257  May-2026       4.72301          0.127862           112.507           14.4443    
 258  Jun-2026       4.81855          0.130466           123.785           16.2188    
 259  Jul-2026       4.81080          0.133237           122.830           16.4384    
