
                                        PROGRAM TRAMO+

             (based on program TRAMO, Victor Gomez and Agustin Maravall©,1996)

         Developed at the Bank of Spain by Gianluca Caporello and Agustin Maravall,
         with programming support from Domingo Pérez Cañete and Roberto López Pavón.

                 VERSION: 1.0 (Revision: 942  Build: 2017/09/25 09:39:13)


 SERIES TITLE=DIVIZ30                                                                         

 INPUT PARAMETERS
   lam= 0   imean= 0   ireg= 3   seats= 2   int2=235   rsa= 0   modelsumm= 1   va=   3.762
 
  WARNING :
    Remember to define the regression variable name in the first line of the external regression file.
   Name : NOT DEFINED.
   Reglist01
    Iuser=-1   Nser= 1   Ilong= 312
 
   Name : NOT DEFINED.
   Reglist02
    Iuser= 2   Nser= 2   Ilong=   0
 
   Fixed Outliers:
   #Observ. Type
     184     AO
     101     AO
 

 NUMBER OF OBSERVATIONS: 235


 ORIGINAL SERIES 

 YEAR        JAN       FEB       MAR       APR       MAY       JUN       JUL       AUG       SEP       OCT       NOV       DEC 

 2005      54.500    62.900    80.900    90.700    80.300   117.000    75.400    25.600    82.700    80.600    78.200    75.000
 2006      56.900    66.500    96.200    65.200    89.600    92.900    80.300    35.800    71.000    96.800   118.700    96.000
 2007      45.600    73.000   104.600    77.500    97.600   122.700    95.900    51.000    77.500   103.800    82.900   143.500
 2008      84.800    63.300   105.200   114.000    89.000   122.000    93.400    49.000    80.200    75.500    67.400   166.900
 2009      48.500    74.100    74.500   130.300    92.800    96.700    74.700    33.600    92.400    67.200    67.400   155.000
 2010      45.400    91.700    82.900    72.600    73.700   161.400    74.600    46.300    56.800    61.000    64.900   147.500
 2011      42.600    86.800    75.800    72.900    93.500   163.900   104.100    47.900    68.400    55.800    65.600   115.700
 2012      45.600    55.900    80.900    70.800    94.700   140.300    87.500    36.200    98.100    62.300   108.600   121.200
 2013      42.200    55.200    67.400    70.700   177.000   103.200    81.100    60.000    65.300    59.200    50.600   166.300
 2014      42.100    84.300   109.900    76.300    83.300   105.500    94.100    23.600    69.800    54.100    72.500   216.400
 2015      38.200    63.500   111.700   103.400    90.500   134.100    92.900    41.600    76.500    81.800   100.500   151.700
 2016      50.300    69.200   116.700    95.100   113.600   126.800   128.300    46.200   109.600    71.400   101.200   135.500
 2017      40.500    70.700   114.800    98.700   153.100   133.700    82.800    41.100    81.400    69.500    95.100   146.800
 2018      53.000    66.500    99.000    98.700   102.500   154.500    81.000    65.100    90.400    82.500    76.800   108.600
 2019      61.100    77.900   111.100   107.300   104.900   130.800   104.300    62.900    97.100    79.800   105.500   127.300
 2020      59.500    75.000    76.400    37.200    84.300   128.100   111.400    61.400   111.600    80.200    87.000   120.500
 2021      43.400    67.700   118.800   113.600   100.400   136.900   117.000    68.200    97.500    78.000    97.000   161.700
 2022      70.700   123.500   142.000   117.600   131.500   139.300   100.200    90.800   136.600    96.200   115.300   227.800
 2023      77.900   107.400   145.000   117.300   157.800   197.900   132.000    76.800   135.100   121.100    97.500   165.100
 2024      68.700   111.700   143.300   134.800   142.200   167.100   110.800


 MODEL PARAMETERS            
 ----------------
  MQ= 12         IMEAN=  0      LAM=  0      D=  1       BD=  1
  P=  0          BP=  0         Q=  1        BQ=  1      IREG=  3
  ITRAD=  0      SMPDAY=  0     IEAST=  0      IDUR=  6     M= 36       IQM= 24
  INCON=  0      NBACK=  0      NPRED= 24    INTERP=  2  INIT=  0
  IFILT=  2      IROOT=  2    INIC=  0    ICONCE=  1
  ICDET=  1      IATIP=  0      IMVX=  0     IDIF=  0    PG=  0
  AIO=  2        INT1=  1       INT2= 235    RSA=  0     SEATS=  2
  VA= 3.76       TOL=  0.100E-03             PC=  0.120E+00
  NOADMISS= 1    STOCHTD 0    BIAS= 1
  THLIM=  0.000  BTHLIM=  0.000   RMOD=  0.500



TH =        -0.10

BTH =        -0.10

WARNING: When adjusting for degrees of freedom in
 order to compute white-noise residuals, the Housholder
 transformation contains an element of arbitrariness 
 that, when multiple regressors are entered, may produce
 a slight variation in results when the order in which
 regressors are entered changes



NUMBER OF INITIAL OBS. =  13

Log-Level pretest : LOGS are Selected
 DIFFERENCED TRANSFORMED SERIES

 YEAR        JAN       FEB       MAR       APR       MAY       JUN       JUL       AUG       SEP       OCT       NOV       DEC 

 2006                 0.013     0.118    -0.503     0.440    -0.340     0.294     0.272    -0.488     0.336     0.234    -0.170
 2007      -0.468     0.315    -0.010     0.089    -0.087     0.193    -0.101     0.176    -0.266    -0.018    -0.429     0.761
 2008       0.218    -0.763     0.148     0.380    -0.478     0.087    -0.021    -0.014     0.074    -0.353     0.111     0.358
 2009      -0.710     0.716    -0.503     0.479    -0.092    -0.274     0.009    -0.154     0.519    -0.258     0.116    -0.074
 2010       0.008     0.279    -0.106    -0.692     0.354     0.743    -0.514     0.322    -0.807     0.390     0.059    -0.012
 2011      -0.014     0.009    -0.035     0.094     0.234    -0.223     0.318    -0.299     0.152    -0.275     0.100    -0.254
 2012       0.311    -0.508     0.505    -0.094     0.042    -0.168    -0.018    -0.106     0.641    -0.250     0.394    -0.458
 2013      -0.124     0.065    -0.170     0.181     0.627    -0.933     0.231     0.581    -0.912     0.356    -0.713     1.080
 2014      -0.319     0.426     0.066    -0.413    -0.830     0.776     0.127    -1.082     1.000    -0.157     0.450    -0.096
 2015      -0.361    -0.186     0.300     0.288    -0.221     0.157    -0.253     0.580    -0.475     0.322    -0.087    -0.682
 2016       0.630    -0.189    -0.042    -0.127     0.311    -0.283     0.379    -0.218     0.255    -0.496     0.143    -0.120
 2017      -0.104     0.238    -0.038     0.054     0.261    -0.245    -0.491     0.321    -0.180     0.270    -0.035     0.142
 2018       0.189    -0.330    -0.087     0.148    -0.401     0.546    -0.167     0.482    -0.355     0.067    -0.385    -0.088
 2019       0.444     0.016    -0.043    -0.032    -0.060    -0.190     0.419    -0.287     0.106    -0.105     0.351    -0.159
 2020      -0.185    -0.011    -0.337    -0.685     0.841     0.198     0.087    -0.090     0.163    -0.134    -0.198     0.138
 2021      -0.261     0.213     0.544     0.675    -0.942    -0.108    -0.017     0.056    -0.240     0.107     0.137     0.185
 2022       0.194     0.113    -0.423    -0.144     0.235    -0.252    -0.172     0.441     0.051    -0.127    -0.037     0.170
 2023      -0.246    -0.237     0.161    -0.023     0.185     0.169    -0.075    -0.443     0.156     0.241    -0.398    -0.154
 2024       0.196     0.165    -0.051     0.151    -0.243    -0.065    -0.006




 AUTOCORRELATIONS
 ----------------
     -0.5078   0.1195  -0.1535   0.0315  -0.0069   0.0019  -0.0038  -0.0425   0.1231  -0.0356   0.2056  -0.4465
 SE   0.0671   0.0826   0.0834   0.0847   0.0847   0.0847   0.0847   0.0847   0.0848   0.0856   0.0857   0.0879
      0.2797  -0.1465   0.0213   0.1247  -0.0071  -0.0173  -0.0637   0.0840  -0.0808   0.0618  -0.0685  -0.0161
 SE   0.0976   0.1011   0.1021   0.1021   0.1028   0.1028   0.1028   0.1030   0.1033   0.1036   0.1037   0.1039
      0.0409   0.0100   0.0861  -0.1928   0.0809   0.0351   0.0518  -0.1122   0.0824  -0.1030   0.0712   0.0426
 SE   0.1039   0.1040   0.1040   0.1043   0.1059   0.1062   0.1063   0.1064   0.1069   0.1072   0.1076   0.1078


 PARTIAL AUTOCORRELATIONS
 ---------------------
     -0.5078  -0.1864  -0.2460  -0.2272  -0.1820  -0.1781  -0.1829  -0.2597  -0.1097  -0.0590   0.3211  -0.1752
 SE   0.0671   0.0671   0.0671   0.0671   0.0671   0.0671   0.0671   0.0671   0.0671   0.0671   0.0671   0.0671
     -0.0286  -0.0334  -0.2400  -0.0172   0.1036   0.0655  -0.0489   0.0088   0.0311   0.0988   0.2561  -0.1218
 SE   0.0671   0.0671   0.0671   0.0671   0.0671   0.0671   0.0671   0.0671   0.0671   0.0671   0.0671   0.0671
      0.0101  -0.1054  -0.1162  -0.1559  -0.1600  -0.0281   0.0255  -0.0602  -0.0165  -0.0337   0.0466  -0.0362
 SE   0.0671   0.0671   0.0671   0.0671   0.0671   0.0671   0.0671   0.0671   0.0671   0.0671   0.0671   0.0671
  
 ARIMA MODEL ESTIMATION 
  
 METHOD OF ESTIMATION: EXACT MAXIMUM LIKELIHOOD           
  
 PARAMETER      ESTIMATE           STD ERROR      T RATIO   LAG  
  
 TH1         -0.89019           0.31509E-01      -28.25      1
 BTH         -0.80786           0.40761E-01      -19.82     12
  
 
 REGULAR MA INVERSE ROOTS ARE 
 NO.     REAL P.     IMAG.P.     MODULUS    ARGUMENT      PERIOD
  1      0.89019       0.0000      0.89019       0.0000            -  
 
 SEASONAL MA INVERSE ROOTS ARE 
 NO.     REAL P.     IMAG.P.     MODULUS    ARGUMENT      PERIOD
  1      0.80786       0.0000      0.80786       0.0000            -  
  
 CORRELATIONS OF THE ESTIMATES 
  
  1.000   -0.241
 -0.241    1.000
  
 AIC 
     -71.256
  
 BIC 
     -3.1485
  
 FINAL VALUE OF OBJECTIVE FUNCTION: 
                9.0140    
  
 RADETN:    1.03367226951777     
 ITERATIONS:            3
  
  NUMBER OF FUNCTION EVALUATIONS:           11
  

 ESTIMATES OF REGRESSION PARAMETERS 
 CONCENTRATED OUT OF THE LIKELIHOOD 

 PARAMETER           VALUE          ST. ERROR     T VALUE
 REG      1          0.44227E-01    (     0.01419)    3.12
 OUT 1 (184)         -1.0476        (     0.18457)   -5.68   AO    ( 4 2020)
 OUT 2 (101)         0.68700        (     0.18250)    3.76   AO    ( 5 2013)

 VAR-CORRELATION MATRIX OF ESTIMATORS 

   0.201E-03
  -0.108E+00   0.341E-01
  -0.504E-01   0.243E-02   0.333E-01


 VARIANCES ARE IN THE MAIN DIAGONAL; 
 OFF-DIAGONAL ELEMENTS ARE CORRELATIONS. 



ACF DIFFERENCED SERIES




 AUTOCORRELATIONS
 ----------------
     -0.5136   0.1137  -0.1343   0.0143   0.0114  -0.0021  -0.0146  -0.0289   0.1143  -0.0426   0.2139  -0.4496
 SE   0.0671   0.0830   0.0837   0.0846   0.0846   0.0846   0.0846   0.0846   0.0847   0.0854   0.0855   0.0879
      0.2859  -0.1414   0.0137   0.1327  -0.0286  -0.0083  -0.0559   0.0759  -0.0855   0.0855  -0.0872  -0.0083
 SE   0.0977   0.1014   0.1023   0.1023   0.1030   0.1031   0.1031   0.1032   0.1035   0.1038   0.1041   0.1044
      0.0428  -0.0045   0.0892  -0.1874   0.0898   0.0267   0.0506  -0.1103   0.0840  -0.1168   0.0903   0.0345
 SE   0.1044   0.1045   0.1045   0.1048   0.1063   0.1067   0.1067   0.1068   0.1073   0.1076   0.1082   0.1085
  
  
  NUMBER OF WHITE NOISE RESIDUALS          219
  
 WHITE NOISE RESIDUALS
  

 YEAR        JAN       FEB       MAR       APR       MAY       JUN       JUL       AUG       SEP       OCT       NOV       DEC 

 2006                                               0.093    -0.179     0.074     0.269    -0.110     0.095     0.297     0.196
 2007      -0.341     0.060     0.109    -0.065     0.057     0.072     0.061     0.366    -0.068    -0.047    -0.262     0.370
 2008       0.243    -0.308     0.037     0.113    -0.146    -0.032    -0.130     0.209    -0.176    -0.394    -0.353     0.347
 2009      -0.277     0.020    -0.367     0.280     0.022    -0.258    -0.253    -0.177     0.121    -0.273    -0.218     0.218
 2010      -0.141     0.304    -0.172    -0.323    -0.156     0.418    -0.105     0.170    -0.382    -0.205    -0.150     0.126
 2011      -0.158     0.247    -0.116    -0.144     0.117     0.362     0.307     0.140    -0.141    -0.292    -0.136    -0.082
 2012      -0.110    -0.295     0.018    -0.066     0.133     0.155     0.064    -0.109     0.415    -0.185     0.411    -0.013
 2013      -0.252    -0.229    -0.150    -0.106     0.042    -0.133    -0.035     0.502    -0.140    -0.169    -0.356     0.367
 2014      -0.094     0.293     0.369    -0.062    -0.044    -0.132     0.076    -0.539    -0.042    -0.184     0.119     0.557
 2015      -0.156    -0.066     0.283     0.225     0.077     0.063     0.003     0.049    -0.034     0.217     0.245    -0.099
 2016       0.105    -0.126     0.165     0.043     0.117    -0.095     0.339    -0.011     0.226    -0.050     0.096    -0.246
 2017      -0.300    -0.073     0.032     0.131     0.352    -0.092    -0.231    -0.136    -0.068    -0.081     0.050     0.008
 2018      -0.002    -0.131    -0.081     0.070    -0.104     0.126    -0.219     0.386     0.077     0.030    -0.216    -0.353
 2019       0.166     0.059     0.083     0.068    -0.090    -0.049     0.020     0.288     0.058    -0.040     0.164    -0.231
 2020       0.085    -0.051    -0.402     0.000    -0.195    -0.084     0.108     0.224     0.159     0.021    -0.106    -0.261
 2021      -0.126    -0.090     0.132     0.078    -0.027    -0.015     0.161     0.214    -0.038     0.021     0.010     0.015
 2022       0.294     0.437     0.137     0.035     0.056    -0.152    -0.122     0.345     0.174     0.071     0.020     0.281
 2023       0.098     0.036    -0.010    -0.059     0.108     0.103     0.027    -0.051     0.046     0.127    -0.276    -0.101
 2024      -0.145    -0.006     0.039    -0.036    -0.055    -0.061    -0.244
 
 
  STABILITY TEST
 
 
     1. FULL PERIOD
                  FIRST HALF                    SECOND HALF
           Mean(t)          Variance      Mean(t)          Variance
      -0.72E-02(-0.33    )  0.52E-01  0.15E-01( 0.99    )  0.25E-01
 
      Mean assumed equal to 0
      VR(variance ratio)= 0.48    
 
      MEAN STABILITY IS NOT REJECTED.
      VARIANCE STABILITY IS REJECTED.


 
     2. LAST 10 YEARS
                  FIRST HALF                    SECOND HALF
           Mean(t)          Variance      Mean(t)          Variance
       0.12E-01( 0.48    )  0.35E-01  0.20E-01(  1.0    )  0.24E-01
 
      Mean assumed equal to 0
      VR(variance ratio)= 0.68    
 
      LAST 10 YEARS MEAN STABILITY IS NOT REJECTED.
      LAST 10 YEARS VARIANCE STABILITY IS NOT REJECTED.


      Residual mean and/or variance fail stability test for full period.
      Removing early years may improve stability.
      Test redone for last 10 years.

 
  OUT-OF-SAMPLE TEST
  ------------------
      Model re-estimated on Linearized series for first 217 observations.
       18 One-Period-Ahead Forecasts computed with model fixed.
      Comparison between forecast errors (last   18 observations) and residuals (in-sample):

        Mean(Forecast Errors)
            p-value= 0.4682
            Mean of forecast errors can be assumed zero.

        Out-of-Sample MSE is :  0.1301E-01
        In-Sample MSE is :  0.4054E-01
        F( 18,204) is :  0.321E+00
            p-value(%)=99.6512

        Mean and Variance of forecast Errors and In-Sample residuals ARE NOT significantly different.


 TEST-STATISTICS ON RESIDUALS
 ----------------------------


           MEAN=   0.3861570E-02
        ST.DEV.=   0.1321775E-01
        OF MEAN
        T-VALUE=  0.2922

 NORMALITY TEST=   1.680        ( CHI-SQUARE(2) )

       SKEWNESS=  0.2040          ( SE =  0.1655 )
       KURTOSIS=  2.8673          ( SE =  0.3310 )

 SUM OF SQUARES=    8.236558    

  DURBIN-WATSON=  1.9974

 STANDARD ERROR=   0.1971725    
 OF RESID.
  MSE OF RESID.=   0.3887701E-01




 AUTOCORRELATIONS
 ----------------
      0.0146  -0.0012  -0.1106   0.0129  -0.0200   0.0329  -0.0265   0.0325   0.0524   0.0361  -0.0094   0.0868
 SE   0.0676   0.0676   0.0676   0.0676   0.0676   0.0676   0.0676   0.0676   0.0676   0.0676   0.0676   0.0676
 Q      0.05     0.05     2.79     2.83     2.92     3.16     3.32     3.57     4.20     4.50     4.52     6.29
 PV    -1.00    -1.00     0.09     0.24     0.40     0.53     0.65     0.74     0.76     0.81     0.87     0.79
      0.0360  -0.0934   0.0043   0.1621   0.0693   0.0528  -0.0887  -0.0532  -0.0853  -0.0857  -0.1269   0.0039
 SE   0.0676   0.0676   0.0676   0.0676   0.0676   0.0676   0.0676   0.0676   0.0676   0.0676   0.0676   0.0676
 Q      6.59     8.65     8.65    14.92    16.07    16.75    18.65    19.34    21.12    22.92    26.90    26.90
 PV     0.83     0.73     0.80     0.38     0.38     0.40     0.35     0.37     0.33     0.29     0.17     0.21
     -0.0099  -0.0350  -0.0216  -0.0611   0.0517   0.1114   0.0059  -0.1113  -0.0113  -0.0714   0.0238   0.0582
 SE   0.0676   0.0676   0.0676   0.0676   0.0676   0.0676   0.0676   0.0676   0.0676   0.0676   0.0676   0.0676
 Q     26.93    27.23    27.35    28.30    28.98    32.16    32.16    35.37    35.41    36.74    36.89    37.78
 PV     0.26     0.29     0.34     0.34     0.36     0.27     0.31     0.23     0.27     0.26     0.29     0.30

  LJUNG-BOX Q VALUE OF ORDER  24 IS     26.90 AND IF RESIDUALS ARE RANDOM IT SHOULD BE DISTRIBUTED AS CHI-SQUARE(22)
  p-value= 0.2150
  THE PIERCE QS VALUE IS      1.77 AND IF RESIDUALS ARE RANDOM IT SHOULD BE DISTRIBUTED AS CHI-SQUARE(2)

 APPROXIMATE TEST OF RUNS ON RESIDUALS
 -------------------------------------
  NUM.DATA= 219
   NUM.(+)= 110
   NUM.(-)= 109
  NUM.RUNS= 108
   T-VALUE= -0.2709


  NON-PARAMETRIC TEST FOR RESIDUAL SEASONALITY (FRIEDMAN) SEAS_NP =     13.41
    ASYMP. DISTRIBUTED AS CHI-SQUARE(11)
    p-value= 0.2674



 SQUARED RESIDUALS:
 ------------------




 AUTOCORRELATIONS
 ----------------
     -0.0044  -0.0093   0.0280   0.2129  -0.0232  -0.0382   0.0121  -0.0385   0.0734   0.0153   0.0370   0.1953
 SE   0.0676   0.0676   0.0676   0.0676   0.0676   0.0676   0.0676   0.0676   0.0676   0.0676   0.0676   0.0676
 Q      0.00     0.02     0.20    10.41    10.53    10.86    10.89    11.23    12.48    12.53    12.85    21.77
 PV    -1.00    -1.00     0.66     0.01     0.01     0.03     0.05     0.08     0.09     0.13     0.17     0.02
      0.0580   0.0261   0.0999   0.1227  -0.0541  -0.0297   0.0556  -0.0506   0.0087  -0.0357   0.1376  -0.0201
 SE   0.0676   0.0676   0.0676   0.0676   0.0676   0.0676   0.0676   0.0676   0.0676   0.0676   0.0676   0.0676
 Q     22.56    22.72    25.09    28.68    29.38    29.59    30.34    30.96    30.98    31.29    35.97    36.07
 PV     0.02     0.03     0.02     0.01     0.01     0.02     0.02     0.03     0.04     0.05     0.02     0.03
      0.0641   0.0088   0.0313   0.0109   0.1104   0.0100   0.0418  -0.0542   0.0167   0.0296   0.0001  -0.1262
 SE   0.0676   0.0676   0.0676   0.0676   0.0676   0.0676   0.0676   0.0676   0.0676   0.0676   0.0676   0.0676
 Q     37.09    37.11    37.36    37.39    40.49    40.52    40.97    41.73    41.80    42.03    42.03    46.24
 PV     0.03     0.04     0.05     0.07     0.05     0.06     0.07     0.08     0.09     0.11     0.13     0.08

  McLEOD-LI Q VALUE OF ORDER  24 IS     36.07 AND IF RESIDUALS ARE RANDOM IT SHOULD BE DISTRIBUTED AS CHI-SQUARE(24)
  p-value= 0.0541
 
 
 
SPECTRAL DIAGNOSTICS
 --------------------
 
A. SEASONAL SPECTRAL PEAKS
 
                           Frequency (cycles per year)
                     One    Two   Three  Four   Five    Six  
 Original series      -T     AT     aT     AT     AT     --
 Linearized series    -T     AT     AT     AT     AT     --
 Residuals            --     --     --     -t     --     --
 
 AT : peaks detected in AR(30) and using Tukey spectrum  estimator
 A- : only peaks detected in AR(30) spectrum estimator
 -T : only peaks detected using Tukey spectrum estimator
 -- : No peaks detected in AR(30) nor using Tukey spectrum estimator
 
 
 
B. STOCHASTIC SEASONALITY: SPECTRAL EVIDENCE
 
 1 :  SERIES CONTAINS SEASONALITY THAT CAN BE RELIABLY EXTRACTED.
 0 :  SEASONALITY IS NOT PRESENT IN THE SERIES OR IS TOO WEAK TO BE RELIABLY CAPTURED.
 
 ORIGINAL SERIES :   1
 LINEARIZED SERIES : 1
 RESIDUALS :         0
 
 
 
C. TRADING DAY EFFECT: SPECTRAL EVIDENCE
 
 1 :  TRADING DAY EFFECT DETECTED
 0 :  NO TRADING DAY EFFECT DETECTED
 
 LINEARIZED SERIES : 0
 RESIDUALS :         0
 
 
OVERALL TEST FOR IDENTIFIABLE SEASONALITY 
----------------------------------------- 
 
  AUTOCORRELATION FUNCTION EVIDENCE : YES
  NON-PARAMETRIC EVIDENCE           : YES
  F-TEST                            :  - 
  SPECTRAL EVIDENCE                 : YES
 
IDENTIFIABLE SEASONALITY FOUND IN SERIES
 
 
OVERALL TEST FOR RESIDUALS SEASONALITY 
----------------------------------------- 
 
  AUTOCORRELATION FUNCTION EVIDENCE : NO 
  NON-PARAMETRIC EVIDENCE           : NO 
  F-TEST                            : NO 
  SPECTRAL EVIDENCE                 : NO 
 
NO IDENTIFIABLE SEASONALITY FOUND IN RESIDUALS
 
 
ARIMA MODEL : GOOD FIT
----------------------

ALL TEST ARE PASSED
 
QUALITY ARIMA MODEL TESTS
----------------------------------------

  Mean in residuals                      :GOOD        
  Autocorrelation in residuals           :GOOD        
  Normality of residuals                 :GOOD        
  Skewness of residuals                  :GOOD        
  Kurtosis of residuals                  :GOOD        
  Randomness of residual sign            :GOOD        
  Instability of residual mean           :GOOD        
  Instability of residual variance       :GOOD        
  Seasonality in residuals               :GOOD        
  Trading day in residuals               :GOOD        
  Out-of-sample forecast errors          :GOOD        
  Number of outliers                     :GOOD        
 


 LINEAR SERIES


 YEAR        JAN       FEB       MAR       APR       MAY       JUN       JUL       AUG       SEP       OCT       NOV       DEC 

 2005      56.243    63.389    80.686    90.432    78.291   115.550    79.317    24.959    80.631    84.787    77.221    75.000
 2006      56.180    67.017    91.794    71.019    87.358    91.749    84.471    34.904    72.354    97.423   117.213   104.878
 2007      43.075    73.567   104.323    80.765    95.158   121.179    96.517    49.724    82.549    99.948    81.862   149.989
 2008      80.104    61.032   114.625   108.745    90.697   125.936    89.934    52.192    78.193    72.698    69.565   166.900
 2009      50.052    74.676    74.303   124.294    98.845    95.501    71.928    34.241    90.088    67.632    66.556   148.294
 2010      48.971    92.412    79.103    69.254    75.105   159.400    75.080    45.141    55.379    64.169    64.087   135.014
 2011      43.963    87.474    75.599    72.684    91.160   161.869   109.507    46.701    66.688    58.698    64.778   115.700
 2012      45.023    53.897    80.686    73.783    92.330   138.561    88.063    35.294   104.491    59.988   107.240   126.681
 2013      39.863    55.629    70.261    70.491    86.817   106.530    78.091    61.144    66.545    57.003    52.226   166.300
 2014      41.567    84.955   114.565    76.074    84.888   108.904    90.608    25.137    68.053    52.092    74.829   216.400
 2015      39.422    63.993   111.404    98.634    96.396   132.438    89.453    42.393    74.586    82.326    99.241   145.137
 2016      54.256    66.721   116.391    94.819   110.757   125.228   134.964    45.044   106.857    75.109    99.932   135.500
 2017      39.987    71.249   109.542   107.509   149.269   132.043    87.101    40.072    82.952    69.947    93.909   160.376
 2018      50.065    67.017    98.738   102.858    99.935   152.585    81.521    63.471    96.289    79.439    75.838   113.511
 2019      57.717    78.505   115.816   106.983   102.275   135.020   100.430    64.099    98.951    76.839   108.889   127.300
 2020      58.747    75.583    76.198   101.157    89.792   126.512   107.266    62.571   108.807    80.716    85.910   115.287
 2021      46.814    68.226   113.359   108.364   102.314   135.203   117.753    66.493    95.060    82.052    95.785   148.011
 2022      72.962   124.460   135.497   122.554   128.209   137.573   105.405    88.528   133.182   101.197   113.856   227.800
 2023      76.914   108.234   138.359   127.769   153.851   195.447   138.857    74.878   137.676   121.879    96.279   180.369
 2024      64.896   107.698   149.383   134.401   138.642   172.491   106.688


  AUTOCORRELATION FUNCTION TEST FOR SEASONALITY IN LINEARIZEDSERIES QS =   274.37  ASIMPTOTICALLY DISTRIBUTED AS CHI-SQUARE(2)
    p-value= 0.0000


  NON-PARAMETRIC TEST FOR SEASONALITY IN LINEARIZED SERIES (FRIEDMAN) SEAS_NP =    164.68
    ASYMP. DISTRIBUTED AS CHI-SQUARE(11)
    p-value= 0.0000


TOTAL OUTLIER EFFECT FACTORS


 YEAR        JAN       FEB       MAR       APR       MAY       JUN       JUL       AUG       SEP       OCT       NOV       DEC 

 2005     100.000   100.000   100.000   100.000   100.000   100.000   100.000   100.000   100.000   100.000   100.000   100.000
 2006     100.000   100.000   100.000   100.000   100.000   100.000   100.000   100.000   100.000   100.000   100.000   100.000
 2007     100.000   100.000   100.000   100.000   100.000   100.000   100.000   100.000   100.000   100.000   100.000   100.000
 2008     100.000   100.000   100.000   100.000   100.000   100.000   100.000   100.000   100.000   100.000   100.000   100.000
 2009     100.000   100.000   100.000   100.000   100.000   100.000   100.000   100.000   100.000   100.000   100.000   100.000
 2010     100.000   100.000   100.000   100.000   100.000   100.000   100.000   100.000   100.000   100.000   100.000   100.000
 2011     100.000   100.000   100.000   100.000   100.000   100.000   100.000   100.000   100.000   100.000   100.000   100.000
 2012     100.000   100.000   100.000   100.000   100.000   100.000   100.000   100.000   100.000   100.000   100.000   100.000
 2013     100.000   100.000   100.000   100.000   198.775   100.000   100.000   100.000   100.000   100.000   100.000   100.000
 2014     100.000   100.000   100.000   100.000   100.000   100.000   100.000   100.000   100.000   100.000   100.000   100.000
 2015     100.000   100.000   100.000   100.000   100.000   100.000   100.000   100.000   100.000   100.000   100.000   100.000
 2016     100.000   100.000   100.000   100.000   100.000   100.000   100.000   100.000   100.000   100.000   100.000   100.000
 2017     100.000   100.000   100.000   100.000   100.000   100.000   100.000   100.000   100.000   100.000   100.000   100.000
 2018     100.000   100.000   100.000   100.000   100.000   100.000   100.000   100.000   100.000   100.000   100.000   100.000
 2019     100.000   100.000   100.000   100.000   100.000   100.000   100.000   100.000   100.000   100.000   100.000   100.000
 2020     100.000   100.000   100.000    35.080   100.000   100.000   100.000   100.000   100.000   100.000   100.000   100.000
 2021     100.000   100.000   100.000   100.000   100.000   100.000   100.000   100.000   100.000   100.000   100.000   100.000
 2022     100.000   100.000   100.000   100.000   100.000   100.000   100.000   100.000   100.000   100.000   100.000   100.000
 2023     100.000   100.000   100.000   100.000   100.000   100.000   100.000   100.000   100.000   100.000   100.000   100.000
 2024     100.000   100.000   100.000   100.000   100.000   100.000   100.000


TOTAL REGRESSION EFFECT FACTORS


 YEAR        JAN       FEB       MAR       APR       MAY       JUN       JUL       AUG       SEP       OCT       NOV       DEC 

 2005      96.900    99.229   100.266   100.297   102.567   101.255    95.062   102.567   102.567    95.062   101.268   100.000
 2006     101.282    99.229   104.800    91.806   102.567   101.255    95.062   102.567    98.129    99.361   101.268    91.535
 2007     105.862    99.229   100.266    95.958   102.567   101.255    99.361   102.567    93.884   103.854   101.268    95.674
 2008     105.862   103.716    91.778   104.832    98.129    96.874   103.854    93.884   102.567   103.854    96.887   100.000
 2009      96.900    99.229   100.266   104.832    93.884   101.255   103.854    98.129   102.567    99.361   101.268   104.522
 2010      92.708    99.229   104.800   104.832    98.129   101.255    99.361   102.567   102.567    95.062   101.268   109.248
 2011      96.900    99.229   100.266   100.297   102.567   101.255    95.062   102.567   102.567    95.062   101.268   100.000
 2012     101.282   103.716   100.266    95.958   102.567   101.255    99.361   102.567    93.884   103.854   101.268    95.674
 2013     105.862    99.229    95.928   100.297   102.567    96.874   103.854    98.129    98.129   103.854    96.887   100.000
 2014     101.282    99.229    95.928   100.297    98.129    96.874   103.854    93.884   102.567   103.854    96.887   100.000
 2015      96.900    99.229   100.266   104.832    93.884   101.255   103.854    98.129   102.567    99.361   101.268   104.522
 2016      92.708   103.716   100.266   100.297   102.567   101.255    95.062   102.567   102.567    95.062   101.268   100.000
 2017     101.282    99.229   104.800    91.806   102.567   101.255    95.062   102.567    98.129    99.361   101.268    91.535
 2018     105.862    99.229   100.266    95.958   102.567   101.255    99.361   102.567    93.884   103.854   101.268    95.674
 2019     105.862    99.229    95.928   100.297   102.567    96.874   103.854    98.129    98.129   103.854    96.887   100.000
 2020     101.282    99.229   100.266   104.832    93.884   101.255   103.854    98.129   102.567    99.361   101.268   104.522
 2021      92.708    99.229   104.800   104.832    98.129   101.255    99.361   102.567   102.567    95.062   101.268   109.248
 2022      96.900    99.229   104.800    95.958   102.567   101.255    95.062   102.567   102.567    95.062   101.268   100.000
 2023     101.282    99.229   104.800    91.806   102.567   101.255    95.062   102.567    98.129    99.361   101.268    91.535
 2024     105.862   103.716    95.928   100.297   102.567    96.874   103.854
 
 
 
 FORECAST FUNCTION OF ORIGINAL SERIES: 
  
ORIGIN: 235 PERIODS AHEAD: 24
  
 OBS    DATE         FORECAST          STD ERROR        FORECAST          STD ERROR   
                        (SERIES IN LOGS)                     (SERIES IN LEVELS)       
 236  Aug-2024       4.31436          0.195109           74.7654           14.7274    
 237  Sep-2024       4.84870          0.196144           127.575           25.2656    
 238  Oct-2024       4.71448          0.197775           111.551           22.2794    
 239  Nov-2024       4.72355          0.198750           112.568           22.5955    
 240  Dec-2024       5.26403          0.199498           193.259           38.9416    
 241  Jan-2025       4.30251          0.200635           73.8851           14.9744    
 242  Feb-2025       4.68858          0.201813           108.698           22.1620    
 243  Mar-2025       4.94384          0.203580           140.308           28.8624    
 244  Apr-2025       4.93601          0.204528           139.214           28.7736    
 245  May-2025       4.96535          0.205372           143.358           29.7549    
 246  Jun-2025       5.18374          0.206521           178.349           37.2290    
 247  Jul-2025       4.92750          0.207767           138.034           28.9911    
 248  Aug-2025       4.31259          0.216938           74.6332           16.3832    
 249  Sep-2025       4.93539          0.217173           139.127           30.5744    
 250  Oct-2025       4.75693          0.219080           116.389           25.8075    
 251  Nov-2025       4.76601          0.220415           117.450           26.2054    
 252  Dec-2025       5.30649          0.221518           201.641           45.2207    
 253  Jan-2026       4.30074          0.223359           73.7545           16.6813    
 254  Feb-2026       4.73104          0.224470           113.413           25.7819    
 255  Mar-2026       5.03053          0.225888           153.013           35.0095    
 256  Apr-2026       5.02270          0.228554           151.820           35.1573    
 257  May-2026       4.96358          0.229960           143.105           33.3484    
 258  Jun-2026       5.27042          0.230181           194.499           45.3696    
 259  Jul-2026       4.96996          0.231916           144.021           33.8549    
