
                                        PROGRAM TRAMO+

             (based on program TRAMO, Victor Gomez and Agustin Maravall©,1996)

         Developed at the Bank of Spain by Gianluca Caporello and Agustin Maravall,
         with programming support from Domingo Pérez Cañete and Roberto López Pavón.

                 VERSION: 1.0 (Revision: 942  Build: 2017/09/25 09:39:13)


 SERIES TITLE=DIVIE31                                                                         

 INPUT PARAMETERS
   lam= 0   imean= 0   ireg=10   seats= 2   tabtablet='xo,xi,xl,re,me,td,ee,to,ls,reg'   int2=235   rsa= 0   modelsumm= 1   va=   3.762
 
  WARNING :
    Remember to define the regression variable name in the first line of the external regression file.
   Name : NOT DEFINED.
   Reglist01
    Iuser=-1   Nser= 1   Ilong= 312
 
   Name : NOT DEFINED.
   Reglist02
    Iuser= 2   Nser= 9   Ilong=   0
 
   Fixed Outliers:
   #Observ. Type
      49     LS
      56     AO
      46     AO
      44     LS
      60     LS
     184     AO
     183     TC
     188     AO
     185     AO
 

 NUMBER OF OBSERVATIONS: 235


 ORIGINAL SERIES 

 YEAR        JAN       FEB       MAR       APR       MAY       JUN       JUL       AUG       SEP       OCT       NOV       DEC 

 2005      51.100    66.900    76.700    68.800    70.600    66.000    79.100    35.800    65.800    71.400    76.600    69.800
 2006      55.200    69.800    83.200    63.800    80.900    78.700    84.100    40.400    71.000    87.800    83.900    73.900
 2007      60.600    75.700    87.600    70.900    84.600    85.300    96.800    43.600    73.000    83.900    86.000    68.800
 2008      69.000    83.500    83.400    85.500    81.900    78.700   102.600    35.900    74.400    99.600    75.500    69.400
 2009      43.900    61.400    65.600    64.200    58.400    66.700    74.600    26.600    56.200    66.400    66.400    64.900
 2010      53.000    66.100    79.100    69.400    70.100    70.900    80.600    41.600    69.800    73.400    78.000    71.700
 2011      57.200    72.800    86.300    72.300    77.200    75.200    84.400    46.500    75.100    75.400    83.200    75.300
 2012      58.800    75.400    84.900    66.200    79.300    77.100    85.700    50.000    67.300    81.300    80.100    67.500
 2013      61.500    69.200    75.900    71.000    81.100    73.100    91.100    46.800    69.900    83.100    78.100    71.100
 2014      62.300    69.800    78.000    75.400    74.900    78.700    92.900    44.700    75.300    86.500    79.300    76.500
 2015      63.600    77.200    85.300    83.700    79.300    82.900   102.000    48.000    79.800    90.200    89.400    80.300
 2016      63.300    82.600    91.400    82.600    89.800    85.400    94.100    54.000    83.700    87.300    92.200    88.900
 2017      65.800    87.900   103.600    80.200    94.100    91.000    99.000    57.100    85.500    96.200    99.300    90.000
 2018      72.300    86.700   102.100    83.800    97.000    95.000   104.300    58.400    84.200   102.900   100.800    87.600
 2019      75.700    89.700    96.100    85.300   100.400    91.000   111.300    56.200    82.800   104.100    95.900    87.100
 2020      77.300    86.100    66.400    22.000    64.800    91.000   109.100    64.800    91.800   103.600   102.000    97.100
 2021      74.400    92.200   109.900   102.800   104.400   107.100   115.600    65.200   100.800   108.900   113.800   104.900
 2022      85.500   108.900   132.200   108.400   125.300   121.400   128.700    77.600   114.500   114.000   121.000   104.300
 2023      84.300   104.200   120.200    92.600   117.500   109.100   110.800    65.900    95.900   111.700   108.900    96.500
 2024      83.200   103.900   106.200    99.900   108.300   101.300   121.400


 MODEL PARAMETERS            
 ----------------
  MQ= 12         IMEAN=  0      LAM=  0      D=  1       BD=  1
  P=  0          BP=  0         Q=  1        BQ=  1      IREG= 10
  ITRAD=  0      SMPDAY=  0     IEAST=  0      IDUR=  6     M= 36       IQM= 24
  INCON=  0      NBACK=  0      NPRED= 24    INTERP=  2  INIT=  0
  IFILT=  2      IROOT=  2    INIC=  0    ICONCE=  1
  ICDET=  1      IATIP=  0      IMVX=  0     IDIF=  0    PG=  0
  AIO=  2        INT1=  1       INT2= 235    RSA=  0     SEATS=  2
  VA= 3.76       TOL=  0.100E-03             PC=  0.120E+00
  NOADMISS= 1    STOCHTD 0    BIAS= 1
  THLIM=  0.000  BTHLIM=  0.000   RMOD=  0.500



TH =        -0.10

BTH =        -0.10

WARNING: When adjusting for degrees of freedom in
 order to compute white-noise residuals, the Housholder
 transformation contains an element of arbitrariness 
 that, when multiple regressors are entered, may produce
 a slight variation in results when the order in which
 regressors are entered changes



NUMBER OF INITIAL OBS. =  13

Log-Level pretest : LOGS are Selected
 DIFFERENCED TRANSFORMED SERIES

 YEAR        JAN       FEB       MAR       APR       MAY       JUN       JUL       AUG       SEP       OCT       NOV       DEC 

 2006                -0.035     0.039    -0.157     0.212     0.040    -0.115     0.060    -0.045     0.131    -0.116    -0.034
 2007       0.036    -0.012    -0.030     0.054    -0.061     0.036     0.060    -0.064    -0.048    -0.073     0.070    -0.096
 2008       0.201    -0.032    -0.147     0.236    -0.220    -0.048     0.139    -0.253     0.213     0.153    -0.302     0.139
 2009      -0.461     0.145     0.067    -0.046    -0.052     0.173    -0.153     0.019     0.019    -0.125     0.277     0.061
 2010       0.255    -0.115     0.113    -0.109     0.105    -0.122     0.016     0.370    -0.230    -0.116     0.061    -0.061
 2011      -0.023     0.020    -0.009    -0.046     0.056    -0.038    -0.013     0.065    -0.038    -0.046     0.038    -0.016
 2012      -0.021     0.008    -0.051    -0.072     0.115    -0.002    -0.010     0.057    -0.182     0.185    -0.113    -0.071
 2013       0.154    -0.131    -0.026     0.182    -0.048    -0.076     0.114    -0.127     0.104    -0.016    -0.047     0.077
 2014      -0.039    -0.004     0.019     0.033    -0.140     0.153    -0.054    -0.065     0.120    -0.034    -0.025     0.058
 2015      -0.053     0.080    -0.011     0.015    -0.047    -0.005     0.041    -0.022    -0.013    -0.016     0.078    -0.071
 2016      -0.053     0.072     0.001    -0.082     0.138    -0.095    -0.110     0.198    -0.070    -0.080     0.064     0.071
 2017      -0.063     0.023     0.063    -0.155     0.076     0.017    -0.013     0.005    -0.035     0.076    -0.023    -0.062
 2018       0.082    -0.108    -0.001     0.058    -0.014     0.013     0.009    -0.030    -0.038     0.083    -0.052    -0.042
 2019       0.073    -0.012    -0.095     0.078     0.017    -0.077     0.108    -0.103     0.022     0.028    -0.061     0.044
 2020       0.027    -0.062    -0.329    -0.985     0.917     0.438    -0.020     0.162    -0.039    -0.108     0.066     0.047
 2021      -0.147     0.107     0.435     1.038    -1.065    -0.314    -0.105    -0.052     0.087    -0.044     0.060    -0.032
 2022       0.062     0.027     0.018    -0.132     0.129    -0.057    -0.018     0.067    -0.047    -0.082     0.016    -0.067
 2023      -0.008    -0.030    -0.051    -0.062     0.093    -0.043    -0.043    -0.014    -0.014     0.157    -0.085     0.028
 2024       0.065     0.010    -0.121     0.200    -0.157     0.007     0.166




 AUTOCORRELATIONS
 ----------------
     -0.4850   0.0682   0.0297  -0.0660   0.0181   0.0987  -0.1112   0.0087   0.0749  -0.0576   0.0897  -0.2789
 SE   0.0671   0.0814   0.0816   0.0817   0.0819   0.0819   0.0825   0.0832   0.0832   0.0835   0.0836   0.0841
      0.1884  -0.1378   0.1326  -0.0990   0.0930  -0.2043   0.1356  -0.0207  -0.0013   0.0078   0.1038  -0.1033
 SE   0.0881   0.0899   0.0909   0.0918   0.0922   0.0927   0.0947   0.0955   0.0956   0.0956   0.0956   0.0961
     -0.0057   0.1104  -0.1755   0.1141  -0.0411   0.0660  -0.0944   0.1534  -0.1332   0.0635  -0.0333  -0.0550
 SE   0.0966   0.0966   0.0971   0.0985   0.0991   0.0992   0.0994   0.0998   0.1009   0.1017   0.1018   0.1019


 PARTIAL AUTOCORRELATIONS
 ---------------------
     -0.4850  -0.2184  -0.0493  -0.0759  -0.0613   0.1016  -0.0024  -0.0624   0.0466   0.0263   0.0999  -0.2889
 SE   0.0671   0.0671   0.0671   0.0671   0.0671   0.0671   0.0671   0.0671   0.0671   0.0671   0.0671   0.0671
     -0.0999  -0.1697   0.0094  -0.0869   0.0623  -0.1684  -0.0992  -0.0455   0.0444   0.0045   0.2024  -0.0345
 SE   0.0671   0.0671   0.0671   0.0671   0.0671   0.0671   0.0671   0.0671   0.0671   0.0671   0.0671   0.0671
     -0.0846  -0.0382  -0.0484  -0.0903  -0.0429  -0.0529  -0.1006   0.0295   0.0676   0.0664   0.0988  -0.1579
 SE   0.0671   0.0671   0.0671   0.0671   0.0671   0.0671   0.0671   0.0671   0.0671   0.0671   0.0671   0.0671
  
 ARIMA MODEL ESTIMATION 
  
 METHOD OF ESTIMATION: EXACT MAXIMUM LIKELIHOOD           
  
 PARAMETER      ESTIMATE           STD ERROR      T RATIO   LAG  
  
 TH1         -0.66627           0.51661E-01      -12.90      1
 BTH         -0.66323           0.51848E-01      -12.79     12
  
 
 REGULAR MA INVERSE ROOTS ARE 
 NO.     REAL P.     IMAG.P.     MODULUS    ARGUMENT      PERIOD
  1      0.66627       0.0000      0.66627       0.0000            -  
 
 SEASONAL MA INVERSE ROOTS ARE 
 NO.     REAL P.     IMAG.P.     MODULUS    ARGUMENT      PERIOD
  1      0.66323       0.0000      0.66323       0.0000            -  
  
 CORRELATIONS OF THE ESTIMATES 
  
  1.000   -0.248
 -0.248    1.000
  
 AIC 
    -740.642
  
 BIC 
     -6.0242
  
 FINAL VALUE OF OBJECTIVE FUNCTION: 
               0.41498    
  
 RADETN:    1.01715489585117     
 ITERATIONS:            3
  
  NUMBER OF FUNCTION EVALUATIONS:           11
  

 ESTIMATES OF REGRESSION PARAMETERS 
 CONCENTRATED OUT OF THE LIKELIHOOD 

 PARAMETER           VALUE          ST. ERROR     T VALUE
 REG      1          0.37583E-01    (     0.00276)   13.64
 OUT 1 ( 49)        -0.20888        (     0.03106)   -6.72   LS    ( 1 2009)
 OUT 2 ( 56)        -0.24490        (     0.03700)   -6.62   AO    ( 8 2009)
 OUT 3 ( 46)         0.21345        (     0.03840)    5.56   AO    (10 2008)
 OUT 4 ( 44)        -0.14205        (     0.03111)   -4.57   LS    ( 8 2008)
 OUT 5 ( 60)         0.94837E-01    (     0.03030)    3.13   LS    (12 2009)
 OUT 6 (184)         -1.1762        (     0.04053)  -29.02   AO    ( 4 2020)
 OUT 7 (183)        -0.42344        (     0.03806)  -11.13   TC    ( 3 2020)
 OUT 8 (188)         0.13568        (     0.03692)    3.68   AO    ( 8 2020)
 OUT 9 (185)        -0.19320        (     0.03848)   -5.02   AO    ( 5 2020)

 VAR-CORRELATION MATRIX OF ESTIMATORS 

   0.759E-05
  -0.805E-02   0.965E-03
   0.653E-01  -0.431E-01   0.137E-02
  -0.108E+00   0.207E+00  -0.511E-01   0.147E-02
   0.738E-01  -0.158E+00   0.908E-01  -0.220E+00   0.968E-03
   0.214E-01   0.901E-01   0.125E+00  -0.401E-01   0.444E-01   0.918E-03
  -0.873E-01   0.799E-03  -0.569E-02   0.943E-02  -0.649E-02  -0.176E-02   0.164E-02
   0.872E-02   0.654E-03   0.445E-03  -0.986E-03   0.203E-03   0.661E-03  -0.396E+00   0.145E-02
   0.819E-01  -0.106E-02   0.842E-02  -0.945E-02   0.720E-02   0.190E-02   0.445E-01   0.923E-02   0.136E-02
   0.137E+00  -0.983E-03   0.893E-02  -0.149E-01   0.991E-02   0.299E-02   0.227E+00  -0.223E+00   0.877E-01   0.148E-02


 VARIANCES ARE IN THE MAIN DIAGONAL; 
 OFF-DIAGONAL ELEMENTS ARE CORRELATIONS. 



ACF DIFFERENCED SERIES




 AUTOCORRELATIONS
 ----------------
     -0.5594   0.1338   0.0390  -0.1051   0.0211   0.0972  -0.1111   0.0637   0.0225  -0.0620   0.1455  -0.3461
 SE   0.0671   0.0856   0.0865   0.0866   0.0872   0.0872   0.0877   0.0883   0.0885   0.0885   0.0887   0.0898
      0.2625  -0.1766   0.1343  -0.0829   0.0974  -0.1923   0.1418  -0.0666   0.0377  -0.0349   0.1174  -0.0783
 SE   0.0956   0.0988   0.1002   0.1010   0.1013   0.1018   0.1034   0.1043   0.1044   0.1045   0.1046   0.1052
     -0.0243   0.1208  -0.1884   0.1345  -0.0608   0.0711  -0.0947   0.1314  -0.1389   0.0901  -0.0727  -0.0003
 SE   0.1054   0.1054   0.1061   0.1076   0.1083   0.1085   0.1087   0.1091   0.1098   0.1106   0.1109   0.1111
  
  
  NUMBER OF WHITE NOISE RESIDUALS          212
  
 WHITE NOISE RESIDUALS
  

 YEAR        JAN       FEB       MAR       APR       MAY       JUN       JUL       AUG       SEP       OCT       NOV       DEC 

 2006                                                                                                                     0.015
 2007      -0.062    -0.013    -0.001    -0.039     0.011     0.058     0.010     0.007    -0.008    -0.121    -0.013    -0.117
 2008       0.110     0.019    -0.016     0.050    -0.049    -0.048     0.012     0.011     0.061    -0.016    -0.019    -0.016
 2009      -0.032     0.051    -0.029     0.048    -0.034     0.063    -0.044     0.056    -0.115     0.012    -0.009    -0.041
 2010       0.079    -0.051    -0.000    -0.028     0.005    -0.024    -0.018     0.093     0.014    -0.011     0.005    -0.024
 2011       0.031     0.010     0.057    -0.026    -0.022    -0.032     0.002     0.098    -0.004    -0.062     0.004     0.044
 2012      -0.074    -0.049    -0.013    -0.085     0.018    -0.002    -0.033     0.137    -0.062    -0.046    -0.039    -0.032
 2013      -0.010    -0.062    -0.055     0.020     0.053    -0.012     0.010     0.060    -0.033    -0.003    -0.017    -0.013
 2014       0.034    -0.056    -0.027     0.052    -0.041     0.057    -0.004     0.004     0.000     0.016    -0.024     0.040
 2015       0.041     0.018    -0.031     0.041     0.005    -0.021     0.037    -0.030     0.002     0.033     0.002    -0.033
 2016       0.009    -0.003     0.009     0.002     0.011    -0.028    -0.020     0.036     0.006    -0.018     0.001     0.087
 2017      -0.097     0.065     0.039    -0.019    -0.005    -0.010    -0.020     0.024     0.007    -0.009     0.017     0.082
 2018      -0.079    -0.037     0.009    -0.040     0.002     0.010    -0.031     0.012     0.002    -0.000     0.000    -0.033
 2019       0.000    -0.001    -0.036    -0.051     0.039    -0.008     0.002    -0.005    -0.061     0.024    -0.007    -0.058
 2020       0.078    -0.049     0.002     0.047     0.038     0.072     0.027     0.010     0.006    -0.001    -0.035    -0.019
 2021       0.025    -0.022    -0.020     0.041     0.000     0.009    -0.032     0.012     0.018     0.018     0.021    -0.046
 2022       0.062     0.084     0.073     0.030     0.020     0.001    -0.005     0.049    -0.007    -0.083    -0.033    -0.053
 2023      -0.096    -0.028    -0.058    -0.076     0.005    -0.047    -0.077    -0.025    -0.025     0.012    -0.024     0.070
 2024      -0.047     0.003    -0.030     0.001    -0.040    -0.016     0.008
 
 
  STABILITY TEST
 
 
     1. FULL PERIOD
                  FIRST HALF                    SECOND HALF
           Mean(t)          Variance      Mean(t)          Variance
      -0.32E-02(-0.73    )  0.21E-02 -0.30E-02(-0.82    )  0.15E-02
 
      Mean assumed equal to 0
      VR(variance ratio)= 0.71    
 
      MEAN STABILITY IS NOT REJECTED.
      VARIANCE STABILITY IS NOT REJECTED.


 
     2. LAST 10 YEARS
                  FIRST HALF                    SECOND HALF
           Mean(t)          Variance      Mean(t)          Variance
       0.41E-03( 0.95E-01)  0.11E-02 -0.42E-02(-0.79    )  0.17E-02
 
      Mean assumed equal to 0
      VR(variance ratio)=  1.6    
 
      LAST 10 YEARS MEAN STABILITY IS NOT REJECTED.
      LAST 10 YEARS VARIANCE STABILITY IS NOT REJECTED.


 
  OUT-OF-SAMPLE TEST
  ------------------
      Model re-estimated on Linearized series for first 217 observations.
       18 One-Period-Ahead Forecasts computed with model fixed.
      Comparison between forecast errors (last   18 observations) and residuals (in-sample):

        Mean(Forecast Errors)
            p-value= 0.0036
            Mean of forecast errors cannot be assumed zero.

        Out-of-Sample MSE is :  0.2229E-02
        In-Sample MSE is :  0.1807E-02
        F( 18,204) is :  0.123E+01
            p-value(%)=23.6766

        Mean and Variance of forecast Errors and In-Sample residuals ARE significantly different


 TEST-STATISTICS ON RESIDUALS
 ----------------------------


           MEAN=  -0.3139265E-02
        ST.DEV.=   0.2889541E-02
        OF MEAN
        T-VALUE= -1.0864

 NORMALITY TEST=   3.861        ( CHI-SQUARE(2) )

       SKEWNESS=  0.1592          ( SE =  0.1682 )
       KURTOSIS=  3.5795          ( SE =  0.3365 )

 SUM OF SQUARES=   0.3831690    

  DURBIN-WATSON=  2.1845

 STANDARD ERROR=   0.4370338E-01
 OF RESID.
  MSE OF RESID.=   0.1909986E-02




 AUTOCORRELATIONS
 ----------------
     -0.1095   0.0881   0.1261  -0.0997   0.0522   0.0387   0.0149   0.0134   0.0581  -0.0474  -0.0696   0.0699
 SE   0.0687   0.0687   0.0687   0.0687   0.0687   0.0687   0.0687   0.0687   0.0687   0.0687   0.0687   0.0687
 Q      2.58     4.26     7.71     9.87    10.47    10.80    10.85    10.89    11.64    12.15    13.24    14.35
 PV    -1.00    -1.00     0.01     0.01     0.01     0.03     0.05     0.09     0.11     0.14     0.15     0.16
     -0.0433  -0.0812  -0.0060  -0.0600   0.0407  -0.1699   0.0668  -0.0231   0.0432   0.0302   0.0785  -0.0125
 SE   0.0687   0.0687   0.0687   0.0687   0.0687   0.0687   0.0687   0.0687   0.0687   0.0687   0.0687   0.0687
 Q     14.78    16.29    16.30    17.13    17.52    24.27    25.32    25.44    25.89    26.10    27.58    27.62
 PV     0.19     0.18     0.23     0.25     0.29     0.08     0.09     0.11     0.13     0.16     0.15     0.19
     -0.0209   0.0084  -0.1868   0.0315   0.0166  -0.0673   0.0133   0.0371  -0.1459  -0.0139  -0.0086  -0.1119
 SE   0.0687   0.0687   0.0687   0.0687   0.0687   0.0687   0.0687   0.0687   0.0687   0.0687   0.0687   0.0687
 Q     27.73    27.74    36.30    36.55    36.62    37.75    37.79    38.14    43.53    43.58    43.60    46.83
 PV     0.23     0.27     0.07     0.08     0.10     0.10     0.13     0.15     0.07     0.08     0.10     0.07

  LJUNG-BOX Q VALUE OF ORDER  24 IS     27.62 AND IF RESIDUALS ARE RANDOM IT SHOULD BE DISTRIBUTED AS CHI-SQUARE(22)
  p-value= 0.1886
  THE PIERCE QS VALUE IS      1.11 AND IF RESIDUALS ARE RANDOM IT SHOULD BE DISTRIBUTED AS CHI-SQUARE(2)

 APPROXIMATE TEST OF RUNS ON RESIDUALS
 -------------------------------------
  NUM.DATA= 212
   NUM.(+)= 106
   NUM.(-)= 106
  NUM.RUNS= 115
   T-VALUE=  1.1015


  NON-PARAMETRIC TEST FOR RESIDUAL SEASONALITY (FRIEDMAN) SEAS_NP =      9.68
    ASYMP. DISTRIBUTED AS CHI-SQUARE(11)
    p-value= 0.5595



 SQUARED RESIDUALS:
 ------------------




 AUTOCORRELATIONS
 ----------------
      0.1260   0.0349   0.0662   0.0223  -0.0169   0.0255   0.0033  -0.0344  -0.0578  -0.0865   0.0552   0.1490
 SE   0.0687   0.0687   0.0687   0.0687   0.0687   0.0687   0.0687   0.0687   0.0687   0.0687   0.0687   0.0687
 Q      3.41     3.68     4.63     4.74     4.80     4.94     4.94     5.21     5.96     7.64     8.32    13.36
 PV    -1.00    -1.00     0.03     0.09     0.19     0.29     0.42     0.52     0.54     0.47     0.50     0.20
     -0.0434  -0.0447  -0.0911  -0.0139  -0.0349  -0.0122  -0.0405   0.0844   0.0383  -0.0864   0.0793   0.0963
 SE   0.0687   0.0687   0.0687   0.0687   0.0687   0.0687   0.0687   0.0687   0.0687   0.0687   0.0687   0.0687
 Q     13.79    14.25    16.16    16.21    16.49    16.53    16.91    18.59    18.94    20.72    22.23    24.47
 PV     0.24     0.29     0.24     0.30     0.35     0.42     0.46     0.42     0.46     0.41     0.39     0.32
      0.0179  -0.0210  -0.0135  -0.0114  -0.0887  -0.0373   0.0983   0.0694  -0.0540   0.0230   0.1097   0.0558
 SE   0.0687   0.0687   0.0687   0.0687   0.0687   0.0687   0.0687   0.0687   0.0687   0.0687   0.0687   0.0687
 Q     24.55    24.65    24.70    24.73    26.68    27.03    29.45    30.67    31.41    31.54    34.62    35.43
 PV     0.37     0.42     0.48     0.53     0.48     0.52     0.44     0.43     0.45     0.49     0.39     0.40

  McLEOD-LI Q VALUE OF ORDER  24 IS     24.47 AND IF RESIDUALS ARE RANDOM IT SHOULD BE DISTRIBUTED AS CHI-SQUARE(24)
  p-value= 0.4351
 
 
 
SPECTRAL DIAGNOSTICS
 --------------------
 
A. SEASONAL SPECTRAL PEAKS
 
                           Frequency (cycles per year)
                     One    Two   Three  Four   Five    Six  
 Original series      -t     aT     AT     aT     AT     AT
 Linearized series    aT     AT     AT     aT     AT     aT
 Residuals            --     --     --     --     --     --
 
 AT : peaks detected in AR(30) and using Tukey spectrum  estimator
 A- : only peaks detected in AR(30) spectrum estimator
 -T : only peaks detected using Tukey spectrum estimator
 -- : No peaks detected in AR(30) nor using Tukey spectrum estimator
 
 
 
B. STOCHASTIC SEASONALITY: SPECTRAL EVIDENCE
 
 1 :  SERIES CONTAINS SEASONALITY THAT CAN BE RELIABLY EXTRACTED.
 0 :  SEASONALITY IS NOT PRESENT IN THE SERIES OR IS TOO WEAK TO BE RELIABLY CAPTURED.
 
 ORIGINAL SERIES :   1
 LINEARIZED SERIES : 1
 RESIDUALS :         0
 
 
 
C. TRADING DAY EFFECT: SPECTRAL EVIDENCE
 
 1 :  TRADING DAY EFFECT DETECTED
 0 :  NO TRADING DAY EFFECT DETECTED
 
 LINEARIZED SERIES : 0
 RESIDUALS :         0
 
 
OVERALL TEST FOR IDENTIFIABLE SEASONALITY 
----------------------------------------- 
 
  AUTOCORRELATION FUNCTION EVIDENCE : YES
  NON-PARAMETRIC EVIDENCE           : YES
  F-TEST                            :  - 
  SPECTRAL EVIDENCE                 : YES
 
IDENTIFIABLE SEASONALITY FOUND IN SERIES
 
 
OVERALL TEST FOR RESIDUALS SEASONALITY 
----------------------------------------- 
 
  AUTOCORRELATION FUNCTION EVIDENCE : NO 
  NON-PARAMETRIC EVIDENCE           : NO 
  F-TEST                            : NO 
  SPECTRAL EVIDENCE                 : NO 
 
NO IDENTIFIABLE SEASONALITY FOUND IN RESIDUALS
 
 
ARIMA MODEL : GOOD FIT
----------------------

ALL TEST ARE PASSED
 
QUALITY ARIMA MODEL TESTS
----------------------------------------

  Mean in residuals                      :GOOD        
  Autocorrelation in residuals           :GOOD        
  Normality of residuals                 :GOOD        
  Skewness of residuals                  :GOOD        
  Kurtosis of residuals                  :GOOD        
  Randomness of residual sign            :GOOD        
  Instability of residual mean           :GOOD        
  Instability of residual variance       :GOOD        
  Seasonality in residuals               :GOOD        
  Trading day in residuals               :GOOD        
  Out-of-sample forecast errors          :GOOD        
  Number of outliers                     :GOOD        
 


 LINEAR SERIES


 YEAR        JAN       FEB       MAR       APR       MAY       JUN       JUL       AUG       SEP       OCT       NOV       DEC 

 2005      40.628    52.127    59.237    53.122    53.485    50.550    63.921    27.121    49.849    57.699    58.662    54.030
 2006      42.269    54.387    61.887    53.107    61.288    60.277    67.962    30.606    55.848    68.335    64.252    61.669
 2007      44.692    58.984    67.656    56.840    64.091    65.332    75.339    33.030    59.620    62.891    65.861    55.296
 2008      50.887    62.661    69.440    63.581    64.422    62.585    76.908    33.795    64.967    69.514    69.197    61.920
 2009      49.576    67.954    71.963    67.812    67.747    72.562    79.427    37.966    60.474    73.404    72.228    62.506
 2010      56.522    66.536    76.011    66.672    71.234    70.153    81.040    40.714    68.313    76.628    77.169    66.508
 2011      58.751    73.280    86.106    72.118    75.555    74.407    88.111    45.509    73.500    78.715    82.314    75.300
 2012      58.167    73.098    84.709    68.562    77.611    76.287    86.168    48.935    71.008    78.729    79.247    70.085
 2013      58.594    69.657    78.629    70.821    79.372    75.099    88.219    47.557    71.031    80.472    80.227    71.100
 2014      61.629    70.261    80.805    75.210    76.112    80.853    89.962    47.163    73.696    83.765    81.460    76.500
 2015      65.325    77.709    85.108    80.410    83.669    82.026    98.774    48.777    78.100    90.693    88.448    77.338
 2016      67.507    80.078    91.194    82.392    87.887    84.500    98.238    52.850    81.917    91.139    91.218    88.900
 2017      65.092    88.480    99.554    86.243    92.095    90.041   103.353    55.883    86.883    96.726    98.242    97.026
 2018      68.884    87.272   101.870    86.791    94.933    93.998   104.870    57.156    88.839    99.646    99.726    90.955
 2019      72.123    90.292    99.556    85.085    98.261    93.489   107.780    57.109    84.139   100.808    98.512    87.100
 2020      76.468    86.668   101.178    92.162   102.067   104.116   116.956    61.735    94.433   107.863   103.407    95.130
 2021      80.299    93.589   106.229    99.165   106.394   106.184   116.395    63.874    98.721   113.743   112.626    97.327
 2022      87.833   109.631   127.047   112.275   122.635   120.123   134.362    75.948   112.062   119.014   119.711   104.300
 2023      83.393   104.888   115.506    99.578   114.997   107.950   115.672    64.496    97.451   112.310   107.740   104.033
 2024      79.268   100.728   110.019    99.649   105.993   104.071   117.561


  AUTOCORRELATION FUNCTION TEST FOR SEASONALITY IN LINEARIZEDSERIES QS =   394.39  ASIMPTOTICALLY DISTRIBUTED AS CHI-SQUARE(2)
    p-value= 0.0000


  NON-PARAMETRIC TEST FOR SEASONALITY IN LINEARIZED SERIES (FRIEDMAN) SEAS_NP =    190.65
    ASYMP. DISTRIBUTED AS CHI-SQUARE(11)
    p-value= 0.0000


TOTAL OUTLIER EFFECT FACTORS


 YEAR        JAN       FEB       MAR       APR       MAY       JUN       JUL       AUG       SEP       OCT       NOV       DEC 

 2005     129.188   129.188   129.188   129.188   129.188   129.188   129.188   129.188   129.188   129.188   129.188   129.188
 2006     129.188   129.188   129.188   129.188   129.188   129.188   129.188   129.188   129.188   129.188   129.188   129.188
 2007     129.188   129.188   129.188   129.188   129.188   129.188   129.188   129.188   129.188   129.188   129.188   129.188
 2008     129.188   129.188   129.188   129.188   129.188   129.188   129.188   112.080   112.080   138.749   112.080   112.080
 2009      90.952    90.952    90.952    90.952    90.952    90.952    90.952    71.195    90.952    90.952    90.952   100.000
 2010     100.000   100.000   100.000   100.000   100.000   100.000   100.000   100.000   100.000   100.000   100.000   100.000
 2011     100.000   100.000   100.000   100.000   100.000   100.000   100.000   100.000   100.000   100.000   100.000   100.000
 2012     100.000   100.000   100.000   100.000   100.000   100.000   100.000   100.000   100.000   100.000   100.000   100.000
 2013     100.000   100.000   100.000   100.000   100.000   100.000   100.000   100.000   100.000   100.000   100.000   100.000
 2014     100.000   100.000   100.000   100.000   100.000   100.000   100.000   100.000   100.000   100.000   100.000   100.000
 2015     100.000   100.000   100.000   100.000   100.000   100.000   100.000   100.000   100.000   100.000   100.000   100.000
 2016     100.000   100.000   100.000   100.000   100.000   100.000   100.000   100.000   100.000   100.000   100.000   100.000
 2017     100.000   100.000   100.000   100.000   100.000   100.000   100.000   100.000   100.000   100.000   100.000   100.000
 2018     100.000   100.000   100.000   100.000   100.000   100.000   100.000   100.000   100.000   100.000   100.000   100.000
 2019     100.000   100.000   100.000   100.000   100.000   100.000   100.000   100.000   100.000   100.000   100.000   100.000
 2020     100.000   100.000    65.479    22.933    66.986    86.481    90.333   106.663    95.140    96.573    97.589    98.306
 2021      98.811    99.166    99.416    99.591    99.713    99.799    99.859    99.902    99.931    99.952    99.966    99.976
 2022      99.983    99.988    99.992    99.994    99.996    99.997    99.998    99.999    99.999    99.999   100.000   100.000
 2023     100.000   100.000   100.000   100.000   100.000   100.000   100.000   100.000   100.000   100.000   100.000   100.000
 2024     100.000   100.000   100.000   100.000   100.000   100.000   100.000


TOTAL REGRESSION EFFECT FACTORS


 YEAR        JAN       FEB       MAR       APR       MAY       JUN       JUL       AUG       SEP       OCT       NOV       DEC 

 2005      97.360    99.344   100.226   100.252   102.177   101.065    95.788   102.177   102.177    95.788   101.077   100.000
 2006     101.088    99.344   104.064    92.993   102.177   101.065    95.788   102.177    98.408    99.457   101.077    92.759
 2007     104.960    99.344   100.226    96.554   102.177   101.065    99.457   102.177    94.778   103.266   101.077    96.311
 2008     104.960   103.149    92.968   104.092    98.408    97.338   103.266    94.778   102.177   103.266    97.349   100.000
 2009      97.360    99.344   100.226   104.092    94.778   101.065   103.266    98.408   102.177    99.457   101.077   103.830
 2010      93.768    99.344   104.064   104.092    98.408   101.065    99.457   102.177   102.177    95.788   101.077   107.806
 2011      97.360    99.344   100.226   100.252   102.177   101.065    95.788   102.177   102.177    95.788   101.077   100.000
 2012     101.088   103.149   100.226    96.554   102.177   101.065    99.457   102.177    94.778   103.266   101.077    96.311
 2013     104.960    99.344    96.529   100.252   102.177    97.338   103.266    98.408    98.408   103.266    97.349   100.000
 2014     101.088    99.344    96.529   100.252    98.408    97.338   103.266    94.778   102.177   103.266    97.349   100.000
 2015      97.360    99.344   100.226   104.092    94.778   101.065   103.266    98.408   102.177    99.457   101.077   103.830
 2016      93.768   103.149   100.226   100.252   102.177   101.065    95.788   102.177   102.177    95.788   101.077   100.000
 2017     101.088    99.344   104.064    92.993   102.177   101.065    95.788   102.177    98.408    99.457   101.077    92.759
 2018     104.960    99.344   100.226    96.554   102.177   101.065    99.457   102.177    94.778   103.266   101.077    96.311
 2019     104.960    99.344    96.529   100.252   102.177    97.338   103.266    98.408    98.408   103.266    97.349   100.000
 2020     101.088    99.344   100.226   104.092    94.778   101.065   103.266    98.408   102.177    99.457   101.077   103.830
 2021      93.768    99.344   104.064   104.092    98.408   101.065    99.457   102.177   102.177    95.788   101.077   107.806
 2022      97.360    99.344   104.064    96.554   102.177   101.065    95.788   102.177   102.177    95.788   101.077   100.000
 2023     101.088    99.344   104.064    92.993   102.177   101.065    95.788   102.177    98.408    99.457   101.077    92.759
 2024     104.960   103.149    96.529   100.252   102.177    97.338   103.266
 
 
 
 FORECAST FUNCTION OF ORIGINAL SERIES: 
  
ORIGIN: 235 PERIODS AHEAD: 24
  
 OBS    DATE         FORECAST          STD ERROR        FORECAST          STD ERROR   
                        (SERIES IN LOGS)                     (SERIES IN LEVELS)       
 236  Aug-2024       4.14596          0.430003E-01       63.1785           2.71795    
 237  Sep-2024       4.56046          0.450934E-01       95.6279           4.31438    
 238  Oct-2024       4.73058          0.473210E-01       113.361           5.36739    
 239  Nov-2024       4.65184          0.494682E-01       104.778           5.18634    
 240  Dec-2024       4.58929          0.513716E-01       98.4242           5.05954    
 241  Jan-2025       4.38661          0.533216E-01       80.3679           4.28839    
 242  Feb-2025       4.58611          0.552171E-01       98.1124           5.42161    
 243  Mar-2025       4.66848          0.571384E-01       106.535           6.09223    
 244  Apr-2025       4.59088          0.587812E-01       98.5812           5.79973    
 245  May-2025       4.66411          0.605629E-01       106.071           6.42984    
 246  Jun-2025       4.62747          0.621600E-01       102.255           6.36229    
 247  Jul-2025       4.79383          0.637488E-01       120.764           7.70636    
 248  Aug-2025       4.10780          0.702506E-01       60.8128           4.27741    
 249  Sep-2025       4.59747          0.724274E-01       99.2326           7.19659    
 250  Oct-2025       4.73000          0.749310E-01       113.296           8.50129    
 251  Nov-2025       4.65126          0.773688E-01       104.717           8.11396    
 252  Dec-2025       4.58871          0.795979E-01       98.3671           7.84223    
 253  Jan-2026       4.34845          0.819443E-01       77.3585           6.34975    
 254  Feb-2026       4.58553          0.840640E-01       98.0554           8.25752    
 255  Mar-2026       4.70548          0.861764E-01       110.551           9.54463    
 256  Apr-2026       4.62788          0.883187E-01       102.297           9.05241    
 257  May-2026       4.62594          0.905095E-01       102.099           9.25988    
 258  Jun-2026       4.66447          0.922672E-01       106.109           9.81127    
 259  Jul-2026       4.79325          0.942280E-01       120.693           11.3980    
