
                                        PROGRAM TRAMO+

             (based on program TRAMO, Victor Gomez and Agustin Maravall©,1996)

         Developed at the Bank of Spain by Gianluca Caporello and Agustin Maravall,
         with programming support from Domingo Pérez Cañete and Roberto López Pavón.

                 VERSION: 1.0 (Revision: 942  Build: 2017/09/25 09:39:13)


 SERIES TITLE=MIGSZ_3                                                                         

 INPUT PARAMETERS
   lam= 0   imean= 0   ireg= 6   ieast= 3   seats= 2   tabtablet='xo,xi,xl,re,me,td,ee,to,ls,reg'   int2=227   rsa= 0   modelsumm= 1   va=   3.742
 
  WARNING :
    Remember to define the regression variable name in the first line of the external regression file.
   Name : NOT DEFINED.
   Reglist01
    Iuser=-1   Nser= 1   Ilong= 312
 
   Name : NOT DEFINED.
   Reglist02
    Iuser= 2   Nser= 5   Ilong=   0
 
   Fixed Outliers:
   #Observ. Type
      49     LS
      44     LS
      56     AO
     184     AO
     183     TC
 

 NUMBER OF OBSERVATIONS: 227


 ORIGINAL SERIES 

 YEAR        JAN       FEB       MAR       APR       MAY       JUN       JUL       AUG       SEP       OCT       NOV       DEC 

 2005      63.600    75.900    82.900    82.200    84.300    89.500    82.400    44.200    88.900    82.300    86.100    96.800
 2006      72.300    85.000   110.500    80.300   103.100   109.500    91.900    50.700    99.000   104.800   108.200   103.500
 2007      84.200    93.500   116.400    93.400   112.400   116.300   109.700    58.700   109.100   117.100   112.100   105.800
 2008      96.400   105.900   113.400   116.800   109.800   115.900   115.900    49.900   108.400   103.600    86.800   104.000
 2009      60.100    69.000    86.100    76.500    71.900    77.200    79.800    34.900    87.000    72.900    76.800    87.800
 2010      59.100    75.500    89.000    78.800    80.200    95.300    87.200    44.500    91.800    83.600    88.700    98.000
 2011      70.200    87.900   100.100    88.800   101.600   106.800    94.800    56.600    95.900    89.100    95.000    98.300
 2012      75.900    87.300    99.500    88.300    95.600   100.900    96.700    50.900    90.600    89.600    90.300    92.500
 2013      73.900    83.400    92.900    85.200   101.100    92.900    94.600    52.100    90.400    92.700    93.200   102.100
 2014      77.700    89.900   103.600    91.800    95.100   103.400   106.600    52.500    97.600    99.600    94.100   114.500
 2015      75.400    92.200   109.300   103.700   101.500   116.100   112.700    59.900   106.000   106.100   108.500   108.700
 2016      80.400   102.000   115.400   108.300   113.900   120.300   114.000    68.300   116.200   108.200   112.300   116.800
 2017      90.500   102.700   129.800   104.600   128.000   125.000   113.400    71.900   114.000   119.500   126.300   117.800
 2018      99.000   113.100   128.100   115.200   128.100   135.600   122.000    79.300   119.100   131.300   125.200   119.100
 2019     102.500   113.700   133.500   116.600   129.800   129.800   130.400    73.000   121.700   124.800   122.500   123.900
 2020      98.400   112.300    95.800    45.300    86.700   111.300   121.600    67.400   124.300   121.200   124.000   119.300
 2021      93.400   108.000   132.900   122.400   118.900   131.400   120.200    73.000   117.600   113.300   119.200   126.400
 2022      98.900   118.500   145.200   121.500   137.600   134.600   127.400    88.700   145.200   136.100   145.900   160.700
 2023     116.200   132.800   160.800   129.400   154.300   164.300   142.400    91.900   146.900   147.600   155.800

DATES OF EASTER DURING THE REQUESTED TIME SPAN 

 YEAR MONTH  DAY 

   2005   MARCH   27
   2006   APRIL   16
   2007   APRIL    8
   2008   MARCH   23
   2009   APRIL   12
   2010   APRIL    4
   2011   APRIL   24
   2012   APRIL    8
   2013   MARCH   31
   2014   APRIL   20
   2015   APRIL    5
   2016   MARCH   27
   2017   APRIL   16
   2018   APRIL    1
   2019   APRIL   21
   2020   APRIL   12
   2021   APRIL    4
   2022   APRIL   17
   2023   APRIL    9
   2024   MARCH   31
   2025   APRIL   20
   2026   APRIL    5


 MODEL PARAMETERS            
 ----------------
  MQ= 12         IMEAN=  0      LAM=  0      D=  1       BD=  1
  P=  0          BP=  0         Q=  1        BQ=  1      IREG=  6
  ITRAD=  0      SMPDAY=  0     IEAST=  3      IDUR=  6     M= 36       IQM= 24
  INCON=  0      NBACK=  0      NPRED= 24    INTERP=  2  INIT=  0
  IFILT=  2      IROOT=  2    INIC=  0    ICONCE=  1
  ICDET=  1      IATIP=  0      IMVX=  0     IDIF=  0    PG=  0
  AIO=  2        INT1=  1       INT2= 227    RSA=  0     SEATS=  2
  VA= 3.74       TOL=  0.100E-03             PC=  0.120E+00
  NOADMISS= 1    STOCHTD 0    BIAS= 1
  THLIM=  0.000  BTHLIM=  0.000   RMOD=  0.500



TH =        -0.10

BTH =        -0.10

WARNING: When adjusting for degrees of freedom in
 order to compute white-noise residuals, the Housholder
 transformation contains an element of arbitrariness 
 that, when multiple regressors are entered, may produce
 a slight variation in results when the order in which
 regressors are entered changes



NUMBER OF INITIAL OBS. =  13

Log-Level pretest : LOGS are Selected
 DIFFERENCED TRANSFORMED SERIES

 YEAR        JAN       FEB       MAR       APR       MAY       JUN       JUL       AUG       SEP       OCT       NOV       DEC 

 2006                -0.015     0.174    -0.311     0.225     0.000    -0.093     0.028    -0.030     0.134    -0.013    -0.162
 2007       0.085    -0.057    -0.043     0.099    -0.065    -0.026     0.117    -0.031    -0.049     0.014    -0.076    -0.013
 2008       0.113    -0.011    -0.151     0.250    -0.247     0.020     0.058    -0.217     0.156    -0.116    -0.133     0.239
 2009      -0.455     0.044     0.153    -0.148    -0.000     0.017     0.033     0.016     0.138    -0.132     0.229    -0.047
 2010       0.153     0.107    -0.057    -0.004     0.080     0.101    -0.122     0.154    -0.189     0.083     0.007    -0.034
 2011       0.062    -0.020    -0.035     0.002     0.117    -0.123    -0.030     0.157    -0.197     0.020     0.005    -0.066
 2012       0.075    -0.085     0.001     0.000    -0.055     0.004     0.077    -0.126     0.049     0.062    -0.056    -0.010
 2013       0.034    -0.019    -0.023     0.033     0.092    -0.139     0.061     0.045    -0.026     0.036    -0.002     0.067
 2014      -0.049     0.025     0.034    -0.034    -0.136     0.168     0.012    -0.112     0.069    -0.005    -0.062     0.105
 2015      -0.145     0.055     0.028     0.068    -0.057     0.051    -0.060     0.076    -0.049    -0.019     0.079    -0.194
 2016       0.116     0.037    -0.047    -0.011     0.072    -0.080    -0.024     0.120    -0.039    -0.072     0.015     0.037
 2017       0.046    -0.111     0.111    -0.152     0.151    -0.078    -0.044     0.057    -0.070     0.118     0.018    -0.109
 2018       0.081     0.007    -0.110     0.110    -0.096     0.081    -0.008     0.025    -0.054     0.050    -0.103     0.020
 2019       0.024    -0.029     0.036    -0.029     0.001    -0.057     0.110    -0.149     0.104    -0.072     0.029     0.061
 2020      -0.080     0.028    -0.319    -0.614     0.542     0.250     0.084    -0.010     0.101    -0.050     0.041    -0.050
 2021      -0.014     0.013     0.366     0.667    -0.678    -0.150    -0.178     0.091    -0.135    -0.012     0.028     0.097
 2022      -0.001     0.036    -0.004    -0.096     0.153    -0.122     0.034     0.137     0.016    -0.027     0.019     0.038
 2023      -0.079    -0.047    -0.012    -0.039     0.052     0.085    -0.088    -0.076    -0.024     0.069    -0.015




 AUTOCORRELATIONS
 ----------------
     -0.4114  -0.0917   0.1232  -0.1033  -0.0021   0.0465  -0.0477   0.1001  -0.0515  -0.0123   0.2671  -0.4235
 SE   0.0684   0.0791   0.0796   0.0805   0.0811   0.0811   0.0812   0.0813   0.0819   0.0821   0.0821   0.0860
      0.0767   0.0965  -0.1215   0.1161  -0.0240   0.0097   0.0924  -0.1580   0.0140   0.0632  -0.0923  -0.0218
 SE   0.0953   0.0956   0.0960   0.0967   0.0974   0.0974   0.0974   0.0978   0.0990   0.0990   0.0992   0.0996
      0.1459  -0.1192   0.0912  -0.0960   0.0990  -0.1458  -0.0019   0.0970  -0.0904   0.0721   0.0646  -0.0755
 SE   0.0996   0.1006   0.1013   0.1017   0.1021   0.1025   0.1035   0.1035   0.1039   0.1043   0.1045   0.1047


 PARTIAL AUTOCORRELATIONS
 ---------------------
     -0.4114  -0.3141  -0.0743  -0.1300  -0.1080  -0.0502  -0.0676   0.0729   0.0220   0.0180   0.3534  -0.1694
 SE   0.0684   0.0684   0.0684   0.0684   0.0684   0.0684   0.0684   0.0684   0.0684   0.0684   0.0684   0.0684
     -0.1589  -0.1279  -0.1498  -0.0293  -0.0871   0.0342   0.1399   0.0137  -0.0112  -0.0156   0.1279  -0.2004
 SE   0.0684   0.0684   0.0684   0.0684   0.0684   0.0684   0.0684   0.0684   0.0684   0.0684   0.0684   0.0684
     -0.0610  -0.1347  -0.0698  -0.1246   0.0496  -0.1222   0.0305   0.0224  -0.1332   0.0373   0.1616  -0.1050
 SE   0.0684   0.0684   0.0684   0.0684   0.0684   0.0684   0.0684   0.0684   0.0684   0.0684   0.0684   0.0684
  
 ARIMA MODEL ESTIMATION 
  
 METHOD OF ESTIMATION: EXACT MAXIMUM LIKELIHOOD           
  
 PARAMETER      ESTIMATE           STD ERROR      T RATIO   LAG  
  
 TH1         -0.62857           0.54837E-01      -11.46      1
 BTH         -0.71729           0.49128E-01      -14.60     12
  
 
 REGULAR MA INVERSE ROOTS ARE 
 NO.     REAL P.     IMAG.P.     MODULUS    ARGUMENT      PERIOD
  1      0.62857       0.0000      0.62857       0.0000            -  
 
 SEASONAL MA INVERSE ROOTS ARE 
 NO.     REAL P.     IMAG.P.     MODULUS    ARGUMENT      PERIOD
  1      0.71729       0.0000      0.71729       0.0000            -  
  
 CORRELATIONS OF THE ESTIMATES 
  
  1.000   -0.245
 -0.245    1.000
  
 AIC 
    -697.624
  
 BIC 
     -5.9991
  
 FINAL VALUE OF OBJECTIVE FUNCTION: 
               0.44222    
  
 RADETN:    1.02167822808707     
 ITERATIONS:            3
  
  NUMBER OF FUNCTION EVALUATIONS:           11
  

 ESTIMATES OF REGRESSION PARAMETERS 
 CONCENTRATED OUT OF THE LIKELIHOOD 

 PARAMETER           VALUE          ST. ERROR     T VALUE
 REG      1          0.36332E-01    (     0.00297)   12.23
 EAST     1         -0.40126E-01    (     0.01295)   -3.10
 OUT 1 ( 49)        -0.26523        (     0.03327)   -7.97   LS    ( 1 2009)
 OUT 2 ( 44)        -0.14098        (     0.03338)   -4.22   LS    ( 8 2008)
 OUT 3 ( 56)        -0.15716        (     0.03838)   -4.09   AO    ( 8 2009)
 OUT 4 (184)        -0.70379        (     0.04186)  -16.81   AO    ( 4 2020)
 OUT 5 (183)        -0.37035        (     0.03991)   -9.28   TC    ( 3 2020)

 VAR-CORRELATION MATRIX OF ESTIMATORS 

   0.882E-05
   0.179E+00   0.168E-03
   0.195E-01   0.107E-01   0.111E-02
   0.553E-01   0.460E-03  -0.924E-01   0.111E-02
   0.649E-01   0.135E-01  -0.321E-01   0.721E-01   0.147E-02
  -0.165E+00  -0.167E+00  -0.409E-02  -0.785E-02  -0.112E-01   0.175E-02
   0.644E-01   0.975E-01   0.329E-02   0.152E-02   0.384E-02  -0.357E+00   0.159E-02


 VARIANCES ARE IN THE MAIN DIAGONAL; 
 OFF-DIAGONAL ELEMENTS ARE CORRELATIONS. 



ACF DIFFERENCED SERIES




 AUTOCORRELATIONS
 ----------------
     -0.4138  -0.1122   0.1229  -0.0754   0.0012   0.0402  -0.0397   0.0885  -0.0623  -0.0033   0.2699  -0.4335
 SE   0.0684   0.0792   0.0799   0.0808   0.0812   0.0812   0.0812   0.0813   0.0818   0.0820   0.0820   0.0861
      0.0931   0.1008  -0.1118   0.1037  -0.0483   0.0191   0.1050  -0.1930   0.0247   0.0873  -0.1058  -0.0098
 SE   0.0957   0.0961   0.0966   0.0972   0.0978   0.0979   0.0979   0.0984   0.1002   0.1002   0.1005   0.1011
      0.1410  -0.1269   0.0813  -0.0900   0.1243  -0.1444  -0.0252   0.1309  -0.1007   0.0578   0.0766  -0.0775
 SE   0.1011   0.1020   0.1027   0.1030   0.1034   0.1041   0.1050   0.1050   0.1058   0.1062   0.1064   0.1066
  
  
  NUMBER OF WHITE NOISE RESIDUALS          207
  
 WHITE NOISE RESIDUALS
  

 YEAR        JAN       FEB       MAR       APR       MAY       JUN       JUL       AUG       SEP       OCT       NOV       DEC 

 2006                                                                                      -0.000     0.050     0.050    -0.041
 2007      -0.061    -0.044     0.009    -0.023     0.008    -0.019     0.022     0.031     0.011    -0.021    -0.039    -0.109
 2008       0.052    -0.020     0.009     0.011    -0.073    -0.042    -0.018     0.031     0.024    -0.044    -0.138     0.019
 2009       0.012    -0.020     0.006     0.012    -0.050    -0.084     0.021     0.038     0.043    -0.107     0.012     0.033
 2010      -0.018     0.039    -0.035    -0.023     0.008     0.105     0.032    -0.037    -0.006     0.022     0.040    -0.027
 2011       0.018     0.063    -0.021     0.028     0.057     0.021    -0.004     0.076    -0.135    -0.047    -0.006    -0.034
 2012      -0.031    -0.067    -0.048     0.036    -0.041    -0.032     0.007    -0.028    -0.027    -0.073    -0.013    -0.003
 2013      -0.047    -0.010     0.007    -0.069     0.080    -0.057    -0.028     0.077    -0.056    -0.003     0.056     0.033
 2014       0.012     0.010     0.010    -0.000    -0.052     0.023     0.032     0.012    -0.071     0.010    -0.015     0.094
 2015      -0.055    -0.014    -0.001     0.036     0.015     0.027     0.006     0.038    -0.045     0.028     0.009    -0.114
 2016       0.035     0.001     0.022     0.013    -0.008     0.001     0.041     0.061    -0.014    -0.005    -0.031    -0.031
 2017      -0.006    -0.021     0.000     0.036     0.050    -0.043    -0.041     0.056    -0.037     0.026     0.051    -0.013
 2018      -0.026     0.014    -0.015    -0.027    -0.016     0.017    -0.044     0.092    -0.012     0.006    -0.038    -0.073
 2019       0.002    -0.007     0.011    -0.027    -0.020    -0.013    -0.010     0.003    -0.016    -0.037     0.012    -0.039
 2020       0.002    -0.012     0.018    -0.034    -0.154    -0.011     0.074     0.016     0.043     0.017    -0.004    -0.092
 2021       0.051    -0.040    -0.029     0.018     0.002     0.003    -0.044    -0.004    -0.059    -0.007    -0.015    -0.006
 2022       0.078     0.072     0.020     0.057     0.055    -0.049     0.007     0.122     0.052     0.027     0.029     0.130
 2023      -0.046    -0.024    -0.047    -0.001     0.032     0.045    -0.034    -0.012    -0.013    -0.015     0.020
 
 
  STABILITY TEST
 
 
     1. FULL PERIOD
                  FIRST HALF                    SECOND HALF
           Mean(t)          Variance      Mean(t)          Variance
      -0.65E-02( -1.4    )  0.21E-02  0.11E-02( 0.27    )  0.18E-02
 
      Mean assumed equal to 0
      VR(variance ratio)= 0.88    
 
      MEAN STABILITY IS NOT REJECTED.
      VARIANCE STABILITY IS NOT REJECTED.


 
     2. LAST 10 YEARS
                  FIRST HALF                    SECOND HALF
           Mean(t)          Variance      Mean(t)          Variance
       0.28E-02( 0.58    )  0.14E-02 -0.23E-03(-0.39E-01)  0.22E-02
 
      Mean assumed equal to 0
      VR(variance ratio)=  1.6    
 
      LAST 10 YEARS MEAN STABILITY IS NOT REJECTED.
      LAST 10 YEARS VARIANCE STABILITY IS NOT REJECTED.


 
  OUT-OF-SAMPLE TEST
  ------------------
      Model re-estimated on Linearized series for first 209 observations.
       18 One-Period-Ahead Forecasts computed with model fixed.
      Comparison between forecast errors (last   18 observations) and residuals (in-sample):

        Mean(Forecast Errors)
            p-value= 0.2175
            Mean of forecast errors can be assumed zero.

        Out-of-Sample MSE is :  0.2783E-02
        In-Sample MSE is :  0.1920E-02
        F( 18,196) is :  0.145E+01
            p-value(%)=11.2381

        Mean and Variance of forecast Errors and In-Sample residuals ARE NOT significantly different.


 TEST-STATISTICS ON RESIDUALS
 ----------------------------


           MEAN=  -0.2660042E-02
        ST.DEV.=   0.3075577E-02
        OF MEAN
        T-VALUE= -0.8649

 NORMALITY TEST=   11.62        ( CHI-SQUARE(2) )

       SKEWNESS= -0.2043          ( SE =  0.1703 )
       KURTOSIS=  4.0865          ( SE =  0.3405 )

 SUM OF SQUARES=   0.3961762    

  DURBIN-WATSON=  2.0253

 STANDARD ERROR=   0.4546005E-01
 OF RESID.
  MSE OF RESID.=   0.2066616E-02




 AUTOCORRELATIONS
 ----------------
      0.0133  -0.0886   0.0485   0.0154   0.0478   0.1049   0.0710   0.0192   0.0112   0.0455   0.0926  -0.0143
 SE   0.0695   0.0695   0.0695   0.0695   0.0695   0.0695   0.0695   0.0695   0.0695   0.0695   0.0695   0.0695
 Q      0.04     1.69     2.19     2.24     2.73     5.10     6.19     6.27     6.30     6.75     8.64     8.69
 PV    -1.00    -1.00     0.14     0.33     0.43     0.28     0.29     0.39     0.51     0.56     0.47     0.56
     -0.0642  -0.0596  -0.0348   0.0483   0.0369   0.0351   0.0191  -0.2186  -0.0649   0.0364  -0.0509  -0.0268
 SE   0.0695   0.0695   0.0695   0.0695   0.0695   0.0695   0.0695   0.0695   0.0695   0.0695   0.0695   0.0695
 Q      9.61    10.41    10.68    11.21    11.52    11.80    11.88    22.94    23.92    24.23    24.84    25.01
 PV     0.57     0.58     0.64     0.67     0.72     0.76     0.81     0.19     0.20     0.23     0.25     0.30
      0.0237  -0.0833   0.0055  -0.0516   0.0727  -0.1437  -0.1140   0.0483  -0.0415   0.0848   0.0367  -0.0469
 SE   0.0695   0.0695   0.0695   0.0695   0.0695   0.0695   0.0695   0.0695   0.0695   0.0695   0.0695   0.0695
 Q     25.14    26.80    26.81    27.45    28.74    33.79    36.98    37.56    37.99    39.79    40.12    40.68
 PV     0.34     0.31     0.37     0.39     0.37     0.21     0.15     0.16     0.18     0.16     0.18     0.20

  LJUNG-BOX Q VALUE OF ORDER  24 IS     25.01 AND IF RESIDUALS ARE RANDOM IT SHOULD BE DISTRIBUTED AS CHI-SQUARE(22)
  p-value= 0.2967

  Given that the lag-12 autocorrelation is <0, the statistics Qs is not associated with
   the presence of residual seasonality. Thus Qs is set =0.

 APPROXIMATE TEST OF RUNS ON RESIDUALS
 -------------------------------------
  NUM.DATA= 207
   NUM.(+)= 104
   NUM.(-)= 103
  NUM.RUNS=  99
   T-VALUE= -0.6968


  NON-PARAMETRIC TEST FOR RESIDUAL SEASONALITY (FRIEDMAN) SEAS_NP =     18.35
    ASYMP. DISTRIBUTED AS CHI-SQUARE(11)
    p-value= 0.0738



 SQUARED RESIDUALS:
 ------------------




 AUTOCORRELATIONS
 ----------------
     -0.0023  -0.0919  -0.0537   0.0712  -0.0551  -0.0306   0.0901  -0.0281  -0.1163  -0.0731   0.0996  -0.0286
 SE   0.0695   0.0695   0.0695   0.0695   0.0695   0.0695   0.0695   0.0695   0.0695   0.0695   0.0695   0.0695
 Q      0.00     1.78     2.39     3.47     4.12     4.33     6.08     6.25     9.21    10.38    12.57    12.76
 PV    -1.00    -1.00     0.12     0.18     0.25     0.36     0.30     0.40     0.24     0.24     0.18     0.24
     -0.0251  -0.0787  -0.0234  -0.0160  -0.0211  -0.0712   0.0543   0.0973   0.0674  -0.0239   0.1001   0.0482
 SE   0.0695   0.0695   0.0695   0.0695   0.0695   0.0695   0.0695   0.0695   0.0695   0.0695   0.0695   0.0695
 Q     12.90    14.29    14.41    14.47    14.57    15.73    16.41    18.60    19.66    19.79    22.14    22.69
 PV     0.30     0.28     0.35     0.42     0.48     0.47     0.50     0.42     0.42     0.47     0.39     0.42
     -0.0293  -0.0977   0.1364   0.0231  -0.0646  -0.0093   0.0987   0.0126  -0.0417   0.0758  -0.0146   0.0054
 SE   0.0695   0.0695   0.0695   0.0695   0.0695   0.0695   0.0695   0.0695   0.0695   0.0695   0.0695   0.0695
 Q     22.90    25.18    29.65    29.78    30.79    30.81    33.21    33.25    33.68    35.12    35.17    35.18
 PV     0.47     0.40     0.24     0.28     0.28     0.33     0.27     0.31     0.34     0.32     0.37     0.41

  McLEOD-LI Q VALUE OF ORDER  24 IS     22.69 AND IF RESIDUALS ARE RANDOM IT SHOULD BE DISTRIBUTED AS CHI-SQUARE(24)
  p-value= 0.5380
 
 
 
SPECTRAL DIAGNOSTICS
 --------------------
 
A. SEASONAL SPECTRAL PEAKS
 
                           Frequency (cycles per year)
                     One    Two   Three  Four   Five    Six  
 Original series      -T     AT     AT     AT     AT     aT
 Linearized series    AT     AT     AT     AT     AT     aT
 Residuals            --     a-     --     -t     a-     --
 
 AT : peaks detected in AR(30) and using Tukey spectrum  estimator
 A- : only peaks detected in AR(30) spectrum estimator
 -T : only peaks detected using Tukey spectrum estimator
 -- : No peaks detected in AR(30) nor using Tukey spectrum estimator
 
 
 
B. STOCHASTIC SEASONALITY: SPECTRAL EVIDENCE
 
 1 :  SERIES CONTAINS SEASONALITY THAT CAN BE RELIABLY EXTRACTED.
 0 :  SEASONALITY IS NOT PRESENT IN THE SERIES OR IS TOO WEAK TO BE RELIABLY CAPTURED.
 
 ORIGINAL SERIES :   1
 LINEARIZED SERIES : 1
 RESIDUALS :         0
 
 
 
C. TRADING DAY EFFECT: SPECTRAL EVIDENCE
 
 1 :  TRADING DAY EFFECT DETECTED
 0 :  NO TRADING DAY EFFECT DETECTED
 
 LINEARIZED SERIES : 0
 RESIDUALS :         0
 
 
OVERALL TEST FOR IDENTIFIABLE SEASONALITY 
----------------------------------------- 
 
  AUTOCORRELATION FUNCTION EVIDENCE : YES
  NON-PARAMETRIC EVIDENCE           : YES
  F-TEST                            :  - 
  SPECTRAL EVIDENCE                 : YES
 
IDENTIFIABLE SEASONALITY FOUND IN SERIES
 
 
OVERALL TEST FOR RESIDUALS SEASONALITY 
----------------------------------------- 
 
  AUTOCORRELATION FUNCTION EVIDENCE : NO 
  NON-PARAMETRIC EVIDENCE           : NO 
  F-TEST                            : NO 
  SPECTRAL EVIDENCE                 : NO 
 
NO IDENTIFIABLE SEASONALITY FOUND IN RESIDUALS
 
 
ARIMA MODEL : ACCEPTABLE FIT
----------------------------
  Point estimation is acceptable. Variance variablility/Non-Normality likely to have a mild effect  on some interferences
 
QUALITY ARIMA MODEL TESTS
----------------------------------------

  Mean in residuals                      :GOOD        
  Autocorrelation in residuals           :GOOD        
  Normality of residuals                 :ACCEPTABLE  
  Skewness of residuals                  :GOOD        
  Kurtosis of residuals                  :ACCEPTABLE  
  Randomness of residual sign            :GOOD        
  Instability of residual mean           :GOOD        
  Instability of residual variance       :GOOD        
  Seasonality in residuals               :GOOD        
  Trading day in residuals               :GOOD        
  Out-of-sample forecast errors          :GOOD        
  Number of outliers                     :GOOD        
 


 LINEAR SERIES


 YEAR        JAN       FEB       MAR       APR       MAY       JUN       JUL       AUG       SEP       OCT       NOV       DEC 

 2005      43.479    50.885    56.222    53.541    55.001    59.015    57.224    28.838    58.002    57.155    56.766    64.485
 2006      47.663    56.986    69.424    58.548    67.267    72.202    63.822    33.079    66.982    70.184    71.337    74.145
 2007      53.527    62.684    75.837    65.670    73.335    76.686    73.465    38.299    76.547    75.623    73.909    73.089
 2008      61.283    68.464    82.703    73.363    74.289    79.250    74.848    40.311    81.433    77.033    68.330    79.771
 2009      61.675    69.440    84.206    75.082    75.726    76.413    77.359    41.478    85.208    73.285    76.009    84.667
 2010      62.893    75.982    85.638    75.804    81.454    94.329    87.661    43.583    89.909    87.151    87.786    91.131
 2011      72.040    88.461    97.898    90.379    99.507   105.711    98.827    55.434    93.924    92.885    94.021    98.300
 2012      75.110    84.722    97.311    93.196    93.630    99.871    97.211    49.851    95.421    86.859    89.370    95.923
 2013      70.521    83.932    98.076    83.305    99.017    95.355    91.706    52.915    91.813    89.865    95.653   102.100
 2014      76.891    90.473   105.070    93.433    96.587   106.133   103.339    55.294    95.589    96.554    96.577   114.500
 2015      77.376    92.788   108.335   100.426   106.901   114.917   109.253    60.837   103.816   106.660   107.382   104.822
 2016      85.560    98.988   117.482   105.891   111.553   119.074   118.842    66.893   113.806   112.796   111.143   116.800
 2017      89.558   103.355   122.415   114.484   125.363   123.726   118.217    70.419   115.782   120.131   124.999   126.679
 2018      94.474   113.821   130.411   116.805   125.461   134.218   122.644    77.666   125.438   127.284   123.910   123.507
 2019      97.814   114.425   135.394   118.674   127.126   133.231   126.411    74.141   123.603   120.983   125.724   123.900
 2020      97.376   113.016   135.690   116.470   109.483   125.088   128.843    72.850   127.161   125.614   125.371   116.776
 2021     100.439   109.488   128.536   118.169   121.063   130.289   120.984    71.558   115.247   118.163   118.007   117.565
 2022     101.506   119.268   136.949   128.243   134.770   133.231   132.814    86.874   142.210   141.882   144.398   160.700
 2023     114.991   133.647   151.652   141.628   151.121   162.625   148.449    90.007   149.197   148.380   154.195


  AUTOCORRELATION FUNCTION TEST FOR SEASONALITY IN LINEARIZEDSERIES QS =   392.00  ASIMPTOTICALLY DISTRIBUTED AS CHI-SQUARE(2)
    p-value= 0.0000


  NON-PARAMETRIC TEST FOR SEASONALITY IN LINEARIZED SERIES (FRIEDMAN) SEAS_NP =    184.81
    ASYMP. DISTRIBUTED AS CHI-SQUARE(11)
    p-value= 0.0000


TOTAL OUTLIER EFFECT FACTORS


 YEAR        JAN       FEB       MAR       APR       MAY       JUN       JUL       AUG       SEP       OCT       NOV       DEC 

 2005     150.112   150.112   150.112   150.112   150.112   150.112   150.112   150.112   150.112   150.112   150.112   150.112
 2006     150.112   150.112   150.112   150.112   150.112   150.112   150.112   150.112   150.112   150.112   150.112   150.112
 2007     150.112   150.112   150.112   150.112   150.112   150.112   150.112   150.112   150.112   150.112   150.112   150.112
 2008     150.112   150.112   150.112   150.112   150.112   150.112   150.112   130.373   130.373   130.373   130.373   130.373
 2009     100.000   100.000   100.000   100.000   100.000   100.000   100.000    85.457   100.000   100.000   100.000   100.000
 2010     100.000   100.000   100.000   100.000   100.000   100.000   100.000   100.000   100.000   100.000   100.000   100.000
 2011     100.000   100.000   100.000   100.000   100.000   100.000   100.000   100.000   100.000   100.000   100.000   100.000
 2012     100.000   100.000   100.000   100.000   100.000   100.000   100.000   100.000   100.000   100.000   100.000   100.000
 2013     100.000   100.000   100.000   100.000   100.000   100.000   100.000   100.000   100.000   100.000   100.000   100.000
 2014     100.000   100.000   100.000   100.000   100.000   100.000   100.000   100.000   100.000   100.000   100.000   100.000
 2015     100.000   100.000   100.000   100.000   100.000   100.000   100.000   100.000   100.000   100.000   100.000   100.000
 2016     100.000   100.000   100.000   100.000   100.000   100.000   100.000   100.000   100.000   100.000   100.000   100.000
 2017     100.000   100.000   100.000   100.000   100.000   100.000   100.000   100.000   100.000   100.000   100.000   100.000
 2018     100.000   100.000   100.000   100.000   100.000   100.000   100.000   100.000   100.000   100.000   100.000   100.000
 2019     100.000   100.000   100.000   100.000   100.000   100.000   100.000   100.000   100.000   100.000   100.000   100.000
 2020     100.000   100.000    69.049    38.173    83.404    88.071    91.492    93.965    95.736    96.996    97.888    98.517
 2021      98.959    99.270    99.489    99.642    99.749    99.824    99.877    99.914    99.940    99.958    99.970    99.979
 2022      99.986    99.990    99.993    99.995    99.997    99.998    99.998    99.999    99.999    99.999   100.000   100.000
 2023     100.000   100.000   100.000   100.000   100.000   100.000   100.000   100.000   100.000   100.000   100.000


TOTAL TRADING DAY - EASTER - LEAP YEAR EFFECT FACTORS


 YEAR        JAN       FEB       MAR       APR       MAY       JUN       JUL       AUG       SEP       OCT       NOV       DEC 

 2005     100.000   100.000    98.014   102.027   100.000   100.000   100.000   100.000   100.000   100.000   100.000   100.000
 2006     100.000   100.000   102.027    98.014   100.000   100.000   100.000   100.000   100.000   100.000   100.000   100.000
 2007     100.000   100.000   102.027    98.014   100.000   100.000   100.000   100.000   100.000   100.000   100.000   100.000
 2008     100.000   100.000    98.014   102.027   100.000   100.000   100.000   100.000   100.000   100.000   100.000   100.000
 2009     100.000   100.000   102.027    98.014   100.000   100.000   100.000   100.000   100.000   100.000   100.000   100.000
 2010     100.000   100.000   100.000   100.000   100.000   100.000   100.000   100.000   100.000   100.000   100.000   100.000
 2011     100.000   100.000   102.027    98.014   100.000   100.000   100.000   100.000   100.000   100.000   100.000   100.000
 2012     100.000   100.000   102.027    98.014   100.000   100.000   100.000   100.000   100.000   100.000   100.000   100.000
 2013     100.000   100.000    98.014   102.027   100.000   100.000   100.000   100.000   100.000   100.000   100.000   100.000
 2014     100.000   100.000   102.027    98.014   100.000   100.000   100.000   100.000   100.000   100.000   100.000   100.000
 2015     100.000   100.000   100.671    99.333   100.000   100.000   100.000   100.000   100.000   100.000   100.000   100.000
 2016     100.000   100.000    98.014   102.027   100.000   100.000   100.000   100.000   100.000   100.000   100.000   100.000
 2017     100.000   100.000   102.027    98.014   100.000   100.000   100.000   100.000   100.000   100.000   100.000   100.000
 2018     100.000   100.000    98.014   102.027   100.000   100.000   100.000   100.000   100.000   100.000   100.000   100.000
 2019     100.000   100.000   102.027    98.014   100.000   100.000   100.000   100.000   100.000   100.000   100.000   100.000
 2020     100.000   100.000   102.027    98.014   100.000   100.000   100.000   100.000   100.000   100.000   100.000   100.000
 2021     100.000   100.000   100.000   100.000   100.000   100.000   100.000   100.000   100.000   100.000   100.000   100.000
 2022     100.000   100.000   102.027    98.014   100.000   100.000   100.000   100.000   100.000   100.000   100.000   100.000
 2023     100.000   100.000   102.027    98.014   100.000   100.000   100.000   100.000   100.000   100.000   100.000


TOTAL REGRESSION EFFECT FACTORS


 YEAR        JAN       FEB       MAR       APR       MAY       JUN       JUL       AUG       SEP       OCT       NOV       DEC 

 2005      97.446    99.366   100.218   100.244   102.104   101.030    95.925   102.104   102.104    95.925   101.041   100.000
 2006     101.052    99.366   103.926    93.218   102.104   101.030    95.925   102.104    98.461    99.475   101.041    92.991
 2007     104.791    99.366   100.218    96.667   102.104   101.030    99.475   102.104    94.947   103.155   101.041    96.432
 2008     104.791   103.043    93.194   103.953    98.461    97.425   103.155    94.947   102.104   103.155    97.436   100.000
 2009      97.446    99.366   100.218   103.953    94.947   101.030   103.155    98.461   102.104    99.475   101.041   103.700
 2010      93.969    99.366   103.926   103.953    98.461   101.030    99.475   102.104   102.104    95.925   101.041   107.537
 2011      97.446    99.366   100.218   100.244   102.104   101.030    95.925   102.104   102.104    95.925   101.041   100.000
 2012     101.052   103.043   100.218    96.667   102.104   101.030    99.475   102.104    94.947   103.155   101.041    96.432
 2013     104.791    99.366    96.642   100.244   102.104    97.425   103.155    98.461    98.461   103.155    97.436   100.000
 2014     101.052    99.366    96.642   100.244    98.461    97.425   103.155    94.947   102.104   103.155    97.436   100.000
 2015      97.446    99.366   100.218   103.953    94.947   101.030   103.155    98.461   102.104    99.475   101.041   103.700
 2016      93.969   103.043   100.218   100.244   102.104   101.030    95.925   102.104   102.104    95.925   101.041   100.000
 2017     101.052    99.366   103.926    93.218   102.104   101.030    95.925   102.104    98.461    99.475   101.041    92.991
 2018     104.791    99.366   100.218    96.667   102.104   101.030    99.475   102.104    94.947   103.155   101.041    96.432
 2019     104.791    99.366    96.642   100.244   102.104    97.425   103.155    98.461    98.461   103.155    97.436   100.000
 2020     101.052    99.366   100.218   103.953    94.947   101.030   103.155    98.461   102.104    99.475   101.041   103.700
 2021      93.969    99.366   103.926   103.953    98.461   101.030    99.475   102.104   102.104    95.925   101.041   107.537
 2022      97.446    99.366   103.926    96.667   102.104   101.030    95.925   102.104   102.104    95.925   101.041   100.000
 2023     101.052    99.366   103.926    93.218   102.104   101.030    95.925   102.104    98.461    99.475   101.041
 
 
 
 FORECAST FUNCTION OF ORIGINAL SERIES: 
  
ORIGIN: 227 PERIODS AHEAD: 24
  
 OBS    DATE         FORECAST          STD ERROR        FORECAST          STD ERROR   
                        (SERIES IN LOGS)                     (SERIES IN LEVELS)       
 228  Dec-2023       4.97936          0.445348E-01       145.382           6.47775    
 229  Jan-2024       4.85661          0.470956E-01       128.588           6.05929    
 230  Feb-2024       4.98605          0.497440E-01       146.357           7.28489    
 231  Mar-2024       5.04965          0.534495E-01       155.968           8.34235    
 232  Apr-2024       5.03714          0.558337E-01       154.029           8.60674    
 233  May-2024       5.07962          0.571729E-01       160.712           9.19590    
 234  Jun-2024       5.08831          0.595007E-01       162.116           9.65457    
 235  Jul-2024       5.09778          0.617597E-01       163.659           10.1172    
 236  Aug-2024       4.54478          0.638025E-01       94.1393           6.01244    
 237  Sep-2024       5.05376          0.658346E-01       156.611           10.3216    
 238  Oct-2024       5.10010          0.679122E-01       164.039           11.1531    
 239  Nov-2024       5.06056          0.698053E-01       157.679           11.0202    
 240  Dec-2024       5.10913          0.754601E-01       165.527           12.5085    
 241  Jan-2025       4.87739          0.783163E-01       131.287           10.2977    
 242  Feb-2025       5.00682          0.810584E-01       149.429           12.1324    
 243  Mar-2025       5.14688          0.839888E-01       171.894           14.4627    
 244  Apr-2025       5.05412          0.864732E-01       156.667           13.5729    
 245  May-2025       5.10039          0.888281E-01       164.086           14.6042    
 246  Jun-2025       5.14542          0.912812E-01       171.643           15.7005    
 247  Jul-2025       5.15489          0.936932E-01       173.277           16.2705    
 248  Aug-2025       4.56555          0.960703E-01       96.1153           9.25517    
 249  Sep-2025       5.14720          0.981997E-01       171.950           16.9262    
 250  Oct-2025       5.15721          0.100462           173.679           17.4923    
 251  Nov-2025       5.11766          0.102594           166.945           17.1727    
