
                                        PROGRAM TRAMO+

             (based on program TRAMO, Victor Gomez and Agustin Maravall©,1996)

         Developed at the Bank of Spain by Gianluca Caporello and Agustin Maravall,
         with programming support from Domingo Pérez Cañete and Roberto López Pavón.

                 VERSION: 1.0 (Revision: 942  Build: 2017/09/25 09:39:13)


 SERIES TITLE=FATEXP_20                                                                       

 INPUT PARAMETERS
   lam= 1   imean= 0   ireg= 4   seats= 2   tabtablet='xo,xi,xl,re,me,td,ee,to,ls,reg'   int2=227   rsa= 0   modelsumm= 1   va=   3.742
 
   Name : NOT DEFINED.
   Reglist01
    Iuser= 2   Nser= 4   Ilong=   0
 
   Fixed Outliers:
   #Observ. Type
      84     AO
      61     LS
     185     AO
     186     AO
 

 NUMBER OF OBSERVATIONS: 227


 ORIGINAL SERIES 

 YEAR        JAN       FEB       MAR       APR       MAY       JUN       JUL       AUG       SEP       OCT       NOV       DEC 

 2005      32.900    31.400    32.300    31.700    30.600    31.900    33.800    39.400    32.400    33.500    32.500    34.500
 2006      32.600    31.900    33.400    32.800    31.800    34.700    32.500    38.600    33.000    33.100    36.300    36.400
 2007      36.400    35.700    35.500    37.500    35.600    36.400    37.400    41.500    34.900    36.000    37.300    38.700
 2008      35.200    34.700    34.100    35.500    33.500    35.500    34.200    40.800    34.700    33.800    32.500    35.000
 2009      31.400    30.900    28.500    31.500    31.900    30.400    33.100    37.800    32.500    33.800    34.600    36.000
 2010      39.300    38.800    36.900    37.900    38.200    39.500    38.700    45.100    37.800    39.000    40.800    44.300
 2011      43.000    41.600    40.700    39.800    41.100    40.700    41.100    46.500    40.500    41.500    41.400    39.300
 2012      42.800    42.500    41.700    41.500    42.500    42.700    43.200    46.000    42.200    43.400    42.300    42.900
 2013      45.200    44.700    44.500    45.000    42.700    42.700    44.900    48.200    42.600    44.300    44.900    44.800
 2014      47.400    46.600    44.900    46.400    44.400    44.000    46.100    50.000    45.600    47.100    46.900    47.300
 2015      48.900    47.000    47.300    48.200    48.100    47.900    48.300    53.800    46.500    48.600    48.300    48.200
 2016      49.700    47.700    48.300    47.700    47.300    47.600    48.300    53.500    49.400    49.700    50.500    51.500
 2017      51.000    49.400    48.600    51.000    49.500    48.900    48.800    55.100    49.100    49.900    51.800    51.700
 2018      51.700    50.400    49.000    50.900    49.800    49.700    51.700    56.600    49.900    51.600    52.400    51.300
 2019      51.600    50.100    49.200    50.200    49.600    48.100    49.700    54.700    50.300    50.500    52.300    51.800
 2020      51.200    49.200    51.100    53.200    46.400    45.600    47.400    51.200    47.600    48.300    49.500    51.000
 2021      50.000    49.300    48.200    49.400    48.500    49.300    49.400    53.600    48.500    48.000    47.900    49.800
 2022      48.900    48.700    47.200    47.800    48.800    48.500    49.000    51.600    47.300    50.000    48.700    49.300
 2023      48.700    49.500    47.400    48.600    48.000    47.100    48.500    52.200    47.300    48.400    47.800


 MODEL PARAMETERS            
 ----------------
  MQ= 12         IMEAN=  0      LAM=  1      D=  1       BD=  1
  P=  0          BP=  0         Q=  1        BQ=  1      IREG=  4
  ITRAD=  0      SMPDAY=  0     IEAST=  0      IDUR=  6     M= 36       IQM= 24
  INCON=  0      NBACK=  0      NPRED= 24    INTERP=  2  INIT=  0
  IFILT=  2      IROOT=  2    INIC=  0    ICONCE=  1
  ICDET=  1      IATIP=  0      IMVX=  0     IDIF=  0    PG=  0
  AIO=  2        INT1=  1       INT2= 227    RSA=  0     SEATS=  2
  VA= 3.74       TOL=  0.100E-03             PC=  0.120E+00
  NOADMISS= 1    STOCHTD 0    BIAS= 1
  THLIM=  0.000  BTHLIM=  0.000   RMOD=  0.500



TH =        -0.10

BTH =        -0.10

WARNING: When adjusting for degrees of freedom in
 order to compute white-noise residuals, the Housholder
 transformation contains an element of arbitrariness 
 that, when multiple regressors are entered, may produce
 a slight variation in results when the order in which
 regressors are entered changes



NUMBER OF INITIAL OBS. =  13
 DIFFERENCED SERIES

 YEAR        JAN       FEB       MAR       APR       MAY       JUN       JUL       AUG       SEP       OCT       NOV       DEC 

 2006                 0.800     0.600    -0.000     0.100     1.600    -4.100     0.500     1.400    -1.000     4.200    -1.900
 2007       1.900     0.000    -1.700     2.600    -0.900    -2.100     3.200    -2.000    -1.000     1.000    -1.900     1.300
 2008      -3.500     0.200    -0.400    -0.600    -0.100     1.200    -2.300     2.500     0.500    -2.000    -2.600     1.100
 2009      -0.100     0.000    -1.800     1.600     2.400    -3.500     4.000    -1.900     0.800     2.200     2.100    -1.100
 2010       6.900     0.000     0.500    -2.000    -0.100     2.800    -3.500     1.700    -2.000    -0.100     1.000     2.100
 2011      -4.600    -0.900     1.000    -1.900     1.000    -1.700     1.200    -1.000     1.300    -0.200    -1.900    -5.600
 2012       4.800     1.100     0.100     0.700    -0.300     0.600     0.100    -2.600     2.200     0.200    -1.000     2.700
 2013      -1.200    -0.200     0.600     0.700    -3.300    -0.200     1.700     0.500    -1.800     0.500     1.700    -0.700
 2014       0.300    -0.300    -1.500     1.000     0.300    -0.400    -0.100     0.600     1.200    -0.200    -0.800     0.500
 2015      -1.000    -1.100     2.000    -0.600     1.900     0.200    -1.700     1.600    -2.900     0.600    -0.100    -0.500
 2016      -0.100    -0.100     0.300    -1.500    -0.300     0.500     0.300    -0.300     3.200    -1.800     1.100     1.100
 2017      -2.000     0.400    -1.400     3.000    -1.100    -0.900    -0.800     1.100    -1.900     0.500     1.100    -1.100
 2018       0.500     0.300    -0.600    -0.500     0.400     0.500     2.100    -1.400    -0.700     0.900    -1.100    -1.000
 2019       0.300    -0.200     0.500    -0.900     0.500    -1.400    -0.400     0.100     2.300    -1.500     1.000     0.600
 2020      -0.900    -0.500     2.800     1.100    -6.200     0.700     0.200    -1.200     0.800     0.500    -0.600     2.000
 2021      -0.400     1.300    -3.000    -0.900     5.900     1.600    -1.700     0.400    -1.500    -1.200    -1.300     0.400
 2022       0.100     0.500    -0.400    -0.600     1.900    -1.100     0.400    -1.600     0.800     3.200    -1.200    -1.300
 2023       0.300     1.000    -0.600     0.600    -1.600    -0.600     0.900     1.100    -0.600    -1.600     0.700




 AUTOCORRELATIONS
 ----------------
     -0.3361  -0.0356   0.0454  -0.1305   0.0278  -0.0150   0.0104   0.0486  -0.0214   0.0004   0.0945  -0.4059
 SE   0.0684   0.0757   0.0758   0.0759   0.0769   0.0770   0.0770   0.0770   0.0771   0.0772   0.0772   0.0777
      0.2202   0.0407  -0.0378   0.0538   0.0245   0.0019  -0.0499  -0.0034   0.0458   0.0297  -0.1142   0.0112
 SE   0.0871   0.0896   0.0897   0.0898   0.0899   0.0900   0.0900   0.0901   0.0901   0.0902   0.0903   0.0909
     -0.0362  -0.1010   0.1127  -0.0062  -0.0470   0.0277   0.0015   0.1087  -0.1866   0.0080   0.1620  -0.0956
 SE   0.0909   0.0910   0.0915   0.0922   0.0922   0.0923   0.0923   0.0923   0.0929   0.0946   0.0947   0.0959


 PARTIAL AUTOCORRELATIONS
 ---------------------
     -0.3361  -0.1675  -0.0289  -0.1492  -0.0814  -0.0721  -0.0283   0.0234   0.0011  -0.0053   0.1115  -0.3858
 SE   0.0684   0.0684   0.0684   0.0684   0.0684   0.0684   0.0684   0.0684   0.0684   0.0684   0.0684   0.0684
     -0.0608   0.0242   0.0201  -0.0478   0.0559   0.0438  -0.0191  -0.0089   0.0632   0.0854  -0.0748  -0.2768
 SE   0.0684   0.0684   0.0684   0.0684   0.0684   0.0684   0.0684   0.0684   0.0684   0.0684   0.0684   0.0684
     -0.0805  -0.1547  -0.0309  -0.0370  -0.0286  -0.0494  -0.0695   0.1501  -0.0947  -0.1023   0.0049  -0.1467
 SE   0.0684   0.0684   0.0684   0.0684   0.0684   0.0684   0.0684   0.0684   0.0684   0.0684   0.0684   0.0684
  
 ARIMA MODEL ESTIMATION 
  
 METHOD OF ESTIMATION: EXACT MAXIMUM LIKELIHOOD           
  
 PARAMETER      ESTIMATE           STD ERROR      T RATIO   LAG  
  
 TH1         -0.47688           0.61379E-01       -7.77      1
 BTH         -0.78260           0.43471E-01      -18.00     12
  
 
 REGULAR MA INVERSE ROOTS ARE 
 NO.     REAL P.     IMAG.P.     MODULUS    ARGUMENT      PERIOD
  1      0.47688       0.0000      0.47688       0.0000            -  
 
 SEASONAL MA INVERSE ROOTS ARE 
 NO.     REAL P.     IMAG.P.     MODULUS    ARGUMENT      PERIOD
  1      0.78260       0.0000      0.78260       0.0000            -  
  
 CORRELATIONS OF THE ESTIMATES 
  
  1.000   -0.204
 -0.204    1.000
  
 AIC 
     685.773
  
 BIC 
      0.4067
  
 FINAL VALUE OF OBJECTIVE FUNCTION: 
                291.95    
  
 RADETN:    1.02755135842993     
 ITERATIONS:            4
  
  NUMBER OF FUNCTION EVALUATIONS:           14
  

 ESTIMATES OF REGRESSION PARAMETERS 
 CONCENTRATED OUT OF THE LIKELIHOOD 

 PARAMETER           VALUE          ST. ERROR     T VALUE
 OUT 1 ( 84)         -3.7603        (     0.93944)   -4.00   AO    (12 2011)
 OUT 2 ( 61)          4.2547        (     0.96545)    4.41   LS    ( 1 2010)
 OUT 3 (185)         -3.3260        (     0.98148)   -3.39   AO    ( 5 2020)
 OUT 4 (186)         -2.8911        (     0.98148)   -2.95   AO    ( 6 2020)

 VAR-CORRELATION MATRIX OF ESTIMATORS 

   0.883E+00
  -0.490E-01   0.932E+00
  -0.510E-03   0.455E-03   0.963E+00
  -0.422E-03   0.248E-03   0.262E+00   0.963E+00


 VARIANCES ARE IN THE MAIN DIAGONAL; 
 OFF-DIAGONAL ELEMENTS ARE CORRELATIONS. 



ACF DIFFERENCED SERIES




 AUTOCORRELATIONS
 ----------------
     -0.3533  -0.0347   0.0728  -0.1279   0.0307  -0.0100   0.0040   0.0370  -0.0122   0.0044   0.1118  -0.4082
 SE   0.0684   0.0764   0.0765   0.0768   0.0778   0.0779   0.0779   0.0779   0.0779   0.0780   0.0780   0.0787
      0.2218   0.0291  -0.0709   0.0538   0.0390  -0.0074  -0.0426  -0.0024   0.0331   0.0202  -0.1019  -0.0103
 SE   0.0880   0.0906   0.0907   0.0909   0.0911   0.0911   0.0911   0.0912   0.0912   0.0913   0.0913   0.0918
     -0.0299  -0.0985   0.1220   0.0057  -0.0657   0.0298  -0.0062   0.1178  -0.1849   0.0094   0.1485  -0.0661
 SE   0.0919   0.0919   0.0924   0.0931   0.0931   0.0934   0.0934   0.0934   0.0941   0.0958   0.0958   0.0969
  
  
  NUMBER OF WHITE NOISE RESIDUALS          210
  
 WHITE NOISE RESIDUALS
  

 YEAR        JAN       FEB       MAR       APR       MAY       JUN       JUL       AUG       SEP       OCT       NOV       DEC 

 2006                                                         1.371    -2.575    -0.834     0.705    -0.451     3.092    -0.022
 2007       1.322     0.897    -0.846     1.938     0.156    -1.117     0.557    -1.317    -0.917     0.026     0.137     0.406
 2008      -2.274    -0.615    -1.513     0.274    -0.476     0.114    -1.396     0.645     0.588    -1.304    -3.000    -0.162
 2009      -1.811    -0.542    -2.881     0.894     2.317    -2.044     1.862    -0.013     0.971     1.458     1.023     0.333
 2010       1.494     0.930    -1.023    -0.763     0.948     0.855    -0.916     0.562    -0.968     0.182     1.313     2.573
 2011       1.887     0.176    -0.042    -2.109     0.981    -0.908    -0.252    -0.350     0.179     0.377    -0.767    -0.705
 2012       1.199     1.109     0.531    -0.658     0.917    -0.025     0.227    -2.652     1.187     0.989    -1.250    -1.911
 2013       2.813     1.557     1.342     0.631    -2.033    -1.527     1.150    -1.092    -0.414     0.628     0.659    -1.401
 2014       2.514     1.069    -0.521     0.743    -1.162    -1.386     0.700    -0.343     1.116     0.975    -0.054    -0.861
 2015       1.067    -0.690     0.865     0.586     0.995     0.025    -0.625     0.772    -1.530     0.215    -0.402    -1.342
 2016       0.412    -0.839     0.832    -0.967    -0.202     0.052    -0.172     0.454     1.932    -0.140     0.639     0.505
 2017      -0.935    -0.856    -0.844     1.530    -0.167    -0.863    -1.365     0.867    -0.145    -0.399     1.460    -0.246
 2018      -0.537    -0.276    -1.073     0.500    -0.063    -0.143     1.286     0.400    -0.945     0.191     0.282    -1.602
 2019      -0.792    -0.594    -0.519    -0.356     0.094    -1.443    -0.029    -0.080     1.372    -0.343     0.986    -0.289
 2020      -1.059    -1.174     2.055     1.995    -1.716    -1.717    -2.994    -2.680     0.626     0.018     0.308     1.553
 2021      -0.380     0.595    -0.670    -0.425     0.284     1.467     0.188    -0.490    -0.244    -1.536    -1.798     0.643
 2022      -0.471     0.883    -0.725    -1.029     1.790     0.796     0.380    -1.872    -0.101     2.041    -1.062    -0.624
 2023      -0.607     1.577    -0.745    -0.290     0.090    -0.619     0.578    -0.231    -0.091    -0.008    -0.896
 
 
  STABILITY TEST
 
 
     1. FULL PERIOD
                  FIRST HALF                    SECOND HALF
           Mean(t)          Variance      Mean(t)          Variance
       0.43E-01( 0.34    )   1.6     -0.12    ( -1.3    )  0.98    
 
      Mean assumed equal to 0
      VR(variance ratio)= 0.60    
 
      MEAN STABILITY IS NOT REJECTED.
      VARIANCE STABILITY IS REJECTED.


 
     2. LAST 10 YEARS
                  FIRST HALF                    SECOND HALF
           Mean(t)          Variance      Mean(t)          Variance
       0.20E-01( 0.17    )  0.82     -0.19    ( -1.4    )   1.2    
 
      Mean assumed equal to 0
      VR(variance ratio)=  1.5    
 
      LAST 10 YEARS MEAN STABILITY IS NOT REJECTED.
      LAST 10 YEARS VARIANCE STABILITY IS NOT REJECTED.


      Residual mean and/or variance fail stability test for full period.
      Removing early years may improve stability.
      Test redone for last 10 years.

 
  OUT-OF-SAMPLE TEST
  ------------------
      Model re-estimated on Linearized series for first 209 observations.
       18 One-Period-Ahead Forecasts computed with model fixed.
      Comparison between forecast errors (last   18 observations) and residuals (in-sample):

        Mean(Forecast Errors)
            p-value= 0.7299
            Mean of forecast errors can be assumed zero.

        Out-of-Sample MSE is :  0.8496E+00
        In-Sample MSE is :  0.1334E+01
        F( 18,196) is :  0.637E+00
            p-value(%)=86.7585

        Mean and Variance of forecast Errors and In-Sample residuals ARE NOT significantly different.


 TEST-STATISTICS ON RESIDUALS
 ----------------------------


           MEAN=  -0.4039099E-01
        ST.DEV.=   0.7898932E-01
        OF MEAN
        T-VALUE= -0.5113

 NORMALITY TEST=  0.8639E-01    ( CHI-SQUARE(2) )

       SKEWNESS= -0.0476          ( SE =  0.1690 )
       KURTOSIS=  2.9712          ( SE =  0.3381 )

 SUM OF SQUARES=    269.8726    

  DURBIN-WATSON=  1.9892

 STANDARD ERROR=    1.152966    
 OF RESID.
  MSE OF RESID.=    1.329332    




 AUTOCORRELATIONS
 ----------------
      0.0209  -0.0378   0.0132  -0.0824   0.0039  -0.0336  -0.0175   0.0103  -0.0289  -0.0612  -0.1182   0.1160
 SE   0.0690   0.0690   0.0690   0.0690   0.0690   0.0690   0.0690   0.0690   0.0690   0.0690   0.0690   0.0690
 Q      0.09     0.40     0.44     1.90     1.91     2.15     2.22     2.24     2.43     3.26     6.39     9.41
 PV    -1.00    -1.00     0.51     0.39     0.59     0.71     0.82     0.90     0.93     0.92     0.70     0.49
      0.0926   0.0156   0.0237   0.0161   0.0637  -0.0029  -0.0490   0.0481  -0.0632  -0.0461  -0.1758  -0.0500
 SE   0.0690   0.0690   0.0690   0.0690   0.0690   0.0690   0.0690   0.0690   0.0690   0.0690   0.0690   0.0690
 Q     11.35    11.40    11.53    11.59    12.53    12.53    13.09    13.63    14.57    15.07    22.43    23.03
 PV     0.41     0.49     0.57     0.64     0.64     0.71     0.73     0.75     0.75     0.77     0.38     0.40
      0.0094  -0.0596   0.0629  -0.0054   0.0072   0.0202   0.0024   0.1158  -0.1260   0.0063   0.0228  -0.0117
 SE   0.0690   0.0690   0.0690   0.0690   0.0690   0.0690   0.0690   0.0690   0.0690   0.0690   0.0690   0.0690
 Q     23.05    23.91    24.87    24.87    24.89    24.99    24.99    28.35    32.34    32.35    32.48    32.51
 PV     0.46     0.47     0.47     0.53     0.58     0.63     0.68     0.55     0.40     0.45     0.49     0.54

  LJUNG-BOX Q VALUE OF ORDER  24 IS     23.03 AND IF RESIDUALS ARE RANDOM IT SHOULD BE DISTRIBUTED AS CHI-SQUARE(22)
  p-value= 0.4003
  THE PIERCE QS VALUE IS      3.02 AND IF RESIDUALS ARE RANDOM IT SHOULD BE DISTRIBUTED AS CHI-SQUARE(2)

 APPROXIMATE TEST OF RUNS ON RESIDUALS
 -------------------------------------
  NUM.DATA= 210
   NUM.(+)= 105
   NUM.(-)= 105
  NUM.RUNS= 114
   T-VALUE=  1.1068


  NON-PARAMETRIC TEST FOR RESIDUAL SEASONALITY (FRIEDMAN) SEAS_NP =     13.22
    ASYMP. DISTRIBUTED AS CHI-SQUARE(11)
    p-value= 0.2794



 SQUARED RESIDUALS:
 ------------------




 AUTOCORRELATIONS
 ----------------
      0.1250   0.0936  -0.0022   0.3054   0.1163   0.0079  -0.0274  -0.0567  -0.0363  -0.0184  -0.0467  -0.0295
 SE   0.0690   0.0690   0.0690   0.0690   0.0690   0.0690   0.0690   0.0690   0.0690   0.0690   0.0690   0.0690
 Q      3.33     5.20     5.20    25.36    28.30    28.31    28.48    29.19    29.48    29.55    30.04    30.24
 PV    -1.00    -1.00     0.02     0.00     0.00     0.00     0.00     0.00     0.00     0.00     0.00     0.00
     -0.1459   0.0505  -0.0683   0.0118  -0.0612  -0.0306   0.0097   0.0544   0.0326  -0.0360  -0.0286   0.1107
 SE   0.0690   0.0690   0.0690   0.0690   0.0690   0.0690   0.0690   0.0690   0.0690   0.0690   0.0690   0.0690
 Q     35.05    35.63    36.70    36.73    37.59    37.81    37.83    38.52    38.77    39.08    39.28    42.21
 PV     0.00     0.00     0.00     0.00     0.00     0.00     0.00     0.00     0.00     0.01     0.01     0.01
      0.1072   0.0509  -0.0579   0.0726  -0.0303   0.0058  -0.0234   0.0335  -0.0456  -0.0649   0.0128  -0.0183
 SE   0.0690   0.0690   0.0690   0.0690   0.0690   0.0690   0.0690   0.0690   0.0690   0.0690   0.0690   0.0690
 Q     44.97    45.60    46.42    47.71    47.93    47.94    48.08    48.36    48.88    49.95    49.99    50.08
 PV     0.00     0.00     0.01     0.01     0.01     0.01     0.01     0.02     0.02     0.02     0.03     0.04

  McLEOD-LI Q VALUE OF ORDER  24 IS     42.21 AND IF RESIDUALS ARE RANDOM IT SHOULD BE DISTRIBUTED AS CHI-SQUARE(24)
  p-value= 0.0122
 
 
 
SPECTRAL DIAGNOSTICS
 --------------------
 
A. SEASONAL SPECTRAL PEAKS
 
                           Frequency (cycles per year)
                     One    Two   Three  Four   Five    Six  
 Original series      aT     aT     AT     aT     aT     aT
 Linearized series    aT     aT     AT     aT     aT     aT
 Residuals            --     --     --     --     --     --
 
 AT : peaks detected in AR(30) and using Tukey spectrum  estimator
 A- : only peaks detected in AR(30) spectrum estimator
 -T : only peaks detected using Tukey spectrum estimator
 -- : No peaks detected in AR(30) nor using Tukey spectrum estimator
 
 
 
B. STOCHASTIC SEASONALITY: SPECTRAL EVIDENCE
 
 1 :  SERIES CONTAINS SEASONALITY THAT CAN BE RELIABLY EXTRACTED.
 0 :  SEASONALITY IS NOT PRESENT IN THE SERIES OR IS TOO WEAK TO BE RELIABLY CAPTURED.
 
 ORIGINAL SERIES :   1
 LINEARIZED SERIES : 1
 RESIDUALS :         0
 
 
 
C. TRADING DAY EFFECT: SPECTRAL EVIDENCE
 
 1 :  TRADING DAY EFFECT DETECTED
 0 :  NO TRADING DAY EFFECT DETECTED
 
 LINEARIZED SERIES : 0
 RESIDUALS :         0
 
 
OVERALL TEST FOR IDENTIFIABLE SEASONALITY 
----------------------------------------- 
 
  AUTOCORRELATION FUNCTION EVIDENCE : YES
  NON-PARAMETRIC EVIDENCE           : YES
  F-TEST                            :  - 
  SPECTRAL EVIDENCE                 : YES
 
IDENTIFIABLE SEASONALITY FOUND IN SERIES
 
 
OVERALL TEST FOR RESIDUALS SEASONALITY 
----------------------------------------- 
 
  AUTOCORRELATION FUNCTION EVIDENCE : NO 
  NON-PARAMETRIC EVIDENCE           : NO 
  F-TEST                            : NO 
  SPECTRAL EVIDENCE                 : NO 
 
NO IDENTIFIABLE SEASONALITY FOUND IN RESIDUALS
 
 
ARIMA MODEL : GOOD FIT
----------------------

ALL TEST ARE PASSED
 
QUALITY ARIMA MODEL TESTS
----------------------------------------

  Mean in residuals                      :GOOD        
  Autocorrelation in residuals           :GOOD        
  Normality of residuals                 :GOOD        
  Skewness of residuals                  :GOOD        
  Kurtosis of residuals                  :GOOD        
  Randomness of residual sign            :GOOD        
  Instability of residual mean           :GOOD        
  Instability of residual variance       :GOOD        
  Seasonality in residuals               :GOOD        
  Trading day in residuals               :GOOD        
  Out-of-sample forecast errors          :GOOD        
  Number of outliers                     :GOOD        
 


 LINEAR SERIES


 YEAR        JAN       FEB       MAR       APR       MAY       JUN       JUL       AUG       SEP       OCT       NOV       DEC 

 2005      37.155    35.655    36.555    35.955    34.855    36.155    38.055    43.655    36.655    37.755    36.755    38.755
 2006      36.855    36.155    37.655    37.055    36.055    38.955    36.755    42.855    37.255    37.355    40.555    40.655
 2007      40.655    39.955    39.755    41.755    39.855    40.655    41.655    45.755    39.155    40.255    41.555    42.955
 2008      39.455    38.955    38.355    39.755    37.755    39.755    38.455    45.055    38.955    38.055    36.755    39.255
 2009      35.655    35.155    32.755    35.755    36.155    34.655    37.355    42.055    36.755    38.055    38.855    40.255
 2010      39.300    38.800    36.900    37.900    38.200    39.500    38.700    45.100    37.800    39.000    40.800    44.300
 2011      43.000    41.600    40.700    39.800    41.100    40.700    41.100    46.500    40.500    41.500    41.400    43.060
 2012      42.800    42.500    41.700    41.500    42.500    42.700    43.200    46.000    42.200    43.400    42.300    42.900
 2013      45.200    44.700    44.500    45.000    42.700    42.700    44.900    48.200    42.600    44.300    44.900    44.800
 2014      47.400    46.600    44.900    46.400    44.400    44.000    46.100    50.000    45.600    47.100    46.900    47.300
 2015      48.900    47.000    47.300    48.200    48.100    47.900    48.300    53.800    46.500    48.600    48.300    48.200
 2016      49.700    47.700    48.300    47.700    47.300    47.600    48.300    53.500    49.400    49.700    50.500    51.500
 2017      51.000    49.400    48.600    51.000    49.500    48.900    48.800    55.100    49.100    49.900    51.800    51.700
 2018      51.700    50.400    49.000    50.900    49.800    49.700    51.700    56.600    49.900    51.600    52.400    51.300
 2019      51.600    50.100    49.200    50.200    49.600    48.100    49.700    54.700    50.300    50.500    52.300    51.800
 2020      51.200    49.200    51.100    53.200    49.726    48.491    47.400    51.200    47.600    48.300    49.500    51.000
 2021      50.000    49.300    48.200    49.400    48.500    49.300    49.400    53.600    48.500    48.000    47.900    49.800
 2022      48.900    48.700    47.200    47.800    48.800    48.500    49.000    51.600    47.300    50.000    48.700    49.300
 2023      48.700    49.500    47.400    48.600    48.000    47.100    48.500    52.200    47.300    48.400    47.800


  AUTOCORRELATION FUNCTION TEST FOR SEASONALITY IN LINEARIZEDSERIES QS =   284.76  ASIMPTOTICALLY DISTRIBUTED AS CHI-SQUARE(2)
    p-value= 0.0000


  NON-PARAMETRIC TEST FOR SEASONALITY IN LINEARIZED SERIES (FRIEDMAN) SEAS_NP =    126.05
    ASYMP. DISTRIBUTED AS CHI-SQUARE(11)
    p-value= 0.0000


TOTAL OUTLIER EFFECT


 YEAR        JAN       FEB       MAR       APR       MAY       JUN       JUL       AUG       SEP       OCT       NOV       DEC 

 2005      -4.255    -4.255    -4.255    -4.255    -4.255    -4.255    -4.255    -4.255    -4.255    -4.255    -4.255    -4.255
 2006      -4.255    -4.255    -4.255    -4.255    -4.255    -4.255    -4.255    -4.255    -4.255    -4.255    -4.255    -4.255
 2007      -4.255    -4.255    -4.255    -4.255    -4.255    -4.255    -4.255    -4.255    -4.255    -4.255    -4.255    -4.255
 2008      -4.255    -4.255    -4.255    -4.255    -4.255    -4.255    -4.255    -4.255    -4.255    -4.255    -4.255    -4.255
 2009      -4.255    -4.255    -4.255    -4.255    -4.255    -4.255    -4.255    -4.255    -4.255    -4.255    -4.255    -4.255
 2010       0.000     0.000     0.000     0.000     0.000     0.000     0.000     0.000     0.000     0.000     0.000     0.000
 2011       0.000     0.000     0.000     0.000     0.000     0.000     0.000     0.000     0.000     0.000     0.000    -3.760
 2012       0.000     0.000     0.000     0.000     0.000     0.000     0.000     0.000     0.000     0.000     0.000     0.000
 2013       0.000     0.000     0.000     0.000     0.000     0.000     0.000     0.000     0.000     0.000     0.000     0.000
 2014       0.000     0.000     0.000     0.000     0.000     0.000     0.000     0.000     0.000     0.000     0.000     0.000
 2015       0.000     0.000     0.000     0.000     0.000     0.000     0.000     0.000     0.000     0.000     0.000     0.000
 2016       0.000     0.000     0.000     0.000     0.000     0.000     0.000     0.000     0.000     0.000     0.000     0.000
 2017       0.000     0.000     0.000     0.000     0.000     0.000     0.000     0.000     0.000     0.000     0.000     0.000
 2018       0.000     0.000     0.000     0.000     0.000     0.000     0.000     0.000     0.000     0.000     0.000     0.000
 2019       0.000     0.000     0.000     0.000     0.000     0.000     0.000     0.000     0.000     0.000     0.000     0.000
 2020       0.000     0.000     0.000     0.000    -3.326    -2.891     0.000     0.000     0.000     0.000     0.000     0.000
 2021       0.000     0.000     0.000     0.000     0.000     0.000     0.000     0.000     0.000     0.000     0.000     0.000
 2022       0.000     0.000     0.000     0.000     0.000     0.000     0.000     0.000     0.000     0.000     0.000     0.000
 2023       0.000     0.000     0.000     0.000     0.000     0.000     0.000     0.000     0.000     0.000     0.000
 
 
 
 FORECAST FUNCTION OF ORIGINAL SERIES: 
  
ORIGIN: 227 PERIODS AHEAD: 24
  
 OBS    DATE         FORECAST          STD ERROR
                        (SERIES IN LEVELS)              
 228  Dec-2023       48.9250           1.13919    
 229  Jan-2024       48.5662           1.28558    
 230  Feb-2024       47.9054           1.41696    
 231  Mar-2024       46.9769           1.53715    
 232  Apr-2024       48.1255           1.64861    
 233  May-2024       47.3808           1.75590    
 234  Jun-2024       46.9859           1.85422    
 235  Jul-2024       47.6815           1.94503    
 236  Aug-2024       51.7782           2.03425    
 237  Sep-2024       46.8629           2.11973    
 238  Oct-2024       47.9355           2.20189    
 239  Nov-2024       48.0333           2.28110    
 240  Dec-2024       48.8246           2.43212    
 241  Jan-2025       48.4658           2.53802    
 242  Feb-2025       47.8049           2.63966    
 243  Mar-2025       46.8765           2.73753    
 244  Apr-2025       48.0251           2.83202    
 245  May-2025       47.2803           2.92519    
 246  Jun-2025       46.8854           3.01377    
 247  Jul-2025       47.5811           3.09824    
 248  Aug-2025       51.6777           3.18203    
 249  Sep-2025       46.7624           3.26368    
 250  Oct-2025       47.8351           3.34333    
 251  Nov-2025       47.9329           3.42112    
