
                                        PROGRAM TRAMO+

             (based on program TRAMO, Victor Gomez and Agustin Maravall©,1996)

         Developed at the Bank of Spain by Gianluca Caporello and Agustin Maravall,
         with programming support from Domingo Pérez Cañete and Roberto López Pavón.

                 VERSION: 1.0 (Revision: 942  Build: 2017/09/25 09:39:13)


 SERIES TITLE=ENERGEST                                                                        

 INPUT PARAMETERS
   lam= 0   imean= 0   ireg= 3   seats= 2   tabtablet='xo,xi,xl,re,me,td,ee,to,ls,reg'   int2=235   rsa= 0   modelsumm= 1   va=   3.762
 
   Name : NOT DEFINED.
   Reglist01
    Iuser= 2   Nser= 3   Ilong=   0
 
   Fixed Outliers:
   #Observ. Type
      47     LS
     183     LS
     193     AO
 

 NUMBER OF OBSERVATIONS: 235


 ORIGINAL SERIES 

 YEAR        JAN       FEB       MAR       APR       MAY       JUN       JUL       AUG       SEP       OCT       NOV       DEC 

 2005      81.200    64.400    91.000    82.600   105.500    98.100   119.400   116.900   119.300   143.400   113.200   130.900
 2006      94.700   102.500   131.400   113.400    83.200   120.500   149.800   154.000   129.400   120.800   113.400   123.500
 2007     128.900   105.700   143.200   138.300   158.700   138.300   154.900   147.100   130.300   129.000   124.700   163.700
 2008     169.600   156.000   146.200   148.100   185.600   179.200   204.800   195.600   175.800   142.300    97.800    86.400
 2009      74.100    69.700    83.100    79.300    78.000    96.900   104.200   107.300   116.800    99.500   102.800   107.900
 2010     113.200   116.900   150.200   123.200   142.300   168.300   148.700   130.400   152.100   116.500   148.400   194.100
 2011     132.300   134.300   182.900   148.100   168.400   172.800   171.700   181.400   151.300   167.400   155.400   194.700
 2012     214.200   201.500   244.800   168.900   193.100   194.700   194.800   221.200   172.600   178.000   189.700   213.100
 2013     160.300   157.000   172.200   161.200   146.300   184.000   197.300   157.000   194.300   169.700   170.100   186.600
 2014     152.300   140.200   149.100   136.600   160.500   178.500   154.400   169.300   150.800   167.700   138.300   140.600
 2015      99.600   121.400   116.600   130.800   140.000   179.500   137.200   118.700   129.400   119.500   105.100    98.200
 2016      70.100    69.300    93.400    92.300    99.400    98.700    95.300   101.900   102.400   103.500   107.600   150.400
 2017     126.500   138.200   125.200   140.000   109.000   125.100   117.000   117.600   136.600   156.100   131.800   153.600
 2018     137.300   134.000   121.600   141.800   157.800   156.200   152.100   160.600   173.600   166.700   133.100   137.700
 2019     117.700    94.000   138.100   115.900   150.400   139.900   182.900   156.500   163.300   145.900   141.500   127.100
 2020     120.600   123.800    78.400    56.000    45.200    55.200    63.600    76.200    62.900    63.700    55.900    76.300
 2021     113.500    64.400    95.300    82.900    94.900   105.400    85.500    91.900   102.800   109.700   123.000   130.800
 2022     149.900   144.400   189.200   218.900   275.800   287.000   284.800   249.500   191.700   228.000   193.000   224.600
 2023     136.400   127.200   124.700   177.200   190.200   130.700   126.000   176.000   221.700   211.900   159.800   145.400
 2024     153.400   147.000   170.200   158.400   139.200   130.300   135.400


 MODEL PARAMETERS            
 ----------------
  MQ= 12         IMEAN=  0      LAM=  0      D=  1       BD=  1
  P=  0          BP=  0         Q=  1        BQ=  1      IREG=  3
  ITRAD=  0      SMPDAY=  0     IEAST=  0      IDUR=  6     M= 36       IQM= 24
  INCON=  0      NBACK=  0      NPRED= 24    INTERP=  2  INIT=  0
  IFILT=  2      IROOT=  2    INIC=  0    ICONCE=  1
  ICDET=  1      IATIP=  0      IMVX=  0     IDIF=  0    PG=  0
  AIO=  2        INT1=  1       INT2= 235    RSA=  0     SEATS=  2
  VA= 3.76       TOL=  0.100E-03             PC=  0.120E+00
  NOADMISS= 1    STOCHTD 0    BIAS= 1
  THLIM=  0.000  BTHLIM=  0.000   RMOD=  0.500



TH =        -0.10

BTH =        -0.10

WARNING: When adjusting for degrees of freedom in
 order to compute white-noise residuals, the Housholder
 transformation contains an element of arbitrariness 
 that, when multiple regressors are entered, may produce
 a slight variation in results when the order in which
 regressors are entered changes



NUMBER OF INITIAL OBS. =  13

Log-Level pretest : LOGS are Selected
 DIFFERENCED TRANSFORMED SERIES

 YEAR        JAN       FEB       MAR       APR       MAY       JUN       JUL       AUG       SEP       OCT       NOV       DEC 

 2006                 0.311    -0.097    -0.050    -0.554     0.443     0.021     0.049    -0.194    -0.253     0.173    -0.060
 2007       0.367    -0.278     0.055     0.113     0.447    -0.508    -0.104    -0.079     0.053     0.059     0.029     0.187
 2008      -0.007     0.115    -0.369     0.048     0.088     0.102     0.020     0.006     0.015    -0.201    -0.341    -0.396
 2009      -0.189     0.022     0.241    -0.060    -0.242     0.252    -0.061     0.075     0.192     0.051     0.408     0.172
 2010       0.202     0.093     0.075    -0.151     0.161    -0.049    -0.196    -0.161     0.069    -0.106     0.209     0.220
 2011      -0.431    -0.017     0.058    -0.013    -0.016    -0.142     0.117     0.186    -0.335     0.368    -0.316    -0.043
 2012       0.479    -0.076    -0.114    -0.160     0.005    -0.018     0.007     0.072    -0.067    -0.070     0.138    -0.109
 2013      -0.380     0.040    -0.102     0.305    -0.231     0.221     0.069    -0.356     0.461    -0.166    -0.061    -0.024
 2014       0.082    -0.062    -0.031    -0.022     0.258    -0.123    -0.215     0.321    -0.329     0.242    -0.195    -0.076
 2015      -0.142     0.281    -0.102     0.202    -0.093     0.142    -0.124    -0.237     0.202    -0.186     0.064    -0.084
 2016       0.008    -0.209     0.339    -0.127     0.006    -0.256     0.234     0.212    -0.081     0.090     0.167     0.403
 2017       0.164     0.100    -0.397     0.124    -0.324     0.145    -0.032    -0.062     0.145     0.123    -0.208    -0.182
 2018       0.061    -0.113     0.002     0.042     0.357    -0.148     0.040     0.049    -0.072    -0.174    -0.056    -0.119
 2019      -0.045    -0.201     0.482    -0.329     0.154    -0.062     0.295    -0.210    -0.035    -0.072     0.194    -0.141
 2020       0.104     0.251    -0.842    -0.161    -0.475     0.272    -0.126     0.337    -0.234     0.125    -0.100     0.418
 2021       0.450    -0.593     0.849     0.197     0.349    -0.095    -0.351    -0.109     0.304     0.052     0.245    -0.250
 2022      -0.261     0.529    -0.122     0.285     0.096    -0.065     0.202    -0.205    -0.376     0.108    -0.281     0.090
 2023      -0.635    -0.032    -0.290     0.206    -0.160    -0.415    -0.029     0.467     0.494    -0.219    -0.116    -0.246
 2024       0.552     0.027     0.166    -0.423    -0.200     0.309     0.075




 AUTOCORRELATIONS
 ----------------
     -0.2624   0.0296  -0.2295   0.1433   0.0833   0.0017  -0.0999  -0.1287   0.1097   0.0107   0.1450  -0.4618
 SE   0.0671   0.0716   0.0716   0.0749   0.0761   0.0765   0.0765   0.0771   0.0781   0.0788   0.0788   0.0800
      0.2143  -0.0974   0.1416  -0.1416   0.0329   0.0342   0.0102   0.0123  -0.0250   0.0261   0.0209  -0.0054
 SE   0.0912   0.0934   0.0939   0.0948   0.0958   0.0958   0.0959   0.0959   0.0959   0.0959   0.0960   0.0960
     -0.1648   0.0246  -0.0416   0.1485  -0.0157  -0.0518   0.0008   0.0316   0.0210   0.0421  -0.0836  -0.0238
 SE   0.0960   0.0973   0.0973   0.0974   0.0984   0.0984   0.0985   0.0985   0.0986   0.0986   0.0987   0.0990


 PARTIAL AUTOCORRELATIONS
 ---------------------
     -0.2624  -0.0422  -0.2501   0.0180   0.1267   0.0174  -0.0550  -0.1516   0.0109  -0.0106   0.1338  -0.3869
 SE   0.0671   0.0671   0.0671   0.0671   0.0671   0.0671   0.0671   0.0671   0.0671   0.0671   0.0671   0.0671
      0.0468  -0.0534  -0.0982  -0.0638   0.0454   0.0731  -0.0528  -0.0724   0.0344   0.0108   0.1032  -0.2421
 SE   0.0671   0.0671   0.0671   0.0671   0.0671   0.0671   0.0671   0.0671   0.0671   0.0671   0.0671   0.0671
     -0.1122  -0.1086  -0.1227  -0.0008   0.1095   0.0376  -0.0013  -0.0347  -0.0407   0.0706   0.0230  -0.1891
 SE   0.0671   0.0671   0.0671   0.0671   0.0671   0.0671   0.0671   0.0671   0.0671   0.0671   0.0671   0.0671
  
 ARIMA MODEL ESTIMATION 
  
 METHOD OF ESTIMATION: EXACT MAXIMUM LIKELIHOOD           
  
 PARAMETER      ESTIMATE           STD ERROR      T RATIO   LAG  
  
 TH1         -0.29207           0.64411E-01       -4.53      1
 BTH         -0.95000           0.21029E-01      -45.18     12
  
 
 REGULAR MA INVERSE ROOTS ARE 
 NO.     REAL P.     IMAG.P.     MODULUS    ARGUMENT      PERIOD
  1      0.29207       0.0000      0.29207       0.0000            -  
 
 SEASONAL MA INVERSE ROOTS ARE 
 NO.     REAL P.     IMAG.P.     MODULUS    ARGUMENT      PERIOD
  1      0.95000       0.0000      0.95000       0.0000            -  
  
 CORRELATIONS OF THE ESTIMATES 
  
  1.000   -0.083
 -0.083    1.000
  
 AIC 
    -177.537
  
 BIC 
     -3.6793
  
 FINAL VALUE OF OBJECTIVE FUNCTION: 
                5.5847    
  
 RADETN:    1.06096879678650     
 ITERATIONS:            7
  
  NUMBER OF FUNCTION EVALUATIONS:           23
  

 ESTIMATES OF REGRESSION PARAMETERS 
 CONCENTRATED OUT OF THE LIKELIHOOD 

 PARAMETER           VALUE          ST. ERROR     T VALUE
 OUT 1 ( 47)        -0.45040        (     0.14547)   -3.10   LS    (11 2008)
 OUT 2 (183)        -0.70685        (     0.14521)   -4.87   LS    ( 3 2020)
 OUT 3 (193)         0.53328        (     0.12218)    4.36   AO    ( 1 2021)

 VAR-CORRELATION MATRIX OF ESTIMATORS 

   0.212E-01
   0.341E-03   0.211E-01
   0.251E-02  -0.104E-01   0.149E-01


 VARIANCES ARE IN THE MAIN DIAGONAL; 
 OFF-DIAGONAL ELEMENTS ARE CORRELATIONS. 



ACF DIFFERENCED SERIES




 AUTOCORRELATIONS
 ----------------
     -0.2708   0.0393  -0.2270   0.1396   0.0683   0.0118  -0.0870  -0.1289   0.1078   0.0005   0.1584  -0.4745
 SE   0.0671   0.0719   0.0720   0.0751   0.0763   0.0766   0.0766   0.0770   0.0780   0.0786   0.0786   0.0801
      0.2272  -0.0999   0.1457  -0.1331   0.0319   0.0161   0.0126   0.0111  -0.0224   0.0159   0.0061   0.0095
 SE   0.0919   0.0944   0.0948   0.0958   0.0967   0.0967   0.0967   0.0967   0.0967   0.0968   0.0968   0.0968
     -0.1702   0.0210  -0.0489   0.1427  -0.0004  -0.0425  -0.0051   0.0271   0.0172   0.0668  -0.0780  -0.0208
 SE   0.0968   0.0981   0.0981   0.0983   0.0992   0.0992   0.0993   0.0993   0.0993   0.0993   0.0995   0.0998
  
  
  NUMBER OF WHITE NOISE RESIDUALS          219
  
 WHITE NOISE RESIDUALS
  

 YEAR        JAN       FEB       MAR       APR       MAY       JUN       JUL       AUG       SEP       OCT       NOV       DEC 

 2006                                              -0.413     0.201     0.074     0.057    -0.124    -0.220     0.061    -0.026
 2007       0.232    -0.042    -0.007     0.071     0.163    -0.192    -0.135    -0.085    -0.062    -0.075     0.075     0.153
 2008       0.181     0.079    -0.300     0.006     0.181    -0.026    -0.045    -0.040    -0.025    -0.226     0.099    -0.230
 2009      -0.139     0.004    -0.028     0.010    -0.081     0.147    -0.042     0.036     0.176    -0.071     0.068    -0.022
 2010       0.123     0.158     0.092    -0.100     0.053     0.108    -0.221    -0.176     0.148    -0.155     0.222     0.236
 2011      -0.230     0.020     0.100    -0.090     0.028    -0.049    -0.115     0.049    -0.136     0.142    -0.033     0.094
 2012       0.229     0.068    -0.008    -0.258    -0.024    -0.072    -0.101     0.111    -0.161     0.042     0.080     0.008
 2013      -0.188    -0.014    -0.127     0.033    -0.168     0.107     0.028    -0.212     0.213    -0.020    -0.006    -0.038
 2014      -0.099    -0.053    -0.155    -0.004     0.092     0.046    -0.198     0.058    -0.058     0.144    -0.147    -0.149
 2015      -0.259     0.176    -0.173     0.184     0.046     0.169    -0.261    -0.203     0.071    -0.016    -0.111    -0.210
 2016      -0.247    -0.049     0.114     0.121     0.035    -0.099    -0.081     0.069     0.058     0.072     0.088     0.259
 2017       0.068     0.139    -0.232     0.134    -0.280    -0.039    -0.090    -0.003     0.176     0.222    -0.078     0.011
 2018       0.056     0.014    -0.244     0.154     0.104    -0.076    -0.054     0.054     0.107     0.016    -0.181    -0.139
 2019      -0.037    -0.210     0.185    -0.062     0.188    -0.104     0.230    -0.076     0.027    -0.077    -0.002    -0.219
 2020       0.043     0.076     0.117    -0.233    -0.346     0.020     0.122     0.236    -0.117     0.011    -0.076     0.189
 2021       0.071     0.021     0.234     0.016     0.092     0.046    -0.226     0.012     0.131     0.132     0.207     0.010
 2022       0.287     0.080     0.115     0.267     0.254     0.027    -0.015    -0.134    -0.292     0.109    -0.090     0.016
 2023      -0.360    -0.141    -0.243     0.350     0.108    -0.424    -0.174     0.291     0.339     0.064    -0.199    -0.263
 2024       0.129     0.033    -0.015    -0.031    -0.202    -0.177    -0.024
 
 
  STABILITY TEST
 
 
     1. FULL PERIOD
                  FIRST HALF                    SECOND HALF
           Mean(t)          Variance      Mean(t)          Variance
      -0.12E-01(-0.95    )  0.18E-01 -0.58E-03(-0.37E-01)  0.27E-01
 
      Mean assumed equal to 0
      VR(variance ratio)=  1.5    
 
      MEAN STABILITY IS NOT REJECTED.
      VARIANCE STABILITY IS NOT REJECTED.


 
     2. LAST 10 YEARS
                  FIRST HALF                    SECOND HALF
           Mean(t)          Variance      Mean(t)          Variance
      -0.10E-01(-0.55    )  0.20E-01  0.59E-02( 0.26    )  0.32E-01
 
      Mean assumed equal to 0
      VR(variance ratio)=  1.6    
 
      LAST 10 YEARS MEAN STABILITY IS NOT REJECTED.
      LAST 10 YEARS VARIANCE STABILITY IS NOT REJECTED.


 
  OUT-OF-SAMPLE TEST
  ------------------
      Model re-estimated on Linearized series for first 217 observations.
       18 One-Period-Ahead Forecasts computed with model fixed.
      Comparison between forecast errors (last   18 observations) and residuals (in-sample):

        Mean(Forecast Errors)
            p-value= 0.3099
            Mean of forecast errors can be assumed zero.

        Out-of-Sample MSE is :  0.4710E-01
        In-Sample MSE is :  0.2023E-01
        F( 18,204) is :  0.233E+01
            p-value(%)= 0.2387

        Mean and Variance of forecast Errors and In-Sample residuals ARE significantly different


 TEST-STATISTICS ON RESIDUALS
 ----------------------------


           MEAN=  -0.6392502E-02
        ST.DEV.=   0.1010567E-01
        OF MEAN
        T-VALUE= -0.6326

 NORMALITY TEST=   2.643        ( CHI-SQUARE(2) )

       SKEWNESS= -0.2144          ( SE =  0.1655 )
       KURTOSIS=  2.6748          ( SE =  0.3310 )

 SUM OF SQUARES=    4.521071    

  DURBIN-WATSON=  2.0790

 STANDARD ERROR=   0.1512060    
 OF RESID.
  MSE OF RESID.=   0.2286324E-01




 AUTOCORRELATIONS
 ----------------
      0.0248  -0.0489  -0.1652   0.0607   0.0849   0.0594  -0.1135  -0.1110   0.0083   0.0537   0.0369  -0.0338
 SE   0.0676   0.0676   0.0676   0.0676   0.0676   0.0676   0.0676   0.0676   0.0676   0.0676   0.0676   0.0676
 Q      0.14     0.67     6.78     7.61     9.24    10.04    12.99    15.81    15.83    16.49    16.81    17.08
 PV    -1.00    -1.00     0.01     0.02     0.03     0.04     0.02     0.01     0.03     0.04     0.05     0.07
     -0.0019  -0.0902   0.0387  -0.0049   0.0538   0.0644   0.0084   0.0028   0.0082   0.0538  -0.0220  -0.0735
 SE   0.0676   0.0676   0.0676   0.0676   0.0676   0.0676   0.0676   0.0676   0.0676   0.0676   0.0676   0.0676
 Q     17.08    19.00    19.35    19.36    20.05    21.05    21.07    21.07    21.09    21.80    21.92    23.26
 PV     0.11     0.09     0.11     0.15     0.17     0.18     0.22     0.28     0.33     0.35     0.40     0.39
     -0.1705  -0.0915  -0.0547   0.0832   0.0124   0.0076   0.0128   0.0199  -0.0062   0.0627  -0.0519  -0.0374
 SE   0.0676   0.0676   0.0676   0.0676   0.0676   0.0676   0.0676   0.0676   0.0676   0.0676   0.0676   0.0676
 Q     30.51    32.61    33.36    35.12    35.15    35.17    35.21    35.31    35.32    36.35    37.06    37.43
 PV     0.14     0.11     0.12     0.11     0.13     0.16     0.20     0.23     0.27     0.27     0.29     0.31

  LJUNG-BOX Q VALUE OF ORDER  24 IS     23.26 AND IF RESIDUALS ARE RANDOM IT SHOULD BE DISTRIBUTED AS CHI-SQUARE(22)
  p-value= 0.3874

  Given that the lag-12 autocorrelation is <0, the statistics Qs is not associated with
   the presence of residual seasonality. Thus Qs is set =0.

 APPROXIMATE TEST OF RUNS ON RESIDUALS
 -------------------------------------
  NUM.DATA= 219
   NUM.(+)= 110
   NUM.(-)= 109
  NUM.RUNS= 105
   T-VALUE= -0.6773


  NON-PARAMETRIC TEST FOR RESIDUAL SEASONALITY (FRIEDMAN) SEAS_NP =     10.03
    ASYMP. DISTRIBUTED AS CHI-SQUARE(11)
    p-value= 0.5281



 SQUARED RESIDUALS:
 ------------------




 AUTOCORRELATIONS
 ----------------
      0.0446   0.0909   0.1717   0.0724   0.2271  -0.0181  -0.0127   0.0579  -0.0033  -0.0066   0.0098   0.0454
 SE   0.0676   0.0676   0.0676   0.0676   0.0676   0.0676   0.0676   0.0676   0.0676   0.0676   0.0676   0.0676
 Q      0.44     2.28     8.89    10.07    21.73    21.81    21.84    22.61    22.62    22.63    22.65    23.13
 PV    -1.00    -1.00     0.00     0.01     0.00     0.00     0.00     0.00     0.00     0.00     0.01     0.01
     -0.0559   0.0837  -0.0082   0.0220   0.0844  -0.0318  -0.0375   0.0642   0.0391   0.0212   0.0097   0.0092
 SE   0.0676   0.0676   0.0676   0.0676   0.0676   0.0676   0.0676   0.0676   0.0676   0.0676   0.0676   0.0676
 Q     23.86    25.52    25.53    25.65    27.36    27.60    27.94    28.94    29.31    29.43    29.45    29.47
 PV     0.01     0.01     0.02     0.03     0.03     0.04     0.05     0.05     0.06     0.08     0.10     0.13
      0.0260  -0.0043  -0.0555   0.0112   0.0116  -0.0465  -0.0022   0.0715   0.0247   0.0178   0.0066   0.0127
 SE   0.0676   0.0676   0.0676   0.0676   0.0676   0.0676   0.0676   0.0676   0.0676   0.0676   0.0676   0.0676
 Q     29.64    29.64    30.42    30.45    30.49    31.04    31.04    32.36    32.52    32.61    32.62    32.66
 PV     0.16     0.20     0.21     0.25     0.29     0.32     0.36     0.35     0.39     0.44     0.49     0.53

  McLEOD-LI Q VALUE OF ORDER  24 IS     29.47 AND IF RESIDUALS ARE RANDOM IT SHOULD BE DISTRIBUTED AS CHI-SQUARE(24)
  p-value= 0.2030
 
 
 
SPECTRAL DIAGNOSTICS
 --------------------
 
A. SEASONAL SPECTRAL PEAKS
 
                           Frequency (cycles per year)
                     One    Two   Three  Four   Five    Six  
 Original series      -t     --     -t     -T     -t     --
 Linearized series    -T     --     -t     aT     At     --
 Residuals            --     --     --     --     --     --
 
 AT : peaks detected in AR(30) and using Tukey spectrum  estimator
 A- : only peaks detected in AR(30) spectrum estimator
 -T : only peaks detected using Tukey spectrum estimator
 -- : No peaks detected in AR(30) nor using Tukey spectrum estimator
 
 
 
B. STOCHASTIC SEASONALITY: SPECTRAL EVIDENCE
 
 1 :  SERIES CONTAINS SEASONALITY THAT CAN BE RELIABLY EXTRACTED.
 0 :  SEASONALITY IS NOT PRESENT IN THE SERIES OR IS TOO WEAK TO BE RELIABLY CAPTURED.
 
 ORIGINAL SERIES :   1
 LINEARIZED SERIES : 1
 RESIDUALS :         0
 
 
 
C. TRADING DAY EFFECT: SPECTRAL EVIDENCE
 
 1 :  TRADING DAY EFFECT DETECTED
 0 :  NO TRADING DAY EFFECT DETECTED
 
 LINEARIZED SERIES : 0
 RESIDUALS :         0
 
 
OVERALL TEST FOR IDENTIFIABLE SEASONALITY 
----------------------------------------- 
 
  AUTOCORRELATION FUNCTION EVIDENCE : YES
  NON-PARAMETRIC EVIDENCE           : YES
  F-TEST                            :  - 
  SPECTRAL EVIDENCE                 : YES
 
IDENTIFIABLE SEASONALITY FOUND IN SERIES
 
 
OVERALL TEST FOR RESIDUALS SEASONALITY 
----------------------------------------- 
 
  AUTOCORRELATION FUNCTION EVIDENCE : NO 
  NON-PARAMETRIC EVIDENCE           : NO 
  F-TEST                            : NO 
  SPECTRAL EVIDENCE                 : NO 
 
NO IDENTIFIABLE SEASONALITY FOUND IN RESIDUALS
 
 
ARIMA MODEL : ACCEPTABLE FIT
----------------------------
  Point estimation is acceptable. Variance variablility/Non-Normality likely to have a mild effect  on some interferences
 
QUALITY ARIMA MODEL TESTS
----------------------------------------

  Mean in residuals                      :GOOD        
  Autocorrelation in residuals           :GOOD        
  Normality of residuals                 :GOOD        
  Skewness of residuals                  :GOOD        
  Kurtosis of residuals                  :GOOD        
  Randomness of residual sign            :GOOD        
  Instability of residual mean           :GOOD        
  Instability of residual variance       :GOOD        
  Seasonality in residuals               :GOOD        
  Trading day in residuals               :GOOD        
  Out-of-sample forecast errors          :ACCEPTABLE  
  Number of outliers                     :GOOD        
 


 LINEAR SERIES


 YEAR        JAN       FEB       MAR       APR       MAY       JUN       JUL       AUG       SEP       OCT       NOV       DEC 

 2005      25.525    20.244    28.606    25.965    33.164    30.838    37.533    36.748    37.502    45.078    35.584    41.148
 2006      29.769    32.221    41.306    35.647    26.154    37.879    47.090    48.410    40.677    37.973    35.647    38.822
 2007      40.520    33.227    45.015    43.475    49.887    43.475    48.693    46.241    40.960    40.551    39.199    51.459
 2008      53.314    49.039    45.958    46.555    58.343    56.332    64.379    61.487    55.263    44.732    48.235    42.612
 2009      36.546    34.376    40.985    39.111    38.469    47.791    51.391    52.920    57.605    49.073    50.701    53.216
 2010      55.830    57.655    74.078    60.762    70.182    83.005    73.338    64.313    75.015    57.457    73.190    95.730
 2011      65.250    66.236    90.206    73.042    83.054    85.224    84.682    89.466    74.621    82.561    76.643    96.025
 2012     105.643    99.379   120.735    83.301    95.236    96.025    96.075   109.095    85.126    87.789    93.559   105.100
 2013      79.059    77.432    84.929    79.503    72.155    90.748    97.308    77.432    95.828    83.696    83.893    92.031
 2014      75.114    69.146    73.536    67.371    79.158    88.036    76.150    83.498    74.374    82.709    68.209    69.343
 2015      49.122    59.874    57.507    64.510    69.048    88.529    67.667    58.542    63.820    58.937    51.835    48.432
 2016      34.573    34.179    46.065    45.522    49.024    48.679    47.002    50.257    50.503    51.046    53.068    74.177
 2017      62.389    68.160    61.748    69.048    53.758    61.699    57.704    58.000    67.371    76.988    65.003    75.755
 2018      67.716    66.088    59.973    69.935    77.826    77.037    75.015    79.207    85.619    82.216    65.645    67.913
 2019      58.049    46.361    68.110    57.162    74.177    68.998    90.206    77.185    80.539    71.957    69.787    62.685
 2020      59.480    61.058    78.400    56.000    45.200    55.200    63.600    76.200    62.900    63.700    55.900    76.300
 2021      66.588    64.400    95.300    82.900    94.900   105.400    85.500    91.900   102.800   109.700   123.000   130.800
 2022     149.900   144.400   189.200   218.900   275.800   287.000   284.800   249.500   191.700   228.000   193.000   224.600
 2023     136.400   127.200   124.700   177.200   190.200   130.700   126.000   176.000   221.700   211.900   159.800   145.400
 2024     153.400   147.000   170.200   158.400   139.200   130.300   135.400


  AUTOCORRELATION FUNCTION TEST FOR SEASONALITY IN LINEARIZEDSERIES QS =    19.36  ASIMPTOTICALLY DISTRIBUTED AS CHI-SQUARE(2)
    p-value= 0.0001


  NON-PARAMETRIC TEST FOR SEASONALITY IN LINEARIZED SERIES (FRIEDMAN) SEAS_NP =     44.86
    ASYMP. DISTRIBUTED AS CHI-SQUARE(11)
    p-value= 0.0000


TOTAL OUTLIER EFFECT FACTORS


 YEAR        JAN       FEB       MAR       APR       MAY       JUN       JUL       AUG       SEP       OCT       NOV       DEC 

 2005     318.117   318.117   318.117   318.117   318.117   318.117   318.117   318.117   318.117   318.117   318.117   318.117
 2006     318.117   318.117   318.117   318.117   318.117   318.117   318.117   318.117   318.117   318.117   318.117   318.117
 2007     318.117   318.117   318.117   318.117   318.117   318.117   318.117   318.117   318.117   318.117   318.117   318.117
 2008     318.117   318.117   318.117   318.117   318.117   318.117   318.117   318.117   318.117   318.117   202.759   202.759
 2009     202.759   202.759   202.759   202.759   202.759   202.759   202.759   202.759   202.759   202.759   202.759   202.759
 2010     202.759   202.759   202.759   202.759   202.759   202.759   202.759   202.759   202.759   202.759   202.759   202.759
 2011     202.759   202.759   202.759   202.759   202.759   202.759   202.759   202.759   202.759   202.759   202.759   202.759
 2012     202.759   202.759   202.759   202.759   202.759   202.759   202.759   202.759   202.759   202.759   202.759   202.759
 2013     202.759   202.759   202.759   202.759   202.759   202.759   202.759   202.759   202.759   202.759   202.759   202.759
 2014     202.759   202.759   202.759   202.759   202.759   202.759   202.759   202.759   202.759   202.759   202.759   202.759
 2015     202.759   202.759   202.759   202.759   202.759   202.759   202.759   202.759   202.759   202.759   202.759   202.759
 2016     202.759   202.759   202.759   202.759   202.759   202.759   202.759   202.759   202.759   202.759   202.759   202.759
 2017     202.759   202.759   202.759   202.759   202.759   202.759   202.759   202.759   202.759   202.759   202.759   202.759
 2018     202.759   202.759   202.759   202.759   202.759   202.759   202.759   202.759   202.759   202.759   202.759   202.759
 2019     202.759   202.759   202.759   202.759   202.759   202.759   202.759   202.759   202.759   202.759   202.759   202.759
 2020     202.759   202.759   100.000   100.000   100.000   100.000   100.000   100.000   100.000   100.000   100.000   100.000
 2021     170.452   100.000   100.000   100.000   100.000   100.000   100.000   100.000   100.000   100.000   100.000   100.000
 2022     100.000   100.000   100.000   100.000   100.000   100.000   100.000   100.000   100.000   100.000   100.000   100.000
 2023     100.000   100.000   100.000   100.000   100.000   100.000   100.000   100.000   100.000   100.000   100.000   100.000
 2024     100.000   100.000   100.000   100.000   100.000   100.000   100.000
 
 
 
 FORECAST FUNCTION OF ORIGINAL SERIES: 
  
ORIGIN: 235 PERIODS AHEAD: 24
  
 OBS    DATE         FORECAST          STD ERROR        FORECAST          STD ERROR   
                        (SERIES IN LOGS)                     (SERIES IN LEVELS)       
 236  Aug-2024       4.92809          0.145505           138.116           20.2033    
 237  Sep-2024       4.91957          0.178275           136.944           24.6091    
 238  Oct-2024       4.90753          0.205894           135.305           28.1565    
 239  Nov-2024       4.83994          0.230320           126.462           29.5173    
 240  Dec-2024       4.93809          0.252305           139.504           35.7652    
 241  Jan-2025       4.79622          0.272614           121.052           33.6231    
 242  Feb-2025       4.75968          0.291301           116.709           34.7315    
 243  Mar-2025       4.92850          0.309056           138.172           43.7430    
 244  Apr-2025       4.88144          0.325740           131.820           44.1038    
 245  May-2025       4.93453          0.341611           139.008           48.9064    
 246  Jun-2025       4.97992          0.356777           145.463           53.5941    
 247  Jul-2025       4.99231          0.371324           147.276           56.6275    
 248  Aug-2025       5.00550          0.387963           149.232           60.1450    
 249  Sep-2025       4.99699          0.403155           147.967           62.1615    
 250  Oct-2025       4.98495          0.417795           146.196           63.8447    
 251  Nov-2025       4.91735          0.432093           136.641           61.9076    
 252  Dec-2025       5.01551          0.445784           150.732           70.6747    
 253  Jan-2026       4.87363          0.459140           130.795           63.3617    
 254  Feb-2026       4.83709          0.471929           126.102           62.9838    
 255  Mar-2026       5.00591          0.484644           149.293           76.8180    
 256  Apr-2026       4.95885          0.496832           142.430           75.3639    
 257  May-2026       5.01194          0.508728           150.196           81.6300    
 258  Jun-2026       5.05734          0.520352           157.171           87.6459    
 259  Jul-2026       5.06972          0.531722           159.130           90.9614    
