
                                        PROGRAM TRAMO+

             (based on program TRAMO, Victor Gomez and Agustin Maravall©,1996)

         Developed at the Bank of Spain by Gianluca Caporello and Agustin Maravall,
         with programming support from Domingo Pérez Cañete and Roberto López Pavón.

                 VERSION: 1.0 (Revision: 942  Build: 2017/09/25 09:39:13)


 SERIES TITLE=FATEXP_25                                                                       

 INPUT PARAMETERS
   lam= 0   imean= 0   ireg= 6   seats= 2   tabtablet='xo,xi,xl,re,me,td,ee,to,ls,reg'   int2=235   rsa= 0   modelsumm= 1   va=   3.762
 
   Name : NOT DEFINED.
   Reglist01
    Iuser= 2   Nser= 6   Ilong=   0
 
   Fixed Outliers:
   #Observ. Type
      51     TC
      63     AO
      48     TC
      60     LS
     183     AO
     184     AO
 

 NUMBER OF OBSERVATIONS: 235


 ORIGINAL SERIES 

 YEAR        JAN       FEB       MAR       APR       MAY       JUN       JUL       AUG       SEP       OCT       NOV       DEC 

 2005      41.600    40.300    40.900    42.500    40.300    41.200    40.900    43.300    41.700    41.100    42.800    47.500
 2006      42.900    43.100    43.900    42.600    42.200    41.400    40.600    44.500    42.300    41.300    42.900    49.800
 2007      42.200    42.200    41.400    41.100    41.500    42.200    41.900    44.900    42.800    43.900    43.800    49.400
 2008      43.200    44.800    41.300    43.000    41.600    43.200    43.800    45.300    43.300    45.200    46.700    54.400
 2009      47.200    44.700    52.300    48.300    46.200    46.800    46.100    48.200    44.400    44.400    47.100    47.400
 2010      41.400    41.000    37.300    41.300    40.100    40.700    41.100    45.600    39.700    42.100    40.300    44.200
 2011      41.600    39.800    41.500    42.000    42.700    41.100    42.100    47.400    43.300    42.800    44.400    47.100
 2012      47.200    46.400    45.800    45.300    44.700    48.200    47.000    52.800    46.600    48.600    47.600    47.200
 2013      48.100    46.700    49.300    47.000    45.600    48.000    47.000    51.500    46.300    49.500    48.700    48.900
 2014      48.300    48.400    47.200    49.700    47.400    48.500    48.700    52.900    48.600    48.100    47.800    49.500
 2015      45.700    44.800    44.100    44.500    43.200    44.400    43.500    48.300    43.200    44.400    44.500    44.400
 2016      45.100    44.500    44.400    46.000    44.000    45.700    43.300    49.100    44.200    44.800    44.900    47.100
 2017      46.000    44.900    44.600    44.200    43.700    44.100    44.100    48.600    43.500    44.600    46.300    46.100
 2018      45.900    44.500    45.000    45.300    44.400    44.200    43.500    50.100    45.500    46.100    45.500    46.400
 2019      46.500    45.700    45.900    45.000    44.400    45.100    45.500    50.200    44.000    46.300    46.400    47.000
 2020      46.100    45.700    49.300    50.900    44.600    44.300    42.700    47.500    42.700    44.500    45.200    44.900
 2021      45.000    45.100    44.200    42.800    41.300    43.100    42.700    48.100    42.800    43.300    43.400    43.800
 2022      43.400    42.800    42.200    41.900    42.500    44.500    43.800    49.000    44.200    44.600    44.200    44.800
 2023      44.600    44.700    43.300    43.700    42.900    43.900    43.400    47.800    43.600    45.400    44.200    45.300
 2024      44.100    44.900    43.800    44.700    43.200    46.300    45.300


 MODEL PARAMETERS            
 ----------------
  MQ= 12         IMEAN=  0      LAM=  0      D=  1       BD=  1
  P=  0          BP=  0         Q=  1        BQ=  1      IREG=  6
  ITRAD=  0      SMPDAY=  0     IEAST=  0      IDUR=  6     M= 36       IQM= 24
  INCON=  0      NBACK=  0      NPRED= 24    INTERP=  2  INIT=  0
  IFILT=  2      IROOT=  2    INIC=  0    ICONCE=  1
  ICDET=  1      IATIP=  0      IMVX=  0     IDIF=  0    PG=  0
  AIO=  2        INT1=  1       INT2= 235    RSA=  0     SEATS=  2
  VA= 3.76       TOL=  0.100E-03             PC=  0.120E+00
  NOADMISS= 1    STOCHTD 0    BIAS= 1
  THLIM=  0.000  BTHLIM=  0.000   RMOD=  0.500



TH =        -0.10

BTH =        -0.10

WARNING: When adjusting for degrees of freedom in
 order to compute white-noise residuals, the Housholder
 transformation contains an element of arbitrariness 
 that, when multiple regressors are entered, may produce
 a slight variation in results when the order in which
 regressors are entered changes



NUMBER OF INITIAL OBS. =  13

Log-Level pretest : LOGS are Selected
 DIFFERENCED TRANSFORMED SERIES

 YEAR        JAN       FEB       MAR       APR       MAY       JUN       JUL       AUG       SEP       OCT       NOV       DEC 

 2006                 0.036     0.004    -0.068     0.044    -0.041    -0.012     0.035    -0.013    -0.009    -0.003     0.045
 2007      -0.064    -0.005    -0.038     0.023     0.019     0.036     0.012    -0.023     0.003     0.049    -0.040    -0.029
 2008       0.031     0.036    -0.062     0.048    -0.043     0.021     0.021    -0.035     0.003     0.018     0.035     0.032
 2009      -0.008    -0.091     0.238    -0.120    -0.011    -0.025    -0.029     0.011    -0.037    -0.043     0.026    -0.146
 2010       0.007     0.045    -0.252     0.181     0.015     0.002     0.025     0.059    -0.056     0.059    -0.103     0.086
 2011       0.075    -0.035     0.136    -0.090     0.046    -0.053     0.014     0.015     0.048    -0.070     0.080    -0.033
 2012       0.063     0.027    -0.055    -0.023    -0.030     0.114    -0.049    -0.002    -0.034     0.054    -0.057    -0.067
 2013       0.017    -0.012     0.067    -0.037    -0.017    -0.024     0.004    -0.025     0.018     0.025     0.004     0.013
 2014      -0.031     0.032    -0.079     0.099    -0.017    -0.028     0.025    -0.009     0.022    -0.077     0.010     0.031
 2015      -0.068    -0.022     0.009    -0.043     0.018     0.004    -0.025     0.022    -0.027     0.038     0.009    -0.037
 2016       0.096     0.006     0.013     0.026    -0.015     0.011    -0.033     0.021     0.006    -0.014    -0.000     0.050
 2017      -0.039    -0.011    -0.004    -0.044     0.033    -0.029     0.054    -0.029    -0.006     0.011     0.035    -0.052
 2018       0.019    -0.007     0.018     0.016    -0.009    -0.014    -0.016     0.044     0.015    -0.012    -0.051     0.024
 2019       0.007     0.014    -0.007    -0.026     0.007     0.020     0.025    -0.043    -0.036     0.038     0.015    -0.007
 2020      -0.021     0.009     0.071     0.052    -0.119    -0.022    -0.046     0.008     0.025    -0.010     0.013    -0.020
 2021       0.022     0.011    -0.096    -0.064     0.096     0.049     0.027     0.013    -0.010    -0.030    -0.013     0.016
 2022      -0.011    -0.016     0.006     0.025     0.050     0.003    -0.007    -0.007     0.014    -0.003    -0.011     0.004
 2023       0.005     0.016    -0.018     0.016    -0.033    -0.023     0.004    -0.016     0.011     0.031    -0.018     0.011
 2024      -0.022     0.016     0.007     0.011    -0.016     0.046    -0.010




 AUTOCORRELATIONS
 ----------------
     -0.3819   0.0311  -0.0869   0.0153   0.0820  -0.0976   0.0434  -0.0691   0.1249  -0.0434   0.1449  -0.4336
 SE   0.0671   0.0763   0.0763   0.0768   0.0768   0.0772   0.0777   0.0778   0.0781   0.0790   0.0791   0.0803
      0.1949   0.0001  -0.0822   0.0539  -0.0225   0.0561  -0.0889   0.0410   0.0255   0.0209  -0.0594   0.0319
 SE   0.0902   0.0921   0.0921   0.0925   0.0926   0.0926   0.0928   0.0932   0.0932   0.0933   0.0933   0.0935
      0.0116   0.0433   0.0607  -0.1465   0.0679   0.0791  -0.0289   0.0309  -0.1643   0.1023   0.0128  -0.0101
 SE   0.0935   0.0935   0.0936   0.0938   0.0948   0.0950   0.0953   0.0954   0.0954   0.0967   0.0972   0.0972


 PARTIAL AUTOCORRELATIONS
 ---------------------
     -0.3819  -0.1344  -0.1487  -0.0911   0.0509  -0.0622  -0.0155  -0.0680   0.0738   0.0309   0.1955  -0.3708
 SE   0.0671   0.0671   0.0671   0.0671   0.0671   0.0671   0.0671   0.0671   0.0671   0.0671   0.0671   0.0671
     -0.1157  -0.0382  -0.1807  -0.0838   0.0531  -0.0495  -0.0899  -0.0582   0.0924   0.0771   0.0520  -0.1644
 SE   0.0671   0.0671   0.0671   0.0671   0.0671   0.0671   0.0671   0.0671   0.0671   0.0671   0.0671   0.0671
     -0.0093   0.0729   0.0148  -0.1236   0.0434   0.1255  -0.0490   0.0545  -0.0418   0.0152   0.0225  -0.0692
 SE   0.0671   0.0671   0.0671   0.0671   0.0671   0.0671   0.0671   0.0671   0.0671   0.0671   0.0671   0.0671
  
 ARIMA MODEL ESTIMATION 
  
 METHOD OF ESTIMATION: EXACT MAXIMUM LIKELIHOOD           
  
 PARAMETER      ESTIMATE           STD ERROR      T RATIO   LAG  
  
 TH1         -0.53460           0.58142E-01       -9.19      1
 BTH         -0.61978           0.53991E-01      -11.48     12
  
 
 REGULAR MA INVERSE ROOTS ARE 
 NO.     REAL P.     IMAG.P.     MODULUS    ARGUMENT      PERIOD
  1      0.53460       0.0000      0.53460       0.0000            -  
 
 SEASONAL MA INVERSE ROOTS ARE 
 NO.     REAL P.     IMAG.P.     MODULUS    ARGUMENT      PERIOD
  1      0.61978       0.0000      0.61978       0.0000            -  
  
 CORRELATIONS OF THE ESTIMATES 
  
  1.000   -0.220
 -0.220    1.000
  
 AIC 
    -968.663
  
 BIC 
     -7.1063
  
 FINAL VALUE OF OBJECTIVE FUNCTION: 
               0.15403    
  
 RADETN:    1.01395650413238     
 ITERATIONS:            2
  
  NUMBER OF FUNCTION EVALUATIONS:            8
  

 ESTIMATES OF REGRESSION PARAMETERS 
 CONCENTRATED OUT OF THE LIKELIHOOD 

 PARAMETER           VALUE          ST. ERROR     T VALUE
 OUT 1 ( 51)         0.14588        (     0.02201)    6.63   TC    ( 3 2009)
 OUT 2 ( 63)        -0.98769E-01    (     0.02117)   -4.67   AO    ( 3 2010)
 OUT 3 ( 48)         0.80497E-01    (     0.02209)    3.64   TC    (12 2008)
 OUT 4 ( 60)        -0.71239E-01    (     0.02072)   -3.44   LS    (12 2009)
 OUT 5 (183)         0.90199E-01    (     0.02149)    4.20   AO    ( 3 2020)
 OUT 6 (184)         0.13174        (     0.02149)    6.13   AO    ( 4 2020)

 VAR-CORRELATION MATRIX OF ESTIMATORS 

   0.484E-03
   0.149E+00   0.448E-03
   0.122E+00   0.438E-02   0.488E-03
   0.113E+00  -0.573E-01   0.198E+00   0.429E-03
   0.181E-02   0.278E-02   0.169E-03   0.223E-03   0.462E-03
   0.793E-03   0.107E-03   0.247E-04   0.216E-03   0.233E+00   0.462E-03


 VARIANCES ARE IN THE MAIN DIAGONAL; 
 OFF-DIAGONAL ELEMENTS ARE CORRELATIONS. 



ACF DIFFERENCED SERIES




 AUTOCORRELATIONS
 ----------------
     -0.4276   0.0530  -0.0903   0.0382   0.0820  -0.0830   0.0084  -0.0415   0.1400  -0.0799   0.1772  -0.4574
 SE   0.0671   0.0784   0.0786   0.0791   0.0791   0.0795   0.0799   0.0799   0.0800   0.0811   0.0815   0.0832
      0.2434  -0.0203  -0.0802   0.0334   0.0042   0.0244  -0.0568  -0.0084   0.0496   0.0229  -0.0701   0.0375
 SE   0.0938   0.0966   0.0967   0.0970   0.0970   0.0970   0.0970   0.0972   0.0972   0.0973   0.0973   0.0975
      0.0086   0.0508   0.0396  -0.1397   0.0374   0.1162  -0.0522   0.0507  -0.1821   0.1294   0.0040  -0.0155
 SE   0.0976   0.0976   0.0977   0.0978   0.0987   0.0988   0.0994   0.0995   0.0996   0.1011   0.1019   0.1019
  
  
  NUMBER OF WHITE NOISE RESIDUALS          216
  
 WHITE NOISE RESIDUALS
  

 YEAR        JAN       FEB       MAR       APR       MAY       JUN       JUL       AUG       SEP       OCT       NOV       DEC 

 2006                                                                             0.016    -0.003    -0.009    -0.007     0.034
 2007      -0.042    -0.009    -0.039    -0.028     0.022     0.028     0.022     0.005    -0.000     0.043    -0.017    -0.017
 2008      -0.009     0.037    -0.061     0.010    -0.015     0.022     0.036    -0.019    -0.009     0.037     0.031    -0.035
 2009      -0.003    -0.049     0.028    -0.027    -0.002     0.018     0.013     0.007    -0.024    -0.024     0.025    -0.010
 2010      -0.011    -0.006     0.013     0.012    -0.007    -0.015     0.001     0.048    -0.056     0.016    -0.075    -0.043
 2011       0.046    -0.011     0.040     0.033     0.055    -0.031     0.003     0.045     0.022    -0.031     0.012    -0.028
 2012       0.090     0.053     0.002    -0.015    -0.015     0.068    -0.000     0.024    -0.023     0.015    -0.032    -0.106
 2013       0.025     0.004     0.053    -0.018    -0.031     0.007    -0.015    -0.018    -0.013     0.035    -0.002    -0.043
 2014      -0.004     0.024    -0.035     0.052    -0.003    -0.015     0.005    -0.012     0.013    -0.044    -0.026    -0.010
 2015      -0.060    -0.038    -0.041    -0.021    -0.012    -0.011    -0.022     0.001    -0.014    -0.002     0.006    -0.031
 2016       0.045     0.027     0.015     0.035     0.003     0.010    -0.038     0.009     0.002    -0.009    -0.001     0.028
 2017       0.014    -0.002    -0.005    -0.030     0.007    -0.020     0.016    -0.002    -0.008     0.001     0.038    -0.014
 2018       0.011    -0.007     0.012     0.005     0.009    -0.024    -0.012     0.031     0.027     0.006    -0.024    -0.010
 2019       0.012     0.013     0.010    -0.022    -0.002     0.002     0.026    -0.006    -0.032     0.015     0.007    -0.002
 2020      -0.011     0.006    -0.014    -0.014     0.012    -0.014    -0.038    -0.024    -0.006     0.007     0.016    -0.014
 2021       0.008     0.023    -0.004    -0.029    -0.039     0.016     0.017     0.019     0.005    -0.021    -0.017    -0.007
 2022      -0.006    -0.008    -0.008     0.004     0.038     0.046     0.024     0.012     0.016    -0.008    -0.019    -0.005
 2023       0.001     0.014    -0.013     0.015    -0.003    -0.008    -0.000    -0.016     0.009     0.026    -0.013     0.007
 2024      -0.016     0.015     0.000     0.025    -0.007     0.038     0.012
 
 
  STABILITY TEST
 
 
     1. FULL PERIOD
                  FIRST HALF                    SECOND HALF
           Mean(t)          Variance      Mean(t)          Variance
      -0.17E-02(-0.55    )  0.10E-02  0.14E-02( 0.80    )  0.33E-03
 
      Mean assumed equal to 0
      VR(variance ratio)= 0.33    
 
      MEAN STABILITY IS NOT REJECTED.
      VARIANCE STABILITY IS REJECTED.


 
     2. LAST 10 YEARS
                  FIRST HALF                    SECOND HALF
           Mean(t)          Variance      Mean(t)          Variance
      -0.28E-02( -1.0    )  0.45E-03  0.95E-03( 0.41    )  0.33E-03
 
      Mean assumed equal to 0
      VR(variance ratio)= 0.73    
 
      LAST 10 YEARS MEAN STABILITY IS NOT REJECTED.
      LAST 10 YEARS VARIANCE STABILITY IS NOT REJECTED.


      Residual mean and/or variance fail stability test for full period.
      Removing early years may improve stability.
      Test redone for last 10 years.

 
  OUT-OF-SAMPLE TEST
  ------------------
      Model re-estimated on Linearized series for first 217 observations.
       18 One-Period-Ahead Forecasts computed with model fixed.
      Comparison between forecast errors (last   18 observations) and residuals (in-sample):

        Mean(Forecast Errors)
            p-value= 0.4604
            Mean of forecast errors can be assumed zero.

        Out-of-Sample MSE is :  0.2597E-03
        In-Sample MSE is :  0.7116E-03
        F( 18,204) is :  0.365E+00
            p-value(%)=99.2313

        Mean and Variance of forecast Errors and In-Sample residuals ARE NOT significantly different.


 TEST-STATISTICS ON RESIDUALS
 ----------------------------


           MEAN=  -0.1275378E-03
        ST.DEV.=   0.1761131E-02
        OF MEAN
        T-VALUE= -0.0724

 NORMALITY TEST=   16.92        ( CHI-SQUARE(2) )

       SKEWNESS= -0.1103          ( SE =  0.1667 )
       KURTOSIS=  4.3531          ( SE =  0.3333 )

 SUM OF SQUARES=   0.1457940    

  DURBIN-WATSON=  1.9684

 STANDARD ERROR=   0.2645907E-01
 OF RESID.
  MSE OF RESID.=   0.7000824E-03




 AUTOCORRELATIONS
 ----------------
      0.0071   0.0164  -0.0691   0.0166   0.1139  -0.1254  -0.0047   0.0087   0.1040  -0.0176  -0.0540  -0.0061
 SE   0.0680   0.0680   0.0680   0.0680   0.0680   0.0680   0.0680   0.0680   0.0680   0.0680   0.0680   0.0680
 Q      0.01     0.07     1.13     1.19     4.08     7.61     7.62     7.63    10.10    10.17    10.84    10.84
 PV    -1.00    -1.00     0.29     0.55     0.25     0.11     0.18     0.27     0.18     0.25     0.29     0.37
      0.0837  -0.0200  -0.1093  -0.0997   0.0293  -0.0045  -0.0657  -0.0367   0.0520   0.0868  -0.0912   0.0478
 SE   0.0680   0.0680   0.0680   0.0680   0.0680   0.0680   0.0680   0.0680   0.0680   0.0680   0.0680   0.0680
 Q     12.47    12.56    15.36    17.70    17.90    17.91    18.94    19.26    19.92    21.74    23.77    24.33
 PV     0.33     0.40     0.29     0.22     0.27     0.33     0.33     0.38     0.40     0.35     0.30     0.33
      0.0621   0.0343   0.0561  -0.2058  -0.0144   0.1052  -0.0007  -0.0418  -0.1335   0.0596   0.0065  -0.0463
 SE   0.0680   0.0680   0.0680   0.0680   0.0680   0.0680   0.0680   0.0680   0.0680   0.0680   0.0680   0.0680
 Q     25.28    25.57    26.36    36.96    37.01    39.81    39.81    40.26    44.85    45.76    45.77    46.34
 PV     0.34     0.38     0.39     0.08     0.09     0.07     0.09     0.10     0.05     0.05     0.07     0.08

  LJUNG-BOX Q VALUE OF ORDER  24 IS     24.33 AND IF RESIDUALS ARE RANDOM IT SHOULD BE DISTRIBUTED AS CHI-SQUARE(22)
  p-value= 0.3300

  Given that the lag-12 autocorrelation is <0, the statistics Qs is not associated with
   the presence of residual seasonality. Thus Qs is set =0.

 APPROXIMATE TEST OF RUNS ON RESIDUALS
 -------------------------------------
  NUM.DATA= 216
   NUM.(+)= 108
   NUM.(-)= 108
  NUM.RUNS= 107
   T-VALUE= -0.2728


  NON-PARAMETRIC TEST FOR RESIDUAL SEASONALITY (FRIEDMAN) SEAS_NP =      8.32
    ASYMP. DISTRIBUTED AS CHI-SQUARE(11)
    p-value= 0.6839



 SQUARED RESIDUALS:
 ------------------




 AUTOCORRELATIONS
 ----------------
      0.1098   0.0259   0.1009   0.0640   0.1383   0.1095  -0.0176   0.0048   0.0874   0.1315   0.2635   0.1047
 SE   0.0680   0.0680   0.0680   0.0680   0.0680   0.0680   0.0680   0.0680   0.0680   0.0680   0.0680   0.0680
 Q      2.64     2.79     5.04     5.95    10.22    12.91    12.98    12.98    14.72    18.67    34.62    37.15
 PV    -1.00    -1.00     0.02     0.05     0.02     0.01     0.02     0.04     0.04     0.02     0.00     0.00
      0.0594   0.1669   0.0489   0.1445  -0.0213  -0.0118   0.0971  -0.0515   0.0922   0.1115   0.0814   0.0026
 SE   0.0680   0.0680   0.0680   0.0680   0.0680   0.0680   0.0680   0.0680   0.0680   0.0680   0.0680   0.0680
 Q     37.97    44.46    45.02    49.94    50.04    50.08    52.33    52.97    55.02    58.04    59.66    59.66
 PV     0.00     0.00     0.00     0.00     0.00     0.00     0.00     0.00     0.00     0.00     0.00     0.00
      0.2547   0.0553   0.1575   0.0844  -0.0729  -0.0226  -0.0113   0.0143   0.0400  -0.0163   0.0173   0.0340
 SE   0.0680   0.0680   0.0680   0.0680   0.0680   0.0680   0.0680   0.0680   0.0680   0.0680   0.0680   0.0680
 Q     75.65    76.41    82.59    84.38    85.71    85.84    85.87    85.93    86.34    86.41    86.48    86.79
 PV     0.00     0.00     0.00     0.00     0.00     0.00     0.00     0.00     0.00     0.00     0.00     0.00

  McLEOD-LI Q VALUE OF ORDER  24 IS     59.66 AND IF RESIDUALS ARE RANDOM IT SHOULD BE DISTRIBUTED AS CHI-SQUARE(24)
  p-value= 0.0001
 
 
 
SPECTRAL DIAGNOSTICS
 --------------------
 
A. SEASONAL SPECTRAL PEAKS
 
                           Frequency (cycles per year)
                     One    Two   Three  Four   Five    Six  
 Original series      -t     at     AT     at     AT     AT
 Linearized series    aT     AT     AT     AT     AT     aT
 Residuals            --     --     a-     at     --     --
 
 AT : peaks detected in AR(30) and using Tukey spectrum  estimator
 A- : only peaks detected in AR(30) spectrum estimator
 -T : only peaks detected using Tukey spectrum estimator
 -- : No peaks detected in AR(30) nor using Tukey spectrum estimator
 
 
 
B. STOCHASTIC SEASONALITY: SPECTRAL EVIDENCE
 
 1 :  SERIES CONTAINS SEASONALITY THAT CAN BE RELIABLY EXTRACTED.
 0 :  SEASONALITY IS NOT PRESENT IN THE SERIES OR IS TOO WEAK TO BE RELIABLY CAPTURED.
 
 ORIGINAL SERIES :   1
 LINEARIZED SERIES : 1
 RESIDUALS :         0
 
 
 
C. TRADING DAY EFFECT: SPECTRAL EVIDENCE
 
 1 :  TRADING DAY EFFECT DETECTED
 0 :  NO TRADING DAY EFFECT DETECTED
 
 LINEARIZED SERIES : 0
 RESIDUALS :         0
 
 
OVERALL TEST FOR IDENTIFIABLE SEASONALITY 
----------------------------------------- 
 
  AUTOCORRELATION FUNCTION EVIDENCE : YES
  NON-PARAMETRIC EVIDENCE           : YES
  F-TEST                            :  - 
  SPECTRAL EVIDENCE                 : YES
 
IDENTIFIABLE SEASONALITY FOUND IN SERIES
 
 
OVERALL TEST FOR RESIDUALS SEASONALITY 
----------------------------------------- 
 
  AUTOCORRELATION FUNCTION EVIDENCE : NO 
  NON-PARAMETRIC EVIDENCE           : NO 
  F-TEST                            : NO 
  SPECTRAL EVIDENCE                 : NO 
 
NO IDENTIFIABLE SEASONALITY FOUND IN RESIDUALS
 
 
ARIMA MODEL : MILDLY POOR FIT
-----------------------------
 
QUALITY ARIMA MODEL TESTS
----------------------------------------

  Mean in residuals                      :GOOD        
  Autocorrelation in residuals           :GOOD        
  Normality of residuals                 :POOR        
  Skewness of residuals                  :GOOD        
  Kurtosis of residuals                  :POOR        
  Randomness of residual sign            :GOOD        
  Instability of residual mean           :GOOD        
  Instability of residual variance       :GOOD        
  Seasonality in residuals               :GOOD        
  Trading day in residuals               :GOOD        
  Out-of-sample forecast errors          :GOOD        
  Number of outliers                     :GOOD        
 


 LINEAR SERIES


 YEAR        JAN       FEB       MAR       APR       MAY       JUN       JUL       AUG       SEP       OCT       NOV       DEC 

 2005      38.740    37.529    38.088    39.578    37.529    38.367    38.088    40.323    38.833    38.274    39.857    44.234
 2006      39.950    40.136    40.881    39.671    39.298    38.553    37.808    41.440    39.391    38.460    39.950    46.376
 2007      39.298    39.298    38.553    38.274    38.646    39.298    39.019    41.813    39.857    40.881    40.788    46.003
 2008      40.230    41.720    38.460    40.043    38.740    40.230    40.788    42.185    40.323    42.092    43.489    46.741
 2009      41.546    40.016    40.947    39.835    39.517    41.064    41.179    43.596    40.512    40.760    43.425    47.069
 2010      41.198    40.860    41.073    41.231    40.053    40.666    41.076    45.582    39.689    42.092    40.294    44.196
 2011      41.597    39.798    41.499    41.999    42.699    41.100    42.100    47.400    43.300    42.800    44.400    47.100
 2012      47.200    46.400    45.800    45.300    44.700    48.200    47.000    52.800    46.600    48.600    47.600    47.200
 2013      48.100    46.700    49.300    47.000    45.600    48.000    47.000    51.500    46.300    49.500    48.700    48.900
 2014      48.300    48.400    47.200    49.700    47.400    48.500    48.700    52.900    48.600    48.100    47.800    49.500
 2015      45.700    44.800    44.100    44.500    43.200    44.400    43.500    48.300    43.200    44.400    44.500    44.400
 2016      45.100    44.500    44.400    46.000    44.000    45.700    43.300    49.100    44.200    44.800    44.900    47.100
 2017      46.000    44.900    44.600    44.200    43.700    44.100    44.100    48.600    43.500    44.600    46.300    46.100
 2018      45.900    44.500    45.000    45.300    44.400    44.200    43.500    50.100    45.500    46.100    45.500    46.400
 2019      46.500    45.700    45.900    45.000    44.400    45.100    45.500    50.200    44.000    46.300    46.400    47.000
 2020      46.100    45.700    45.048    44.618    44.600    44.300    42.700    47.500    42.700    44.500    45.200    44.900
 2021      45.000    45.100    44.200    42.800    41.300    43.100    42.700    48.100    42.800    43.300    43.400    43.800
 2022      43.400    42.800    42.200    41.900    42.500    44.500    43.800    49.000    44.200    44.600    44.200    44.800
 2023      44.600    44.700    43.300    43.700    42.900    43.900    43.400    47.800    43.600    45.400    44.200    45.300
 2024      44.100    44.900    43.800    44.700    43.200    46.300    45.300


  AUTOCORRELATION FUNCTION TEST FOR SEASONALITY IN LINEARIZEDSERIES QS =   275.13  ASIMPTOTICALLY DISTRIBUTED AS CHI-SQUARE(2)
    p-value= 0.0000


  NON-PARAMETRIC TEST FOR SEASONALITY IN LINEARIZED SERIES (FRIEDMAN) SEAS_NP =    131.93
    ASYMP. DISTRIBUTED AS CHI-SQUARE(11)
    p-value= 0.0000


TOTAL OUTLIER EFFECT FACTORS


 YEAR        JAN       FEB       MAR       APR       MAY       JUN       JUL       AUG       SEP       OCT       NOV       DEC 

 2005     107.384   107.384   107.384   107.384   107.384   107.384   107.384   107.384   107.384   107.384   107.384   107.384
 2006     107.384   107.384   107.384   107.384   107.384   107.384   107.384   107.384   107.384   107.384   107.384   107.384
 2007     107.384   107.384   107.384   107.384   107.384   107.384   107.384   107.384   107.384   107.384   107.384   107.384
 2008     107.384   107.384   107.384   107.384   107.384   107.384   107.384   107.384   107.384   107.384   107.384   116.385
 2009     113.608   111.704   127.727   121.250   116.912   113.968   111.951   110.561   109.598   108.929   108.463   100.703
 2010     100.491   100.344    90.813   100.168   100.118   100.082   100.058   100.040   100.028   100.020   100.014   100.010
 2011     100.007   100.005   100.003   100.002   100.002   100.001   100.001   100.001   100.000   100.000   100.000   100.000
 2012     100.000   100.000   100.000   100.000   100.000   100.000   100.000   100.000   100.000   100.000   100.000   100.000
 2013     100.000   100.000   100.000   100.000   100.000   100.000   100.000   100.000   100.000   100.000   100.000   100.000
 2014     100.000   100.000   100.000   100.000   100.000   100.000   100.000   100.000   100.000   100.000   100.000   100.000
 2015     100.000   100.000   100.000   100.000   100.000   100.000   100.000   100.000   100.000   100.000   100.000   100.000
 2016     100.000   100.000   100.000   100.000   100.000   100.000   100.000   100.000   100.000   100.000   100.000   100.000
 2017     100.000   100.000   100.000   100.000   100.000   100.000   100.000   100.000   100.000   100.000   100.000   100.000
 2018     100.000   100.000   100.000   100.000   100.000   100.000   100.000   100.000   100.000   100.000   100.000   100.000
 2019     100.000   100.000   100.000   100.000   100.000   100.000   100.000   100.000   100.000   100.000   100.000   100.000
 2020     100.000   100.000   109.439   114.081   100.000   100.000   100.000   100.000   100.000   100.000   100.000   100.000
 2021     100.000   100.000   100.000   100.000   100.000   100.000   100.000   100.000   100.000   100.000   100.000   100.000
 2022     100.000   100.000   100.000   100.000   100.000   100.000   100.000   100.000   100.000   100.000   100.000   100.000
 2023     100.000   100.000   100.000   100.000   100.000   100.000   100.000   100.000   100.000   100.000   100.000   100.000
 2024     100.000   100.000   100.000   100.000   100.000   100.000   100.000
 
 
 
 FORECAST FUNCTION OF ORIGINAL SERIES: 
  
ORIGIN: 235 PERIODS AHEAD: 24
  
 OBS    DATE         FORECAST          STD ERROR        FORECAST          STD ERROR   
                        (SERIES IN LOGS)                     (SERIES IN LEVELS)       
 236  Aug-2024       3.91338          0.261019E-01       50.0681           1.30710    
 237  Sep-2024       3.81066          0.287901E-01       45.1803           1.30101    
 238  Oct-2024       3.83815          0.312479E-01       46.4394           1.45149    
 239  Nov-2024       3.82805          0.335260E-01       45.9726           1.54171    
 240  Dec-2024       3.84367          0.356589E-01       46.6965           1.66567    
 241  Jan-2025       3.82936          0.376711E-01       46.0333           1.73474    
 242  Feb-2025       3.83248          0.395813E-01       46.1771           1.82846    
 243  Mar-2025       3.81110          0.414178E-01       45.2002           1.87290    
 244  Apr-2025       3.81625          0.431610E-01       45.4334           1.96187    
 245  May-2025       3.79593          0.448259E-01       44.5196           1.99663    
 246  Jun-2025       3.83920          0.464426E-01       46.4881           2.16020    
 247  Jul-2025       3.82235          0.480050E-01       45.7114           2.19564    
 248  Aug-2025       3.92640          0.528362E-01       50.7241           2.68194    
 249  Sep-2025       3.82368          0.554326E-01       45.7722           2.53922    
 250  Oct-2025       3.85116          0.579127E-01       47.0478           2.72695    
 251  Nov-2025       3.84106          0.602908E-01       46.5749           2.81059    
 252  Dec-2025       3.85669          0.625786E-01       47.3084           2.96339    
 253  Jan-2026       3.84238          0.647857E-01       46.6364           3.02455    
 254  Feb-2026       3.84550          0.669201E-01       46.7821           3.13417    
 255  Mar-2026       3.82412          0.689964E-01       45.7924           3.16328    
 256  Apr-2026       3.82927          0.710031E-01       46.0287           3.27230    
 257  May-2026       3.80895          0.729494E-01       45.1029           3.29461    
 258  Jun-2026       3.85221          0.748513E-01       47.0972           3.53023    
 259  Jul-2026       3.83536          0.767061E-01       46.3103           3.55751    
