
                                        PROGRAM TRAMO+

             (based on program TRAMO, Victor Gomez and Agustin Maravall©,1996)

         Developed at the Bank of Spain by Gianluca Caporello and Agustin Maravall,
         with programming support from Domingo Pérez Cañete and Roberto López Pavón.

                 VERSION: 1.0 (Revision: 942  Build: 2017/09/25 09:39:13)


 SERIES TITLE=DIVIZ20                                                                         

 INPUT PARAMETERS
   lam= 0   imean= 0   ireg= 9   ieast= 3   seats= 2   tabtablet='xo,xi,xl,re,me,td,ee,to,ls,reg'   int2=227   rsa= 0   modelsumm= 1   va=   3.742
 
  WARNING :
    Remember to define the regression variable name in the first line of the external regression file.
   Name : NOT DEFINED.
   Reglist01
    Iuser=-1   Nser= 1   Ilong= 312
 
   Name : NOT DEFINED.
   Reglist02
    Iuser= 2   Nser= 8   Ilong=   0
 
   Fixed Outliers:
   #Observ. Type
      47     LS
     103     AO
      49     TC
      51     TC
      46     TC
     184     AO
     185     AO
     186     AO
 

 NUMBER OF OBSERVATIONS: 227


 ORIGINAL SERIES 

 YEAR        JAN       FEB       MAR       APR       MAY       JUN       JUL       AUG       SEP       OCT       NOV       DEC 

 2005      68.300    70.400    80.400    78.600    77.600    74.900    86.800    71.900    83.200    82.900    80.400    66.000
 2006      82.700    82.100    93.700    83.000    92.200    92.200    91.800    77.000    89.800    91.000    88.500    74.900
 2007     103.000    94.800   111.300   106.900   112.000   106.700   115.000    85.300    98.100   105.100    96.500    77.000
 2008     102.400    98.000    96.700   103.700    98.500   104.200   105.600    80.300   105.000    90.200    65.200    56.100
 2009      59.900    67.800    66.100    67.100    68.500    75.400    81.900    60.100    80.400    76.700    76.900    65.400
 2010      84.500    90.000    99.600    97.600   102.100   102.100   103.300    80.100    95.500    94.500    94.100    86.900
 2011     103.100   103.300   113.400   106.100   113.700   100.600   106.100    81.000   101.000    95.000    95.900    77.900
 2012     102.000   101.600   111.700    97.600   102.200   104.400   111.200    78.600    95.600   104.400    94.800    75.400
 2013     102.900    96.100   103.200    95.900    99.100    87.300   113.200    67.800    94.300    99.900    91.900    76.700
 2014     101.200    95.800   103.800    97.500    96.400    96.200   102.600    73.900    99.800   102.200    91.800    77.000
 2015      92.400    94.100   108.000   106.400   106.500   107.900   117.100    79.100   105.000   107.200    95.900    80.400
 2016      95.600    99.500   101.400   101.100    99.300   105.100   103.000    79.700   103.300    99.900   103.900    87.400
 2017     102.100   104.800   120.800   104.300   114.900   108.900   112.200    87.800   103.400   106.300   112.100    92.300
 2018     114.000   109.100   116.900   109.100   117.200   114.200   118.300    89.900   108.900   119.200   111.900    83.100
 2019     112.200   107.500   114.600   109.100   116.900   107.400   115.700    82.100   106.800   114.200   100.000    84.300
 2020     108.100   103.500   115.300    84.300    77.900    83.400    95.600    71.900   101.000   101.900   103.800    90.700
 2021     104.400   110.000   123.000   122.100   122.000   124.300   127.100    93.600   127.700   127.300   127.600   111.100
 2022     138.000   143.100   164.000   148.900   164.100   163.200   146.100   111.100   144.400   145.200   139.000   112.400
 2023     135.500   145.300   151.400   122.900   133.300   125.600   120.300    95.100   122.400   125.100   121.900

DATES OF EASTER DURING THE REQUESTED TIME SPAN 

 YEAR MONTH  DAY 

   2005   MARCH   27
   2006   APRIL   16
   2007   APRIL    8
   2008   MARCH   23
   2009   APRIL   12
   2010   APRIL    4
   2011   APRIL   24
   2012   APRIL    8
   2013   MARCH   31
   2014   APRIL   20
   2015   APRIL    5
   2016   MARCH   27
   2017   APRIL   16
   2018   APRIL    1
   2019   APRIL   21
   2020   APRIL   12
   2021   APRIL    4
   2022   APRIL   17
   2023   APRIL    9
   2024   MARCH   31
   2025   APRIL   20
   2026   APRIL    5


 MODEL PARAMETERS            
 ----------------
  MQ= 12         IMEAN=  0      LAM=  0      D=  1       BD=  1
  P=  0          BP=  0         Q=  1        BQ=  1      IREG=  9
  ITRAD=  0      SMPDAY=  0     IEAST=  3      IDUR=  6     M= 36       IQM= 24
  INCON=  0      NBACK=  0      NPRED= 24    INTERP=  2  INIT=  0
  IFILT=  2      IROOT=  2    INIC=  0    ICONCE=  1
  ICDET=  1      IATIP=  0      IMVX=  0     IDIF=  0    PG=  0
  AIO=  2        INT1=  1       INT2= 227    RSA=  0     SEATS=  2
  VA= 3.74       TOL=  0.100E-03             PC=  0.120E+00
  NOADMISS= 1    STOCHTD 0    BIAS= 1
  THLIM=  0.000  BTHLIM=  0.000   RMOD=  0.500



TH =        -0.10

BTH =        -0.10

WARNING: When adjusting for degrees of freedom in
 order to compute white-noise residuals, the Housholder
 transformation contains an element of arbitrariness 
 that, when multiple regressors are entered, may produce
 a slight variation in results when the order in which
 regressors are entered changes



NUMBER OF INITIAL OBS. =  13

Log-Level pretest : LOGS are Selected
 DIFFERENCED TRANSFORMED SERIES

 YEAR        JAN       FEB       MAR       APR       MAY       JUN       JUL       AUG       SEP       OCT       NOV       DEC 

 2006                -0.038    -0.001    -0.099     0.118     0.035    -0.152     0.013     0.008     0.017     0.003     0.031
 2007       0.093    -0.076     0.028     0.081    -0.059    -0.048     0.079    -0.123    -0.014     0.056    -0.058    -0.059
 2008      -0.033     0.039    -0.174     0.110    -0.098     0.105    -0.062     0.025     0.128    -0.221    -0.239     0.075
 2009      -0.220     0.168    -0.012    -0.055     0.072     0.040     0.069    -0.036     0.023     0.105     0.327    -0.012
 2010       0.191    -0.061     0.127    -0.035     0.024    -0.096    -0.071     0.055    -0.115     0.037    -0.007     0.082
 2011      -0.085    -0.061    -0.008    -0.046     0.024    -0.122     0.042    -0.016     0.045    -0.051     0.014    -0.128
 2012       0.099    -0.006     0.001    -0.068    -0.023     0.144     0.010    -0.077    -0.025     0.149    -0.106    -0.021
 2013       0.041    -0.064    -0.023     0.062    -0.013    -0.148     0.197    -0.166     0.134    -0.030     0.013     0.048
 2014      -0.034     0.014     0.009     0.011    -0.044     0.125    -0.195     0.184    -0.029    -0.034    -0.024     0.005
 2015      -0.095     0.073     0.058     0.048     0.012     0.015     0.017    -0.064    -0.017    -0.003    -0.004    -0.000
 2016      -0.009     0.022    -0.119     0.012    -0.019     0.044    -0.102     0.136    -0.024    -0.054     0.151     0.003
 2017      -0.018    -0.014     0.123    -0.144     0.115    -0.110     0.050     0.011    -0.096     0.061     0.014    -0.021
 2018       0.056    -0.070    -0.073     0.078    -0.025     0.028     0.005    -0.029     0.028     0.063    -0.116    -0.103
 2019       0.089     0.001    -0.005     0.020    -0.003    -0.059     0.039    -0.069     0.071    -0.023    -0.070     0.127
 2020      -0.052    -0.001     0.044    -0.264    -0.148     0.153     0.062     0.058     0.077    -0.058     0.151     0.036
 2021      -0.108     0.096     0.004     0.306     0.078    -0.050    -0.114    -0.021    -0.029    -0.012    -0.016    -0.004
 2022       0.076    -0.016     0.025    -0.089     0.098    -0.024    -0.133     0.032    -0.048     0.009    -0.046    -0.074
 2023      -0.030     0.034    -0.095    -0.112    -0.016    -0.054     0.068     0.039    -0.010     0.016     0.018




 AUTOCORRELATIONS
 ----------------
     -0.2104   0.0081   0.0411   0.0780  -0.0704  -0.0493   0.0490   0.0251   0.0143  -0.1101   0.2795  -0.4670
 SE   0.0684   0.0713   0.0713   0.0714   0.0718   0.0722   0.0723   0.0725   0.0725   0.0725   0.0733   0.0781
      0.0856  -0.0513   0.0473  -0.0732   0.0442   0.1265  -0.0225   0.0002  -0.1286   0.1186  -0.2381   0.0645
 SE   0.0902   0.0906   0.0907   0.0909   0.0911   0.0912   0.0920   0.0921   0.0921   0.0929   0.0936   0.0964
     -0.1385   0.1796  -0.1158  -0.0581   0.0615  -0.1115  -0.0848   0.0098   0.1434  -0.0700   0.0953  -0.0901
 SE   0.0966   0.0975   0.0991   0.0997   0.0998   0.1000   0.1006   0.1009   0.1009   0.1019   0.1021   0.1025


 PARTIAL AUTOCORRELATIONS
 ---------------------
     -0.2104  -0.0378   0.0366   0.0996  -0.0334  -0.0772   0.0134   0.0402   0.0481  -0.1014   0.2344  -0.4253
 SE   0.0684   0.0684   0.0684   0.0684   0.0684   0.0684   0.0684   0.0684   0.0684   0.0684   0.0684   0.0684
     -0.0343  -0.0863   0.0602   0.0125   0.0369   0.1134   0.0008   0.0351  -0.1289  -0.0469  -0.0624  -0.2101
 SE   0.0684   0.0684   0.0684   0.0684   0.0684   0.0684   0.0684   0.0684   0.0684   0.0684   0.0684   0.0684
     -0.1565   0.0900  -0.0248  -0.0968   0.0500  -0.0366  -0.1277   0.0931   0.0295   0.0493  -0.0409  -0.1631
 SE   0.0684   0.0684   0.0684   0.0684   0.0684   0.0684   0.0684   0.0684   0.0684   0.0684   0.0684   0.0684
  
 ARIMA MODEL ESTIMATION 
  
 METHOD OF ESTIMATION: EXACT MAXIMUM LIKELIHOOD           
  
 PARAMETER      ESTIMATE           STD ERROR      T RATIO   LAG  
  
 TH1         -0.18720           0.67418E-01       -2.78      1
 BTH         -0.78960           0.42114E-01      -18.75     12
  
 
 REGULAR MA INVERSE ROOTS ARE 
 NO.     REAL P.     IMAG.P.     MODULUS    ARGUMENT      PERIOD
  1      0.18720       0.0000      0.18720       0.0000            -  
 
 SEASONAL MA INVERSE ROOTS ARE 
 NO.     REAL P.     IMAG.P.     MODULUS    ARGUMENT      PERIOD
  1      0.78960       0.0000      0.78960       0.0000            -  
  
 CORRELATIONS OF THE ESTIMATES 
  
  1.000   -0.089
 -0.089    1.000
  
 AIC 
    -731.143
  
 BIC 
     -6.1206
  
 FINAL VALUE OF OBJECTIVE FUNCTION: 
               0.36766    
  
 RADETN:    1.02784530045066     
 ITERATIONS:            2
  
  NUMBER OF FUNCTION EVALUATIONS:            8
  

 ESTIMATES OF REGRESSION PARAMETERS 
 CONCENTRATED OUT OF THE LIKELIHOOD 

 PARAMETER           VALUE          ST. ERROR     T VALUE
 REG      1          0.24174E-01    (     0.00221)   10.94
 EAST     1         -0.24438E-01    (     0.00959)   -2.55
 OUT 1 ( 47)        -0.29427        (     0.03967)   -7.42   LS    (11 2008)
 OUT 2 (103)         0.16388        (     0.03048)    5.38   AO    ( 7 2013)
 OUT 3 ( 49)        -0.18650        (     0.03776)   -4.94   TC    ( 1 2009)
 OUT 4 ( 51)        -0.17501        (     0.03758)   -4.66   TC    ( 3 2009)
 OUT 5 ( 46)        -0.16525        (     0.03795)   -4.36   TC    (10 2008)
 OUT 6 (184)        -0.21669        (     0.03556)   -6.09   AO    ( 4 2020)
 OUT 7 (185)        -0.24040        (     0.03848)   -6.25   AO    ( 5 2020)
 OUT 8 (186)        -0.15661        (     0.03505)   -4.47   AO    ( 6 2020)

 VAR-CORRELATION MATRIX OF ESTIMATORS 

   0.488E-05
   0.180E+00   0.919E-04
   0.854E-01   0.153E-01   0.157E-02
  -0.107E+00  -0.216E-01  -0.951E-02   0.929E-03
   0.454E-01   0.205E-01  -0.136E-01  -0.632E-02   0.143E-02
  -0.801E-02   0.908E-01  -0.502E-03  -0.161E-02   0.129E+00   0.141E-02
  -0.243E-01   0.116E-02   0.144E+00   0.947E-03   0.110E+00   0.681E-01   0.144E-02
  -0.109E+00  -0.149E+00  -0.936E-02   0.595E-02  -0.764E-02  -0.110E-01   0.142E-02   0.126E-02
   0.109E+00  -0.111E-01   0.925E-02  -0.217E-01   0.336E-02  -0.436E-02  -0.340E-02   0.462E+00   0.148E-02
   0.200E-01  -0.150E-01   0.166E-02  -0.181E-01  -0.304E-03  -0.269E-02  -0.108E-02   0.285E+00   0.480E+00   0.123E-02


 VARIANCES ARE IN THE MAIN DIAGONAL; 
 OFF-DIAGONAL ELEMENTS ARE CORRELATIONS. 



ACF DIFFERENCED SERIES




 AUTOCORRELATIONS
 ----------------
     -0.2238   0.0157   0.0412   0.0818  -0.0697  -0.0358   0.0270   0.0165   0.0219  -0.1105   0.2879  -0.4833
 SE   0.0684   0.0717   0.0717   0.0718   0.0723   0.0726   0.0727   0.0727   0.0727   0.0728   0.0735   0.0786
      0.1056  -0.0619   0.0463  -0.0733   0.0542   0.1003   0.0003   0.0123  -0.1397   0.1216  -0.2405   0.0864
 SE   0.0915   0.0920   0.0922   0.0923   0.0926   0.0928   0.0933   0.0933   0.0933   0.0942   0.0950   0.0978
     -0.1579   0.1895  -0.1252  -0.0575   0.0593  -0.0875  -0.0919  -0.0143   0.1491  -0.0650   0.0968  -0.1058
 SE   0.0981   0.0993   0.1010   0.1017   0.1019   0.1020   0.1024   0.1028   0.1028   0.1038   0.1040   0.1044
  
  
  NUMBER OF WHITE NOISE RESIDUALS          204
  
 WHITE NOISE RESIDUALS
  

 YEAR        JAN       FEB       MAR       APR       MAY       JUN       JUL       AUG       SEP       OCT       NOV       DEC 

 2006                                                                                                                     0.065
 2007       0.030    -0.047     0.017     0.042    -0.003    -0.029    -0.022    -0.087     0.007    -0.006    -0.019    -0.044
 2008      -0.005    -0.022    -0.060    -0.018    -0.012     0.078    -0.101     0.017     0.049    -0.003     0.015    -0.031
 2009       0.011     0.055    -0.015    -0.052    -0.006     0.006    -0.021    -0.056     0.053    -0.044     0.029    -0.002
 2010       0.082     0.041    -0.022     0.009     0.076    -0.009    -0.035    -0.019    -0.030     0.024     0.009     0.058
 2011      -0.007    -0.016    -0.020    -0.014     0.019    -0.110     0.019    -0.045     0.016    -0.025     0.013    -0.033
 2012       0.006    -0.016     0.009    -0.050    -0.039     0.047     0.026    -0.085     0.026     0.036    -0.037    -0.031
 2013      -0.004    -0.030     0.005    -0.075    -0.002    -0.081    -0.018    -0.027     0.113     0.039     0.010    -0.017
 2014       0.013    -0.031    -0.013    -0.003    -0.035     0.030    -0.028     0.021     0.019     0.008    -0.020    -0.014
 2015      -0.060     0.011     0.038     0.038     0.048     0.005     0.016    -0.065     0.007     0.026    -0.064    -0.021
 2016      -0.010    -0.011    -0.052     0.018    -0.039     0.081    -0.026     0.005     0.016    -0.008     0.070     0.034
 2017      -0.089     0.035     0.017     0.003     0.009    -0.039     0.010     0.021    -0.056    -0.006     0.093     0.061
 2018      -0.080    -0.020    -0.020    -0.023     0.026     0.001    -0.005     0.009     0.007     0.019    -0.014    -0.096
 2019       0.023     0.001    -0.018     0.002     0.021    -0.034    -0.020    -0.016     0.024     0.019    -0.056    -0.006
 2020       0.028    -0.022     0.002    -0.043    -0.043    -0.041    -0.089     0.032     0.080     0.017     0.059     0.051
 2021      -0.003     0.025     0.001     0.055     0.025     0.037     0.010    -0.029     0.048     0.023     0.008     0.005
 2022       0.067     0.041     0.017     0.030     0.030     0.031    -0.101    -0.036    -0.013     0.017    -0.040    -0.030
 2023      -0.056     0.070    -0.072    -0.083    -0.040    -0.040    -0.022     0.021     0.014    -0.015     0.005
 
 
  STABILITY TEST
 
 
     1. FULL PERIOD
                  FIRST HALF                    SECOND HALF
           Mean(t)          Variance      Mean(t)          Variance
      -0.47E-02( -1.2    )  0.16E-02 -0.13E-02(-0.32    )  0.16E-02
 
      Mean assumed equal to 0
      VR(variance ratio)=  1.0    
 
      MEAN STABILITY IS NOT REJECTED.
      VARIANCE STABILITY IS NOT REJECTED.


 
     2. LAST 10 YEARS
                  FIRST HALF                    SECOND HALF
           Mean(t)          Variance      Mean(t)          Variance
      -0.68E-03(-0.14    )  0.13E-02 -0.22E-02(-0.42    )  0.17E-02
 
      Mean assumed equal to 0
      VR(variance ratio)=  1.2    
 
      LAST 10 YEARS MEAN STABILITY IS NOT REJECTED.
      LAST 10 YEARS VARIANCE STABILITY IS NOT REJECTED.


 
  OUT-OF-SAMPLE TEST
  ------------------
      Model re-estimated on Linearized series for first 209 observations.
       18 One-Period-Ahead Forecasts computed with model fixed.
      Comparison between forecast errors (last   18 observations) and residuals (in-sample):

        Mean(Forecast Errors)
            p-value= 0.0209
            Mean of forecast errors can be assumed zero.

        Out-of-Sample MSE is :  0.2233E-02
        In-Sample MSE is :  0.1565E-02
        F( 18,196) is :  0.143E+01
            p-value(%)=12.2351

        Mean and Variance of forecast Errors and In-Sample residuals ARE NOT significantly different.


 TEST-STATISTICS ON RESIDUALS
 ----------------------------


           MEAN=  -0.2949919E-02
        ST.DEV.=   0.2807083E-02
        OF MEAN
        T-VALUE= -1.0509

 NORMALITY TEST=  0.6182        ( CHI-SQUARE(2) )

       SKEWNESS= -0.1081          ( SE =  0.1715 )
       KURTOSIS=  3.1613          ( SE =  0.3430 )

 SUM OF SQUARES=   0.3210776    

  DURBIN-WATSON=  2.0204

 STANDARD ERROR=   0.4150668E-01
 OF RESID.
  MSE OF RESID.=   0.1722805E-02




 AUTOCORRELATIONS
 ----------------
      0.0097  -0.0209   0.0432   0.1136  -0.0263  -0.0435  -0.0606   0.1237   0.0097  -0.1061   0.1109  -0.0091
 SE   0.0700   0.0700   0.0700   0.0700   0.0700   0.0700   0.0700   0.0700   0.0700   0.0700   0.0700   0.0700
 Q      0.02     0.11     0.50     3.21     3.36     3.76     4.54     7.82     7.84    10.28    12.96    12.98
 PV    -1.00    -1.00     0.48     0.20     0.34     0.44     0.47     0.25     0.35     0.25     0.16     0.22
     -0.0455  -0.0495  -0.0217  -0.0652   0.0351   0.0373  -0.0622   0.0411  -0.1342   0.0099  -0.1322  -0.0330
 SE   0.0700   0.0700   0.0700   0.0700   0.0700   0.0700   0.0700   0.0700   0.0700   0.0700   0.0700   0.0700
 Q     13.43    13.98    14.08    15.03    15.31    15.62    16.50    16.89    21.02    21.04    25.10    25.36
 PV     0.27     0.30     0.37     0.38     0.43     0.48     0.49     0.53     0.34     0.39     0.24     0.28
     -0.0625   0.0849  -0.1302  -0.0927   0.0394  -0.0861  -0.1165   0.0284   0.0922  -0.0237   0.0658  -0.0111
 SE   0.0700   0.0700   0.0700   0.0700   0.0700   0.0700   0.0700   0.0700   0.0700   0.0700   0.0700   0.0700
 Q     26.27    27.98    32.00    34.05    34.42    36.21    39.51    39.71    41.80    41.94    43.01    43.04
 PV     0.29     0.26     0.16     0.13     0.15     0.14     0.09     0.11     0.09     0.11     0.11     0.14

  LJUNG-BOX Q VALUE OF ORDER  24 IS     25.36 AND IF RESIDUALS ARE RANDOM IT SHOULD BE DISTRIBUTED AS CHI-SQUARE(22)
  p-value= 0.2804

  Given that the lag-12 autocorrelation is <0, the statistics Qs is not associated with
   the presence of residual seasonality. Thus Qs is set =0.

 APPROXIMATE TEST OF RUNS ON RESIDUALS
 -------------------------------------
  NUM.DATA= 204
   NUM.(+)= 102
   NUM.(-)= 102
  NUM.RUNS=  95
   T-VALUE= -1.1230


  NON-PARAMETRIC TEST FOR RESIDUAL SEASONALITY (FRIEDMAN) SEAS_NP =     13.82
    ASYMP. DISTRIBUTED AS CHI-SQUARE(11)
    p-value= 0.2429



 SQUARED RESIDUALS:
 ------------------




 AUTOCORRELATIONS
 ----------------
     -0.0324   0.0488  -0.0547  -0.0579  -0.0812  -0.0911  -0.0278  -0.0546  -0.0965   0.0603   0.0300  -0.0368
 SE   0.0700   0.0700   0.0700   0.0700   0.0700   0.0700   0.0700   0.0700   0.0700   0.0700   0.0700   0.0700
 Q      0.22     0.71     1.34     2.04     3.43     5.20     5.36     6.00     8.01     8.79     8.99     9.29
 PV    -1.00    -1.00     0.25     0.36     0.33     0.27     0.37     0.42     0.33     0.36     0.44     0.51
      0.1003  -0.0050  -0.0539  -0.0933   0.0077  -0.0152   0.0275  -0.0449  -0.0889   0.0863  -0.0003   0.0432
 SE   0.0700   0.0700   0.0700   0.0700   0.0700   0.0700   0.0700   0.0700   0.0700   0.0700   0.0700   0.0700
 Q     11.50    11.50    12.15    14.09    14.11    14.16    14.33    14.79    16.61    18.33    18.33    18.76
 PV     0.40     0.49     0.52     0.44     0.52     0.59     0.64     0.68     0.62     0.57     0.63     0.66
     -0.0790  -0.0265   0.0184  -0.0517  -0.0036   0.0575  -0.0134   0.0219   0.1396  -0.0543   0.0210   0.0134
 SE   0.0700   0.0700   0.0700   0.0700   0.0700   0.0700   0.0700   0.0700   0.0700   0.0700   0.0700   0.0700
 Q     20.23    20.39    20.47    21.11    21.12    21.92    21.96    22.08    26.86    27.59    27.70    27.75
 PV     0.63     0.67     0.72     0.74     0.78     0.79     0.82     0.85     0.68     0.69     0.73     0.77

  McLEOD-LI Q VALUE OF ORDER  24 IS     18.76 AND IF RESIDUALS ARE RANDOM IT SHOULD BE DISTRIBUTED AS CHI-SQUARE(24)
  p-value= 0.7645
 
 
 
SPECTRAL DIAGNOSTICS
 --------------------
 
A. SEASONAL SPECTRAL PEAKS
 
                           Frequency (cycles per year)
                     One    Two   Three  Four   Five    Six  
 Original series      -T     aT     AT     aT     aT     aT
 Linearized series    aT     AT     AT     AT     aT     aT
 Residuals            --     --     --     --     --     --
 
 AT : peaks detected in AR(30) and using Tukey spectrum  estimator
 A- : only peaks detected in AR(30) spectrum estimator
 -T : only peaks detected using Tukey spectrum estimator
 -- : No peaks detected in AR(30) nor using Tukey spectrum estimator
 
 
 
B. STOCHASTIC SEASONALITY: SPECTRAL EVIDENCE
 
 1 :  SERIES CONTAINS SEASONALITY THAT CAN BE RELIABLY EXTRACTED.
 0 :  SEASONALITY IS NOT PRESENT IN THE SERIES OR IS TOO WEAK TO BE RELIABLY CAPTURED.
 
 ORIGINAL SERIES :   1
 LINEARIZED SERIES : 1
 RESIDUALS :         0
 
 
 
C. TRADING DAY EFFECT: SPECTRAL EVIDENCE
 
 1 :  TRADING DAY EFFECT DETECTED
 0 :  NO TRADING DAY EFFECT DETECTED
 
 LINEARIZED SERIES : 0
 RESIDUALS :         0
 
 
OVERALL TEST FOR IDENTIFIABLE SEASONALITY 
----------------------------------------- 
 
  AUTOCORRELATION FUNCTION EVIDENCE : YES
  NON-PARAMETRIC EVIDENCE           : YES
  F-TEST                            :  - 
  SPECTRAL EVIDENCE                 : YES
 
IDENTIFIABLE SEASONALITY FOUND IN SERIES
 
 
OVERALL TEST FOR RESIDUALS SEASONALITY 
----------------------------------------- 
 
  AUTOCORRELATION FUNCTION EVIDENCE : NO 
  NON-PARAMETRIC EVIDENCE           : NO 
  F-TEST                            : NO 
  SPECTRAL EVIDENCE                 : NO 
 
NO IDENTIFIABLE SEASONALITY FOUND IN RESIDUALS
 
 
ARIMA MODEL : GOOD FIT
----------------------

ALL TEST ARE PASSED
 
QUALITY ARIMA MODEL TESTS
----------------------------------------

  Mean in residuals                      :GOOD        
  Autocorrelation in residuals           :GOOD        
  Normality of residuals                 :GOOD        
  Skewness of residuals                  :GOOD        
  Kurtosis of residuals                  :GOOD        
  Randomness of residual sign            :GOOD        
  Instability of residual mean           :GOOD        
  Instability of residual variance       :GOOD        
  Seasonality in residuals               :GOOD        
  Trading day in residuals               :GOOD        
  Out-of-sample forecast errors          :GOOD        
  Number of outliers                     :GOOD        
 


 LINEAR SERIES


 YEAR        JAN       FEB       MAR       APR       MAY       JUN       JUL       AUG       SEP       OCT       NOV       DEC 

 2005      51.772    52.676    60.553    57.758    57.022    55.427    66.488    52.834    61.137    63.500    59.493    49.175
 2006      61.190    61.430    67.221    65.596    67.751    68.229    70.318    56.582    67.602    68.040    65.486    58.571
 2007      74.390    70.933    81.801    82.467    82.300    78.959    85.984    62.681    75.657    76.705    71.406    58.775
 2008      73.957    71.576    76.436    74.382    74.151    78.996    77.070    61.929    77.157    77.660    74.472    60.832
 2009      77.717    80.723    87.502    81.331    81.898    82.838    86.096    63.801    82.086    78.857    77.678    64.600
 2010      88.805    90.909    97.476    95.386   103.365   101.548   103.764    79.052    94.231    97.185    93.476    82.812
 2011     104.902   103.746   111.867   107.235   112.139    99.918   109.079    79.887    99.611    97.667    95.242    77.900
 2012     101.292    99.594   110.184   101.054   100.794   103.691   111.590    77.519    98.955   102.264    94.149    77.245
 2013      99.745    96.507   106.870    94.582    97.737    88.828    94.124    68.503    95.278    97.856    93.502    76.700
 2014     100.498    96.206   104.896    98.539    97.400    97.884   100.501    76.494    98.427   100.109    93.400    77.000
 2015      94.004    94.499   107.405   104.114   110.238   107.167   114.705    79.921   103.556   107.576    95.242    78.480
 2016      99.639    97.535   102.498    99.711    97.934   104.386   105.891    78.604   101.879   102.704   103.187    87.400
 2017     101.392   105.244   116.314   110.633   113.319   108.160   115.349    86.592   104.473   106.673   111.330    96.872
 2018     110.505   109.563   118.166   110.233   115.588   113.424   118.715    88.663   112.722   116.762   111.132    85.133
 2019     108.760   107.956   115.810   110.263   115.292   109.280   113.333    82.952   107.908   111.864   101.743    84.300
 2020     107.350   103.939   113.735   103.286   102.547    96.877    93.644    72.646    99.611   102.258   103.087    88.534
 2021     108.811   110.466   119.888   118.991   123.266   123.456   127.546    92.312   125.943   130.873   126.724   105.856
 2022     140.396   143.707   157.910   154.169   161.843   162.091   150.200   109.572   142.414   149.275   138.046   112.400
 2023     134.560   145.916   145.778   130.362   131.466   124.747   123.676    93.792   123.670   125.539   121.063


  AUTOCORRELATION FUNCTION TEST FOR SEASONALITY IN LINEARIZEDSERIES QS =   388.20  ASIMPTOTICALLY DISTRIBUTED AS CHI-SQUARE(2)
    p-value= 0.0000


  NON-PARAMETRIC TEST FOR SEASONALITY IN LINEARIZED SERIES (FRIEDMAN) SEAS_NP =    183.56
    ASYMP. DISTRIBUTED AS CHI-SQUARE(11)
    p-value= 0.0000


TOTAL OUTLIER EFFECT FACTORS


 YEAR        JAN       FEB       MAR       APR       MAY       JUN       JUL       AUG       SEP       OCT       NOV       DEC 

 2005     134.215   134.215   134.215   134.215   134.215   134.215   134.215   134.215   134.215   134.215   134.215   134.215
 2006     134.215   134.215   134.215   134.215   134.215   134.215   134.215   134.215   134.215   134.215   134.215   134.215
 2007     134.215   134.215   134.215   134.215   134.215   134.215   134.215   134.215   134.215   134.215   134.215   134.215
 2008     134.215   134.215   134.215   134.215   134.215   134.215   134.215   134.215   134.215   113.771    89.076    92.222
 2009      78.413    84.347    74.515    81.390    86.577    90.402    93.181    95.176    96.598    97.607    98.318    98.820
 2010      99.172    99.420    99.594    99.715    99.801    99.860    99.902    99.932    99.952    99.966    99.977    99.984
 2011      99.988    99.992    99.994    99.996    99.997    99.998    99.999    99.999    99.999   100.000   100.000   100.000
 2012     100.000   100.000   100.000   100.000   100.000   100.000   100.000   100.000   100.000   100.000   100.000   100.000
 2013     100.000   100.000   100.000   100.000   100.000   100.000   117.807   100.000   100.000   100.000   100.000   100.000
 2014     100.000   100.000   100.000   100.000   100.000   100.000   100.000   100.000   100.000   100.000   100.000   100.000
 2015     100.000   100.000   100.000   100.000   100.000   100.000   100.000   100.000   100.000   100.000   100.000   100.000
 2016     100.000   100.000   100.000   100.000   100.000   100.000   100.000   100.000   100.000   100.000   100.000   100.000
 2017     100.000   100.000   100.000   100.000   100.000   100.000   100.000   100.000   100.000   100.000   100.000   100.000
 2018     100.000   100.000   100.000   100.000   100.000   100.000   100.000   100.000   100.000   100.000   100.000   100.000
 2019     100.000   100.000   100.000   100.000   100.000   100.000   100.000   100.000   100.000   100.000   100.000   100.000
 2020     100.000   100.000   100.000    80.518    78.632    85.504   100.000   100.000   100.000   100.000   100.000   100.000
 2021     100.000   100.000   100.000   100.000   100.000   100.000   100.000   100.000   100.000   100.000   100.000   100.000
 2022     100.000   100.000   100.000   100.000   100.000   100.000   100.000   100.000   100.000   100.000   100.000   100.000
 2023     100.000   100.000   100.000   100.000   100.000   100.000   100.000   100.000   100.000   100.000   100.000


TOTAL TRADING DAY - EASTER - LEAP YEAR EFFECT FACTORS


 YEAR        JAN       FEB       MAR       APR       MAY       JUN       JUL       AUG       SEP       OCT       NOV       DEC 

 2005     100.000   100.000    98.786   101.229   100.000   100.000   100.000   100.000   100.000   100.000   100.000   100.000
 2006     100.000   100.000   101.229    98.786   100.000   100.000   100.000   100.000   100.000   100.000   100.000   100.000
 2007     100.000   100.000   101.229    98.786   100.000   100.000   100.000   100.000   100.000   100.000   100.000   100.000
 2008     100.000   100.000    98.786   101.229   100.000   100.000   100.000   100.000   100.000   100.000   100.000   100.000
 2009     100.000   100.000   101.229    98.786   100.000   100.000   100.000   100.000   100.000   100.000   100.000   100.000
 2010     100.000   100.000   100.000   100.000   100.000   100.000   100.000   100.000   100.000   100.000   100.000   100.000
 2011     100.000   100.000   101.229    98.786   100.000   100.000   100.000   100.000   100.000   100.000   100.000   100.000
 2012     100.000   100.000   101.229    98.786   100.000   100.000   100.000   100.000   100.000   100.000   100.000   100.000
 2013     100.000   100.000    98.786   101.229   100.000   100.000   100.000   100.000   100.000   100.000   100.000   100.000
 2014     100.000   100.000   101.229    98.786   100.000   100.000   100.000   100.000   100.000   100.000   100.000   100.000
 2015     100.000   100.000   100.408    99.594   100.000   100.000   100.000   100.000   100.000   100.000   100.000   100.000
 2016     100.000   100.000    98.786   101.229   100.000   100.000   100.000   100.000   100.000   100.000   100.000   100.000
 2017     100.000   100.000   101.229    98.786   100.000   100.000   100.000   100.000   100.000   100.000   100.000   100.000
 2018     100.000   100.000    98.786   101.229   100.000   100.000   100.000   100.000   100.000   100.000   100.000   100.000
 2019     100.000   100.000   101.229    98.786   100.000   100.000   100.000   100.000   100.000   100.000   100.000   100.000
 2020     100.000   100.000   101.229    98.786   100.000   100.000   100.000   100.000   100.000   100.000   100.000   100.000
 2021     100.000   100.000   100.000   100.000   100.000   100.000   100.000   100.000   100.000   100.000   100.000   100.000
 2022     100.000   100.000   101.229    98.786   100.000   100.000   100.000   100.000   100.000   100.000   100.000   100.000
 2023     100.000   100.000   101.229    98.786   100.000   100.000   100.000   100.000   100.000   100.000   100.000


TOTAL REGRESSION EFFECT FACTORS


 YEAR        JAN       FEB       MAR       APR       MAY       JUN       JUL       AUG       SEP       OCT       NOV       DEC 

 2005      98.294    99.578   100.145   100.162   101.395   100.684    97.270   101.395   101.395    97.270   100.691   100.000
 2006     100.699    99.578   102.596    95.435   101.395   100.684    97.270   101.395    98.973    99.650   100.691    95.280
 2007     103.163    99.578   100.145    97.770   101.395   100.684    99.650   101.395    96.609   102.088   100.691    97.612
 2008     103.163   102.014    95.419   102.613    98.973    98.279   102.088    96.609   101.395   102.088    98.286   100.000
 2009      98.294    99.578   100.145   102.613    96.609   100.684   102.088    98.973   101.395    99.650   100.691   102.447
 2010      95.946    99.578   102.596   102.613    98.973   100.684    99.650   101.395   101.395    97.270   100.691   104.954
 2011      98.294    99.578   100.145   100.162   101.395   100.684    97.270   101.395   101.395    97.270   100.691   100.000
 2012     100.699   102.014   100.145    97.770   101.395   100.684    99.650   101.395    96.609   102.088   100.691    97.612
 2013     103.163    99.578    97.753   100.162   101.395    98.279   102.088    98.973    98.973   102.088    98.286   100.000
 2014     100.699    99.578    97.753   100.162    98.973    98.279   102.088    96.609   101.395   102.088    98.286   100.000
 2015      98.294    99.578   100.145   102.613    96.609   100.684   102.088    98.973   101.395    99.650   100.691   102.447
 2016      95.946   102.014   100.145   100.162   101.395   100.684    97.270   101.395   101.395    97.270   100.691   100.000
 2017     100.699    99.578   102.596    95.435   101.395   100.684    97.270   101.395    98.973    99.650   100.691    95.280
 2018     103.163    99.578   100.145    97.770   101.395   100.684    99.650   101.395    96.609   102.088   100.691    97.612
 2019     103.163    99.578    97.753   100.162   101.395    98.279   102.088    98.973    98.973   102.088    98.286   100.000
 2020     100.699    99.578   100.145   102.613    96.609   100.684   102.088    98.973   101.395    99.650   100.691   102.447
 2021      95.946    99.578   102.596   102.613    98.973   100.684    99.650   101.395   101.395    97.270   100.691   104.954
 2022      98.294    99.578   102.596    97.770   101.395   100.684    97.270   101.395   101.395    97.270   100.691   100.000
 2023     100.699    99.578   102.596    95.435   101.395   100.684    97.270   101.395    98.973    99.650   100.691
 
 
 
 FORECAST FUNCTION OF ORIGINAL SERIES: 
  
ORIGIN: 227 PERIODS AHEAD: 24
  
 OBS    DATE         FORECAST          STD ERROR        FORECAST          STD ERROR   
                        (SERIES IN LOGS)                     (SERIES IN LEVELS)       
 228  Dec-2023       4.55936          0.402335E-01       95.5224           3.84475    
 229  Jan-2024       4.85839          0.514532E-01       128.816           6.63240    
 230  Feb-2024       4.86477          0.607691E-01       129.641           7.88543    
 231  Mar-2024       4.87819          0.692727E-01       131.393           9.11290    
 232  Apr-2024       4.86792          0.764921E-01       130.050           9.96236    
 233  May-2024       4.89260          0.828019E-01       133.300           11.0564    
 234  Jun-2024       4.83576          0.889335E-01       125.934           11.2219    
 235  Jul-2024       4.87826          0.945871E-01       131.402           12.4568    
 236  Aug-2024       4.55046          0.999714E-01       94.6764           9.48863    
 237  Sep-2024       4.81961          0.105085           123.916           13.0577    
 238  Oct-2024       4.87876          0.109981           131.468           14.5028    
 239  Nov-2024       4.79810          0.114658           121.280           13.9516    
 240  Dec-2024       4.62759          0.121683           102.267           12.4904    
 241  Jan-2025       4.85409          0.127846           128.264           16.4654    
 242  Feb-2025       4.86047          0.133729           129.085           17.3399    
 243  Mar-2025       4.92251          0.139435           137.347           19.2445    
 244  Apr-2025       4.86336          0.144851           129.459           18.8510    
 245  May-2025       4.88831          0.150063           132.729           20.0304    
 246  Jun-2025       4.85564          0.155102           128.463           20.0453    
 247  Jul-2025       4.89814          0.159942           134.041           21.5766    
 248  Aug-2025       4.54617          0.164719           94.2709           15.6341    
 249  Sep-2025       4.86366          0.169274           129.497           22.0785    
 250  Oct-2025       4.89865          0.173770           134.108           23.4810    
 251  Nov-2025       4.81798          0.178147           123.715           22.2155    
