
                                        PROGRAM TRAMO+

             (based on program TRAMO, Victor Gomez and Agustin Maravall©,1996)

         Developed at the Bank of Spain by Gianluca Caporello and Agustin Maravall,
         with programming support from Domingo Pérez Cañete and Roberto López Pavón.

                 VERSION: 1.0 (Revision: 942  Build: 2017/09/25 09:39:13)


 SERIES TITLE=DIVIZ24                                                                         

 INPUT PARAMETERS
   lam= 0   imean= 0   ireg= 7   ieast= 3   seats= 2   tabtablet='xo,xi,xl,re,me,td,ee,to,ls,reg'   int2=235   rsa= 0   modelsumm= 1   va=   3.762
 
  WARNING :
    Remember to define the regression variable name in the first line of the external regression file.
   Name : NOT DEFINED.
   Reglist01
    Iuser=-1   Nser= 1   Ilong= 312
 
   Name : NOT DEFINED.
   Reglist02
    Iuser= 2   Nser= 6   Ilong=   0
 
   Fixed Outliers:
   #Observ. Type
      56     AO
      48     LS
      51     TC
      46     LS
     184     AO
     181     TC
 

 NUMBER OF OBSERVATIONS: 235


 ORIGINAL SERIES 

 YEAR        JAN       FEB       MAR       APR       MAY       JUN       JUL       AUG       SEP       OCT       NOV       DEC 

 2005      52.500    54.600    58.700    52.200    54.300    52.800    51.300    24.900    56.700    53.200    56.200    39.000
 2006      54.800    57.000    68.100    57.200    72.400    69.800    73.100    38.400    76.700    82.600    76.700    53.400
 2007      76.700    84.300    87.900    76.700    87.400    84.400    85.000    41.500    72.500    80.700    71.500    46.500
 2008      77.600    79.900    79.300    89.700    87.000    85.900    99.000    40.600    85.100    75.600    55.900    31.300
 2009      43.600    40.400    37.700    34.600    36.800    39.400    45.100    17.700    47.000    50.900    46.600    32.300
 2010      50.500    53.900    62.500    58.600    64.400    63.600    68.400    34.600    68.300    68.500    66.900    49.400
 2011      68.000    76.500    87.400    75.800    83.100    77.100    81.500    39.900    73.700    69.900    68.800    46.900
 2012      69.200    75.100    80.500    72.000    79.300    74.300    76.200    41.000    68.700    75.800    66.800    39.300
 2013      67.000    62.600    66.200    66.600    68.000    66.200    74.400    38.000    69.400    75.600    68.400    47.200
 2014      71.500    70.600    69.500    70.800    68.800    66.300    75.000    34.200    68.200    70.500    59.800    42.300
 2015      62.700    62.800    72.600    66.300    65.000    66.900    71.900    33.900    66.900    66.700    62.300    40.200
 2016      60.100    63.800    67.300    67.800    70.000    70.200    69.900    43.000    70.800    67.900    75.500    50.600
 2017      71.900    75.200    88.100    70.500    87.800    81.900    81.100    50.200    79.400    85.500    84.600    54.500
 2018      86.100    81.800    87.400    81.900    92.100    90.300    93.800    52.600    82.100    92.600    86.300    54.200
 2019      83.300    81.600    86.500    80.000    88.100    85.400    90.400    46.600    81.000    81.500    70.900    51.700
 2020      85.400    80.200    69.400    51.800    63.000    73.100    80.000    41.900    76.600    83.900    78.100    63.500
 2021      72.200    80.500    99.100    98.700   105.300   115.900   118.000    71.400   111.300   119.000   122.800    85.700
 2022     113.000   120.500   145.400   129.100   154.100   132.300   119.200    66.000   114.000   111.100   110.400    67.200
 2023     101.500   109.400   123.400    93.800   106.800   100.900    99.400    52.500    91.800    95.600    88.500    53.400
 2024      85.200    91.300    87.700    93.100    93.200    92.900    97.300

DATES OF EASTER DURING THE REQUESTED TIME SPAN 

 YEAR MONTH  DAY 

   2005   MARCH   27
   2006   APRIL   16
   2007   APRIL    8
   2008   MARCH   23
   2009   APRIL   12
   2010   APRIL    4
   2011   APRIL   24
   2012   APRIL    8
   2013   MARCH   31
   2014   APRIL   20
   2015   APRIL    5
   2016   MARCH   27
   2017   APRIL   16
   2018   APRIL    1
   2019   APRIL   21
   2020   APRIL   12
   2021   APRIL    4
   2022   APRIL   17
   2023   APRIL    9
   2024   MARCH   31
   2025   APRIL   20
   2026   APRIL    5
   2027   MARCH   28


 MODEL PARAMETERS            
 ----------------
  MQ= 12         IMEAN=  0      LAM=  0      D=  1       BD=  1
  P=  0          BP=  0         Q=  1        BQ=  1      IREG=  7
  ITRAD=  0      SMPDAY=  0     IEAST=  3      IDUR=  6     M= 36       IQM= 24
  INCON=  0      NBACK=  0      NPRED= 24    INTERP=  2  INIT=  0
  IFILT=  2      IROOT=  2    INIC=  0    ICONCE=  1
  ICDET=  1      IATIP=  0      IMVX=  0     IDIF=  0    PG=  0
  AIO=  2        INT1=  1       INT2= 235    RSA=  0     SEATS=  2
  VA= 3.76       TOL=  0.100E-03             PC=  0.120E+00
  NOADMISS= 1    STOCHTD 0    BIAS= 1
  THLIM=  0.000  BTHLIM=  0.000   RMOD=  0.500



TH =        -0.10

BTH =        -0.10

WARNING: When adjusting for degrees of freedom in
 order to compute white-noise residuals, the Housholder
 transformation contains an element of arbitrariness 
 that, when multiple regressors are entered, may produce
 a slight variation in results when the order in which
 regressors are entered changes



NUMBER OF INITIAL OBS. =  13

Log-Level pretest : LOGS are Selected
 DIFFERENCED TRANSFORMED SERIES

 YEAR        JAN       FEB       MAR       APR       MAY       JUN       JUL       AUG       SEP       OCT       NOV       DEC 

 2006                 0.000     0.106    -0.057     0.196    -0.009     0.075     0.079    -0.131     0.138    -0.129     0.003
 2007       0.022     0.055    -0.136     0.038    -0.105     0.002    -0.039    -0.073    -0.134     0.033    -0.047    -0.068
 2008       0.150    -0.065    -0.049     0.260    -0.161     0.022     0.135    -0.174     0.182    -0.226    -0.181    -0.150
 2009      -0.181    -0.105    -0.062    -0.209     0.092     0.081    -0.007    -0.044     0.237     0.198     0.214     0.213
 2010       0.115     0.141     0.217     0.021     0.033    -0.081    -0.062     0.254    -0.297    -0.077     0.065     0.063
 2011      -0.127     0.053    -0.015    -0.078    -0.002    -0.062    -0.017    -0.033    -0.066    -0.056     0.008    -0.080
 2012       0.069    -0.036    -0.064     0.031     0.005     0.010    -0.030     0.094    -0.097     0.151    -0.111    -0.147
 2013       0.144    -0.150    -0.014     0.118    -0.076     0.038     0.092    -0.052     0.086    -0.013     0.026     0.159
 2014      -0.118     0.055    -0.072     0.013    -0.049    -0.010     0.007    -0.113     0.088    -0.052    -0.065     0.025
 2015      -0.022     0.014     0.161    -0.109     0.009     0.066    -0.051     0.033    -0.010    -0.036     0.096    -0.092
 2016       0.009     0.058    -0.092     0.098     0.052    -0.026    -0.076     0.266    -0.181    -0.039     0.174     0.038
 2017      -0.051    -0.015     0.105    -0.230     0.188    -0.072    -0.006     0.006    -0.040     0.116    -0.117    -0.040
 2018       0.106    -0.096    -0.092     0.158    -0.102     0.050     0.048    -0.099    -0.013     0.046    -0.060    -0.025
 2019      -0.028     0.031    -0.008    -0.013    -0.021    -0.011     0.019    -0.084     0.108    -0.114    -0.069     0.149
 2020       0.072    -0.042    -0.203    -0.214     0.099     0.180     0.033     0.016     0.050     0.085     0.068     0.109
 2021      -0.373     0.172     0.353     0.288    -0.131    -0.053    -0.072     0.144    -0.159    -0.024     0.103    -0.153
 2022       0.148    -0.045    -0.020    -0.115     0.112    -0.248    -0.122    -0.089     0.103    -0.093    -0.038    -0.137
 2023       0.136     0.011    -0.067    -0.155    -0.047     0.096     0.089    -0.047     0.012     0.066    -0.071    -0.009
 2024       0.055    -0.006    -0.161     0.334    -0.129     0.054     0.061




 AUTOCORRELATIONS
 ----------------
     -0.1608   0.2038   0.1326   0.0447   0.1224   0.0221  -0.1139   0.0443  -0.1106   0.0754  -0.0257  -0.3347
 SE   0.0671   0.0688   0.0715   0.0726   0.0727   0.0736   0.0737   0.0745   0.0746   0.0753   0.0757   0.0757
      0.0981  -0.1870  -0.0317  -0.0410  -0.0606   0.0449  -0.0343  -0.0477   0.0168  -0.1500   0.1074  -0.1807
 SE   0.0821   0.0826   0.0845   0.0846   0.0846   0.0848   0.0849   0.0850   0.0851   0.0851   0.0863   0.0869
     -0.0779   0.0218  -0.0432  -0.0012  -0.0031  -0.1263   0.0614  -0.0861   0.0427  -0.0478  -0.0643   0.0302
 SE   0.0886   0.0889   0.0889   0.0890   0.0890   0.0890   0.0898   0.0900   0.0904   0.0905   0.0906   0.0908


 PARTIAL AUTOCORRELATIONS
 ---------------------
     -0.1608   0.1827   0.2005   0.0626   0.0795   0.0089  -0.1849  -0.0591  -0.0843   0.0886   0.0711  -0.3416
 SE   0.0671   0.0671   0.0671   0.0671   0.0671   0.0671   0.0671   0.0671   0.0671   0.0671   0.0671   0.0671
     -0.0409  -0.0709   0.0030   0.0344   0.0902   0.1008  -0.0872  -0.1325  -0.1092  -0.0969   0.1092  -0.2010
 SE   0.0671   0.0671   0.0671   0.0671   0.0671   0.0671   0.0671   0.0671   0.0671   0.0671   0.0671   0.0671
     -0.1197  -0.0431   0.0254   0.0138   0.0387  -0.0406  -0.0695  -0.1352  -0.0481  -0.0693   0.0158  -0.1743
 SE   0.0671   0.0671   0.0671   0.0671   0.0671   0.0671   0.0671   0.0671   0.0671   0.0671   0.0671   0.0671
  
 ARIMA MODEL ESTIMATION 
  
 METHOD OF ESTIMATION: EXACT MAXIMUM LIKELIHOOD           
  
 PARAMETER      ESTIMATE           STD ERROR      T RATIO   LAG  
  
 TH1         -0.20751           0.65990E-01       -3.14      1
 BTH         -0.75102           0.44542E-01      -16.86     12
  
 
 REGULAR MA INVERSE ROOTS ARE 
 NO.     REAL P.     IMAG.P.     MODULUS    ARGUMENT      PERIOD
  1      0.20751       0.0000      0.20751       0.0000            -  
 
 SEASONAL MA INVERSE ROOTS ARE 
 NO.     REAL P.     IMAG.P.     MODULUS    ARGUMENT      PERIOD
  1      0.75102       0.0000      0.75102       0.0000            -  
  
 CORRELATIONS OF THE ESTIMATES 
  
  1.000   -0.101
 -0.101    1.000
  
 AIC 
    -587.977
  
 BIC 
     -5.3782
  
 FINAL VALUE OF OBJECTIVE FUNCTION: 
               0.84044    
  
 RADETN:    1.02279157579599     
 ITERATIONS:            2
  
  NUMBER OF FUNCTION EVALUATIONS:            8
  

 ESTIMATES OF REGRESSION PARAMETERS 
 CONCENTRATED OUT OF THE LIKELIHOOD 

 PARAMETER           VALUE          ST. ERROR     T VALUE
 REG      1          0.37576E-01    (     0.00313)   12.01
 EAST     1         -0.35309E-01    (     0.01331)   -2.65
 OUT 1 ( 56)        -0.23275        (     0.04522)   -5.15   AO    ( 8 2009)
 OUT 2 ( 48)        -0.28207        (     0.05706)   -4.94   LS    (12 2008)
 OUT 3 ( 51)        -0.22399        (     0.05449)   -4.11   TC    ( 3 2009)
 OUT 4 ( 46)        -0.20945        (     0.05707)   -3.67   LS    (10 2008)
 OUT 5 (184)        -0.25819        (     0.04633)   -5.57   AO    ( 4 2020)
 OUT 6 (181)         0.18067        (     0.05432)    3.33   TC    ( 1 2020)

 VAR-CORRELATION MATRIX OF ESTIMATORS 

   0.979E-05
   0.209E+00   0.177E-03
   0.815E-01   0.196E-01   0.204E-02
  -0.262E-01  -0.602E-02  -0.243E-02   0.326E-02
  -0.956E-02   0.830E-01   0.251E-01  -0.111E-01   0.297E-02
  -0.210E-01  -0.514E-02  -0.206E-01  -0.424E-01  -0.797E-02   0.326E-02
  -0.175E+00  -0.182E+00  -0.147E-01   0.473E-02  -0.106E-01   0.377E-02   0.215E-02
  -0.209E-01  -0.101E-01  -0.187E-02   0.211E-02  -0.141E-02   0.273E-03   0.479E-01   0.295E-02


 VARIANCES ARE IN THE MAIN DIAGONAL; 
 OFF-DIAGONAL ELEMENTS ARE CORRELATIONS. 



ACF DIFFERENCED SERIES




 AUTOCORRELATIONS
 ----------------
     -0.2253   0.1652   0.1329  -0.0148   0.1432   0.0204  -0.1298   0.0957  -0.1087   0.0889   0.0307  -0.3579
 SE   0.0671   0.0704   0.0722   0.0733   0.0733   0.0745   0.0745   0.0756   0.0761   0.0768   0.0773   0.0773
      0.1152  -0.1574  -0.0537  -0.0129  -0.0710   0.0458  -0.0075  -0.0842   0.0273  -0.1419   0.0814  -0.1515
 SE   0.0844   0.0852   0.0865   0.0866   0.0866   0.0869   0.0870   0.0870   0.0874   0.0874   0.0884   0.0888
     -0.0647   0.0171  -0.0174   0.0127  -0.0101  -0.1217   0.0479  -0.0587   0.0342  -0.0489  -0.0388   0.0142
 SE   0.0899   0.0901   0.0901   0.0902   0.0902   0.0902   0.0909   0.0910   0.0912   0.0912   0.0914   0.0914
  
  
  NUMBER OF WHITE NOISE RESIDUALS          214
  
 WHITE NOISE RESIDUALS
  

 YEAR        JAN       FEB       MAR       APR       MAY       JUN       JUL       AUG       SEP       OCT       NOV       DEC 

 2006                                                                                                 0.038    -0.065     0.049
 2007      -0.067     0.088    -0.057     0.010    -0.022    -0.007    -0.038    -0.006    -0.130    -0.038    -0.056    -0.074
 2008       0.111    -0.010     0.043     0.060    -0.016     0.016     0.036    -0.050    -0.064     0.036    -0.161    -0.019
 2009       0.014    -0.159     0.012    -0.089     0.008    -0.011     0.028     0.097     0.012     0.055     0.023    -0.056
 2010       0.186     0.021     0.010     0.024     0.083    -0.003     0.020     0.033    -0.014     0.004     0.041    -0.006
 2011       0.018     0.083     0.027    -0.019    -0.041    -0.047     0.025    -0.043    -0.090    -0.069     0.023    -0.011
 2012      -0.031     0.017    -0.015     0.046    -0.050    -0.029    -0.047     0.086    -0.065    -0.050    -0.018    -0.125
 2013       0.022    -0.053    -0.003     0.008    -0.046     0.052    -0.004     0.093    -0.031    -0.009     0.056     0.006
 2014      -0.006    -0.026    -0.106     0.068    -0.069    -0.016    -0.008    -0.007    -0.027    -0.022    -0.025     0.015
 2015       0.014    -0.039     0.051    -0.055     0.022    -0.006    -0.018    -0.012     0.006    -0.010     0.004    -0.076
 2016       0.076    -0.033     0.007     0.041    -0.004     0.040    -0.005     0.146    -0.107    -0.032     0.134     0.046
 2017      -0.085     0.044     0.014    -0.014     0.065    -0.028    -0.022     0.112    -0.082     0.016     0.030     0.055
 2018      -0.066    -0.026    -0.021    -0.005     0.021     0.023     0.003     0.027    -0.049    -0.014    -0.005    -0.027
 2019      -0.054     0.010    -0.015    -0.021    -0.007     0.039    -0.050     0.000    -0.009    -0.081    -0.050     0.044
 2020      -0.061    -0.022    -0.220     0.011    -0.027     0.105     0.058     0.042     0.020     0.108    -0.008     0.150
 2021      -0.100     0.015     0.136     0.077     0.083     0.072    -0.001     0.085    -0.100     0.067     0.055    -0.067
 2022       0.035     0.026     0.067     0.046     0.041    -0.161    -0.130    -0.089    -0.005    -0.027    -0.013    -0.123
 2023       0.034     0.070    -0.006    -0.095    -0.081    -0.049     0.004    -0.090     0.040    -0.018    -0.043    -0.039
 2024      -0.018     0.038    -0.018     0.036    -0.055     0.053    -0.022
 
 
  STABILITY TEST
 
 
     1. FULL PERIOD
                  FIRST HALF                    SECOND HALF
           Mean(t)          Variance      Mean(t)          Variance
      -0.62E-02( -1.2    )  0.30E-02 -0.11E-02(-0.18    )  0.41E-02
 
      Mean assumed equal to 0
      VR(variance ratio)=  1.4    
 
      MEAN STABILITY IS NOT REJECTED.
      VARIANCE STABILITY IS NOT REJECTED.


 
     2. LAST 10 YEARS
                  FIRST HALF                    SECOND HALF
           Mean(t)          Variance      Mean(t)          Variance
       0.65E-03( 0.10    )  0.23E-02 -0.42E-02(-0.46    )  0.52E-02
 
      Mean assumed equal to 0
      VR(variance ratio)=  2.3    
 
      LAST 10 YEARS MEAN STABILITY IS NOT REJECTED.
      LAST 10 YEARS VARIANCE STABILITY IS REJECTED.


 
  OUT-OF-SAMPLE TEST
  ------------------
      Model re-estimated on Linearized series for first 217 observations.
       18 One-Period-Ahead Forecasts computed with model fixed.
      Comparison between forecast errors (last   18 observations) and residuals (in-sample):

        Mean(Forecast Errors)
            p-value= 0.2608
            Mean of forecast errors can be assumed zero.

        Out-of-Sample MSE is :  0.2672E-02
        In-Sample MSE is :  0.3720E-02
        F( 18,204) is :  0.718E+00
            p-value(%)=79.0350

        Mean and Variance of forecast Errors and In-Sample residuals ARE NOT significantly different.


 TEST-STATISTICS ON RESIDUALS
 ----------------------------


           MEAN=  -0.3634887E-02
        ST.DEV.=   0.4085449E-02
        OF MEAN
        T-VALUE= -0.8897

 NORMALITY TEST=   8.839        ( CHI-SQUARE(2) )

       SKEWNESS= -0.1221          ( SE =  0.1674 )
       KURTOSIS=  3.9652          ( SE =  0.3349 )

 SUM OF SQUARES=   0.7791397    

  DURBIN-WATSON=  2.0861

 STANDARD ERROR=   0.6155980E-01
 OF RESID.
  MSE OF RESID.=   0.3789609E-02




 AUTOCORRELATIONS
 ----------------
     -0.0605   0.1660   0.1190   0.0459   0.0989   0.0659  -0.0856   0.0273  -0.0320   0.0924  -0.0455   0.0624
 SE   0.0684   0.0684   0.0684   0.0684   0.0684   0.0684   0.0684   0.0684   0.0684   0.0684   0.0684   0.0684
 Q      0.80     6.80     9.91    10.37    12.54    13.50    15.14    15.31    15.54    17.47    17.94    18.83
 PV    -1.00    -1.00     0.00     0.01     0.01     0.01     0.01     0.02     0.03     0.03     0.04     0.04
     -0.0386  -0.1104  -0.0459   0.0084  -0.0333   0.0349  -0.0416  -0.1367  -0.0473  -0.1041  -0.0647  -0.1509
 SE   0.0684   0.0684   0.0684   0.0684   0.0684   0.0684   0.0684   0.0684   0.0684   0.0684   0.0684   0.0684
 Q     19.18    21.99    22.48    22.50    22.76    23.05    23.46    27.91    28.44    31.05    32.06    37.60
 PV     0.06     0.04     0.05     0.07     0.09     0.11     0.13     0.06     0.08     0.05     0.06     0.02
     -0.1164  -0.1125  -0.0305  -0.0072  -0.0639  -0.0631   0.0403  -0.0644   0.0353   0.0050  -0.0537   0.0301
 SE   0.0684   0.0684   0.0684   0.0684   0.0684   0.0684   0.0684   0.0684   0.0684   0.0684   0.0684   0.0684
 Q     40.92    44.03    44.26    44.28    45.30    46.30    46.71    47.77    48.08    48.09    48.83    49.07
 PV     0.01     0.01     0.01     0.01     0.02     0.02     0.02     0.02     0.03     0.03     0.04     0.05

  LJUNG-BOX Q VALUE OF ORDER  24 IS     37.60 AND IF RESIDUALS ARE RANDOM IT SHOULD BE DISTRIBUTED AS CHI-SQUARE(22)
  p-value= 0.0203
  THE PIERCE QS VALUE IS      0.89 AND IF RESIDUALS ARE RANDOM IT SHOULD BE DISTRIBUTED AS CHI-SQUARE(2)

 APPROXIMATE TEST OF RUNS ON RESIDUALS
 -------------------------------------
  NUM.DATA= 214
   NUM.(+)= 107
   NUM.(-)= 107
  NUM.RUNS= 114
   T-VALUE=  0.8222


  NON-PARAMETRIC TEST FOR RESIDUAL SEASONALITY (FRIEDMAN) SEAS_NP =     14.14
    ASYMP. DISTRIBUTED AS CHI-SQUARE(11)
    p-value= 0.2253



 SQUARED RESIDUALS:
 ------------------




 AUTOCORRELATIONS
 ----------------
     -0.0115   0.0111   0.1362   0.0022   0.0392  -0.0134  -0.0119  -0.0286   0.1729   0.0529   0.0534   0.0504
 SE   0.0684   0.0684   0.0684   0.0684   0.0684   0.0684   0.0684   0.0684   0.0684   0.0684   0.0684   0.0684
 Q      0.03     0.06     4.12     4.12     4.46     4.50     4.53     4.71    11.45    12.09    12.74    13.32
 PV    -1.00    -1.00     0.04     0.13     0.22     0.34     0.48     0.58     0.12     0.15     0.17     0.21
     -0.0048   0.1384   0.0171  -0.0766   0.0186   0.0187  -0.0469  -0.0381  -0.0175  -0.1133  -0.0938   0.0280
 SE   0.0684   0.0684   0.0684   0.0684   0.0684   0.0684   0.0684   0.0684   0.0684   0.0684   0.0684   0.0684
 Q     13.32    17.75    17.82    19.19    19.27    19.35    19.87    20.22    20.29    23.38    25.51    25.70
 PV     0.27     0.12     0.16     0.16     0.20     0.25     0.28     0.32     0.38     0.27     0.23     0.26
     -0.0803  -0.0548   0.0641   0.0775  -0.0104  -0.0227   0.0132  -0.0437  -0.0227  -0.0535   0.0153  -0.0785
 SE   0.0684   0.0684   0.0684   0.0684   0.0684   0.0684   0.0684   0.0684   0.0684   0.0684   0.0684   0.0684
 Q     27.28    28.02    29.03    30.53    30.55    30.68    30.73    31.21    31.34    32.08    32.14    33.74
 PV     0.24     0.26     0.26     0.25     0.29     0.33     0.38     0.41     0.45     0.46     0.51     0.48

  McLEOD-LI Q VALUE OF ORDER  24 IS     25.70 AND IF RESIDUALS ARE RANDOM IT SHOULD BE DISTRIBUTED AS CHI-SQUARE(24)
  p-value= 0.3684
 
 
 
SPECTRAL DIAGNOSTICS
 --------------------
 
A. SEASONAL SPECTRAL PEAKS
 
                           Frequency (cycles per year)
                     One    Two   Three  Four   Five    Six  
 Original series      aT     aT     AT     aT     aT     aT
 Linearized series    aT     AT     AT     AT     AT     aT
 Residuals            --     --     --     -t     --     --
 
 AT : peaks detected in AR(30) and using Tukey spectrum  estimator
 A- : only peaks detected in AR(30) spectrum estimator
 -T : only peaks detected using Tukey spectrum estimator
 -- : No peaks detected in AR(30) nor using Tukey spectrum estimator
 
 
 
B. STOCHASTIC SEASONALITY: SPECTRAL EVIDENCE
 
 1 :  SERIES CONTAINS SEASONALITY THAT CAN BE RELIABLY EXTRACTED.
 0 :  SEASONALITY IS NOT PRESENT IN THE SERIES OR IS TOO WEAK TO BE RELIABLY CAPTURED.
 
 ORIGINAL SERIES :   1
 LINEARIZED SERIES : 1
 RESIDUALS :         0
 
 
 
C. TRADING DAY EFFECT: SPECTRAL EVIDENCE
 
 1 :  TRADING DAY EFFECT DETECTED
 0 :  NO TRADING DAY EFFECT DETECTED
 
 LINEARIZED SERIES : 0
 RESIDUALS :         0
 
 
OVERALL TEST FOR IDENTIFIABLE SEASONALITY 
----------------------------------------- 
 
  AUTOCORRELATION FUNCTION EVIDENCE : YES
  NON-PARAMETRIC EVIDENCE           : YES
  F-TEST                            :  - 
  SPECTRAL EVIDENCE                 : YES
 
IDENTIFIABLE SEASONALITY FOUND IN SERIES
 
 
OVERALL TEST FOR RESIDUALS SEASONALITY 
----------------------------------------- 
 
  AUTOCORRELATION FUNCTION EVIDENCE : NO 
  NON-PARAMETRIC EVIDENCE           : NO 
  F-TEST                            : NO 
  SPECTRAL EVIDENCE                 : NO 
 
NO IDENTIFIABLE SEASONALITY FOUND IN RESIDUALS
 
 
ARIMA MODEL : ACCEPTABLE FIT
----------------------------
  Point estimation is acceptable. Variance variablility/Non-Normality likely to have a mild effect  on some interferences
 
QUALITY ARIMA MODEL TESTS
----------------------------------------

  Mean in residuals                      :GOOD        
  Autocorrelation in residuals           :GOOD        
  Normality of residuals                 :GOOD        
  Skewness of residuals                  :GOOD        
  Kurtosis of residuals                  :ACCEPTABLE  
  Randomness of residual sign            :GOOD        
  Instability of residual mean           :GOOD        
  Instability of residual variance       :ACCEPTABLE  
  Seasonality in residuals               :GOOD        
  Trading day in residuals               :GOOD        
  Out-of-sample forecast errors          :GOOD        
  Number of outliers                     :GOOD        
 


 LINEAR SERIES


 YEAR        JAN       FEB       MAR       APR       MAY       JUN       JUL       AUG       SEP       OCT       NOV       DEC 

 2005      32.985    33.619    36.464    31.293    32.507    31.957    32.759    14.907    33.944    33.973    34.011    23.856
 2006      33.160    35.097    39.329    38.295    43.343    42.246    46.681    22.989    47.676    50.802    46.417    35.214
 2007      44.700    51.906    52.708    49.456    52.323    51.083    52.278    24.845    46.791    47.803    43.270    29.533
 2008      45.225    47.382    53.105    51.790    54.078    53.981    58.643    26.203    50.946    55.216    43.309    31.300
 2009      44.782    40.667    46.235    39.575    43.331    42.098    46.087    23.571    47.227    52.131    46.703    31.391
 2010      54.197    54.496    60.246    56.419    65.541    62.997    68.825    33.881    66.870    71.530    66.199    45.829
 2011      69.850    77.009    85.681    76.958    81.332    76.288    85.084    39.050    72.130    72.973    68.067    46.900
 2012      68.455    72.808    78.913    75.897    77.611    73.517    76.616    40.127    72.484    73.403    66.088    40.805
 2013      63.835    63.013    69.802    65.270    66.552    68.010    72.048    38.615    70.522    73.210    70.263    47.200
 2014      70.730    71.066    70.739    71.880    69.913    68.113    72.629    36.084    66.747    68.271    61.428    42.300
 2015      64.400    63.214    72.011    64.070    68.580    66.195    69.627    34.448    65.475    67.064    61.636    38.717
 2016      64.093    61.853    68.344    66.446    68.509    69.460    72.973    42.084    69.292    70.885    74.696    50.600
 2017      71.126    75.696    83.178    77.162    85.930    81.037    84.665    49.131    80.684    85.967    83.699    58.754
 2018      82.032    82.340    88.756    83.338    90.138    89.348    94.312    51.480    86.622    89.672    85.381    56.275
 2019      79.364    82.138    88.042    81.220    86.223    87.735    87.542    47.354    82.310    78.923    72.831    51.700
 2020      70.517    71.139    62.268    61.632    63.649    70.166    75.841    41.949    74.192    83.746    76.875    60.940
 2021      76.805    80.889    95.114    94.740   106.939   114.630   118.610    69.865   108.914   124.219   121.483    79.492
 2022     116.060   121.292   137.275   136.086   150.816   130.905   124.440    64.594   111.571   115.984   109.224    67.200
 2023     100.407   110.122   116.506   102.663   104.525    99.836   103.770    51.382    93.285    96.122    87.557    57.568
 2024      81.175    88.513    92.471    91.241    91.215    95.441    94.224


  AUTOCORRELATION FUNCTION TEST FOR SEASONALITY IN LINEARIZEDSERIES QS =   400.36  ASIMPTOTICALLY DISTRIBUTED AS CHI-SQUARE(2)
    p-value= 0.0000


  NON-PARAMETRIC TEST FOR SEASONALITY IN LINEARIZED SERIES (FRIEDMAN) SEAS_NP =    193.80
    ASYMP. DISTRIBUTED AS CHI-SQUARE(11)
    p-value= 0.0000


TOTAL OUTLIER EFFECT FACTORS


 YEAR        JAN       FEB       MAR       APR       MAY       JUN       JUL       AUG       SEP       OCT       NOV       DEC 

 2005     163.481   163.481   163.481   163.481   163.481   163.481   163.481   163.481   163.481   163.481   163.481   163.481
 2006     163.481   163.481   163.481   163.481   163.481   163.481   163.481   163.481   163.481   163.481   163.481   163.481
 2007     163.481   163.481   163.481   163.481   163.481   163.481   163.481   163.481   163.481   163.481   163.481   163.481
 2008     163.481   163.481   163.481   163.481   163.481   163.481   163.481   163.481   163.481   132.588   132.588   100.000
 2009     100.000   100.000    79.932    85.488    89.605    92.605    94.764    76.308    97.399    98.172    98.717    99.100
 2010      99.369    99.558    99.690    99.783    99.848    99.894    99.926    99.948    99.964    99.974    99.982    99.987
 2011      99.991    99.994    99.996    99.997    99.998    99.999    99.999    99.999    99.999   100.000   100.000   100.000
 2012     100.000   100.000   100.000   100.000   100.000   100.000   100.000   100.000   100.000   100.000   100.000   100.000
 2013     100.000   100.000   100.000   100.000   100.000   100.000   100.000   100.000   100.000   100.000   100.000   100.000
 2014     100.000   100.000   100.000   100.000   100.000   100.000   100.000   100.000   100.000   100.000   100.000   100.000
 2015     100.000   100.000   100.000   100.000   100.000   100.000   100.000   100.000   100.000   100.000   100.000   100.000
 2016     100.000   100.000   100.000   100.000   100.000   100.000   100.000   100.000   100.000   100.000   100.000   100.000
 2017     100.000   100.000   100.000   100.000   100.000   100.000   100.000   100.000   100.000   100.000   100.000   100.000
 2018     100.000   100.000   100.000   100.000   100.000   100.000   100.000   100.000   100.000   100.000   100.000   100.000
 2019     100.000   100.000   100.000   100.000   100.000   100.000   100.000   100.000   100.000   100.000   100.000   100.000
 2020     119.802   113.481   109.256    82.183   104.433   103.083   102.148   101.499   101.047   100.732   100.512   100.358
 2021     100.250   100.175   100.123   100.086   100.060   100.042   100.029   100.021   100.014   100.010   100.007   100.005
 2022     100.003   100.002   100.002   100.001   100.001   100.001   100.000   100.000   100.000   100.000   100.000   100.000
 2023     100.000   100.000   100.000   100.000   100.000   100.000   100.000   100.000   100.000   100.000   100.000   100.000
 2024     100.000   100.000   100.000   100.000   100.000   100.000   100.000


TOTAL TRADING DAY - EASTER - LEAP YEAR EFFECT FACTORS


 YEAR        JAN       FEB       MAR       APR       MAY       JUN       JUL       AUG       SEP       OCT       NOV       DEC 

 2005     100.000   100.000    98.250   101.781   100.000   100.000   100.000   100.000   100.000   100.000   100.000   100.000
 2006     100.000   100.000   101.781    98.250   100.000   100.000   100.000   100.000   100.000   100.000   100.000   100.000
 2007     100.000   100.000   101.781    98.250   100.000   100.000   100.000   100.000   100.000   100.000   100.000   100.000
 2008     100.000   100.000    98.250   101.781   100.000   100.000   100.000   100.000   100.000   100.000   100.000   100.000
 2009     100.000   100.000   101.781    98.250   100.000   100.000   100.000   100.000   100.000   100.000   100.000   100.000
 2010     100.000   100.000   100.000   100.000   100.000   100.000   100.000   100.000   100.000   100.000   100.000   100.000
 2011     100.000   100.000   101.781    98.250   100.000   100.000   100.000   100.000   100.000   100.000   100.000   100.000
 2012     100.000   100.000   101.781    98.250   100.000   100.000   100.000   100.000   100.000   100.000   100.000   100.000
 2013     100.000   100.000    98.250   101.781   100.000   100.000   100.000   100.000   100.000   100.000   100.000   100.000
 2014     100.000   100.000   101.781    98.250   100.000   100.000   100.000   100.000   100.000   100.000   100.000   100.000
 2015     100.000   100.000   100.590    99.413   100.000   100.000   100.000   100.000   100.000   100.000   100.000   100.000
 2016     100.000   100.000    98.250   101.781   100.000   100.000   100.000   100.000   100.000   100.000   100.000   100.000
 2017     100.000   100.000   101.781    98.250   100.000   100.000   100.000   100.000   100.000   100.000   100.000   100.000
 2018     100.000   100.000    98.250   101.781   100.000   100.000   100.000   100.000   100.000   100.000   100.000   100.000
 2019     100.000   100.000   101.781    98.250   100.000   100.000   100.000   100.000   100.000   100.000   100.000   100.000
 2020     100.000   100.000   101.781    98.250   100.000   100.000   100.000   100.000   100.000   100.000   100.000   100.000
 2021     100.000   100.000   100.000   100.000   100.000   100.000   100.000   100.000   100.000   100.000   100.000   100.000
 2022     100.000   100.000   101.781    98.250   100.000   100.000   100.000   100.000   100.000   100.000   100.000   100.000
 2023     100.000   100.000   101.781    98.250   100.000   100.000   100.000   100.000   100.000   100.000   100.000   100.000
 2024     100.000   100.000    98.250   101.781   100.000   100.000   100.000


TOTAL REGRESSION EFFECT FACTORS


 YEAR        JAN       FEB       MAR       APR       MAY       JUN       JUL       AUG       SEP       OCT       NOV       DEC 

 2005      97.360    99.345   100.226   100.252   102.176   101.065    95.789   102.176   102.176    95.789   101.077   100.000
 2006     101.088    99.345   104.063    92.994   102.176   101.065    95.789   102.176    98.408    99.457   101.077    92.760
 2007     104.959    99.345   100.226    96.555   102.176   101.065    99.457   102.176    94.779   103.265   101.077    96.312
 2008     104.959   103.149    92.970   104.091    98.408    97.338   103.265    94.779   102.176   103.265    97.349   100.000
 2009      97.360    99.345   100.226   104.091    94.779   101.065   103.265    98.408   102.176    99.457   101.077   103.829
 2010      93.770    99.345   104.063   104.091    98.408   101.065    99.457   102.176   102.176    95.789   101.077   107.805
 2011      97.360    99.345   100.226   100.252   102.176   101.065    95.789   102.176   102.176    95.789   101.077   100.000
 2012     101.088   103.149   100.226    96.555   102.176   101.065    99.457   102.176    94.779   103.265   101.077    96.312
 2013     104.959    99.345    96.530   100.252   102.176    97.338   103.265    98.408    98.408   103.265    97.349   100.000
 2014     101.088    99.345    96.530   100.252    98.408    97.338   103.265    94.779   102.176   103.265    97.349   100.000
 2015      97.360    99.345   100.226   104.091    94.779   101.065   103.265    98.408   102.176    99.457   101.077   103.829
 2016      93.770   103.149   100.226   100.252   102.176   101.065    95.789   102.176   102.176    95.789   101.077   100.000
 2017     101.088    99.345   104.063    92.994   102.176   101.065    95.789   102.176    98.408    99.457   101.077    92.760
 2018     104.959    99.345   100.226    96.555   102.176   101.065    99.457   102.176    94.779   103.265   101.077    96.312
 2019     104.959    99.345    96.530   100.252   102.176    97.338   103.265    98.408    98.408   103.265    97.349   100.000
 2020     101.088    99.345   100.226   104.091    94.779   101.065   103.265    98.408   102.176    99.457   101.077   103.829
 2021      93.770    99.345   104.063   104.091    98.408   101.065    99.457   102.176   102.176    95.789   101.077   107.805
 2022      97.360    99.345   104.063    96.555   102.176   101.065    95.789   102.176   102.176    95.789   101.077   100.000
 2023     101.088    99.345   104.063    92.994   102.176   101.065    95.789   102.176    98.408    99.457   101.077    92.760
 2024     104.959   103.149    96.530   100.252   102.176    97.338   103.265
 
 
 
 FORECAST FUNCTION OF ORIGINAL SERIES: 
  
ORIGIN: 235 PERIODS AHEAD: 24
  
 OBS    DATE         FORECAST          STD ERROR        FORECAST          STD ERROR   
                        (SERIES IN LOGS)                     (SERIES IN LEVELS)       
 236  Aug-2024       3.90288          0.608346E-01       49.5448           3.01682    
 237  Sep-2024       4.45403          0.774684E-01       85.9729           6.67019    
 238  Oct-2024       4.55375          0.910651E-01       94.9882           8.66808    
 239  Nov-2024       4.43046          0.103106           83.9703           8.68087    
 240  Dec-2024       4.05599          0.113634           57.7425           6.58273    
 241  Jan-2025       4.42043          0.123431           83.1323           10.3003    
 242  Feb-2025       4.45861          0.132449           86.3670           11.4895    
 243  Mar-2025       4.51255          0.141120           91.1537           12.9279    
 244  Apr-2025       4.46966          0.148954           87.3267           13.0801    
 245  May-2025       4.51650          0.156437           91.5143           14.4042    
 246  Jun-2025       4.50035          0.163647           90.0490           14.8355    
 247  Jul-2025       4.57594          0.170486           97.1191           16.6785    
 248  Aug-2025       3.85916          0.182018           47.4253           8.70427    
 249  Sep-2025       4.48546          0.191458           88.7181           17.1426    
 250  Oct-2025       4.54761          0.200634           94.4064           19.1333    
 251  Nov-2025       4.42432          0.209507           83.4559           17.6783    
 252  Dec-2025       4.04985          0.217860           57.3889           12.6526    
 253  Jan-2026       4.37671          0.226068           79.5761           18.2219    
 254  Feb-2026       4.45246          0.233836           85.8379           20.3495    
 255  Mar-2026       4.53221          0.241402           92.9637           22.7726    
 256  Apr-2026       4.51286          0.248749           91.1820           23.0369    
 257  May-2026       4.47278          0.255995           87.5995           22.7975    
 258  Jun-2026       4.53179          0.262802           92.9243           24.8485    
 259  Jul-2026       4.56979          0.269556           96.5243           26.4985    
