
                                        PROGRAM TRAMO+

             (based on program TRAMO, Victor Gomez and Agustin Maravall©,1996)

         Developed at the Bank of Spain by Gianluca Caporello and Agustin Maravall,
         with programming support from Domingo Pérez Cañete and Roberto López Pavón.

                 VERSION: 1.0 (Revision: 942  Build: 2017/09/25 09:39:13)


 SERIES TITLE=DIVIE28                                                                         

 INPUT PARAMETERS
   lam= 0   imean= 0   p= 2   q= 0   ireg= 9   seats= 2   tabtablet='xo,xi,xl,re,me,td,ee,to,ls,reg'   int2=235   rsa= 0   modelsumm= 1   va=   3.762
 
  WARNING :
    Remember to define the regression variable name in the first line of the external regression file.
   Name : NOT DEFINED.
   Reglist01
    Iuser=-1   Nser= 1   Ilong= 312
 
   Name : NOT DEFINED.
   Reglist02
    Iuser= 2   Nser= 8   Ilong=   0
 
   Fixed Outliers:
   #Observ. Type
      54     TC
      49     LS
      58     AO
      43     LS
      56     AO
      42     TC
     184     AO
     183     TC
 

 NUMBER OF OBSERVATIONS: 235


 ORIGINAL SERIES 

 YEAR        JAN       FEB       MAR       APR       MAY       JUN       JUL       AUG       SEP       OCT       NOV       DEC 

 2005      39.800    49.800    66.400    57.000    62.100    70.500    64.200    39.900    70.000    56.700    61.600    89.700
 2006      47.000    57.400    78.900    58.000    72.900    93.100    68.500    44.100    79.900    68.600    73.900    90.400
 2007      56.900    64.300    89.500    68.800    80.500   101.500    80.100    56.200    87.800    84.400    84.500    93.900
 2008      64.500    77.600    87.100    81.100    79.800   111.300    87.200    44.100    90.000    77.900    70.400    88.600
 2009      47.300    53.900    72.900    61.500    57.200    65.600    62.700    31.300    70.400    53.600    64.800    83.300
 2010      48.000    57.600    72.200    67.700    69.400    77.300    77.600    46.600    75.200    73.700    77.100    91.800
 2011      57.600    71.500    84.900    75.300    85.100    90.300    86.500    53.100    82.800    78.900    85.100   100.800
 2012      60.000    76.800    96.400    78.800    93.000    94.000    95.900    56.600    82.000    88.700    88.500   100.500
 2013      67.800    75.300    94.400    82.800    93.300    95.800    98.600    57.000    85.800    92.600    88.600   100.700
 2014      67.700    79.800    92.400    83.200    85.300    95.700    96.000    51.400    88.900    88.900    86.500   105.400
 2015      63.800    76.600    94.600    84.300    85.400    97.000    97.800    53.600    83.700    88.800    90.300   106.500
 2016      60.500    79.100    92.200    84.200    87.500    95.500    91.700    58.700    88.000    85.000    91.600   109.900
 2017      64.600    80.200   102.500    80.300    97.000    99.900    95.100    63.700    88.000    95.300    99.800   110.600
 2018      71.800    83.300   101.700    90.600   100.300   106.800   105.600    69.500    93.000   105.100   102.000   114.800
 2019      80.400    88.200   109.800    93.200   104.900   108.400   108.400    65.400    94.800   100.900    99.500   118.200
 2020      73.400    86.900    79.900    51.500    76.100    89.100    99.200    61.600    95.000    95.400    98.300   113.500
 2021      73.100    86.300   108.300   100.600   103.200   110.300   106.600    71.300   104.500   102.200   108.400   125.300
 2022      80.100    96.900   119.800   100.700   118.500   117.400   115.200    83.500   120.800   119.500   127.400   143.100
 2023      91.900   110.000   135.100   106.700   127.500   128.800   120.600    82.000   120.600   123.600   133.300   139.700
 2024      92.200   111.400   121.700   110.500   119.400   116.500   121.900


 MODEL PARAMETERS            
 ----------------
  MQ= 12         IMEAN=  0      LAM=  0      D=  1       BD=  1
  P=  2          BP=  0         Q=  0        BQ=  1      IREG=  9
  ITRAD=  0      SMPDAY=  0     IEAST=  0      IDUR=  6     M= 36       IQM= 24
  INCON=  0      NBACK=  0      NPRED= 24    INTERP=  2  INIT=  0
  IFILT=  2      IROOT=  2    INIC=  0    ICONCE=  1
  ICDET=  1      IATIP=  0      IMVX=  0     IDIF=  0    PG=  0
  AIO=  2        INT1=  1       INT2= 235    RSA=  0     SEATS=  2
  VA= 3.76       TOL=  0.100E-03             PC=  0.120E+00
  NOADMISS= 1    STOCHTD 0    BIAS= 1
  THLIM=  0.000  BTHLIM=  0.000   RMOD=  0.500



BTH =        -0.10

PHI =        -0.10       -0.10

WARNING: When adjusting for degrees of freedom in
 order to compute white-noise residuals, the Housholder
 transformation contains an element of arbitrariness 
 that, when multiple regressors are entered, may produce
 a slight variation in results when the order in which
 regressors are entered changes



NUMBER OF INITIAL OBS. =  13

Log-Level pretest : LOGS are Selected
 DIFFERENCED TRANSFORMED SERIES

 YEAR        JAN       FEB       MAR       APR       MAY       JUN       JUL       AUG       SEP       OCT       NOV       DEC 

 2006                -0.024     0.030    -0.155     0.143     0.118    -0.213     0.035     0.032     0.058    -0.008    -0.174
 2007       0.183    -0.078     0.013     0.045    -0.072    -0.013     0.070     0.086    -0.148     0.113    -0.073    -0.096
 2008       0.087     0.063    -0.215     0.192    -0.173     0.101    -0.007    -0.327     0.267    -0.105    -0.102     0.124
 2009      -0.252    -0.054     0.186    -0.099    -0.056    -0.196     0.199    -0.013     0.097    -0.128     0.291     0.021
 2010       0.076     0.052    -0.076     0.106     0.097    -0.029     0.049     0.185    -0.332     0.252    -0.145    -0.077
 2011       0.085     0.034    -0.054    -0.056     0.098    -0.048    -0.047     0.022    -0.034    -0.028     0.031    -0.005
 2012      -0.053     0.031     0.056    -0.082     0.043    -0.049     0.063    -0.039    -0.074     0.127    -0.078    -0.042
 2013       0.125    -0.142    -0.001     0.070    -0.046     0.016     0.009    -0.021     0.038    -0.002    -0.042     0.001
 2014      -0.003     0.060    -0.079     0.026    -0.094     0.089    -0.026    -0.077     0.139    -0.076     0.017     0.070
 2015      -0.105     0.018     0.064    -0.010    -0.012     0.012     0.005     0.023    -0.102     0.059     0.044    -0.033
 2016      -0.063     0.085    -0.058     0.025     0.025    -0.040    -0.049     0.155    -0.041    -0.094     0.058     0.017
 2017       0.034    -0.052     0.092    -0.153     0.150    -0.058    -0.009     0.045    -0.082     0.114    -0.029    -0.079
 2018       0.099    -0.068    -0.046     0.129    -0.087     0.033     0.038    -0.018    -0.032     0.043    -0.076     0.015
 2019       0.076    -0.056     0.019    -0.048     0.017    -0.030     0.011    -0.087     0.080    -0.060     0.016     0.054
 2020      -0.120     0.076    -0.303    -0.275     0.272     0.125     0.107     0.029     0.062    -0.058     0.044    -0.028
 2021       0.036    -0.003     0.311     0.365    -0.365    -0.091    -0.141     0.074    -0.051    -0.026     0.029     0.001
 2022      -0.007     0.024    -0.015    -0.100     0.137    -0.076     0.015     0.080    -0.013     0.011     0.005    -0.029
 2023       0.005    -0.011    -0.007    -0.062     0.015     0.019    -0.047    -0.064     0.016     0.035     0.012    -0.069
 2024       0.027     0.009    -0.117     0.139    -0.101    -0.035     0.111




 AUTOCORRELATIONS
 ----------------
     -0.4340  -0.1542   0.2711  -0.2074   0.0993   0.0675  -0.1217   0.0388   0.0608   0.0365   0.0503  -0.2891
 SE   0.0671   0.0788   0.0801   0.0841   0.0864   0.0869   0.0872   0.0879   0.0880   0.0882   0.0882   0.0884
      0.2100   0.0012  -0.1240   0.1356  -0.0601  -0.0770   0.1390  -0.0088  -0.1858   0.1562  -0.0769  -0.0094
 SE   0.0925   0.0947   0.0947   0.0954   0.0963   0.0964   0.0967   0.0976   0.0976   0.0992   0.1003   0.1005
      0.0540  -0.1063   0.0649   0.0245  -0.0823   0.0664  -0.0592  -0.0571   0.1275  -0.0946   0.0372  -0.0098
 SE   0.1005   0.1007   0.1012   0.1014   0.1014   0.1017   0.1019   0.1020   0.1022   0.1029   0.1033   0.1034


 PARTIAL AUTOCORRELATIONS
 ---------------------
     -0.4340  -0.4221  -0.0109  -0.1645   0.0254   0.0639   0.0287  -0.0233   0.0501   0.1707   0.2581  -0.2064
 SE   0.0671   0.0671   0.0671   0.0671   0.0671   0.0671   0.0671   0.0671   0.0671   0.0671   0.0671   0.0671
     -0.0379  -0.0928  -0.0606  -0.0665   0.0210  -0.0771  -0.0087   0.0631  -0.0740   0.0487  -0.0513  -0.0889
 SE   0.0671   0.0671   0.0671   0.0671   0.0671   0.0671   0.0671   0.0671   0.0671   0.0671   0.0671   0.0671
     -0.0538  -0.1308  -0.0582   0.0160  -0.0512   0.0013  -0.0007  -0.0542  -0.0487   0.0120   0.0227  -0.0656
 SE   0.0671   0.0671   0.0671   0.0671   0.0671   0.0671   0.0671   0.0671   0.0671   0.0671   0.0671   0.0671
  
 ARIMA MODEL ESTIMATION 
  
 METHOD OF ESTIMATION: EXACT MAXIMUM LIKELIHOOD           
  
 PARAMETER      ESTIMATE           STD ERROR      T RATIO   LAG  
  
 PHI1          0.72522           0.58893E-01       12.31      1
 PHI2          0.54534           0.56904E-01        9.58      2
 BTH         -0.58238           0.57117E-01      -10.20     12
  
 
 REGULAR AR INVERSE ROOTS ARE 
 NO.     REAL P.     IMAG.P.     MODULUS    ARGUMENT      PERIOD
  1   -0.3626105  -0.6433124   0.7384696-119.4082875  -3.0148661
  2   -0.3626105   0.6433124   0.7384696 119.4082875   3.0148661
 
 SEASONAL MA INVERSE ROOTS ARE 
 NO.     REAL P.     IMAG.P.     MODULUS    ARGUMENT      PERIOD
  1      0.58238       0.0000      0.58238       0.0000            -  
  
 CORRELATIONS OF THE ESTIMATES 
  
  1.000    0.488   -0.296
  0.488    1.000   -0.150
 -0.296   -0.150    1.000
  
 AIC 
    -759.270
  
 BIC 
     -6.1005
  
 FINAL VALUE OF OBJECTIVE FUNCTION: 
               0.38158    
  
 RADETN:    1.01329569448783     
 ITERATIONS:            3
  
  NUMBER OF FUNCTION EVALUATIONS:           14
  

 ESTIMATES OF REGRESSION PARAMETERS 
 CONCENTRATED OUT OF THE LIKELIHOOD 

 PARAMETER           VALUE          ST. ERROR     T VALUE
 REG      1          0.29784E-01    (     0.00282)   10.57
 OUT 1 ( 54)        -0.16422        (     0.03164)   -5.19   TC    ( 6 2009)
 OUT 2 ( 49)        -0.14231        (     0.02813)   -5.06   LS    ( 1 2009)
 OUT 3 ( 58)        -0.17222        (     0.03192)   -5.40   AO    (10 2009)
 OUT 4 ( 43)        -0.14836        (     0.02824)   -5.25   LS    ( 7 2008)
 OUT 5 ( 56)        -0.15218        (     0.03306)   -4.60   AO    ( 8 2009)
 OUT 6 ( 42)         0.11908        (     0.03081)    3.86   TC    ( 6 2008)
 OUT 7 (184)        -0.39171        (     0.03529)  -11.10   AO    ( 4 2020)
 OUT 8 (183)        -0.31120        (     0.03272)   -9.51   TC    ( 3 2020)

 VAR-CORRELATION MATRIX OF ESTIMATORS 

   0.795E-05
  -0.456E-01   0.100E-02
   0.453E-01  -0.114E-01   0.791E-03
  -0.228E-01   0.112E+00  -0.778E-01   0.102E-02
  -0.252E-01  -0.220E-01  -0.187E-01   0.423E-02   0.798E-03
   0.232E-01  -0.278E+00   0.809E-02  -0.123E-01   0.715E-01   0.109E-02
   0.229E-01   0.211E+00   0.114E+00  -0.695E-02  -0.152E+00  -0.905E-02   0.949E-03
  -0.111E+00   0.487E-02  -0.516E-02   0.253E-02   0.269E-02  -0.250E-02  -0.266E-02   0.125E-02
   0.704E-01  -0.348E-02   0.350E-02  -0.170E-02  -0.188E-02   0.162E-02   0.146E-02  -0.437E+00   0.107E-02


 VARIANCES ARE IN THE MAIN DIAGONAL; 
 OFF-DIAGONAL ELEMENTS ARE CORRELATIONS. 



ACF DIFFERENCED SERIES




 AUTOCORRELATIONS
 ----------------
     -0.4744  -0.1692   0.3287  -0.2526   0.1319   0.0807  -0.1656   0.0478   0.0455   0.0098   0.1037  -0.3179
 SE   0.0671   0.0808   0.0824   0.0881   0.0913   0.0922   0.0925   0.0938   0.0939   0.0940   0.0940   0.0945
      0.2125   0.0537  -0.1690   0.1412  -0.0059  -0.1513   0.1553   0.0361  -0.2456   0.2243  -0.1022  -0.0124
 SE   0.0992   0.1013   0.1014   0.1027   0.1035   0.1035   0.1045   0.1056   0.1056   0.1082   0.1102   0.1107
      0.0902  -0.1459   0.0862   0.0262  -0.1122   0.1166  -0.0818  -0.0584   0.1566  -0.1113   0.0048   0.0182
 SE   0.1107   0.1110   0.1119   0.1122   0.1122   0.1127   0.1132   0.1135   0.1136   0.1146   0.1151   0.1151
  
  
  NUMBER OF WHITE NOISE RESIDUALS          213
  
 WHITE NOISE RESIDUALS
  

 YEAR        JAN       FEB       MAR       APR       MAY       JUN       JUL       AUG       SEP       OCT       NOV       DEC 

 2006                                                                                                           0.047    -0.087
 2007       0.020    -0.037     0.051    -0.036    -0.013     0.010    -0.026     0.109    -0.024     0.056    -0.045    -0.165
 2008       0.014     0.028    -0.014    -0.020    -0.106    -0.033     0.043    -0.076     0.061     0.002    -0.022    -0.085
 2009       0.008    -0.038     0.023    -0.022    -0.059    -0.029     0.027     0.019     0.002     0.025     0.022     0.011
 2010       0.015    -0.015    -0.095     0.047     0.066    -0.063     0.058     0.020    -0.051     0.053     0.045    -0.016
 2011       0.033     0.071     0.022    -0.005     0.027    -0.055     0.026    -0.017    -0.078    -0.026     0.018     0.052
 2012      -0.066    -0.001     0.043     0.024     0.038    -0.099     0.021    -0.022    -0.048    -0.023    -0.010     0.009
 2013       0.008    -0.042    -0.000    -0.021     0.013    -0.018    -0.015     0.014    -0.049     0.020    -0.010    -0.047
 2014       0.012     0.014    -0.027    -0.027    -0.081     0.016    -0.027    -0.025     0.003    -0.003     0.021     0.029
 2015      -0.009    -0.020    -0.031    -0.007     0.012    -0.009     0.011    -0.022    -0.056     0.031     0.022     0.021
 2016      -0.041    -0.007    -0.029     0.044    -0.033    -0.002    -0.003     0.072     0.010    -0.018    -0.012     0.045
 2017      -0.030     0.019     0.013     0.006     0.043    -0.028    -0.003     0.049    -0.018     0.031     0.006     0.037
 2018      -0.021    -0.030    -0.031     0.040     0.009     0.013    -0.001     0.065     0.001     0.006    -0.056    -0.036
 2019       0.058    -0.005     0.048    -0.079     0.000    -0.018    -0.024    -0.025    -0.025    -0.027     0.002    -0.010
 2020      -0.006    -0.003     0.007    -0.014    -0.090    -0.077     0.032     0.063     0.064    -0.010    -0.020    -0.062
 2021       0.081     0.003    -0.008     0.029     0.061     0.035    -0.040     0.006     0.014     0.025     0.002    -0.047
 2022       0.030     0.043     0.021    -0.001     0.049    -0.011     0.016     0.063     0.057     0.044     0.008     0.014
 2023      -0.042    -0.000    -0.026    -0.027    -0.013    -0.015    -0.030    -0.052     0.007    -0.000     0.053     0.015
 2024      -0.071    -0.041    -0.067    -0.012    -0.048    -0.033    -0.022
 
 
  STABILITY TEST
 
 
     1. FULL PERIOD
                  FIRST HALF                    SECOND HALF
           Mean(t)          Variance      Mean(t)          Variance
      -0.64E-02( -1.5    )  0.18E-02 -0.23E-03(-0.65E-01)  0.13E-02
 
      Mean assumed equal to 0
      VR(variance ratio)= 0.72    
 
      MEAN STABILITY IS NOT REJECTED.
      VARIANCE STABILITY IS NOT REJECTED.


 
     2. LAST 10 YEARS
                  FIRST HALF                    SECOND HALF
           Mean(t)          Variance      Mean(t)          Variance
       0.14E-02( 0.33    )  0.97E-03 -0.25E-02(-0.52    )  0.14E-02
 
      Mean assumed equal to 0
      VR(variance ratio)=  1.5    
 
      LAST 10 YEARS MEAN STABILITY IS NOT REJECTED.
      LAST 10 YEARS VARIANCE STABILITY IS NOT REJECTED.


 
  OUT-OF-SAMPLE TEST
  ------------------
      Model re-estimated on Linearized series for first 217 observations.
       18 One-Period-Ahead Forecasts computed with model fixed.
      Comparison between forecast errors (last   18 observations) and residuals (in-sample):

        Mean(Forecast Errors)
            p-value= 0.0255
            Mean of forecast errors can be assumed zero.

        Out-of-Sample MSE is :  0.1386E-02
        In-Sample MSE is :  0.1702E-02
        F( 18,204) is :  0.814E+00
            p-value(%)=68.2221

        Mean and Variance of forecast Errors and In-Sample residuals ARE NOT significantly different.


 TEST-STATISTICS ON RESIDUALS
 ----------------------------


           MEAN=  -0.3318256E-02
        ST.DEV.=   0.2733406E-02
        OF MEAN
        T-VALUE= -1.2140

 NORMALITY TEST=   10.68        ( CHI-SQUARE(2) )

       SKEWNESS= -0.3908          ( SE =  0.1678 )
       KURTOSIS=  3.7695          ( SE =  0.3357 )

 SUM OF SQUARES=   0.3491713    

  DURBIN-WATSON=  1.9741

 STANDARD ERROR=   0.4206738E-01
 OF RESID.
  MSE OF RESID.=   0.1769665E-02




 AUTOCORRELATIONS
 ----------------
     -0.0137  -0.0260  -0.0209  -0.0003   0.1570   0.0442  -0.0249   0.0102   0.1037   0.0164  -0.0792   0.1035
 SE   0.0685   0.0685   0.0685   0.0685   0.0685   0.0685   0.0685   0.0685   0.0685   0.0685   0.0685   0.0685
 Q      0.04     0.19     0.28     0.28     5.71     6.14     6.28     6.30     8.72     8.78    10.20    12.64
 PV    -1.00    -1.00    -1.00     0.59     0.06     0.10     0.18     0.28     0.19     0.27     0.25     0.18
      0.1254  -0.0220   0.0313  -0.0292  -0.0379   0.0508  -0.0070  -0.0473  -0.1841   0.0357  -0.1324   0.0217
 SE   0.0685   0.0685   0.0685   0.0685   0.0685   0.0685   0.0685   0.0685   0.0685   0.0685   0.0685   0.0685
 Q     16.24    16.36    16.58    16.78    17.12    17.72    17.73    18.26    26.35    26.65    30.88    30.99
 PV     0.09     0.13     0.17     0.21     0.25     0.28     0.34     0.37     0.09     0.11     0.06     0.07
     -0.0318  -0.1059   0.0275  -0.0474  -0.0949   0.0083  -0.0966  -0.0047   0.0299  -0.0805  -0.0677  -0.0944
 SE   0.0685   0.0685   0.0685   0.0685   0.0685   0.0685   0.0685   0.0685   0.0685   0.0685   0.0685   0.0685
 Q     31.24    33.99    34.17    34.73    36.97    36.98    39.33    39.34    39.57    41.22    42.40    44.71
 PV     0.09     0.07     0.08     0.09     0.08     0.10     0.08     0.10     0.11     0.10     0.10     0.08

  LJUNG-BOX Q VALUE OF ORDER  24 IS     30.99 AND IF RESIDUALS ARE RANDOM IT SHOULD BE DISTRIBUTED AS CHI-SQUARE(21)
  p-value= 0.0738
  THE PIERCE QS VALUE IS      2.56 AND IF RESIDUALS ARE RANDOM IT SHOULD BE DISTRIBUTED AS CHI-SQUARE(2)

 APPROXIMATE TEST OF RUNS ON RESIDUALS
 -------------------------------------
  NUM.DATA= 213
   NUM.(+)= 107
   NUM.(-)= 106
  NUM.RUNS= 106
   T-VALUE= -0.1374


  NON-PARAMETRIC TEST FOR RESIDUAL SEASONALITY (FRIEDMAN) SEAS_NP =      9.05
    ASYMP. DISTRIBUTED AS CHI-SQUARE(11)
    p-value= 0.6177



 SQUARED RESIDUALS:
 ------------------




 AUTOCORRELATIONS
 ----------------
     -0.0118  -0.0124   0.0336   0.2100   0.1363  -0.0896   0.0318   0.1082   0.0915  -0.0665  -0.0538   0.2129
 SE   0.0685   0.0685   0.0685   0.0685   0.0685   0.0685   0.0685   0.0685   0.0685   0.0685   0.0685   0.0685
 Q      0.03     0.06     0.31     9.97    14.06    15.84    16.06    18.68    20.56    21.55    22.21    32.54
 PV    -1.00    -1.00    -1.00     0.00     0.00     0.00     0.00     0.00     0.00     0.00     0.00     0.00
     -0.0344  -0.0358  -0.0031   0.0359   0.0609   0.0202  -0.0021   0.0361   0.0610   0.0237  -0.0072   0.0439
 SE   0.0685   0.0685   0.0685   0.0685   0.0685   0.0685   0.0685   0.0685   0.0685   0.0685   0.0685   0.0685
 Q     32.81    33.11    33.11    33.41    34.28    34.37    34.37    34.68    35.57    35.70    35.72    36.18
 PV     0.00     0.00     0.00     0.00     0.00     0.00     0.00     0.01     0.01     0.01     0.02     0.02
     -0.0083  -0.0149   0.1684  -0.0005   0.0438  -0.0017   0.0517  -0.0148   0.0166  -0.0114  -0.0127  -0.0429
 SE   0.0685   0.0685   0.0685   0.0685   0.0685   0.0685   0.0685   0.0685   0.0685   0.0685   0.0685   0.0685
 Q     36.20    36.25    43.24    43.24    43.72    43.72    44.39    44.45    44.52    44.55    44.59    45.07
 PV     0.03     0.04     0.01     0.01     0.02     0.02     0.03     0.03     0.04     0.05     0.07     0.08

  McLEOD-LI Q VALUE OF ORDER  24 IS     36.18 AND IF RESIDUALS ARE RANDOM IT SHOULD BE DISTRIBUTED AS CHI-SQUARE(24)
  p-value= 0.0527
 
 
 
SPECTRAL DIAGNOSTICS
 --------------------
 
A. SEASONAL SPECTRAL PEAKS
 
                           Frequency (cycles per year)
                     One    Two   Three  Four   Five    Six  
 Original series      -t     AT     AT     AT     AT     aT
 Linearized series    -t     AT     AT     AT     AT     aT
 Residuals            --     --     --     -t     --     --
 
 AT : peaks detected in AR(30) and using Tukey spectrum  estimator
 A- : only peaks detected in AR(30) spectrum estimator
 -T : only peaks detected using Tukey spectrum estimator
 -- : No peaks detected in AR(30) nor using Tukey spectrum estimator
 
 
 
B. STOCHASTIC SEASONALITY: SPECTRAL EVIDENCE
 
 1 :  SERIES CONTAINS SEASONALITY THAT CAN BE RELIABLY EXTRACTED.
 0 :  SEASONALITY IS NOT PRESENT IN THE SERIES OR IS TOO WEAK TO BE RELIABLY CAPTURED.
 
 ORIGINAL SERIES :   1
 LINEARIZED SERIES : 1
 RESIDUALS :         0
 
 
 
C. TRADING DAY EFFECT: SPECTRAL EVIDENCE
 
 1 :  TRADING DAY EFFECT DETECTED
 0 :  NO TRADING DAY EFFECT DETECTED
 
 LINEARIZED SERIES : 0
 RESIDUALS :         0
 
 
OVERALL TEST FOR IDENTIFIABLE SEASONALITY 
----------------------------------------- 
 
  AUTOCORRELATION FUNCTION EVIDENCE : YES
  NON-PARAMETRIC EVIDENCE           : YES
  F-TEST                            :  - 
  SPECTRAL EVIDENCE                 : YES
 
IDENTIFIABLE SEASONALITY FOUND IN SERIES
 
 
OVERALL TEST FOR RESIDUALS SEASONALITY 
----------------------------------------- 
 
  AUTOCORRELATION FUNCTION EVIDENCE : NO 
  NON-PARAMETRIC EVIDENCE           : NO 
  F-TEST                            : NO 
  SPECTRAL EVIDENCE                 : NO 
 
NO IDENTIFIABLE SEASONALITY FOUND IN RESIDUALS
 
 
ARIMA MODEL : ACCEPTABLE FIT
----------------------------
  Point estimation is acceptable. Variance variablility/Non-Normality likely to have a mild effect  on some interferences
 
QUALITY ARIMA MODEL TESTS
----------------------------------------

  Mean in residuals                      :GOOD        
  Autocorrelation in residuals           :GOOD        
  Normality of residuals                 :ACCEPTABLE  
  Skewness of residuals                  :GOOD        
  Kurtosis of residuals                  :GOOD        
  Randomness of residual sign            :GOOD        
  Instability of residual mean           :GOOD        
  Instability of residual variance       :GOOD        
  Seasonality in residuals               :GOOD        
  Trading day in residuals               :GOOD        
  Out-of-sample forecast errors          :GOOD        
  Number of outliers                     :GOOD        
 


 LINEAR SERIES


 YEAR        JAN       FEB       MAR       APR       MAY       JUN       JUL       AUG       SEP       OCT       NOV       DEC 

 2005      30.399    37.433    49.563    42.538    45.650    52.276    49.672    29.331    51.458    43.869    45.673    67.074
 2006      34.845    43.146    57.165    45.940    53.590    69.035    52.999    32.418    60.511    51.519    54.793    71.747
 2007      40.946    48.332    66.805    52.896    59.176    75.263    60.155    41.313    68.504    61.524    62.652    72.338
 2008      46.416    56.618    69.004    58.747    60.435    75.480    67.834    37.649    73.669    64.011    61.140    75.778
 2009      47.842    53.811    72.421    59.376    59.543    76.535    68.491    39.972    73.178    66.494    66.032    82.417
 2010      51.192    58.446    70.417    65.884    70.515    76.826    78.059    45.862    73.985    76.298    76.477    86.514
 2011      58.845    71.883    84.756    75.155    83.664    89.548    89.503    52.202    81.400    81.638    84.381   100.800
 2012      59.488    74.936    96.228    81.020    91.426    93.214    96.315    55.642    85.560    86.470    87.752   103.538
 2013      65.248    75.693    97.080    82.635    91.721    97.871    96.121    57.730    86.898    90.272    90.507   100.700
 2014      67.122    80.217    95.023    83.034    86.392    97.769    93.586    53.632    87.396    86.665    88.362   105.400
 2015      65.167    77.000    94.431    81.663    89.108    96.189    95.341    54.286    82.284    89.184    89.537   103.375
 2016      63.665    77.180    92.035    84.032    86.019    94.701    94.881    57.707    86.511    87.949    90.826   109.900
 2017      64.048    80.619    99.315    85.059    95.359    99.064    98.399    62.622    89.126    95.712    98.956   117.388
 2018      69.098    83.735   101.518    93.153    98.603   105.907   106.057    68.324    97.038   102.457   101.138   118.271
 2019      77.374    88.661   112.917    93.014   103.125   110.743   105.674    66.237    96.013    98.363   101.642   118.200
 2020      72.773    87.354   108.874    91.776    92.484    98.308   104.208    65.738    96.875    98.300    99.234   111.562
 2021      77.603    87.286   105.387    97.748   104.742   109.539   107.172    70.144   102.784   105.783   107.510   118.075
 2022      81.827    97.415   116.084   103.542   116.498   116.420   119.198    82.088   118.757   123.646   126.324   143.100
 2023      91.115   110.575   130.902   113.023   125.343   127.723   124.784    80.612   122.144   124.135   132.173   148.274
 2024      88.730   108.696   125.155   110.280   117.380   119.018   118.835


  AUTOCORRELATION FUNCTION TEST FOR SEASONALITY IN LINEARIZEDSERIES QS =   393.05  ASIMPTOTICALLY DISTRIBUTED AS CHI-SQUARE(2)
    p-value= 0.0000


  NON-PARAMETRIC TEST FOR SEASONALITY IN LINEARIZED SERIES (FRIEDMAN) SEAS_NP =    197.33
    ASYMP. DISTRIBUTED AS CHI-SQUARE(11)
    p-value= 0.0000


TOTAL OUTLIER EFFECT FACTORS


 YEAR        JAN       FEB       MAR       APR       MAY       JUN       JUL       AUG       SEP       OCT       NOV       DEC 

 2005     133.732   133.732   133.732   133.732   133.732   133.732   133.732   133.732   133.732   133.732   133.732   133.732
 2006     133.732   133.732   133.732   133.732   133.732   133.732   133.732   133.732   133.732   133.732   133.732   133.732
 2007     133.732   133.732   133.732   133.732   133.732   133.732   133.732   133.732   133.732   133.732   133.732   133.732
 2008     133.732   133.732   133.732   133.732   133.732   150.645   125.316   122.221   120.100   118.638   117.624   116.920
 2009     100.986   100.689   100.482   100.337   100.236    84.995    89.244    79.307    94.576    80.957    97.305    98.106
 2010      98.670    99.067    99.346    99.542    99.679    99.775    99.843    99.890    99.923    99.946    99.962    99.974
 2011      99.981    99.987    99.991    99.994    99.996    99.997    99.998    99.998    99.999    99.999    99.999   100.000
 2012     100.000   100.000   100.000   100.000   100.000   100.000   100.000   100.000   100.000   100.000   100.000   100.000
 2013     100.000   100.000   100.000   100.000   100.000   100.000   100.000   100.000   100.000   100.000   100.000   100.000
 2014     100.000   100.000   100.000   100.000   100.000   100.000   100.000   100.000   100.000   100.000   100.000   100.000
 2015     100.000   100.000   100.000   100.000   100.000   100.000   100.000   100.000   100.000   100.000   100.000   100.000
 2016     100.000   100.000   100.000   100.000   100.000   100.000   100.000   100.000   100.000   100.000   100.000   100.000
 2017     100.000   100.000   100.000   100.000   100.000   100.000   100.000   100.000   100.000   100.000   100.000   100.000
 2018     100.000   100.000   100.000   100.000   100.000   100.000   100.000   100.000   100.000   100.000   100.000   100.000
 2019     100.000   100.000   100.000   100.000   100.000   100.000   100.000   100.000   100.000   100.000   100.000   100.000
 2020     100.000   100.000    73.257    54.360    85.857    89.876    92.800    94.904    96.405    97.470    98.222    98.752
 2021      99.125    99.387    99.570    99.699    99.789    99.852    99.897    99.928    99.949    99.965    99.975    99.983
 2022      99.988    99.991    99.994    99.996    99.997    99.998    99.999    99.999    99.999   100.000   100.000   100.000
 2023     100.000   100.000   100.000   100.000   100.000   100.000   100.000   100.000   100.000   100.000   100.000   100.000
 2024     100.000   100.000   100.000   100.000   100.000   100.000   100.000


TOTAL REGRESSION EFFECT FACTORS


 YEAR        JAN       FEB       MAR       APR       MAY       JUN       JUL       AUG       SEP       OCT       NOV       DEC 

 2005      97.902    99.480   100.179   100.200   101.721   100.843    96.647   101.721   101.721    96.647   100.852   100.000
 2006     100.861    99.480   103.207    94.405   101.721   100.843    96.647   101.721    98.736    99.569   100.852    94.217
 2007     103.911    99.480   100.179    97.259   101.721   100.843    99.569   101.721    95.839   102.579   100.852    97.066
 2008     103.911   102.488    94.386   103.229    98.736    97.884   102.579    95.839   101.721   102.579    97.893   100.000
 2009      97.902    99.480   100.179   103.229    95.839   100.843   102.579    98.736   101.721    99.569   100.852   103.023
 2010      95.029    99.480   103.207   103.229    98.736   100.843    99.569   101.721   101.721    96.647   100.852   106.138
 2011      97.902    99.480   100.179   100.200   101.721   100.843    96.647   101.721   101.721    96.647   100.852   100.000
 2012     100.861   102.488   100.179    97.259   101.721   100.843    99.569   101.721    95.839   102.579   100.852    97.066
 2013     103.911    99.480    97.239   100.200   101.721    97.884   102.579    98.736    98.736   102.579    97.893   100.000
 2014     100.861    99.480    97.239   100.200    98.736    97.884   102.579    95.839   101.721   102.579    97.893   100.000
 2015      97.902    99.480   100.179   103.229    95.839   100.843   102.579    98.736   101.721    99.569   100.852   103.023
 2016      95.029   102.488   100.179   100.200   101.721   100.843    96.647   101.721   101.721    96.647   100.852   100.000
 2017     100.861    99.480   103.207    94.405   101.721   100.843    96.647   101.721    98.736    99.569   100.852    94.217
 2018     103.911    99.480   100.179    97.259   101.721   100.843    99.569   101.721    95.839   102.579   100.852    97.066
 2019     103.911    99.480    97.239   100.200   101.721    97.884   102.579    98.736    98.736   102.579    97.893   100.000
 2020     100.861    99.480   100.179   103.229    95.839   100.843   102.579    98.736   101.721    99.569   100.852   103.023
 2021      95.029    99.480   103.207   103.229    98.736   100.843    99.569   101.721   101.721    96.647   100.852   106.138
 2022      97.902    99.480   103.207    97.259   101.721   100.843    96.647   101.721   101.721    96.647   100.852   100.000
 2023     100.861    99.480   103.207    94.405   101.721   100.843    96.647   101.721    98.736    99.569   100.852    94.217
 2024     103.911   102.488    97.239   100.200   101.721    97.884   102.579
 
 
 
 FORECAST FUNCTION OF ORIGINAL SERIES: 
  
ORIGIN: 235 PERIODS AHEAD: 24
  
 OBS    DATE         FORECAST          STD ERROR        FORECAST          STD ERROR   
                        (SERIES IN LOGS)                     (SERIES IN LEVELS)       
 236  Aug-2024       4.34458          0.409380E-01       77.0594           3.15598    
 237  Sep-2024       4.73182          0.423020E-01       113.502           4.80351    
 238  Oct-2024       4.79751          0.435729E-01       121.208           5.28388    
 239  Nov-2024       4.78946          0.514563E-01       120.236           6.19100    
 240  Dec-2024       4.92813          0.535872E-01       138.120           7.40680    
 241  Jan-2025       4.47588          0.556248E-01       87.8719           4.89164    
 242  Feb-2025       4.64946          0.596953E-01       104.529           6.24545    
 243  Mar-2025       4.79116          0.621507E-01       120.441           7.49271    
 244  Apr-2025       4.69221          0.642336E-01       109.095           7.01477    
 245  May-2025       4.75748          0.671835E-01       116.452           7.83252    
 246  Jun-2025       4.77010          0.694154E-01       117.931           8.19610    
 247  Jul-2025       4.81355          0.715251E-01       123.168           8.82088    
 248  Aug-2025       4.32244          0.801813E-01       75.3726           6.05320    
 249  Sep-2025       4.77223          0.829925E-01       118.182           9.82513    
 250  Oct-2025       4.80744          0.858898E-01       122.418           10.5339    
 251  Nov-2025       4.79827          0.909181E-01       121.300           11.0512    
 252  Dec-2025       4.93813          0.940215E-01       139.509           13.1459    
 253  Jan-2026       4.45585          0.971845E-01       86.1292           8.39023    
 254  Feb-2026       4.65875          0.100799           105.504           10.6618    
 255  Mar-2026       4.83070          0.103833           125.299           13.0452    
 256  Apr-2026       4.73167          0.106800           113.485           12.1548    
 257  May-2026       4.73718          0.110117           114.111           12.6038    
 258  Jun-2026       4.80955          0.112780           122.676           13.8795    
 259  Jul-2026       4.82318          0.115566           124.360           14.4200    
