################################################################## 

SERIE MENSILI: 

################################################################## 



 Diagnostica modelli originali: 
   TITLE      BIC QR.prob QR2.prob QSR.prob N.prob N.test    TVA    TVC
1 VATASA -5.95811   0.173    0.589    1.000  0.014   8.49  2.860  0.541
2 VATASC -4.61573   0.176    0.039    1.000  0.379   1.94 -0.630  1.240
3 VATAIA -5.69120   0.149    0.544    1.000  0.995  0.011 -0.100  0.038
4 VATPIA -5.78549   0.019    0.380    0.350  0.557   1.17 -0.020 -1.080
5 VATPIC -5.11953   0.346    0.283    0.954  0.104   4.52 -0.320  2.100
6 VATPSC -4.62633   0.223    0.000    1.000  0.217   3.06  0.017  1.750
7 VATAIC -4.37796   0.085    0.597    1.000  0.922  0.162 -0.380 -0.140
8 VATPSA -5.55699   0.240    0.000    0.998  0.307   2.36  1.360  0.727


 Diagnostica modelli nuovi: 
   TITLE      BIC QR.prob QR2.prob QSR.prob N.prob N.test    TVA    TVC
1 VATASA -5.95811   0.173    0.589    1.000  0.014   8.49  2.860  0.541
2 VATASC -4.61573   0.176    0.039    1.000  0.379   1.94 -0.630  1.240
3 VATAIA -5.69120   0.149    0.544    1.000  0.995  0.011 -0.100  0.038
4 VATPIA -5.78549   0.019    0.380    0.350  0.557   1.17 -0.020 -1.080
5 VATPIC -5.11953   0.346    0.283    0.954  0.104   4.52 -0.320  2.100
6 VATPSC -4.62633   0.223    0.000    1.000  0.217   3.06  0.017  1.750
7 VATAIC -4.37796   0.085    0.597    1.000  0.922  0.162 -0.380 -0.140
8 VATPSA -5.55699   0.240    0.000    0.998  0.307   2.36  1.360  0.727


 ******************************** 
Problemi nei modelli vecchi
 ******************************** 


 Statistica di LB significativa: 
   TITLE      BIC QR.prob QR2.prob QSR.prob N.prob N.test   TVA   TVC
4 VATPIA -5.78549   0.019     0.38     0.35  0.557   1.17 -0.02 -1.08

 Statistica di JB significativa: 
   TITLE      BIC QR.prob QR2.prob QSR.prob N.prob N.test  TVA   TVC
1 VATASA -5.95811   0.173    0.589        1  0.014   8.49 2.86 0.541

 Statistica di LB sui quadrati dei residui significativa: 
   TITLE      BIC QR.prob QR2.prob QSR.prob N.prob N.test    TVA   TVC
2 VATASC -4.61573   0.176    0.039    1.000  0.379   1.94 -0.630 1.240
6 VATPSC -4.62633   0.223    0.000    1.000  0.217   3.06  0.017 1.750
8 VATPSA -5.55699   0.240    0.000    0.998  0.307   2.36  1.360 0.727


 ******************************** 
Problemi nei modelli nuovi
 ******************************** 


 Statistica di LB significativa: 
   TITLE      BIC QR.prob QR2.prob QSR.prob N.prob N.test   TVA   TVC
4 VATPIA -5.78549   0.019     0.38     0.35  0.557   1.17 -0.02 -1.08

 Statistica di JB significativa: 
   TITLE      BIC QR.prob QR2.prob QSR.prob N.prob N.test  TVA   TVC
1 VATASA -5.95811   0.173    0.589        1  0.014   8.49 2.86 0.541

 Statistica di LB sui quadrati dei residui significativa: 
   TITLE      BIC QR.prob QR2.prob QSR.prob N.prob N.test    TVA   TVC
2 VATASC -4.61573   0.176    0.039    1.000  0.379   1.94 -0.630 1.240
6 VATPSC -4.62633   0.223    0.000    1.000  0.217   3.06  0.017 1.750
8 VATPSA -5.55699   0.240    0.000    0.998  0.307   2.36  1.360 0.727


 ******************************** 
Problemi nella tabella modelli nuovi
 ******************************** 



 ********* 
 Non ci sono modelli nuovi 
NULL
NULL
