
                                        PROGRAM TRAMO+

             (based on program TRAMO, Victor Gomez and Agustin Maravall©,1996)

         Developed at the Bank of Spain by Gianluca Caporello and Agustin Maravall,
         with programming support from Domingo Pérez Cañete and Roberto López Pavón.

                 VERSION: 1.0 (Revision: 942  Build: 2017/09/25 09:39:13)


 SERIES TITLE=FATEXP_28                                                                       

 INPUT PARAMETERS
   lam= 0   imean= 0   p= 2   ireg= 3   seats= 2   int2=227   rsa= 0   modelsumm= 1   va=   3.742
 
   Name : NOT DEFINED.
   Reglist01
    Iuser= 2   Nser= 3   Ilong=   0
 
   Fixed Outliers:
   #Observ. Type
      54     LS
      66     AO
      68     AO
 

 NUMBER OF OBSERVATIONS: 227


 ORIGINAL SERIES 

 YEAR        JAN       FEB       MAR       APR       MAY       JUN       JUL       AUG       SEP       OCT       NOV       DEC 

 2005      61.400    61.700    64.100    62.300    62.500    63.400    62.400    67.900    65.400    62.700    63.100    66.000
 2006      64.300    63.500    65.500    62.800    65.700    69.100    63.700    67.000    67.000    63.000    63.300    66.000
 2007      64.900    65.800    68.500    65.600    64.500    70.400    64.600    70.300    68.200    66.500    67.700    68.000
 2008      67.300    69.600    69.400    67.900    68.000    72.300    67.800    71.400    68.600    66.500    67.700    69.900
 2009      66.000    67.700    70.000    68.400    67.800    67.500    66.200    67.800    69.400    64.200    65.300    67.900
 2010      65.700    65.400    67.100    68.400    66.800    61.100    69.600    76.600    68.000    68.400    68.700    70.200
 2011      69.800    70.500    69.100    69.700    70.900    71.400    71.400    74.100    70.800    71.300    73.100    73.100
 2012      71.700    74.400    75.000    73.300    75.200    75.000    74.600    79.000    73.800    74.800    75.600    76.300
 2013      76.100    75.200    77.600    76.500    76.000    76.300    75.400    80.000    74.500    75.600    75.000    75.800
 2014      74.800    75.800    76.200    76.000    75.100    76.300    74.400    79.200    75.100    74.100    75.700    75.500
 2015      71.100    70.700    70.200    71.400    69.900    67.700    70.100    73.500    67.400    69.300    69.700    69.400
 2016      69.000    69.400    69.900    72.200    69.500    70.800    71.100    71.100    67.800    69.900    68.200    65.600
 2017      69.500    70.100    68.900    71.400    70.100    69.400    70.000    72.000    67.500    69.600    70.600    69.200
 2018      70.500    70.000    70.800    72.100    69.100    69.800    71.400    73.700    68.400    71.200    71.100    70.800
 2019      72.800    71.600    73.500    72.500    70.500    72.800    72.200    73.300    70.700    70.300    71.200    70.500
 2020      70.800    72.100    74.000    76.300    71.300    70.900    70.400    73.100    70.900    70.100    70.200    69.900
 2021      70.600    71.300    69.800    69.800    72.200    70.100    68.600    73.000    69.500    68.800    68.300    67.900
 2022      70.000    69.300    69.000    66.800    68.000    67.100    68.500    72.800    68.900    69.800    69.900    67.500
 2023      69.400    70.000    70.200    71.100    70.200    70.500    70.700    75.600    71.500    70.000    70.200


 MODEL PARAMETERS            
 ----------------
  MQ= 12         IMEAN=  0      LAM=  0      D=  1       BD=  1
  P=  2          BP=  0         Q=  1        BQ=  1      IREG=  3
  ITRAD=  0      SMPDAY=  0     IEAST=  0      IDUR=  6     M= 36       IQM= 24
  INCON=  0      NBACK=  0      NPRED= 24    INTERP=  2  INIT=  0
  IFILT=  2      IROOT=  2    INIC=  0    ICONCE=  1
  ICDET=  1      IATIP=  0      IMVX=  0     IDIF=  0    PG=  0
  AIO=  2        INT1=  1       INT2= 227    RSA=  0     SEATS=  2
  VA= 3.74       TOL=  0.100E-03             PC=  0.120E+00
  NOADMISS= 1    STOCHTD 0    BIAS= 1
  THLIM=  0.000  BTHLIM=  0.000   RMOD=  0.500



TH =        -0.10

BTH =        -0.10

PHI =        -0.10       -0.10

WARNING: When adjusting for degrees of freedom in
 order to compute white-noise residuals, the Housholder
 transformation contains an element of arbitrariness 
 that, when multiple regressors are entered, may produce
 a slight variation in results when the order in which
 regressors are entered changes



NUMBER OF INITIAL OBS. =  13

Log-Level pretest : LOGS are Selected
 DIFFERENCED TRANSFORMED SERIES

 YEAR        JAN       FEB       MAR       APR       MAY       JUN       JUL       AUG       SEP       OCT       NOV       DEC 

 2006                -0.017    -0.007    -0.014     0.042     0.036    -0.065    -0.034     0.038    -0.019    -0.002    -0.003
 2007       0.009     0.026     0.009    -0.001    -0.062     0.037    -0.005     0.034    -0.030     0.036     0.013    -0.037
 2008       0.006     0.020    -0.043     0.021     0.018    -0.026     0.022    -0.033    -0.010    -0.006     0.000     0.028
 2009      -0.047    -0.008     0.036    -0.001    -0.010    -0.066     0.045    -0.028     0.063    -0.047    -0.001     0.007
 2010       0.024    -0.030    -0.008     0.042    -0.015    -0.085     0.150     0.072    -0.142     0.084    -0.013    -0.017
 2011       0.027     0.015    -0.046    -0.011     0.041     0.096    -0.130    -0.059     0.074     0.001     0.021    -0.022
 2012      -0.014     0.027     0.028    -0.032     0.009    -0.010    -0.005     0.020    -0.023     0.006    -0.014     0.009
 2013       0.017    -0.049     0.023     0.009    -0.032     0.007    -0.007     0.002    -0.003     0.001    -0.019     0.001
 2014      -0.011     0.025    -0.026     0.012    -0.005     0.012    -0.013     0.003     0.018    -0.028     0.029    -0.013
 2015      -0.047    -0.019    -0.012     0.020    -0.009    -0.048     0.060    -0.015    -0.033     0.041    -0.016    -0.002
 2016       0.054     0.011     0.014     0.015    -0.017     0.051    -0.031    -0.047     0.039     0.003    -0.030    -0.035
 2017       0.064     0.003    -0.024     0.003     0.020    -0.029     0.004     0.028    -0.017     0.000     0.039     0.019
 2018      -0.039    -0.016     0.029    -0.017    -0.024     0.020     0.014     0.004    -0.010     0.009    -0.016     0.016
 2019       0.009    -0.010     0.015    -0.032     0.015     0.022    -0.031    -0.017     0.039    -0.046     0.014    -0.006
 2020      -0.024     0.035    -0.000     0.044    -0.040    -0.038     0.001     0.023     0.006    -0.006    -0.011     0.006
 2021       0.006    -0.008    -0.047    -0.031     0.102    -0.024    -0.015     0.025    -0.019     0.001    -0.009    -0.002
 2022       0.020    -0.020     0.017    -0.032    -0.016     0.016     0.042    -0.001    -0.006     0.023     0.009    -0.029
 2023      -0.003     0.019     0.007     0.045    -0.031     0.018    -0.018     0.006    -0.001    -0.034     0.001




 AUTOCORRELATIONS
 ----------------
     -0.3286  -0.2646   0.2158   0.0082  -0.0934  -0.0036   0.0647  -0.0691   0.0146   0.1527  -0.0687  -0.3090
 SE   0.0684   0.0754   0.0796   0.0823   0.0823   0.0828   0.0828   0.0830   0.0833   0.0833   0.0846   0.0849
      0.1978   0.0647  -0.0648  -0.0570   0.0976  -0.0033  -0.0581   0.0746  -0.0748   0.0528   0.1096  -0.1739
 SE   0.0900   0.0920   0.0922   0.0924   0.0926   0.0930   0.0931   0.0932   0.0935   0.0938   0.0939   0.0945
      0.0735  -0.0165  -0.0248  -0.0251   0.0344   0.0551  -0.0679   0.0371   0.0234  -0.1033   0.0049   0.1137
 SE   0.0960   0.0963   0.0963   0.0963   0.0963   0.0964   0.0965   0.0968   0.0968   0.0969   0.0974   0.0974


 PARTIAL AUTOCORRELATIONS
 ---------------------
     -0.3286  -0.4177  -0.0608  -0.0325  -0.0286  -0.0659  -0.0013  -0.0709  -0.0114   0.1558   0.1026  -0.3015
 SE   0.0684   0.0684   0.0684   0.0684   0.0684   0.0684   0.0684   0.0684   0.0684   0.0684   0.0684   0.0684
     -0.1480  -0.1199   0.0764  -0.0393   0.0330  -0.0306  -0.0232   0.0293  -0.0032   0.1582   0.1825  -0.2122
 SE   0.0684   0.0684   0.0684   0.0684   0.0684   0.0684   0.0684   0.0684   0.0684   0.0684   0.0684   0.0684
     -0.0328  -0.1186   0.0364  -0.1191   0.0268   0.0451   0.0019   0.0181   0.0532   0.0532   0.0023  -0.0778
 SE   0.0684   0.0684   0.0684   0.0684   0.0684   0.0684   0.0684   0.0684   0.0684   0.0684   0.0684   0.0684
  
 ARIMA MODEL ESTIMATION 
  
 METHOD OF ESTIMATION: EXACT MAXIMUM LIKELIHOOD           
  
 PARAMETER      ESTIMATE           STD ERROR      T RATIO   LAG  
  
 PHI1          0.56615           0.10389            5.45      1
 PHI2          0.47887           0.62638E-01        7.65      2
 TH1          0.80572E-02       0.12808            0.06      1
 BTH         -0.70857           0.52566E-01      -13.48     12
  
 
 REGULAR AR INVERSE ROOTS ARE 
 NO.     REAL P.     IMAG.P.     MODULUS    ARGUMENT      PERIOD
  1   -0.2830764  -0.6314536   0.6920014-114.1463703  -3.1538454
  2   -0.2830764   0.6314536   0.6920014 114.1463703   3.1538454
 
 REGULAR MA INVERSE ROOTS ARE 
 NO.     REAL P.     IMAG.P.     MODULUS    ARGUMENT      PERIOD
  1     -0.80572E-02   0.0000      0.80572E-02   180.00           2.0 
 
 SEASONAL MA INVERSE ROOTS ARE 
 NO.     REAL P.     IMAG.P.     MODULUS    ARGUMENT      PERIOD
  1      0.70857       0.0000      0.70857       0.0000            -  
  
 CORRELATIONS OF THE ESTIMATES 
  
  1.000    0.053    0.799   -0.391
  0.053    1.000   -0.234   -0.091
  0.799   -0.234    1.000   -0.291
 -0.391   -0.091   -0.291    1.000
  
 AIC 
   -1052.606
  
 BIC 
     -7.6887
  
 FINAL VALUE OF OBJECTIVE FUNCTION: 
               0.85774E-01
  
 RADETN:    1.02131374781419     
 ITERATIONS:            2
  
  NUMBER OF FUNCTION EVALUATIONS:           12
  

 ESTIMATES OF REGRESSION PARAMETERS 
 CONCENTRATED OUT OF THE LIKELIHOOD 

 PARAMETER           VALUE          ST. ERROR     T VALUE
 OUT 1 ( 54)        -0.48416E-01    (     0.01499)   -3.23   LS    ( 6 2009)
 OUT 2 ( 66)        -0.12103        (     0.01554)   -7.79   AO    ( 6 2010)
 OUT 3 ( 68)         0.71405E-01    (     0.01551)    4.60   AO    ( 8 2010)

 VAR-CORRELATION MATRIX OF ESTIMATORS 

   0.225E-03
   0.700E-01   0.241E-03
   0.429E-01  -0.856E-01   0.241E-03


 VARIANCES ARE IN THE MAIN DIAGONAL; 
 OFF-DIAGONAL ELEMENTS ARE CORRELATIONS. 



ACF DIFFERENCED SERIES




 AUTOCORRELATIONS
 ----------------
     -0.3345  -0.2571   0.2043   0.0179  -0.0867  -0.0070   0.0572  -0.0629   0.0115   0.1420  -0.0448  -0.3207
 SE   0.0684   0.0756   0.0796   0.0820   0.0820   0.0825   0.0825   0.0826   0.0829   0.0829   0.0840   0.0841
      0.1996   0.0616  -0.0572  -0.0627   0.0956  -0.0006  -0.0582   0.0683  -0.0633   0.0516   0.0940  -0.1639
 SE   0.0896   0.0917   0.0919   0.0921   0.0923   0.0927   0.0927   0.0929   0.0931   0.0933   0.0935   0.0939
      0.0710  -0.0159  -0.0176  -0.0328   0.0315   0.0599  -0.0670   0.0316   0.0262  -0.1020   0.0062   0.1201
 SE   0.0952   0.0955   0.0955   0.0955   0.0956   0.0956   0.0958   0.0960   0.0961   0.0961   0.0966   0.0966
  
  
  NUMBER OF WHITE NOISE RESIDUALS          211
  
 WHITE NOISE RESIDUALS
  
    X  10.0D-1


 YEAR        JAN       FEB       MAR       APR       MAY       JUN       JUL       AUG       SEP       OCT       NOV       DEC 

 2006                                               0.251     0.435    -0.204    -0.443    -0.101    -0.105     0.027    -0.113
 2007       0.101     0.218     0.193     0.039    -0.406     0.249    -0.234     0.221    -0.181     0.269     0.196    -0.179
 2008      -0.040     0.189    -0.165     0.090    -0.162     0.103     0.004    -0.180    -0.287    -0.089     0.053     0.122
 2009      -0.334    -0.079    -0.014     0.211    -0.047    -0.165     0.300    -0.229     0.487    -0.305     0.067    -0.073
 2010       0.052    -0.183    -0.137     0.380     0.019    -0.117     0.353    -0.051    -0.229     0.229     0.050     0.103
 2011       0.148     0.086    -0.341    -0.025     0.144    -0.151     0.211    -0.079    -0.112     0.244     0.256    -0.024
 2012      -0.054     0.152     0.127    -0.048     0.142    -0.306     0.083     0.070    -0.216     0.206    -0.034     0.027
 2013       0.112    -0.244     0.129    -0.049    -0.060    -0.289    -0.123     0.064    -0.204     0.150    -0.218    -0.065
 2014      -0.108     0.027    -0.080     0.055    -0.156    -0.059    -0.180     0.061    -0.009    -0.058     0.068    -0.149
 2015      -0.478    -0.495    -0.507     0.078    -0.152    -0.479     0.161     0.000    -0.139     0.110    -0.036    -0.012
 2016       0.120     0.059     0.105     0.341    -0.123     0.144     0.009    -0.404    -0.119     0.100    -0.127    -0.512
 2017       0.383     0.262     0.148     0.149     0.012    -0.057    -0.015    -0.116    -0.075     0.111     0.218     0.044
 2018       0.169    -0.102     0.117     0.018    -0.193    -0.058     0.128     0.128    -0.069     0.133     0.003     0.147
 2019       0.226    -0.040     0.222    -0.269    -0.099     0.109    -0.026    -0.144     0.096    -0.226     0.071    -0.092
 2020      -0.039     0.161     0.238     0.418    -0.223    -0.312    -0.407    -0.048     0.257    -0.079    -0.069    -0.100
 2021       0.008     0.089    -0.324    -0.314     0.463    -0.037    -0.084     0.013     0.065    -0.031    -0.218    -0.129
 2022       0.160    -0.029    -0.074    -0.547     0.068    -0.108     0.379     0.310     0.179     0.169     0.034    -0.223
 2023      -0.035     0.013     0.112     0.192     0.028     0.142     0.042     0.265     0.070    -0.196    -0.156
 
 
  STABILITY TEST
 
 
     1. FULL PERIOD
                  FIRST HALF                    SECOND HALF
           Mean(t)          Variance      Mean(t)          Variance
      -0.11E-02(-0.62    )  0.36E-03 -0.45E-03(-0.23    )  0.41E-03
 
      Mean assumed equal to 0
      VR(variance ratio)=  1.1    
 
      MEAN STABILITY IS NOT REJECTED.
      VARIANCE STABILITY IS NOT REJECTED.


 
     2. LAST 10 YEARS
                  FIRST HALF                    SECOND HALF
           Mean(t)          Variance      Mean(t)          Variance
      -0.28E-02( -1.1    )  0.38E-03  0.11E-03( 0.43E-01)  0.39E-03
 
      Mean assumed equal to 0
      VR(variance ratio)=  1.0    
 
      LAST 10 YEARS MEAN STABILITY IS NOT REJECTED.
      LAST 10 YEARS VARIANCE STABILITY IS NOT REJECTED.


 
  OUT-OF-SAMPLE TEST
  ------------------
      Model re-estimated on Linearized series for first 209 observations.
       18 One-Period-Ahead Forecasts computed with model fixed.
      Comparison between forecast errors (last   18 observations) and residuals (in-sample):

        Mean(Forecast Errors)
            p-value= 0.1216
            Mean of forecast errors can be assumed zero.

        Out-of-Sample MSE is :  0.3378E-03
        In-Sample MSE is :  0.3902E-03
        F( 18,196) is :  0.866E+00
            p-value(%)=62.0457

        Mean and Variance of forecast Errors and In-Sample residuals ARE NOT significantly different.


 TEST-STATISTICS ON RESIDUALS
 ----------------------------


           MEAN=  -0.7947296E-03
        ST.DEV.=   0.1352298E-02
        OF MEAN
        T-VALUE= -0.5877

 NORMALITY TEST=   2.026        ( CHI-SQUARE(2) )

       SKEWNESS= -0.2281          ( SE =  0.1686 )
       KURTOSIS=  3.1496          ( SE =  0.3373 )

 SUM OF SQUARES=   0.7959604E-01

  DURBIN-WATSON=  2.0400

 STANDARD ERROR=   0.1993118E-01
 OF RESID.
  MSE OF RESID.=   0.3972521E-03




 AUTOCORRELATIONS
 ----------------
     -0.0009  -0.0164  -0.0005  -0.0274   0.0063  -0.0611  -0.0276   0.0517   0.1434   0.0356  -0.1416   0.0743
 SE   0.0688   0.0688   0.0688   0.0688   0.0688   0.0688   0.0688   0.0688   0.0688   0.0688   0.0688   0.0688
 Q      0.00     0.06     0.06     0.22     0.23     1.05     1.22     1.81     6.38     6.67    11.17    12.42
 PV    -1.00    -1.00    -1.00    -1.00     0.63     0.59     0.75     0.77     0.27     0.35     0.13     0.13
      0.0422  -0.0348   0.0657  -0.0894   0.0796   0.0866  -0.0582   0.0439   0.0510   0.0554  -0.0001  -0.0928
 SE   0.0688   0.0688   0.0688   0.0688   0.0688   0.0688   0.0688   0.0688   0.0688   0.0688   0.0688   0.0688
 Q     12.82    13.10    14.09    15.93    17.40    19.14    19.94    20.39    21.00    21.74    21.74    23.81
 PV     0.17     0.22     0.23     0.19     0.18     0.16     0.17     0.20     0.23     0.24     0.30     0.25
     -0.0207  -0.1268   0.0184  -0.0901   0.0403   0.1164  -0.0652  -0.0139  -0.0825  -0.0569  -0.0105   0.0074
 SE   0.0688   0.0688   0.0688   0.0688   0.0688   0.0688   0.0688   0.0688   0.0688   0.0688   0.0688   0.0688
 Q     23.91    27.81    27.90    29.89    30.29    33.66    34.72    34.76    36.48    37.30    37.33    37.35
 PV     0.30     0.18     0.22     0.19     0.21     0.14     0.15     0.18     0.16     0.17     0.20     0.24

  LJUNG-BOX Q VALUE OF ORDER  24 IS     23.81 AND IF RESIDUALS ARE RANDOM IT SHOULD BE DISTRIBUTED AS CHI-SQUARE(20)
  p-value= 0.2510
  THE PIERCE QS VALUE IS      1.25 AND IF RESIDUALS ARE RANDOM IT SHOULD BE DISTRIBUTED AS CHI-SQUARE(2)

 APPROXIMATE TEST OF RUNS ON RESIDUALS
 -------------------------------------
  NUM.DATA= 211
   NUM.(+)= 106
   NUM.(-)= 105
  NUM.RUNS= 114
   T-VALUE=  1.1041


  NON-PARAMETRIC TEST FOR RESIDUAL SEASONALITY (FRIEDMAN) SEAS_NP =     11.80
    ASYMP. DISTRIBUTED AS CHI-SQUARE(11)
    p-value= 0.3791



 SQUARED RESIDUALS:
 ------------------




 AUTOCORRELATIONS
 ----------------
      0.1873   0.0600   0.0610   0.0287  -0.0495  -0.1230  -0.1286  -0.0070  -0.0714  -0.0586   0.0390  -0.0148
 SE   0.0688   0.0688   0.0688   0.0688   0.0688   0.0688   0.0688   0.0688   0.0688   0.0688   0.0688   0.0688
 Q      7.50     8.28     9.08     9.26     9.80    13.11    16.76    16.77    17.90    18.67    19.02    19.06
 PV    -1.00    -1.00    -1.00    -1.00     0.00     0.00     0.00     0.00     0.00     0.00     0.01     0.01
     -0.0007  -0.0174   0.0154  -0.0548  -0.0569   0.0496   0.0603  -0.0816   0.0529   0.0083   0.0935   0.0724
 SE   0.0688   0.0688   0.0688   0.0688   0.0688   0.0688   0.0688   0.0688   0.0688   0.0688   0.0688   0.0688
 Q     19.06    19.13    19.19    19.88    20.63    21.20    22.05    23.62    24.28    24.30    26.39    27.64
 PV     0.02     0.04     0.06     0.07     0.08     0.10     0.11     0.10     0.11     0.15     0.12     0.12
      0.0270  -0.0498  -0.0498  -0.0266  -0.0465  -0.1207  -0.0874  -0.0483  -0.0545  -0.0964  -0.0807  -0.0683
 SE   0.0688   0.0688   0.0688   0.0688   0.0688   0.0688   0.0688   0.0688   0.0688   0.0688   0.0688   0.0688
 Q     27.82    28.42    29.03    29.20    29.74    33.35    35.26    35.85    36.59    38.95    40.62    41.81
 PV     0.15     0.16     0.18     0.21     0.23     0.15     0.13     0.15     0.16     0.13     0.12     0.11

  McLEOD-LI Q VALUE OF ORDER  24 IS     27.64 AND IF RESIDUALS ARE RANDOM IT SHOULD BE DISTRIBUTED AS CHI-SQUARE(24)
  p-value= 0.2754
 
 
 
SPECTRAL DIAGNOSTICS
 --------------------
 
A. SEASONAL SPECTRAL PEAKS
 
                           Frequency (cycles per year)
                     One    Two   Three  Four   Five    Six  
 Original series      -t     AT     AT     -t     AT     AT
 Linearized series    -t     AT     AT     -t     AT     AT
 Residuals            --     -t     --     --     --     --
 
 AT : peaks detected in AR(30) and using Tukey spectrum  estimator
 A- : only peaks detected in AR(30) spectrum estimator
 -T : only peaks detected using Tukey spectrum estimator
 -- : No peaks detected in AR(30) nor using Tukey spectrum estimator
 
 
 
B. STOCHASTIC SEASONALITY: SPECTRAL EVIDENCE
 
 1 :  SERIES CONTAINS SEASONALITY THAT CAN BE RELIABLY EXTRACTED.
 0 :  SEASONALITY IS NOT PRESENT IN THE SERIES OR IS TOO WEAK TO BE RELIABLY CAPTURED.
 
 ORIGINAL SERIES :   1
 LINEARIZED SERIES : 1
 RESIDUALS :         0
 
 
 
C. TRADING DAY EFFECT: SPECTRAL EVIDENCE
 
 1 :  TRADING DAY EFFECT DETECTED
 0 :  NO TRADING DAY EFFECT DETECTED
 
 LINEARIZED SERIES : 0
 RESIDUALS :         0
 
 
OVERALL TEST FOR IDENTIFIABLE SEASONALITY 
----------------------------------------- 
 
  AUTOCORRELATION FUNCTION EVIDENCE : YES
  NON-PARAMETRIC EVIDENCE           : YES
  F-TEST                            :  - 
  SPECTRAL EVIDENCE                 : YES
 
IDENTIFIABLE SEASONALITY FOUND IN SERIES
 
 
OVERALL TEST FOR RESIDUALS SEASONALITY 
----------------------------------------- 
 
  AUTOCORRELATION FUNCTION EVIDENCE : NO 
  NON-PARAMETRIC EVIDENCE           : NO 
  F-TEST                            : NO 
  SPECTRAL EVIDENCE                 : NO 
 
NO IDENTIFIABLE SEASONALITY FOUND IN RESIDUALS
 
 
ARIMA MODEL : GOOD FIT
----------------------

ALL TEST ARE PASSED
 
QUALITY ARIMA MODEL TESTS
----------------------------------------

  Mean in residuals                      :GOOD        
  Autocorrelation in residuals           :GOOD        
  Normality of residuals                 :GOOD        
  Skewness of residuals                  :GOOD        
  Kurtosis of residuals                  :GOOD        
  Randomness of residual sign            :GOOD        
  Instability of residual mean           :GOOD        
  Instability of residual variance       :GOOD        
  Seasonality in residuals               :GOOD        
  Trading day in residuals               :GOOD        
  Out-of-sample forecast errors          :GOOD        
  Number of outliers                     :GOOD        
 


 LINEAR SERIES


 YEAR        JAN       FEB       MAR       APR       MAY       JUN       JUL       AUG       SEP       OCT       NOV       DEC 

 2005      58.498    58.784    61.070    59.356    59.546    60.404    59.451    64.691    62.309    59.737    60.118    62.881
 2006      61.261    60.499    62.404    59.832    62.595    65.834    60.689    63.833    63.833    60.022    60.308    62.881
 2007      61.833    62.690    65.262    62.500    61.452    67.073    61.547    66.977    64.977    63.357    64.500    64.786
 2008      64.119    66.311    66.120    64.691    64.786    68.883    64.596    68.025    65.358    63.357    64.500    66.596
 2009      62.881    64.500    66.692    65.167    64.596    67.500    66.200    67.800    69.400    64.200    65.300    67.900
 2010      65.700    65.400    67.100    68.400    66.800    68.961    69.600    71.321    68.000    68.400    68.700    70.200
 2011      69.800    70.500    69.100    69.700    70.900    71.400    71.400    74.100    70.800    71.300    73.100    73.100
 2012      71.700    74.400    75.000    73.300    75.200    75.000    74.600    79.000    73.800    74.800    75.600    76.300
 2013      76.100    75.200    77.600    76.500    76.000    76.300    75.400    80.000    74.500    75.600    75.000    75.800
 2014      74.800    75.800    76.200    76.000    75.100    76.300    74.400    79.200    75.100    74.100    75.700    75.500
 2015      71.100    70.700    70.200    71.400    69.900    67.700    70.100    73.500    67.400    69.300    69.700    69.400
 2016      69.000    69.400    69.900    72.200    69.500    70.800    71.100    71.100    67.800    69.900    68.200    65.600
 2017      69.500    70.100    68.900    71.400    70.100    69.400    70.000    72.000    67.500    69.600    70.600    69.200
 2018      70.500    70.000    70.800    72.100    69.100    69.800    71.400    73.700    68.400    71.200    71.100    70.800
 2019      72.800    71.600    73.500    72.500    70.500    72.800    72.200    73.300    70.700    70.300    71.200    70.500
 2020      70.800    72.100    74.000    76.300    71.300    70.900    70.400    73.100    70.900    70.100    70.200    69.900
 2021      70.600    71.300    69.800    69.800    72.200    70.100    68.600    73.000    69.500    68.800    68.300    67.900
 2022      70.000    69.300    69.000    66.800    68.000    67.100    68.500    72.800    68.900    69.800    69.900    67.500
 2023      69.400    70.000    70.200    71.100    70.200    70.500    70.700    75.600    71.500    70.000    70.200


  AUTOCORRELATION FUNCTION TEST FOR SEASONALITY IN LINEARIZEDSERIES QS =   158.77  ASIMPTOTICALLY DISTRIBUTED AS CHI-SQUARE(2)
    p-value= 0.0000


  NON-PARAMETRIC TEST FOR SEASONALITY IN LINEARIZED SERIES (FRIEDMAN) SEAS_NP =     73.50
    ASYMP. DISTRIBUTED AS CHI-SQUARE(11)
    p-value= 0.0000


TOTAL OUTLIER EFFECT FACTORS


 YEAR        JAN       FEB       MAR       APR       MAY       JUN       JUL       AUG       SEP       OCT       NOV       DEC 

 2005     104.961   104.961   104.961   104.961   104.961   104.961   104.961   104.961   104.961   104.961   104.961   104.961
 2006     104.961   104.961   104.961   104.961   104.961   104.961   104.961   104.961   104.961   104.961   104.961   104.961
 2007     104.961   104.961   104.961   104.961   104.961   104.961   104.961   104.961   104.961   104.961   104.961   104.961
 2008     104.961   104.961   104.961   104.961   104.961   104.961   104.961   104.961   104.961   104.961   104.961   104.961
 2009     104.961   104.961   104.961   104.961   104.961   100.000   100.000   100.000   100.000   100.000   100.000   100.000
 2010     100.000   100.000   100.000   100.000   100.000    88.600   100.000   107.402   100.000   100.000   100.000   100.000
 2011     100.000   100.000   100.000   100.000   100.000   100.000   100.000   100.000   100.000   100.000   100.000   100.000
 2012     100.000   100.000   100.000   100.000   100.000   100.000   100.000   100.000   100.000   100.000   100.000   100.000
 2013     100.000   100.000   100.000   100.000   100.000   100.000   100.000   100.000   100.000   100.000   100.000   100.000
 2014     100.000   100.000   100.000   100.000   100.000   100.000   100.000   100.000   100.000   100.000   100.000   100.000
 2015     100.000   100.000   100.000   100.000   100.000   100.000   100.000   100.000   100.000   100.000   100.000   100.000
 2016     100.000   100.000   100.000   100.000   100.000   100.000   100.000   100.000   100.000   100.000   100.000   100.000
 2017     100.000   100.000   100.000   100.000   100.000   100.000   100.000   100.000   100.000   100.000   100.000   100.000
 2018     100.000   100.000   100.000   100.000   100.000   100.000   100.000   100.000   100.000   100.000   100.000   100.000
 2019     100.000   100.000   100.000   100.000   100.000   100.000   100.000   100.000   100.000   100.000   100.000   100.000
 2020     100.000   100.000   100.000   100.000   100.000   100.000   100.000   100.000   100.000   100.000   100.000   100.000
 2021     100.000   100.000   100.000   100.000   100.000   100.000   100.000   100.000   100.000   100.000   100.000   100.000
 2022     100.000   100.000   100.000   100.000   100.000   100.000   100.000   100.000   100.000   100.000   100.000   100.000
 2023     100.000   100.000   100.000   100.000   100.000   100.000   100.000   100.000   100.000   100.000   100.000
 
 
 
 FORECAST FUNCTION OF ORIGINAL SERIES: 
  
ORIGIN: 227 PERIODS AHEAD: 24
  
 OBS    DATE         FORECAST          STD ERROR        FORECAST          STD ERROR   
                        (SERIES IN LOGS)                     (SERIES IN LEVELS)       
 228  Dec-2023       4.24765          0.196093E-01       69.9407           1.37162    
 229  Jan-2024       4.25967          0.214386E-01       70.7866           1.51774    
 230  Feb-2024       4.26133          0.221257E-01       70.9042           1.56899    
 231  Mar-2024       4.26772          0.254224E-01       71.3589           1.81441    
 232  Apr-2024       4.26808          0.273401E-01       71.3848           1.95203    
 233  May-2024       4.25855          0.285082E-01       70.7072           2.01615    
 234  Jun-2024       4.25678          0.303384E-01       70.5822           2.14184    
 235  Jul-2024       4.25845          0.319515E-01       70.7007           2.25957    
 236  Aug-2024       4.31014          0.332283E-01       74.4510           2.47456    
 237  Sep-2024       4.25856          0.346440E-01       70.7079           2.45034    
 238  Oct-2024       4.25622          0.360168E-01       70.5426           2.54154    
 239  Nov-2024       4.25758          0.372479E-01       70.6392           2.63207    
 240  Dec-2024       4.24578          0.403016E-01       69.8104           2.81461    
 241  Jan-2025       4.26310          0.421274E-01       71.0300           2.99364    
 242  Feb-2025       4.26564          0.435943E-01       71.2106           3.10585    
 243  Mar-2025       4.26900          0.455794E-01       71.4501           3.25835    
 244  Apr-2025       4.27066          0.472958E-01       71.5688           3.38680    
 245  May-2025       4.26184          0.487965E-01       70.9405           3.46371    
 246  Jun-2025       4.25904          0.504180E-01       70.7423           3.56895    
 247  Jul-2025       4.26096          0.519678E-01       70.8779           3.68585    
 248  Aug-2025       4.31300          0.534088E-01       74.6643           3.99058    
 249  Sep-2025       4.26110          0.548565E-01       70.8881           3.89160    
 250  Oct-2025       4.25877          0.562714E-01       70.7229           3.98283    
 251  Nov-2025       4.26028          0.576287E-01       70.8301           4.08524    
