
                                        PROGRAM TRAMO+

             (based on program TRAMO, Victor Gomez and Agustin Maravall©,1996)

         Developed at the Bank of Spain by Gianluca Caporello and Agustin Maravall,
         with programming support from Domingo Pérez Cañete and Roberto López Pavón.

                 VERSION: 1.0 (Revision: 942  Build: 2017/09/25 09:39:13)


 SERIES TITLE=DIVIZ08                                                                         

 INPUT PARAMETERS
   lam= 0   d= 0   p= 1   q= 0   ireg= 1   seats= 2   int2=227   rsa= 0   modelsumm= 1   va=   3.742
 
  WARNING :
    Remember to define the regression variable name in the first line of the external regression file.
   Name : NOT DEFINED.
   Reglist01
    Iuser=-1   Nser= 1   Ilong= 312
 

 NUMBER OF OBSERVATIONS: 227


 ORIGINAL SERIES 

 YEAR        JAN       FEB       MAR       APR       MAY       JUN       JUL       AUG       SEP       OCT       NOV       DEC 

 2005      51.200    58.100    71.000    76.000    69.600    68.200    62.400    53.500    58.300    61.600    52.200    54.400
 2006      91.200   101.900    98.600    64.100    89.200   102.000    84.200    52.600    84.500    92.600    78.200    48.600
 2007      65.300    69.800    81.800   104.000    91.800   117.900   105.100    47.000    69.300    94.800    75.300    52.100
 2008      60.000    64.600    61.400    70.500    74.500    73.400    84.900    67.300    92.500    80.800    53.000    38.000
 2009      63.600    82.000    72.700    73.800    64.200    94.900    96.800    76.100    78.400    89.200    66.200    63.200
 2010      88.300    75.600    87.200    86.600    80.600    90.200    86.100    80.200    94.600    89.700    85.300    78.100
 2011      94.500    86.500   107.100   103.700   120.500   112.500   141.600    71.900   101.300    77.800    88.800    94.700
 2012      80.300    85.500    97.600    91.100    92.600    88.900    86.600    52.100    74.500    79.700    82.100    75.600
 2013      95.100    98.400    79.400    87.900    91.700    88.300    97.500    60.500    88.200    97.800    89.000    70.900
 2014      95.100    93.300    99.000   106.300   107.300    99.000   100.400    64.400    93.200    99.800    83.800    65.800
 2015      76.500    88.400   113.100   112.500   113.400   113.000   112.500    70.600   112.500   103.100   104.000    80.300
 2016     105.800    96.500   112.700   128.800   127.700   112.700   113.900    75.800   114.500    89.800    93.500   104.400
 2017      92.200   114.900   130.500   108.000   143.400   124.200   130.200    92.800   110.400   106.300   111.300    70.600
 2018     120.400   106.700   124.500   158.200   153.000   133.900   124.700    90.200   117.700   127.900   180.200    84.700
 2019     122.600   188.400   170.700   146.400   180.900   129.200   226.800    75.500   127.900   179.800   104.600    80.100
 2020     115.700   143.800   114.300    82.000   120.700   147.700   156.200   126.600   173.300   211.300   120.000   139.800
 2021     124.800   248.100   174.200   153.100   157.300   168.600   156.800   113.800   132.300   143.900   133.500   182.700
 2022     124.000   151.200   195.800   211.100   184.400   287.100   152.800   131.200   153.100   129.900   130.200   130.800
 2023     129.100   147.300   192.800   186.400   191.700   172.200   150.000   121.100   174.300   166.300   139.000


 MODEL PARAMETERS            
 ----------------
  MQ= 12         IMEAN=  1      LAM=  0      D=  0       BD=  1
  P=  1          BP=  0         Q=  0        BQ=  1      IREG=  1
  ITRAD=  0      SMPDAY=  0     IEAST=  0      IDUR=  6     M= 36       IQM= 24
  INCON=  0      NBACK=  0      NPRED= 24    INTERP=  2  INIT=  0
  IFILT=  2      IROOT=  2    INIC=  0    ICONCE=  1
  ICDET=  1      IATIP=  0      IMVX=  0     IDIF=  0    PG=  0
  AIO=  2        INT1=  1       INT2= 227    RSA=  0     SEATS=  2
  VA= 3.74       TOL=  0.100E-03             PC=  0.120E+00
  NOADMISS= 1    STOCHTD 0    BIAS= 1
  THLIM=  0.000  BTHLIM=  0.000   RMOD=  0.500



BTH =        -0.10

PHI =        -0.10

NUMBER OF INITIAL OBS. =  12

Log-Level pretest : LOGS are Selected

  MEAN OF DIFFERENCED SERIES  0.52696E-01

 DIFFERENCED TRANSFORMED SERIES

 YEAR        JAN       FEB       MAR       APR       MAY       JUN       JUL       AUG       SEP       OCT       NOV       DEC 

 2006       0.577     0.562     0.328    -0.170     0.248     0.403     0.300    -0.017     0.371     0.408     0.404    -0.113
 2007      -0.334    -0.378    -0.187     0.484     0.029     0.145     0.222    -0.113    -0.198     0.023    -0.038     0.070
 2008      -0.085    -0.077    -0.287    -0.389    -0.209    -0.474    -0.213     0.359     0.289    -0.160    -0.351    -0.316
 2009       0.058     0.239     0.169     0.046    -0.149     0.257     0.131     0.123    -0.165     0.099     0.222     0.509
 2010       0.328    -0.081     0.182     0.160     0.227    -0.051    -0.117     0.052     0.188     0.006     0.253     0.212
 2011       0.068     0.135     0.206     0.180     0.402     0.221     0.497    -0.109     0.068    -0.142     0.040     0.193
 2012      -0.163    -0.012    -0.093    -0.130    -0.263    -0.235    -0.492    -0.322    -0.307     0.024    -0.078    -0.225
 2013       0.169     0.141    -0.206    -0.036    -0.010    -0.007     0.119     0.149     0.169     0.205     0.081    -0.064
 2014       0.000    -0.053     0.221     0.190     0.157     0.114     0.029     0.062     0.055     0.020    -0.060    -0.075
 2015      -0.218    -0.054     0.133     0.057     0.055     0.132     0.114     0.092     0.188     0.033     0.216     0.199
 2016       0.324     0.088    -0.004     0.135     0.119    -0.003     0.012     0.071     0.018    -0.138    -0.106     0.262
 2017      -0.138     0.175     0.147    -0.176     0.116     0.097     0.134     0.202    -0.036     0.169     0.174    -0.391
 2018       0.267    -0.074    -0.047     0.382     0.065     0.075    -0.043    -0.028     0.064     0.185     0.482     0.182
 2019       0.018     0.569     0.316    -0.078     0.168    -0.036     0.598    -0.178     0.083     0.341    -0.544    -0.056
 2020      -0.058    -0.270    -0.401    -0.580    -0.405     0.134    -0.373     0.517     0.304     0.161     0.137     0.557
 2021       0.076     0.545     0.421     0.624     0.265     0.132     0.004    -0.107    -0.270    -0.384     0.107     0.268
 2022      -0.006    -0.495     0.117     0.321     0.159     0.532    -0.026     0.142     0.146    -0.102    -0.025    -0.334
 2023       0.040    -0.026    -0.015    -0.124     0.039    -0.511    -0.018    -0.080     0.130     0.247     0.065




 AUTOCORRELATIONS
 ----------------
      0.3500   0.2217   0.1488   0.0903   0.1527   0.0296  -0.0146   0.0211  -0.1523  -0.0904  -0.1249  -0.3756
 SE   0.0682   0.0761   0.0790   0.0803   0.0808   0.0821   0.0822   0.0822   0.0822   0.0835   0.0840   0.0848
     -0.1375  -0.0837   0.0090   0.0649  -0.0603   0.0007  -0.0420  -0.0682   0.0730   0.0001  -0.0087  -0.1050
 SE   0.0923   0.0932   0.0936   0.0936   0.0938   0.0939   0.0939   0.0940   0.0943   0.0945   0.0945   0.0945
     -0.1460  -0.0866  -0.0577  -0.1048  -0.0607  -0.1013  -0.0725  -0.0426  -0.0608  -0.0336  -0.0097  -0.0819
 SE   0.0951   0.0961   0.0965   0.0966   0.0972   0.0973   0.0978   0.0981   0.0982   0.0983   0.0984   0.0984


 PARTIAL AUTOCORRELATIONS
 ---------------------
      0.3500   0.1130   0.0466   0.0078   0.1135  -0.0749  -0.0495   0.0339  -0.1862  -0.0107  -0.0543  -0.3449
 SE   0.0682   0.0682   0.0682   0.0682   0.0682   0.0682   0.0682   0.0682   0.0682   0.0682   0.0682   0.0682
      0.1210   0.0925   0.0616   0.1013  -0.0248  -0.0482  -0.0706  -0.0502  -0.0042  -0.0230  -0.0406  -0.2678
 SE   0.0682   0.0682   0.0682   0.0682   0.0682   0.0682   0.0682   0.0682   0.0682   0.0682   0.0682   0.0682
     -0.0282   0.0123   0.0897   0.0155  -0.0283  -0.0614  -0.1004  -0.0306   0.0021  -0.0273   0.0251  -0.2947
 SE   0.0682   0.0682   0.0682   0.0682   0.0682   0.0682   0.0682   0.0682   0.0682   0.0682   0.0682   0.0682
  
 ARIMA MODEL ESTIMATION 
  
 METHOD OF ESTIMATION: EXACT MAXIMUM LIKELIHOOD           
  
 PARAMETER      ESTIMATE           STD ERROR      T RATIO   LAG  
  
 PHI1         -0.33027           0.64649E-01       -5.11      1
 BTH         -0.95000           0.21387E-01      -44.42     12
  
 
 REGULAR AR INVERSE ROOTS ARE 
 NO.     REAL P.     IMAG.P.     MODULUS    ARGUMENT      PERIOD
  1      0.33027       0.0000      0.33027       0.0000            -  
 
 SEASONAL MA INVERSE ROOTS ARE 
 NO.     REAL P.     IMAG.P.     MODULUS    ARGUMENT      PERIOD
  1      0.95000       0.0000      0.95000       0.0000            -  
  
 CORRELATIONS OF THE ESTIMATES 
  
  1.000    0.092
  0.092    1.000
  
 AIC 
    -132.336
  
 BIC 
     -3.5125
  
 FINAL VALUE OF OBJECTIVE FUNCTION: 
                6.5537    
  
 RADETN:    1.06279722108462     
 ITERATIONS:           10
  
  NUMBER OF FUNCTION EVALUATIONS:           32
  

 ESTIMATES OF REGRESSION PARAMETERS 
 CONCENTRATED OUT OF THE LIKELIHOOD 

 PARAMETER           VALUE          ST. ERROR     T VALUE
 MU                  0.49627E-01    (     0.00305)   16.25
 REG      1          0.45319E-01    (     0.01145)    3.96

 VAR-CORRELATION MATRIX OF ESTIMATORS 

   0.933E-05
  -0.148E-01   0.131E-03


 VARIANCES ARE IN THE MAIN DIAGONAL; 
 OFF-DIAGONAL ELEMENTS ARE CORRELATIONS. 



ACF DIFFERENCED SERIES




 AUTOCORRELATIONS
 ----------------
      0.3522   0.2212   0.1477   0.0893   0.1503   0.0318  -0.0137   0.0237  -0.1509  -0.0892  -0.1282  -0.3772
 SE   0.0682   0.0762   0.0791   0.0804   0.0809   0.0821   0.0822   0.0822   0.0822   0.0835   0.0840   0.0849
     -0.1346  -0.0848   0.0098   0.0656  -0.0608  -0.0005  -0.0449  -0.0689   0.0734  -0.0009  -0.0086  -0.1031
 SE   0.0923   0.0932   0.0936   0.0936   0.0938   0.0940   0.0940   0.0941   0.0943   0.0946   0.0946   0.0946
     -0.1481  -0.0861  -0.0591  -0.1050  -0.0583  -0.1024  -0.0703  -0.0434  -0.0604  -0.0333  -0.0116  -0.0804
 SE   0.0951   0.0962   0.0966   0.0967   0.0972   0.0974   0.0979   0.0981   0.0982   0.0984   0.0985   0.0985
  
  
  NUMBER OF WHITE NOISE RESIDUALS          213
  
 WHITE NOISE RESIDUALS
  

 YEAR        JAN       FEB       MAR       APR       MAY       JUN       JUL       AUG       SEP       OCT       NOV       DEC 

 2006                           0.047    -0.150     0.175     0.208     0.097    -0.108     0.284     0.145     0.200    -0.084
 2007      -0.157    -0.092    -0.015     0.292    -0.024     0.206     0.136    -0.233     0.039     0.079     0.059    -0.054
 2008      -0.220    -0.179    -0.178    -0.191    -0.051    -0.217    -0.038     0.281     0.042    -0.174    -0.214    -0.305
 2009       0.039     0.047    -0.182    -0.160    -0.179     0.027    -0.004     0.218    -0.173     0.017    -0.078     0.105
 2010       0.207    -0.184    -0.026    -0.054    -0.055    -0.113    -0.085     0.175     0.001    -0.027     0.128     0.134
 2011       0.112    -0.066     0.142     0.058     0.189    -0.028     0.342    -0.158     0.069    -0.211     0.159     0.338
 2012      -0.221    -0.077     0.019    -0.033    -0.094    -0.198    -0.177    -0.306    -0.078    -0.208     0.051     0.111
 2013      -0.049     0.040    -0.229    -0.088    -0.098    -0.165    -0.129    -0.136    -0.043    -0.057     0.069    -0.081
 2014       0.003    -0.063    -0.005     0.004     0.016    -0.133    -0.155    -0.057    -0.096    -0.066    -0.036    -0.157
 2015      -0.174    -0.086     0.066    -0.046     0.076    -0.099    -0.088    -0.075     0.050    -0.076     0.076    -0.079
 2016       0.122    -0.188     0.010     0.103     0.006    -0.134    -0.011    -0.109     0.022    -0.198    -0.038     0.232
 2017      -0.245     0.086     0.005    -0.055     0.114    -0.097     0.057     0.024    -0.070    -0.095     0.064    -0.173
 2018       0.059    -0.099    -0.006     0.248     0.026    -0.068    -0.092    -0.010     0.020    -0.018     0.454    -0.213
 2019      -0.006     0.430     0.132    -0.043     0.196    -0.141     0.425    -0.353     0.066     0.274    -0.217    -0.166
 2020      -0.018     0.102    -0.263    -0.544     0.042     0.027    -0.038     0.273     0.115     0.340    -0.210     0.289
 2021      -0.052     0.547    -0.083    -0.042     0.020     0.051    -0.062     0.054    -0.144     0.036    -0.011     0.420
 2022      -0.204     0.002     0.168     0.297    -0.037     0.504    -0.246     0.152    -0.068    -0.149    -0.035     0.086
 2023      -0.180    -0.097     0.097     0.096    -0.020    -0.119    -0.169     0.012     0.055    -0.064    -0.100
 
 
  STABILITY TEST
 
 
     1. FULL PERIOD
                  FIRST HALF                    SECOND HALF
           Mean(t)          Variance      Mean(t)          Variance
      -0.25E-01( -1.7    )  0.21E-01  0.67E-02( 0.39    )  0.31E-01
 
      Mean assumed equal to 0
      VR(variance ratio)=  1.5    
 
      MEAN STABILITY IS NOT REJECTED.
      VARIANCE STABILITY IS NOT REJECTED.


 
     2. LAST 10 YEARS
                  FIRST HALF                    SECOND HALF
           Mean(t)          Variance      Mean(t)          Variance
      -0.30E-01( -2.4    )  0.94E-02  0.27E-01(  1.0    )  0.46E-01
 
      Mean assumed equal to 0
      VR(variance ratio)=  4.9    
 
      LAST 10 YEARS MEAN STABILITY IS NOT REJECTED.
      LAST 10 YEARS VARIANCE STABILITY IS REJECTED.


 
  OUT-OF-SAMPLE TEST
  ------------------
      Model re-estimated on Linearized series for first 209 observations.
       18 One-Period-Ahead Forecasts computed with model fixed.
      Comparison between forecast errors (last   18 observations) and residuals (in-sample):

        Mean(Forecast Errors)
            p-value= 0.7080
            Mean of forecast errors can be assumed zero.

        Out-of-Sample MSE is :  0.2811E-01
        In-Sample MSE is :  0.2711E-01
        F( 18,196) is :  0.104E+01
            p-value(%)=42.0138

        Mean and Variance of forecast Errors and In-Sample residuals ARE NOT significantly different.


 TEST-STATISTICS ON RESIDUALS
 ----------------------------


           MEAN=  -0.8846880E-02
        ST.DEV.=   0.1112941E-01
        OF MEAN
        T-VALUE= -0.7949

 NORMALITY TEST=   25.80        ( CHI-SQUARE(2) )

       SKEWNESS=  0.6405          ( SE =  0.1678 )
       KURTOSIS=  4.1253          ( SE =  0.3357 )

 SUM OF SQUARES=    5.682310    

  DURBIN-WATSON=  2.1003

 STANDARD ERROR=   0.1658261    
 OF RESID.
  MSE OF RESID.=   0.2749828E-01




 AUTOCORRELATIONS
 ----------------
     -0.0598   0.1174   0.0372   0.1232   0.0740   0.0374  -0.0329   0.0971  -0.1363   0.0583   0.0225   0.1155
 SE   0.0685   0.0685   0.0685   0.0685   0.0685   0.0685   0.0685   0.0685   0.0685   0.0685   0.0685   0.0685
 Q      0.77     3.77     4.07     7.40     8.60     8.91     9.15    11.26    15.43    16.20    16.32    19.36
 PV    -1.00    -1.00     0.04     0.02     0.04     0.06     0.10     0.08     0.03     0.04     0.06     0.04
     -0.0612  -0.0249   0.0348   0.1406  -0.0847   0.0409  -0.0435  -0.0585   0.0264   0.0290   0.0469  -0.0947
 SE   0.0685   0.0685   0.0685   0.0685   0.0685   0.0685   0.0685   0.0685   0.0685   0.0685   0.0685   0.0685
 Q     20.21    20.36    20.64    25.23    26.91    27.30    27.75    28.56    28.73    28.93    29.46    31.63
 PV     0.04     0.06     0.08     0.03     0.03     0.04     0.05     0.05     0.07     0.09     0.10     0.08
     -0.0582  -0.0027   0.0570  -0.0093  -0.0258  -0.0400  -0.0560  -0.0485  -0.0272   0.0514   0.0401  -0.1824
 SE   0.0685   0.0685   0.0685   0.0685   0.0685   0.0685   0.0685   0.0685   0.0685   0.0685   0.0685   0.0685
 Q     32.46    32.46    33.26    33.28    33.45    33.85    34.64    35.23    35.42    36.10    36.51    45.11
 PV     0.09     0.12     0.12     0.15     0.18     0.21     0.22     0.23     0.27     0.28     0.31     0.10

  LJUNG-BOX Q VALUE OF ORDER  24 IS     31.63 AND IF RESIDUALS ARE RANDOM IT SHOULD BE DISTRIBUTED AS CHI-SQUARE(22)
  p-value= 0.0839
  THE PIERCE QS VALUE IS      3.04 AND IF RESIDUALS ARE RANDOM IT SHOULD BE DISTRIBUTED AS CHI-SQUARE(2)

 APPROXIMATE TEST OF RUNS ON RESIDUALS
 -------------------------------------
  NUM.DATA= 213
   NUM.(+)= 107
   NUM.(-)= 106
  NUM.RUNS= 110
   T-VALUE=  0.4121


  NON-PARAMETRIC TEST FOR RESIDUAL SEASONALITY (FRIEDMAN) SEAS_NP =     10.25
    ASYMP. DISTRIBUTED AS CHI-SQUARE(11)
    p-value= 0.5082



 SQUARED RESIDUALS:
 ------------------




 AUTOCORRELATIONS
 ----------------
      0.0300   0.0550   0.0439   0.0896   0.0302   0.1714   0.0178   0.1336   0.0685   0.2322  -0.0086  -0.0461
 SE   0.0685   0.0685   0.0685   0.0685   0.0685   0.0685   0.0685   0.0685   0.0685   0.0685   0.0685   0.0685
 Q      0.19     0.85     1.27     3.03     3.23     9.73     9.80    13.79    14.84    27.01    27.03    27.51
 PV    -1.00    -1.00     0.26     0.22     0.36     0.05     0.08     0.03     0.04     0.00     0.00     0.00
     -0.0230   0.1238  -0.0306   0.2144   0.0724   0.0518   0.0234   0.1307  -0.0206  -0.0275   0.0058   0.1214
 SE   0.0685   0.0685   0.0685   0.0685   0.0685   0.0685   0.0685   0.0685   0.0685   0.0685   0.0685   0.0685
 Q     27.63    31.16    31.38    42.06    43.29    43.92    44.04    48.10    48.20    48.38    48.39    51.96
 PV     0.00     0.00     0.00     0.00     0.00     0.00     0.00     0.00     0.00     0.00     0.00     0.00
     -0.0484   0.1133   0.0680  -0.0201  -0.0297  -0.0499  -0.0221  -0.0419  -0.0451   0.0970   0.0404  -0.0328
 SE   0.0685   0.0685   0.0685   0.0685   0.0685   0.0685   0.0685   0.0685   0.0685   0.0685   0.0685   0.0685
 Q     52.53    55.67    56.81    56.91    57.13    57.76    57.88    58.32    58.84    61.25    61.67    61.94
 PV     0.00     0.00     0.00     0.00     0.00     0.00     0.00     0.00     0.00     0.00     0.00     0.00

  McLEOD-LI Q VALUE OF ORDER  24 IS     51.96 AND IF RESIDUALS ARE RANDOM IT SHOULD BE DISTRIBUTED AS CHI-SQUARE(24)
  p-value= 0.0008
 
 
 
SPECTRAL DIAGNOSTICS
 --------------------
 
A. SEASONAL SPECTRAL PEAKS
 
                           Frequency (cycles per year)
                     One    Two   Three  Four   Five    Six  
 Original series      aT     -t     aT     -t     aT     -t
 Linearized series    aT     -t     aT     -T     aT     -t
 Residuals            --     --     --     --     --     --
 
 AT : peaks detected in AR(30) and using Tukey spectrum  estimator
 A- : only peaks detected in AR(30) spectrum estimator
 -T : only peaks detected using Tukey spectrum estimator
 -- : No peaks detected in AR(30) nor using Tukey spectrum estimator
 
 
 
B. STOCHASTIC SEASONALITY: SPECTRAL EVIDENCE
 
 1 :  SERIES CONTAINS SEASONALITY THAT CAN BE RELIABLY EXTRACTED.
 0 :  SEASONALITY IS NOT PRESENT IN THE SERIES OR IS TOO WEAK TO BE RELIABLY CAPTURED.
 
 ORIGINAL SERIES :   1
 LINEARIZED SERIES : 1
 RESIDUALS :         0
 
 
 
C. TRADING DAY EFFECT: SPECTRAL EVIDENCE
 
 1 :  TRADING DAY EFFECT DETECTED
 0 :  NO TRADING DAY EFFECT DETECTED
 
 LINEARIZED SERIES : 0
 RESIDUALS :         0
 
 
OVERALL TEST FOR IDENTIFIABLE SEASONALITY 
----------------------------------------- 
 
  AUTOCORRELATION FUNCTION EVIDENCE : YES
  NON-PARAMETRIC EVIDENCE           : YES
  F-TEST                            :  - 
  SPECTRAL EVIDENCE                 : YES
 
IDENTIFIABLE SEASONALITY FOUND IN SERIES
 
 
OVERALL TEST FOR RESIDUALS SEASONALITY 
----------------------------------------- 
 
  AUTOCORRELATION FUNCTION EVIDENCE : NO 
  NON-PARAMETRIC EVIDENCE           : NO 
  F-TEST                            : NO 
  SPECTRAL EVIDENCE                 : NO 
 
NO IDENTIFIABLE SEASONALITY FOUND IN RESIDUALS
 
 
ARIMA MODEL : POOR FIT
----------------------
 
QUALITY ARIMA MODEL TESTS
----------------------------------------

  Mean in residuals                      :GOOD        
  Autocorrelation in residuals           :GOOD        
  Normality of residuals                 :POOR        
  Skewness of residuals                  :POOR        
  Kurtosis of residuals                  :MILDLY POOR 
  Randomness of residual sign            :GOOD        
  Instability of residual mean           :GOOD        
  Instability of residual variance       :POOR        
  Seasonality in residuals               :GOOD        
  Trading day in residuals               :GOOD        
  Out-of-sample forecast errors          :GOOD        
  Number of outliers                     :GOOD        
 


 LINEAR SERIES


 YEAR        JAN       FEB       MAR       APR       MAY       JUN       JUL       AUG       SEP       OCT       NOV       DEC 

 2005      52.879    58.563    70.807    75.770    67.816    67.334    65.723    52.129    56.806    64.881    51.530    54.400
 2006      90.017   102.711    93.975    69.969    86.913   100.705    88.684    51.252    86.151    93.210    77.196    53.211
 2007      61.598    70.356    81.578   108.492    89.447   116.403   105.793    45.795    73.930    91.197    74.334    54.515
 2008      56.598    62.229    67.043    67.172    75.956    75.828    81.673    71.796    90.129    77.729    54.745    38.000
 2009      65.686    82.653    72.503    70.316    68.489    93.695    93.121    77.587    76.390    89.788    65.350    60.400
 2010      95.424    76.202    83.110    82.512    82.175    89.055    86.668    78.144    92.175    94.477    84.205    71.333
 2011      97.599    87.189   106.809   103.386   117.411   111.071   149.142    70.057    98.703    81.944    87.660    94.700
 2012      79.259    82.362    97.335    95.035    90.226    87.771    87.171    50.764    79.477    76.671    81.046    79.105
 2013      89.708    99.183    82.855    87.634    89.349    91.220    93.794    61.682    89.923    94.083    91.931    70.900
 2014      93.867    94.043   103.308   105.978   109.397   102.274    96.584    68.702    90.811    96.007    86.560    65.800
 2015      79.009    89.104   112.793   107.189   120.976   111.565   108.224    71.979   109.616   103.780   102.665    76.742
 2016     114.335    92.959   112.394   128.410   124.427   111.269   119.966    73.857   111.565    94.583    92.300   104.400
 2017      91.004   115.815   124.379   117.888   139.724   122.623   137.134    90.421   112.557   107.001   109.872    77.298
 2018     113.573   107.550   124.162   165.033   149.078   132.200   125.522    87.888   125.563   123.039   177.888    88.627
 2019     115.649   189.900   178.129   145.956   176.263   133.473   218.180    76.975   130.399   172.966   108.045    80.100
 2020     114.200   144.945   113.990    78.129   128.764   145.824   150.263   129.074   168.858   212.693   118.460   133.606
 2021     134.868   250.075   166.030   145.873   160.374   166.459   157.834   110.883   128.909   151.564   131.787   166.869
 2022     128.066   152.404   186.617   220.217   179.673   283.454   160.938   127.837   149.176   136.818   128.529   130.800
 2023     127.426   148.473   183.757   203.465   186.786   170.013   157.989   117.996   177.706   167.396   137.216


  AUTOCORRELATION FUNCTION TEST FOR SEASONALITY IN LINEARIZEDSERIES QS =    89.43  ASIMPTOTICALLY DISTRIBUTED AS CHI-SQUARE(2)
    p-value= 0.0000


  NON-PARAMETRIC TEST FOR SEASONALITY IN LINEARIZED SERIES (FRIEDMAN) SEAS_NP =     80.29
    ASYMP. DISTRIBUTED AS CHI-SQUARE(11)
    p-value= 0.0000


TOTAL REGRESSION EFFECT FACTORS


 YEAR        JAN       FEB       MAR       APR       MAY       JUN       JUL       AUG       SEP       OCT       NOV       DEC 

 2005      96.825    99.210   100.272   100.304   102.631   101.286    94.943   102.631   102.631    94.943   101.300   100.000
 2006     101.314    99.210   104.921    91.613   102.631   101.286    94.943   102.631    98.083    99.345   101.300    91.335
 2007     106.011    99.210   100.272    95.860   102.631   101.286    99.345   102.631    93.738   103.951   101.300    95.569
 2008     106.011   103.810    91.584   104.954    98.083    96.798   103.951    93.738   102.631   103.951    96.812   100.000
 2009      96.825    99.210   100.272   104.954    93.738   101.286   103.951    98.083   102.631    99.345   101.300   104.636
 2010      92.535    99.210   104.921   104.954    98.083   101.286    99.345   102.631   102.631    94.943   101.300   109.487
 2011      96.825    99.210   100.272   100.304   102.631   101.286    94.943   102.631   102.631    94.943   101.300   100.000
 2012     101.314   103.810   100.272    95.860   102.631   101.286    99.345   102.631    93.738   103.951   101.300    95.569
 2013     106.011    99.210    95.829   100.304   102.631    96.798   103.951    98.083    98.083   103.951    96.812   100.000
 2014     101.314    99.210    95.829   100.304    98.083    96.798   103.951    93.738   102.631   103.951    96.812   100.000
 2015      96.825    99.210   100.272   104.954    93.738   101.286   103.951    98.083   102.631    99.345   101.300   104.636
 2016      92.535   103.810   100.272   100.304   102.631   101.286    94.943   102.631   102.631    94.943   101.300   100.000
 2017     101.314    99.210   104.921    91.613   102.631   101.286    94.943   102.631    98.083    99.345   101.300    91.335
 2018     106.011    99.210   100.272    95.860   102.631   101.286    99.345   102.631    93.738   103.951   101.300    95.569
 2019     106.011    99.210    95.829   100.304   102.631    96.798   103.951    98.083    98.083   103.951    96.812   100.000
 2020     101.314    99.210   100.272   104.954    93.738   101.286   103.951    98.083   102.631    99.345   101.300   104.636
 2021      92.535    99.210   104.921   104.954    98.083   101.286    99.345   102.631   102.631    94.943   101.300   109.487
 2022      96.825    99.210   104.921    95.860   102.631   101.286    94.943   102.631   102.631    94.943   101.300   100.000
 2023     101.314    99.210   104.921    91.613   102.631   101.286    94.943   102.631    98.083    99.345   101.300
 
 
 
 FORECAST FUNCTION OF ORIGINAL SERIES: 
  
ORIGIN: 227 PERIODS AHEAD: 24
  
 OBS    DATE         FORECAST          STD ERROR        FORECAST          STD ERROR   
                        (SERIES IN LOGS)                     (SERIES IN LEVELS)       
 228  Dec-2023       4.72118          0.168371           112.301           19.0431    
 229  Jan-2024       5.05853          0.176668           157.358           28.0186    
 230  Feb-2024       5.17347          0.177531           176.527           31.5875    
 231  Mar-2024       5.13941          0.177963           170.616           30.6053    
 232  Apr-2024       5.18063          0.177552           177.795           31.8183    
 233  May-2024       5.24634          0.177637           189.870           33.9958    
 234  Jun-2024       5.21077          0.177810           183.234           32.8401    
 235  Jul-2024       5.27617          0.177909           195.618           35.0794    
 236  Aug-2024       4.80907          0.177679           122.618           21.9597    
 237  Sep-2024       5.11611          0.177636           166.686           29.8445    
 238  Oct-2024       5.20480          0.177881           182.144           32.6580    
 239  Nov-2024       5.00006          0.177828           148.422           26.6036    
 240  Dec-2024       4.88169          0.178152           131.853           23.6775    
 241  Jan-2025       5.06952          0.178274           159.098           28.5898    
 242  Feb-2025       5.17999          0.178284           177.681           31.9310    
 243  Mar-2025       5.18977          0.178749           179.427           32.3304    
 244  Apr-2025       5.23050          0.178295           186.886           33.5875    
 245  May-2025       5.25073          0.178381           190.705           34.2906    
 246  Jun-2025       5.26042          0.178540           192.562           34.6558    
 247  Jul-2025       5.32580          0.178632           205.573           37.0168    
 248  Aug-2025       4.81338          0.179201           123.147           22.2465    
 249  Sep-2025       5.21106          0.178390           183.288           32.9586    
 250  Oct-2025       5.25443          0.178605           191.412           34.4615    
 251  Nov-2025       5.04969          0.178558           155.974           28.0738    
