
                                        PROGRAM TRAMO+

             (based on program TRAMO, Victor Gomez and Agustin Maravall©,1996)

         Developed at the Bank of Spain by Gianluca Caporello and Agustin Maravall,
         with programming support from Domingo Pérez Cañete and Roberto López Pavón.

                 VERSION: 1.0 (Revision: 942  Build: 2017/09/25 09:39:13)


 SERIES TITLE=DIVIE11                                                                         

 INPUT PARAMETERS
   lam= 0   imean= 0   ireg= 2   seats= 2   int2=227   rsa= 0   modelsumm= 1   va=   3.742
 
  WARNING :
    Remember to define the regression variable name in the first line of the external regression file.
   Name : NOT DEFINED.
   Reglist01
    Iuser=-1   Nser= 1   Ilong= 312
 
   Name : NOT DEFINED.
   Reglist02
    Iuser= 2   Nser= 1   Ilong=   0
 
   Fixed Outliers:
   #Observ. Type
      16     AO
 

 NUMBER OF OBSERVATIONS: 227


 ORIGINAL SERIES 

 YEAR        JAN       FEB       MAR       APR       MAY       JUN       JUL       AUG       SEP       OCT       NOV       DEC 

 2005      38.000    43.100    56.800    55.100    61.500    66.200    71.700    50.500    63.200    58.500    63.200    58.400
 2006      41.500    50.400    67.200    68.700    70.200    69.000    75.700    59.800    66.100    71.500    70.200    57.900
 2007      58.200    60.400    69.500    61.000    81.000    79.500    89.100    62.800    73.800    86.500    84.000    60.000
 2008      60.700    60.400    67.600    78.900    74.800    84.400    94.900    58.600    84.500    89.000    82.100    72.800
 2009      50.700    62.400    66.200    68.500    73.400    80.500    89.300    58.200    80.100    84.900    89.800    75.300
 2010      53.700    64.000    81.100    76.900    81.900    83.400    96.100    63.500    84.100    93.700    99.300    82.900
 2011      55.500    65.200    83.800    76.100    88.700    84.500    90.900    69.400    90.400    98.500   109.000    83.600
 2012      60.400    80.300    90.500    77.100    90.500    93.600   104.900    77.000    91.800   111.600   104.300    87.100
 2013      74.300    80.100    93.500    88.900   100.900    98.500   117.000    78.400    98.200   118.100   106.200    90.100
 2014      73.900    73.000    89.700    89.100    94.400    97.900   118.200    73.200   105.500   113.400   100.900    89.900
 2015      72.800    85.900   105.300   103.300    99.800   105.400   120.000    78.300   107.600   109.200   114.400    98.100
 2016      77.500    88.800   100.100    96.000   107.800   108.900   108.400    94.900   109.500   114.200   119.600   105.000
 2017      78.700    88.800   111.600    97.500   118.700   118.500   123.100   101.400   113.900   125.000   132.600   106.300
 2018      94.100    95.300   112.100   102.600   119.700   125.800   135.600   108.100   119.900   148.300   143.700   110.500
 2019     101.700   111.300   125.500   121.100   134.100   117.400   152.100   106.600   147.800   152.500   136.300   117.700
 2020     107.500   113.800   136.500   116.000   107.600   118.300   149.700   101.500   143.300   155.800   140.900   123.100
 2021      93.500   108.700   138.600   143.400   149.900   160.000   166.000   130.600   159.400   159.700   161.000   138.300
 2022     118.300   144.800   166.000   140.900   187.300   174.500   166.200   146.200   174.600   155.400   173.000   147.300
 2023     123.900   147.700   185.000   152.400   186.100   187.700   182.600   148.700   164.600   194.700   177.900


 MODEL PARAMETERS            
 ----------------
  MQ= 12         IMEAN=  0      LAM=  0      D=  1       BD=  1
  P=  0          BP=  0         Q=  1        BQ=  1      IREG=  2
  ITRAD=  0      SMPDAY=  0     IEAST=  0      IDUR=  6     M= 36       IQM= 24
  INCON=  0      NBACK=  0      NPRED= 24    INTERP=  2  INIT=  0
  IFILT=  2      IROOT=  2    INIC=  0    ICONCE=  1
  ICDET=  1      IATIP=  0      IMVX=  0     IDIF=  0    PG=  0
  AIO=  2        INT1=  1       INT2= 227    RSA=  0     SEATS=  2
  VA= 3.74       TOL=  0.100E-03             PC=  0.120E+00
  NOADMISS= 1    STOCHTD 0    BIAS= 1
  THLIM=  0.000  BTHLIM=  0.000   RMOD=  0.500



TH =        -0.10

BTH =        -0.10

NUMBER OF INITIAL OBS. =  13

Log-Level pretest : LOGS are Selected
 DIFFERENCED TRANSFORMED SERIES

 YEAR        JAN       FEB       MAR       APR       MAY       JUN       JUL       AUG       SEP       OCT       NOV       DEC 

 2006                 0.068     0.012     0.052    -0.088    -0.091     0.013     0.115    -0.124     0.156    -0.096    -0.114
 2007       0.347    -0.157    -0.147    -0.153     0.262    -0.001     0.021    -0.114     0.061     0.080    -0.011    -0.144
 2008       0.006    -0.042    -0.028     0.285    -0.337     0.139     0.003    -0.132     0.205    -0.107    -0.051     0.216
 2009      -0.373     0.213    -0.054    -0.120     0.122    -0.028    -0.014     0.054    -0.047     0.006     0.137    -0.056
 2010       0.024    -0.032     0.178    -0.087    -0.006    -0.074     0.038     0.014    -0.038     0.050     0.002    -0.004
 2011      -0.063    -0.014     0.014    -0.043     0.090    -0.067    -0.069     0.144    -0.017    -0.022     0.043    -0.085
 2012       0.076     0.124    -0.131    -0.064     0.007     0.082     0.041    -0.039    -0.089     0.109    -0.169     0.085
 2013       0.166    -0.210     0.035     0.110    -0.034    -0.058     0.058    -0.091     0.049    -0.011    -0.039     0.016
 2014      -0.039    -0.087     0.051     0.044    -0.069     0.060     0.016    -0.079     0.140    -0.112    -0.011     0.049
 2015      -0.013     0.178    -0.002    -0.012    -0.092     0.018    -0.059     0.052    -0.048    -0.057     0.163    -0.038
 2016      -0.025    -0.029    -0.084    -0.023     0.150    -0.044    -0.134     0.294    -0.175     0.027    -0.000     0.024
 2017      -0.053    -0.015     0.109    -0.093     0.081    -0.012     0.043    -0.061    -0.027     0.051     0.013    -0.091
 2018       0.166    -0.108    -0.066     0.047    -0.043     0.051     0.037    -0.033    -0.013     0.120    -0.091    -0.042
 2019       0.039     0.078    -0.042     0.053    -0.052    -0.183     0.184    -0.129     0.223    -0.181    -0.081     0.116
 2020      -0.008    -0.033     0.062    -0.127    -0.177     0.228    -0.024    -0.033     0.018     0.052     0.012     0.012
 2021      -0.184     0.094     0.061     0.197     0.120    -0.030    -0.199     0.149    -0.146    -0.082     0.109    -0.017
 2022       0.119     0.051    -0.106    -0.198     0.240    -0.136    -0.086     0.112    -0.022    -0.118     0.099    -0.009
 2023      -0.017    -0.026     0.089    -0.030    -0.085     0.079     0.021    -0.077    -0.076     0.284    -0.198




 AUTOCORRELATIONS
 ----------------
     -0.4091  -0.0295  -0.0120  -0.0150  -0.0735   0.1050  -0.0626   0.0388  -0.0383   0.0986   0.1392  -0.3998
 SE   0.0684   0.0790   0.0790   0.0790   0.0790   0.0794   0.0800   0.0802   0.0803   0.0804   0.0810   0.0821
      0.2098  -0.1341   0.0938  -0.0103   0.0819  -0.1660   0.0906   0.0559  -0.0835  -0.0108   0.0599  -0.0997
 SE   0.0907   0.0930   0.0939   0.0943   0.0943   0.0946   0.0960   0.0964   0.0965   0.0969   0.0969   0.0971
      0.0719   0.0648  -0.0874   0.0388  -0.0283   0.0463  -0.0284  -0.0922   0.1360  -0.0394  -0.0307   0.0660
 SE   0.0975   0.0978   0.0980   0.0984   0.0984   0.0985   0.0986   0.0986   0.0990   0.0999   0.0999   0.1000


 PARTIAL AUTOCORRELATIONS
 ---------------------
     -0.4091  -0.2364  -0.1573  -0.1242  -0.1903  -0.0442  -0.0857  -0.0316  -0.0678   0.0678   0.3090  -0.2333
 SE   0.0684   0.0684   0.0684   0.0684   0.0684   0.0684   0.0684   0.0684   0.0684   0.0684   0.0684   0.0684
     -0.0206  -0.1953  -0.0386  -0.0693  -0.0151  -0.1205  -0.1170   0.1008  -0.1269   0.0149   0.1327  -0.1852
 SE   0.0684   0.0684   0.0684   0.0684   0.0684   0.0684   0.0684   0.0684   0.0684   0.0684   0.0684   0.0684
      0.0537  -0.0722  -0.0078  -0.0263   0.0272  -0.0449  -0.0499  -0.0710  -0.0488   0.0564   0.0275  -0.1094
 SE   0.0684   0.0684   0.0684   0.0684   0.0684   0.0684   0.0684   0.0684   0.0684   0.0684   0.0684   0.0684
  
 ARIMA MODEL ESTIMATION 
  
 METHOD OF ESTIMATION: EXACT MAXIMUM LIKELIHOOD           
  
 PARAMETER      ESTIMATE           STD ERROR      T RATIO   LAG  
  
 TH1         -0.63190           0.54633E-01      -11.57      1
 BTH         -0.74664           0.46891E-01      -15.92     12
  
 
 REGULAR MA INVERSE ROOTS ARE 
 NO.     REAL P.     IMAG.P.     MODULUS    ARGUMENT      PERIOD
  1      0.63190       0.0000      0.63190       0.0000            -  
 
 SEASONAL MA INVERSE ROOTS ARE 
 NO.     REAL P.     IMAG.P.     MODULUS    ARGUMENT      PERIOD
  1      0.74664       0.0000      0.74664       0.0000            -  
  
 CORRELATIONS OF THE ESTIMATES 
  
  1.000   -0.244
 -0.244    1.000
  
 AIC 
    -599.949
  
 BIC 
     -5.6266
  
 FINAL VALUE OF OBJECTIVE FUNCTION: 
               0.73141    
  
 RADETN:    1.02435377720946     
 ITERATIONS:            3
  
  NUMBER OF FUNCTION EVALUATIONS:           11
  

 ESTIMATES OF REGRESSION PARAMETERS 
 CONCENTRATED OUT OF THE LIKELIHOOD 

 PARAMETER           VALUE          ST. ERROR     T VALUE
 REG      1          0.46545E-01    (     0.00374)   12.43
 OUT 1 ( 16)         0.23881        (     0.05123)    4.66   AO    ( 4 2006)

 VAR-CORRELATION MATRIX OF ESTIMATORS 

   0.140E-04
   0.174E+00   0.262E-02


 VARIANCES ARE IN THE MAIN DIAGONAL; 
 OFF-DIAGONAL ELEMENTS ARE CORRELATIONS. 



ACF DIFFERENCED SERIES




 AUTOCORRELATIONS
 ----------------
     -0.4096  -0.0312  -0.0063  -0.0209  -0.0711   0.1054  -0.0629   0.0400  -0.0400   0.0971   0.1407  -0.3977
 SE   0.0684   0.0790   0.0791   0.0791   0.0791   0.0794   0.0800   0.0803   0.0804   0.0805   0.0810   0.0821
      0.2058  -0.1312   0.0935  -0.0112   0.0827  -0.1665   0.0878   0.0611  -0.0872  -0.0089   0.0603  -0.1035
 SE   0.0907   0.0928   0.0937   0.0941   0.0941   0.0945   0.0958   0.0962   0.0964   0.0968   0.0968   0.0969
      0.0760   0.0635  -0.0885   0.0400  -0.0293   0.0472  -0.0281  -0.0940   0.1383  -0.0419  -0.0292   0.0673
 SE   0.0975   0.0977   0.0979   0.0983   0.0984   0.0984   0.0985   0.0986   0.0990   0.0999   0.1000   0.1000
  
  
  NUMBER OF WHITE NOISE RESIDUALS          212
  
 WHITE NOISE RESIDUALS
  

 YEAR        JAN       FEB       MAR       APR       MAY       JUN       JUL       AUG       SEP       OCT       NOV       DEC 

 2006                                    -0.029     0.028    -0.055    -0.024     0.076    -0.014     0.041    -0.013    -0.025
 2007       0.137     0.028    -0.089    -0.082     0.037    -0.018    -0.029    -0.029     0.046     0.045     0.039    -0.158
 2008       0.039    -0.093    -0.021     0.064    -0.090     0.049    -0.066    -0.042     0.033     0.018     0.014     0.007
 2009      -0.126     0.001    -0.162    -0.075     0.027    -0.028    -0.053    -0.027     0.025     0.065     0.086    -0.001
 2010       0.023    -0.006     0.009    -0.015    -0.008    -0.065     0.017    -0.063    -0.002     0.130     0.070    -0.046
 2011      -0.074    -0.030     0.050    -0.026    -0.019    -0.075    -0.027     0.026     0.028     0.092     0.092     0.000
 2012      -0.096     0.075     0.014    -0.051    -0.073    -0.011     0.002     0.041     0.039     0.003    -0.049     0.058
 2013       0.038     0.008     0.016    -0.018    -0.029    -0.003    -0.030     0.012    -0.026     0.003    -0.028    -0.029
 2014       0.036    -0.122    -0.018     0.011    -0.028     0.007     0.000    -0.009     0.016    -0.041    -0.058     0.003
 2015       0.077     0.071     0.040     0.030    -0.007    -0.060    -0.054    -0.035    -0.007    -0.053     0.012    -0.000
 2016       0.124    -0.027    -0.058    -0.009    -0.014    -0.002    -0.054     0.119    -0.042     0.011    -0.006     0.060
 2017      -0.062     0.007    -0.011     0.060     0.020     0.005     0.007     0.058    -0.031    -0.034     0.029     0.068
 2018      -0.005    -0.030    -0.050    -0.028    -0.028     0.029     0.011     0.061     0.022     0.030     0.012    -0.043
 2019       0.023     0.071     0.026    -0.021    -0.026    -0.118     0.011     0.011     0.125    -0.044    -0.067    -0.057
 2020       0.086     0.017     0.012    -0.148    -0.140    -0.076     0.039    -0.005     0.056     0.089    -0.054    -0.034
 2021       0.025    -0.011     0.008     0.133     0.122     0.103    -0.022     0.019    -0.042    -0.022    -0.034    -0.085
 2022       0.100     0.141    -0.006    -0.013     0.120     0.006    -0.100     0.027    -0.046    -0.144    -0.005     0.031
 2023      -0.017     0.064     0.062     0.037    -0.001     0.025    -0.046    -0.033    -0.101     0.046    -0.060
 
 
  STABILITY TEST
 
 
     1. FULL PERIOD
                  FIRST HALF                    SECOND HALF
           Mean(t)          Variance      Mean(t)          Variance
      -0.66E-02( -1.3    )  0.29E-02  0.25E-02( 0.43    )  0.36E-02
 
      Mean assumed equal to 0
      VR(variance ratio)=  1.2    
 
      MEAN STABILITY IS NOT REJECTED.
      VARIANCE STABILITY IS NOT REJECTED.


 
     2. LAST 10 YEARS
                  FIRST HALF                    SECOND HALF
           Mean(t)          Variance      Mean(t)          Variance
       0.18E-03( 0.31E-01)  0.20E-02  0.39E-03( 0.45E-01)  0.47E-02
 
      Mean assumed equal to 0
      VR(variance ratio)=  2.3    
 
      LAST 10 YEARS MEAN STABILITY IS NOT REJECTED.
      LAST 10 YEARS VARIANCE STABILITY IS REJECTED.


 
  OUT-OF-SAMPLE TEST
  ------------------
      Model re-estimated on Linearized series for first 209 observations.
       18 One-Period-Ahead Forecasts computed with model fixed.
      Comparison between forecast errors (last   18 observations) and residuals (in-sample):

        Mean(Forecast Errors)
            p-value= 0.2854
            Mean of forecast errors can be assumed zero.

        Out-of-Sample MSE is :  0.3556E-02
        In-Sample MSE is :  0.3230E-02
        F( 18,196) is :  0.110E+01
            p-value(%)=35.3518

        Mean and Variance of forecast Errors and In-Sample residuals ARE NOT significantly different.


 TEST-STATISTICS ON RESIDUALS
 ----------------------------


           MEAN=  -0.2037791E-02
        ST.DEV.=   0.3917802E-02
        OF MEAN
        T-VALUE= -0.5201

 NORMALITY TEST=   1.465        ( CHI-SQUARE(2) )

       SKEWNESS= -0.0206          ( SE =  0.1682 )
       KURTOSIS=  3.4051          ( SE =  0.3365 )

 SUM OF SQUARES=   0.6666027    

  DURBIN-WATSON=  1.8149

 STANDARD ERROR=   0.5761293E-01
 OF RESID.
  MSE OF RESID.=   0.3319249E-02




 AUTOCORRELATIONS
 ----------------
      0.1210  -0.0614  -0.0899  -0.0747  -0.1173  -0.0351  -0.0660  -0.0081  -0.0314   0.0746   0.0818   0.0855
 SE   0.0687   0.0687   0.0687   0.0687   0.0687   0.0687   0.0687   0.0687   0.0687   0.0687   0.0687   0.0687
 Q      3.15     3.96     5.72     6.93     9.95    10.22    11.18    11.20    11.42    12.67    14.18    15.84
 PV    -1.00    -1.00     0.02     0.03     0.02     0.04     0.05     0.08     0.12     0.12     0.12     0.10
      0.1005  -0.1439  -0.0273   0.0071   0.0132  -0.1453  -0.0163   0.0033  -0.0659   0.0026   0.0558  -0.0074
 SE   0.0687   0.0687   0.0687   0.0687   0.0687   0.0687   0.0687   0.0687   0.0687   0.0687   0.0687   0.0687
 Q     18.14    22.88    23.06    23.07    23.11    28.05    28.11    28.11    29.14    29.14    29.89    29.91
 PV     0.08     0.03     0.04     0.06     0.08     0.03     0.04     0.06     0.06     0.08     0.09     0.12
      0.1039  -0.0183  -0.0243   0.0203   0.0378  -0.0334  -0.0648  -0.0800   0.0354  -0.0311  -0.0106  -0.0339
 SE   0.0687   0.0687   0.0687   0.0687   0.0687   0.0687   0.0687   0.0687   0.0687   0.0687   0.0687   0.0687
 Q     32.52    32.60    32.75    32.85    33.21    33.48    34.54    36.15    36.47    36.71    36.74    37.04
 PV     0.09     0.11     0.14     0.17     0.19     0.22     0.22     0.20     0.23     0.26     0.30     0.33

  LJUNG-BOX Q VALUE OF ORDER  24 IS     29.91 AND IF RESIDUALS ARE RANDOM IT SHOULD BE DISTRIBUTED AS CHI-SQUARE(22)
  p-value= 0.1208
  THE PIERCE QS VALUE IS      1.66 AND IF RESIDUALS ARE RANDOM IT SHOULD BE DISTRIBUTED AS CHI-SQUARE(2)

 APPROXIMATE TEST OF RUNS ON RESIDUALS
 -------------------------------------
  NUM.DATA= 212
   NUM.(+)= 106
   NUM.(-)= 106
  NUM.RUNS= 101
   T-VALUE= -0.8261


  NON-PARAMETRIC TEST FOR RESIDUAL SEASONALITY (FRIEDMAN) SEAS_NP =      9.46
    ASYMP. DISTRIBUTED AS CHI-SQUARE(11)
    p-value= 0.5794



 SQUARED RESIDUALS:
 ------------------




 AUTOCORRELATIONS
 ----------------
      0.0475   0.0362   0.0052  -0.0666   0.0435  -0.0780   0.0813   0.1263  -0.0134   0.0078   0.1342   0.0551
 SE   0.0687   0.0687   0.0687   0.0687   0.0687   0.0687   0.0687   0.0687   0.0687   0.0687   0.0687   0.0687
 Q      0.49     0.77     0.77     1.74     2.16     3.50     4.96     8.51     8.55     8.56    12.62    13.31
 PV    -1.00    -1.00     0.38     0.42     0.54     0.48     0.42     0.20     0.29     0.38     0.18     0.21
      0.1540  -0.0363   0.0769   0.0394  -0.0533  -0.0328   0.0620  -0.0265   0.0761   0.0325  -0.0009   0.0565
 SE   0.0687   0.0687   0.0687   0.0687   0.0687   0.0687   0.0687   0.0687   0.0687   0.0687   0.0687   0.0687
 Q     18.72    19.02    20.39    20.74    21.40    21.66    22.56    22.72    24.10    24.35    24.35    25.12
 PV     0.07     0.09     0.09     0.11     0.12     0.15     0.16     0.20     0.19     0.23     0.28     0.29
     -0.0260   0.0028  -0.0012  -0.0477   0.0702   0.0516  -0.0536   0.0395  -0.0540   0.1077  -0.0247  -0.0835
 SE   0.0687   0.0687   0.0687   0.0687   0.0687   0.0687   0.0687   0.0687   0.0687   0.0687   0.0687   0.0687
 Q     25.29    25.29    25.29    25.85    27.07    27.74    28.46    28.85    29.59    32.55    32.70    34.50
 PV     0.34     0.39     0.45     0.47     0.46     0.48     0.49     0.53     0.54     0.44     0.48     0.44

  McLEOD-LI Q VALUE OF ORDER  24 IS     25.12 AND IF RESIDUALS ARE RANDOM IT SHOULD BE DISTRIBUTED AS CHI-SQUARE(24)
  p-value= 0.3991
 
 
 
SPECTRAL DIAGNOSTICS
 --------------------
 
A. SEASONAL SPECTRAL PEAKS
 
                           Frequency (cycles per year)
                     One    Two   Three  Four   Five    Six  
 Original series      AT     AT     AT     -T     aT     AT
 Linearized series    AT     AT     AT     aT     AT     aT
 Residuals            --     --     a-     --     --     --
 
 AT : peaks detected in AR(30) and using Tukey spectrum  estimator
 A- : only peaks detected in AR(30) spectrum estimator
 -T : only peaks detected using Tukey spectrum estimator
 -- : No peaks detected in AR(30) nor using Tukey spectrum estimator
 
 
 
B. STOCHASTIC SEASONALITY: SPECTRAL EVIDENCE
 
 1 :  SERIES CONTAINS SEASONALITY THAT CAN BE RELIABLY EXTRACTED.
 0 :  SEASONALITY IS NOT PRESENT IN THE SERIES OR IS TOO WEAK TO BE RELIABLY CAPTURED.
 
 ORIGINAL SERIES :   1
 LINEARIZED SERIES : 1
 RESIDUALS :         0
 
 
 
C. TRADING DAY EFFECT: SPECTRAL EVIDENCE
 
 1 :  TRADING DAY EFFECT DETECTED
 0 :  NO TRADING DAY EFFECT DETECTED
 
 LINEARIZED SERIES : 0
 RESIDUALS :         0
 
 
OVERALL TEST FOR IDENTIFIABLE SEASONALITY 
----------------------------------------- 
 
  AUTOCORRELATION FUNCTION EVIDENCE : YES
  NON-PARAMETRIC EVIDENCE           : YES
  F-TEST                            :  - 
  SPECTRAL EVIDENCE                 : YES
 
IDENTIFIABLE SEASONALITY FOUND IN SERIES
 
 
OVERALL TEST FOR RESIDUALS SEASONALITY 
----------------------------------------- 
 
  AUTOCORRELATION FUNCTION EVIDENCE : NO 
  NON-PARAMETRIC EVIDENCE           : NO 
  F-TEST                            : NO 
  SPECTRAL EVIDENCE                 : NO 
 
NO IDENTIFIABLE SEASONALITY FOUND IN RESIDUALS
 
 
ARIMA MODEL : ACCEPTABLE FIT
----------------------------
  Point estimation is acceptable. Variance variablility/Non-Normality likely to have a mild effect  on some interferences
 
QUALITY ARIMA MODEL TESTS
----------------------------------------

  Mean in residuals                      :GOOD        
  Autocorrelation in residuals           :GOOD        
  Normality of residuals                 :GOOD        
  Skewness of residuals                  :GOOD        
  Kurtosis of residuals                  :GOOD        
  Randomness of residual sign            :GOOD        
  Instability of residual mean           :GOOD        
  Instability of residual variance       :ACCEPTABLE  
  Seasonality in residuals               :GOOD        
  Trading day in residuals               :GOOD        
  Out-of-sample forecast errors          :GOOD        
  Number of outliers                     :GOOD        
 


 LINEAR SERIES


 YEAR        JAN       FEB       MAR       APR       MAY       JUN       JUL       AUG       SEP       OCT       NOV       DEC 

 2005      39.280    43.453    56.642    54.928    59.881    65.337    75.625    49.171    61.537    61.702    62.367    58.400
 2006      40.947    50.812    63.965    59.199    68.352    68.100    79.844    58.226    67.427    71.984    69.275    63.549
 2007      54.813    60.894    69.306    63.707    78.868    78.463    89.703    61.147    78.868    83.125    82.893    62.859
 2008      57.168    58.125    73.988    75.077    76.302    87.268    91.197    62.624    82.276    85.528    84.878    72.800
 2009      52.408    62.910    66.015    65.181    78.441    79.450    85.816    59.368    77.992    85.475    88.617    71.875
 2010      58.154    64.523    77.196    73.174    83.544    82.312    96.751    61.829    81.887    98.829    97.991    75.531
 2011      57.370    65.733    83.566    75.863    86.366    83.398    95.876    67.574    88.021   103.892   107.564    83.600
 2012      59.596    77.275    90.248    80.522    88.118    92.379   105.610    74.974    98.104   107.246   102.926    91.250
 2013      69.977    80.755    97.682    88.623    98.245   101.847   112.435    79.974   100.171   113.492   109.794    90.100
 2014      72.916    73.597    93.712    88.823    96.295   101.227   113.588    78.227   102.723   108.976   104.314    89.900
 2015      75.253    86.603   105.006    98.295   106.654   104.026   115.318    79.872   104.768   109.939   112.892    93.639
 2016      83.928    85.455    99.821    95.701   104.963   107.480   114.334    92.402   106.618   120.451   118.024   105.000
 2017      77.652    89.526   106.227   106.679   115.576   116.955   129.839    98.731   116.186   125.846   130.853   116.671
 2018      88.624    96.079   111.787   107.154   116.550   124.160   136.518   105.255   128.134   142.514   141.806   115.765
 2019      95.782   112.210   131.113   120.723   130.571   121.390   146.166   108.740   150.767   146.550   140.912   117.700
 2020     106.069   114.731   136.119   110.380   114.990   116.757   143.859   103.537   139.529   156.855   139.043   117.502
 2021     101.256   109.589   131.928   136.452   152.909   157.914   167.124   127.163   155.205   168.442   158.878   126.007
 2022     122.286   145.984   158.009   147.154   182.371   172.225   175.298   142.352   170.005   163.907   170.720   147.300
 2023     122.250   148.908   176.094   166.748   181.202   185.252   192.596   144.787   167.904   196.018   175.556


  AUTOCORRELATION FUNCTION TEST FOR SEASONALITY IN LINEARIZEDSERIES QS =   319.27  ASIMPTOTICALLY DISTRIBUTED AS CHI-SQUARE(2)
    p-value= 0.0000


  NON-PARAMETRIC TEST FOR SEASONALITY IN LINEARIZED SERIES (FRIEDMAN) SEAS_NP =    164.80
    ASYMP. DISTRIBUTED AS CHI-SQUARE(11)
    p-value= 0.0000


TOTAL OUTLIER EFFECT FACTORS


 YEAR        JAN       FEB       MAR       APR       MAY       JUN       JUL       AUG       SEP       OCT       NOV       DEC 

 2005     100.000   100.000   100.000   100.000   100.000   100.000   100.000   100.000   100.000   100.000   100.000   100.000
 2006     100.000   100.000   100.000   126.974   100.000   100.000   100.000   100.000   100.000   100.000   100.000   100.000
 2007     100.000   100.000   100.000   100.000   100.000   100.000   100.000   100.000   100.000   100.000   100.000   100.000
 2008     100.000   100.000   100.000   100.000   100.000   100.000   100.000   100.000   100.000   100.000   100.000   100.000
 2009     100.000   100.000   100.000   100.000   100.000   100.000   100.000   100.000   100.000   100.000   100.000   100.000
 2010     100.000   100.000   100.000   100.000   100.000   100.000   100.000   100.000   100.000   100.000   100.000   100.000
 2011     100.000   100.000   100.000   100.000   100.000   100.000   100.000   100.000   100.000   100.000   100.000   100.000
 2012     100.000   100.000   100.000   100.000   100.000   100.000   100.000   100.000   100.000   100.000   100.000   100.000
 2013     100.000   100.000   100.000   100.000   100.000   100.000   100.000   100.000   100.000   100.000   100.000   100.000
 2014     100.000   100.000   100.000   100.000   100.000   100.000   100.000   100.000   100.000   100.000   100.000   100.000
 2015     100.000   100.000   100.000   100.000   100.000   100.000   100.000   100.000   100.000   100.000   100.000   100.000
 2016     100.000   100.000   100.000   100.000   100.000   100.000   100.000   100.000   100.000   100.000   100.000   100.000
 2017     100.000   100.000   100.000   100.000   100.000   100.000   100.000   100.000   100.000   100.000   100.000   100.000
 2018     100.000   100.000   100.000   100.000   100.000   100.000   100.000   100.000   100.000   100.000   100.000   100.000
 2019     100.000   100.000   100.000   100.000   100.000   100.000   100.000   100.000   100.000   100.000   100.000   100.000
 2020     100.000   100.000   100.000   100.000   100.000   100.000   100.000   100.000   100.000   100.000   100.000   100.000
 2021     100.000   100.000   100.000   100.000   100.000   100.000   100.000   100.000   100.000   100.000   100.000   100.000
 2022     100.000   100.000   100.000   100.000   100.000   100.000   100.000   100.000   100.000   100.000   100.000   100.000
 2023     100.000   100.000   100.000   100.000   100.000   100.000   100.000   100.000   100.000   100.000   100.000


TOTAL REGRESSION EFFECT FACTORS


 YEAR        JAN       FEB       MAR       APR       MAY       JUN       JUL       AUG       SEP       OCT       NOV       DEC 

 2005      96.740    99.189   100.280   100.312   102.703   101.321    94.810   102.703   102.703    94.810   101.335   100.000
 2006     101.350    99.189   105.058    91.396   102.703   101.321    94.810   102.703    98.032    99.327   101.335    91.111
 2007     106.178    99.189   100.280    95.750   102.703   101.321    99.327   102.703    93.574   104.060   101.335    95.452
 2008     106.178   103.915    91.366   105.092    98.032    96.713   104.060    93.574   102.703   104.060    96.727   100.000
 2009      96.740    99.189   100.280   105.092    93.574   101.321   104.060    98.032   102.703    99.327   101.335   104.765
 2010      92.341    99.189   105.058   105.092    98.032   101.321    99.327   102.703   102.703    94.810   101.335   109.756
 2011      96.740    99.189   100.280   100.312   102.703   101.321    94.810   102.703   102.703    94.810   101.335   100.000
 2012     101.350   103.915   100.280    95.750   102.703   101.321    99.327   102.703    93.574   104.060   101.335    95.452
 2013     106.178    99.189    95.719   100.312   102.703    96.713   104.060    98.032    98.032   104.060    96.727   100.000
 2014     101.350    99.189    95.719   100.312    98.032    96.713   104.060    93.574   102.703   104.060    96.727   100.000
 2015      96.740    99.189   100.280   105.092    93.574   101.321   104.060    98.032   102.703    99.327   101.335   104.765
 2016      92.341   103.915   100.280   100.312   102.703   101.321    94.810   102.703   102.703    94.810   101.335   100.000
 2017     101.350    99.189   105.058    91.396   102.703   101.321    94.810   102.703    98.032    99.327   101.335    91.111
 2018     106.178    99.189   100.280    95.750   102.703   101.321    99.327   102.703    93.574   104.060   101.335    95.452
 2019     106.178    99.189    95.719   100.312   102.703    96.713   104.060    98.032    98.032   104.060    96.727   100.000
 2020     101.350    99.189   100.280   105.092    93.574   101.321   104.060    98.032   102.703    99.327   101.335   104.765
 2021      92.341    99.189   105.058   105.092    98.032   101.321    99.327   102.703   102.703    94.810   101.335   109.756
 2022      96.740    99.189   105.058    95.750   102.703   101.321    94.810   102.703   102.703    94.810   101.335   100.000
 2023     101.350    99.189   105.058    91.396   102.703   101.321    94.810   102.703    98.032    99.327   101.335
 
 
 
 FORECAST FUNCTION OF ORIGINAL SERIES: 
  
ORIGIN: 227 PERIODS AHEAD: 24
  
 OBS    DATE         FORECAST          STD ERROR        FORECAST          STD ERROR   
                        (SERIES IN LOGS)                     (SERIES IN LEVELS)       
 228  Dec-2023       4.93826          0.570264E-01       139.527           7.96319    
 229  Jan-2024       4.93596          0.602753E-01       139.207           8.39836    
 230  Feb-2024       5.05331          0.636184E-01       156.540           9.96890    
 231  Mar-2024       5.12557          0.670601E-01       168.270           11.2969    
 232  Apr-2024       5.11093          0.699955E-01       165.825           11.6212    
 233  May-2024       5.24390          0.729905E-01       189.408           13.8434    
 234  Jun-2024       5.18566          0.759347E-01       178.691           13.5885    
 235  Jul-2024       5.33997          0.787923E-01       208.507           16.4543    
 236  Aug-2024       5.00239          0.813804E-01       148.768           12.1268    
 237  Sep-2024       5.20734          0.839550E-01       182.607           15.3578    
 238  Oct-2024       5.34294          0.865763E-01       209.126           18.1393    
 239  Nov-2024       5.22557          0.889757E-01       185.967           16.5794    
 240  Dec-2024       5.09340          0.955690E-01       162.943           15.6080    
 241  Jan-2025       4.95147          0.990451E-01       141.383           14.0377    
 242  Feb-2025       5.06882          0.102387           158.987           16.3209    
 243  Mar-2025       5.18763          0.105788           179.043           18.9937    
 244  Apr-2025       5.17298          0.108807           176.441           19.2549    
 245  May-2025       5.25941          0.111868           192.368           21.5875    
 246  Jun-2025       5.24771          0.114877           190.131           21.9140    
 247  Jul-2025       5.40203          0.117832           221.855           26.2328    
 248  Aug-2025       5.01790          0.120744           151.093           18.3103    
 249  Sep-2025       5.31594          0.123357           203.555           25.2057    
 250  Oct-2025       5.40499          0.126129           222.514           28.1774    
 251  Nov-2025       5.28763          0.128745           197.873           25.5811    
