
                                        PROGRAM TRAMO+

             (based on program TRAMO, Victor Gomez and Agustin Maravall©,1996)

         Developed at the Bank of Spain by Gianluca Caporello and Agustin Maravall,
         with programming support from Domingo Pérez Cañete and Roberto López Pavón.

                 VERSION: 1.0 (Revision: 942  Build: 2017/09/25 09:39:13)


 SERIES TITLE=DIVID19                                                                         

 INPUT PARAMETERS
   lam= 0   imean= 0   ireg= 4   seats= 2   int2=227   rsa= 0   modelsumm= 1   va=   3.742
 
  WARNING :
    Remember to define the regression variable name in the first line of the external regression file.
   Name : NOT DEFINED.
   Reglist01
    Iuser=-1   Nser= 1   Ilong= 312
 
   Name : NOT DEFINED.
   Reglist02
    Iuser= 2   Nser= 3   Ilong=   0
 
   Fixed Outliers:
   #Observ. Type
     184     AO
     183     LS
     186     LS
 

 NUMBER OF OBSERVATIONS: 227


 ORIGINAL SERIES 

 YEAR        JAN       FEB       MAR       APR       MAY       JUN       JUL       AUG       SEP       OCT       NOV       DEC 

 2005      85.900    88.800   101.200   105.300    95.100   109.600   111.900   110.800   117.000   118.600   113.700   119.300
 2006     107.400   109.400   115.500   107.300   111.700   112.800   115.600   111.900   107.300   106.700   105.600   104.600
 2007      95.100    91.500   103.300   104.200   110.700   113.200   117.400   107.700   110.400   124.900   122.800   121.300
 2008     117.000   118.800   118.800   127.700   138.800   142.600   156.700   125.000   136.100   124.400   104.100    97.800
 2009      83.900    81.600    86.500    88.900    88.800    95.900   100.000    94.100   100.700   103.300    95.300   102.800
 2010      94.600    95.000   113.200   109.800   111.400   116.700   119.000   106.900   119.200   118.100   115.900   129.000
 2011     114.600   121.600   133.300   145.200   125.700   141.200   136.700   128.700   144.000   135.600   134.800   153.200
 2012     125.200   133.400   144.200   139.000   140.200   137.500   148.900   144.200   138.400   142.400   137.100   135.000
 2013     135.200   114.200   127.200   130.700   112.100   124.000   138.100   125.200   129.400   130.200   117.700   127.000
 2014     113.200   109.200   116.000   116.100   118.500   125.200   128.000   113.500   121.400   122.600   104.100   111.000
 2015      86.200    88.900   104.400   105.600   110.800   115.300   110.100    94.500   100.600    96.500    90.900    96.100
 2016      77.600    78.300    81.500    84.800    88.700    91.800    94.800    89.200    90.600    89.800    89.300    97.600
 2017      90.200    94.300   101.900    96.100    92.100    97.600    99.400    94.100    95.900   100.300    99.400   105.000
 2018      95.500    95.900   103.600   101.000   111.600   112.600   111.300   107.000   110.100   118.400   114.600   102.600
 2019     100.700    99.900   104.200   108.200   106.700   106.400   113.100   102.600   106.400   112.700    96.600   103.200
 2020      97.000    86.000    61.100    34.800    51.400    67.300    84.200    77.000    76.600    79.700    64.100    74.400
 2021      63.300    76.400    85.000    87.900    92.100   102.900   111.200   104.400   112.700   115.600   114.300   121.000
 2022     101.000   110.400   137.000   133.300   142.700   164.400   156.000   144.900   148.200   138.000   132.700   129.600
 2023      91.400   106.900   121.400   114.800   111.500   119.500   120.100   119.200   127.000   129.500   120.800


 MODEL PARAMETERS            
 ----------------
  MQ= 12         IMEAN=  0      LAM=  0      D=  1       BD=  1
  P=  0          BP=  0         Q=  1        BQ=  1      IREG=  4
  ITRAD=  0      SMPDAY=  0     IEAST=  0      IDUR=  6     M= 36       IQM= 24
  INCON=  0      NBACK=  0      NPRED= 24    INTERP=  2  INIT=  0
  IFILT=  2      IROOT=  2    INIC=  0    ICONCE=  1
  ICDET=  1      IATIP=  0      IMVX=  0     IDIF=  0    PG=  0
  AIO=  2        INT1=  1       INT2= 227    RSA=  0     SEATS=  2
  VA= 3.74       TOL=  0.100E-03             PC=  0.120E+00
  NOADMISS= 1    STOCHTD 0    BIAS= 1
  THLIM=  0.000  BTHLIM=  0.000   RMOD=  0.500



TH =        -0.10

BTH =        -0.10

WARNING: When adjusting for degrees of freedom in
 order to compute white-noise residuals, the Housholder
 transformation contains an element of arbitrariness 
 that, when multiple regressors are entered, may produce
 a slight variation in results when the order in which
 regressors are entered changes



NUMBER OF INITIAL OBS. =  13

Log-Level pretest : LOGS are Selected
 DIFFERENCED TRANSFORMED SERIES

 YEAR        JAN       FEB       MAR       APR       MAY       JUN       JUL       AUG       SEP       OCT       NOV       DEC 

 2006                -0.015    -0.076    -0.113     0.142    -0.132     0.004    -0.023    -0.096    -0.019     0.032    -0.058
 2007       0.010    -0.057     0.067     0.082     0.020     0.013     0.012    -0.054     0.067     0.129    -0.007    -0.003
 2008       0.059     0.054    -0.121     0.064     0.023     0.005     0.058    -0.140     0.060    -0.213    -0.161    -0.050
 2009      -0.117    -0.043     0.058    -0.045    -0.084     0.050    -0.052     0.165    -0.017     0.115     0.098     0.138
 2010       0.070     0.032     0.117    -0.058     0.016    -0.030    -0.022    -0.046     0.041    -0.035     0.062     0.031
 2011      -0.035     0.055    -0.083     0.116    -0.159     0.070    -0.052     0.047     0.003    -0.051     0.013     0.021
 2012      -0.083     0.004    -0.014    -0.122     0.153    -0.136     0.112     0.028    -0.153     0.089    -0.032    -0.143
 2013       0.203    -0.232     0.030     0.064    -0.162     0.120     0.028    -0.066     0.074    -0.022    -0.063     0.091
 2014      -0.117     0.133    -0.047    -0.026     0.174    -0.046    -0.086    -0.022     0.034     0.004    -0.063    -0.012
 2015      -0.138     0.067     0.100     0.011     0.028    -0.015    -0.068    -0.033    -0.005    -0.051     0.104    -0.009
 2016       0.039    -0.022    -0.121     0.028    -0.003    -0.005     0.078     0.092    -0.047     0.033     0.054     0.033
 2017       0.135     0.035     0.037    -0.098    -0.087     0.024    -0.014     0.006     0.003     0.054    -0.003    -0.034
 2018      -0.016    -0.040    -0.000     0.033     0.142    -0.049    -0.030     0.015     0.010     0.028    -0.024    -0.165
 2019       0.076    -0.012    -0.035     0.063    -0.114    -0.012     0.073    -0.058     0.008    -0.015    -0.122     0.177
 2020      -0.043    -0.112    -0.384    -0.601     0.404     0.272     0.163     0.008    -0.042    -0.018    -0.064     0.083
 2021      -0.100     0.308     0.449     0.596    -0.343    -0.159    -0.146     0.026     0.082    -0.014     0.207    -0.092
 2022      -0.019    -0.099     0.109    -0.061     0.021     0.031    -0.130    -0.011    -0.054    -0.097    -0.028    -0.081
 2023      -0.169     0.068    -0.089    -0.029    -0.097    -0.072     0.057     0.066     0.041     0.091    -0.030




 AUTOCORRELATIONS
 ----------------
     -0.1617   0.1586   0.0950  -0.1117   0.1147   0.0545  -0.0243   0.0852  -0.0663  -0.1253   0.1358  -0.4112
 SE   0.0684   0.0701   0.0718   0.0724   0.0732   0.0740   0.0742   0.0742   0.0747   0.0750   0.0759   0.0771
      0.0909  -0.1116  -0.0483   0.0375  -0.1016  -0.0530  -0.1011  -0.0458   0.0332   0.0224   0.0052  -0.0775
 SE   0.0867   0.0872   0.0878   0.0879   0.0880   0.0886   0.0887   0.0892   0.0894   0.0894   0.0894   0.0894
     -0.0973   0.0583  -0.0659   0.0745   0.0192  -0.0188   0.0960   0.0164   0.0866   0.0175  -0.0769   0.0578
 SE   0.0898   0.0902   0.0904   0.0906   0.0909   0.0910   0.0910   0.0914   0.0915   0.0918   0.0919   0.0922


 PARTIAL AUTOCORRELATIONS
 ---------------------
     -0.1617   0.1361   0.1456  -0.1045   0.0485   0.1093  -0.0068   0.0247  -0.0451  -0.1606   0.0971  -0.3540
 SE   0.0684   0.0684   0.0684   0.0684   0.0684   0.0684   0.0684   0.0684   0.0684   0.0684   0.0684   0.0684
     -0.0429  -0.0372   0.0454  -0.0219  -0.0320  -0.0225  -0.1241  -0.0087   0.0423  -0.0369   0.0839  -0.2770
 SE   0.0684   0.0684   0.0684   0.0684   0.0684   0.0684   0.0684   0.0684   0.0684   0.0684   0.0684   0.0684
     -0.1119   0.0307  -0.0344   0.0379  -0.0373   0.0017   0.0096   0.0386   0.1380  -0.0671  -0.0582  -0.1546
 SE   0.0684   0.0684   0.0684   0.0684   0.0684   0.0684   0.0684   0.0684   0.0684   0.0684   0.0684   0.0684
  
 ARIMA MODEL ESTIMATION 
  
 METHOD OF ESTIMATION: EXACT MAXIMUM LIKELIHOOD           
  
 PARAMETER      ESTIMATE           STD ERROR      T RATIO   LAG  
  
 TH1         -0.13025           0.67826E-01       -1.92      1
 BTH         -0.95000           0.21361E-01      -44.47     12
  
 
 REGULAR MA INVERSE ROOTS ARE 
 NO.     REAL P.     IMAG.P.     MODULUS    ARGUMENT      PERIOD
  1      0.13025       0.0000      0.13025       0.0000            -  
 
 SEASONAL MA INVERSE ROOTS ARE 
 NO.     REAL P.     IMAG.P.     MODULUS    ARGUMENT      PERIOD
  1      0.95000       0.0000      0.95000       0.0000            -  
  
 CORRELATIONS OF THE ESTIMATES 
  
  1.000   -0.038
 -0.038    1.000
  
 AIC 
    -579.843
  
 BIC 
     -5.5749
  
 FINAL VALUE OF OBJECTIVE FUNCTION: 
               0.78858    
  
 RADETN:    1.06281049232904     
 ITERATIONS:           10
  
  NUMBER OF FUNCTION EVALUATIONS:           32
  

 ESTIMATES OF REGRESSION PARAMETERS 
 CONCENTRATED OUT OF THE LIKELIHOOD 

 PARAMETER           VALUE          ST. ERROR     T VALUE
 REG      1          0.19815E-01    (     0.00305)    6.49
 OUT 1 (184)        -0.51809        (     0.04461)  -11.61   AO    ( 4 2020)
 OUT 2 (183)        -0.46833        (     0.05800)   -8.07   LS    ( 3 2020)
 OUT 3 (186)         0.18850        (     0.05825)    3.24   LS    ( 6 2020)

 VAR-CORRELATION MATRIX OF ESTIMATORS 

   0.931E-05
  -0.145E+00   0.199E-02
   0.469E-02  -0.862E-01   0.336E-02
  -0.924E-01   0.985E-01  -0.101E-01   0.339E-02


 VARIANCES ARE IN THE MAIN DIAGONAL; 
 OFF-DIAGONAL ELEMENTS ARE CORRELATIONS. 



ACF DIFFERENCED SERIES




 AUTOCORRELATIONS
 ----------------
     -0.1848   0.1487   0.1007  -0.0935   0.1154   0.0479  -0.0265   0.0649  -0.0609  -0.1246   0.1509  -0.4154
 SE   0.0684   0.0707   0.0721   0.0728   0.0733   0.0742   0.0743   0.0743   0.0746   0.0748   0.0758   0.0772
      0.1011  -0.1002  -0.0621   0.0352  -0.1013  -0.0417  -0.0953  -0.0405   0.0268   0.0385   0.0004  -0.0710
 SE   0.0870   0.0876   0.0881   0.0883   0.0884   0.0889   0.0890   0.0895   0.0896   0.0896   0.0897   0.0897
     -0.0983   0.0570  -0.0539   0.0720   0.0171  -0.0254   0.0904   0.0169   0.0871  -0.0014  -0.0762   0.0553
 SE   0.0899   0.0904   0.0906   0.0908   0.0910   0.0910   0.0911   0.0915   0.0915   0.0919   0.0919   0.0922
  
  
  NUMBER OF WHITE NOISE RESIDUALS          210
  
 WHITE NOISE RESIDUALS
  

 YEAR        JAN       FEB       MAR       APR       MAY       JUN       JUL       AUG       SEP       OCT       NOV       DEC 

 2006                                                        -0.087    -0.009    -0.018    -0.058    -0.050     0.031    -0.009
 2007      -0.037    -0.033     0.028     0.017     0.079    -0.034    -0.010    -0.039     0.035     0.055     0.040    -0.021
 2008       0.043     0.015    -0.030    -0.009     0.126    -0.011     0.011    -0.096    -0.001    -0.119    -0.118    -0.114
 2009      -0.034    -0.054    -0.033    -0.013     0.037    -0.007    -0.021     0.055     0.018     0.035    -0.021     0.048
 2010       0.093    -0.017     0.068    -0.034     0.023    -0.016    -0.021    -0.036     0.061     0.020     0.021     0.055
 2011       0.045     0.052     0.005     0.075    -0.155     0.048    -0.040    -0.008     0.058    -0.030     0.023     0.104
 2012      -0.091     0.032     0.008    -0.033    -0.019    -0.073     0.039     0.049    -0.052    -0.030     0.027    -0.028
 2013       0.063    -0.139     0.014    -0.005    -0.150     0.053     0.038     0.018    -0.015    -0.025    -0.018     0.020
 2014      -0.013    -0.023    -0.020    -0.034     0.050     0.008    -0.054     0.002    -0.021    -0.000    -0.074    -0.001
 2015      -0.128     0.010     0.064    -0.009     0.113    -0.038    -0.102    -0.056    -0.011    -0.030    -0.008    -0.002
 2016      -0.038    -0.041    -0.047     0.025     0.046    -0.008     0.027    -0.003    -0.031     0.021     0.033     0.056
 2017       0.047     0.066    -0.031    -0.014    -0.088    -0.001     0.012     0.001    -0.005     0.036     0.048     0.058
 2018      -0.031     0.031    -0.013    -0.017     0.078    -0.028    -0.042     0.029     0.028     0.026     0.040    -0.129
 2019       0.043     0.026    -0.028     0.005    -0.018    -0.030    -0.006     0.013    -0.007     0.024    -0.064     0.003
 2020       0.051    -0.105     0.021    -0.070    -0.080    -0.012     0.177     0.043    -0.063     0.036    -0.159     0.072
 2021       0.017     0.164     0.015     0.031     0.092     0.060     0.048     0.012     0.038     0.052     0.040    -0.020
 2022      -0.015     0.070     0.111     0.021     0.046     0.100    -0.059    -0.033    -0.024    -0.055    -0.004    -0.064
 2023      -0.245     0.122     0.026     0.002    -0.077     0.002    -0.010     0.042     0.047     0.008    -0.007
 
 
  STABILITY TEST
 
 
     1. FULL PERIOD
                  FIRST HALF                    SECOND HALF
           Mean(t)          Variance      Mean(t)          Variance
      -0.62E-02( -1.2    )  0.29E-02  0.47E-02( 0.81    )  0.36E-02
 
      Mean assumed equal to 0
      VR(variance ratio)=  1.2    
 
      MEAN STABILITY IS NOT REJECTED.
      VARIANCE STABILITY IS NOT REJECTED.


 
     2. LAST 10 YEARS
                  FIRST HALF                    SECOND HALF
           Mean(t)          Variance      Mean(t)          Variance
      -0.21E-02(-0.36    )  0.19E-02  0.55E-02( 0.62    )  0.49E-02
 
      Mean assumed equal to 0
      VR(variance ratio)=  2.5    
 
      LAST 10 YEARS MEAN STABILITY IS NOT REJECTED.
      LAST 10 YEARS VARIANCE STABILITY IS REJECTED.


 
  OUT-OF-SAMPLE TEST
  ------------------
      Model re-estimated on Linearized series for first 209 observations.
       18 One-Period-Ahead Forecasts computed with model fixed.
      Comparison between forecast errors (last   18 observations) and residuals (in-sample):

        Mean(Forecast Errors)
            p-value= 0.3441
            Mean of forecast errors can be assumed zero.

        Out-of-Sample MSE is :  0.6134E-02
        In-Sample MSE is :  0.3011E-02
        F( 18,196) is :  0.204E+01
            p-value(%)= 0.9587

        Mean and Variance of forecast Errors and In-Sample residuals ARE significantly different


 TEST-STATISTICS ON RESIDUALS
 ----------------------------


           MEAN=  -0.6565402E-03
        ST.DEV.=   0.3945830E-02
        OF MEAN
        T-VALUE= -0.1664

 NORMALITY TEST=   38.08        ( CHI-SQUARE(2) )

       SKEWNESS= -0.4787          ( SE =  0.1690 )
       KURTOSIS=  4.8536          ( SE =  0.3381 )

 SUM OF SQUARES=   0.6085353    

  DURBIN-WATSON=  2.2512

 STANDARD ERROR=   0.5793423E-01
 OF RESID.
  MSE OF RESID.=   0.3356375E-02




 AUTOCORRELATIONS
 ----------------
     -0.0030   0.0794   0.0620  -0.0195   0.0601   0.0505  -0.0447   0.0353   0.0065  -0.1030   0.0780  -0.0165
 SE   0.0690   0.0690   0.0690   0.0690   0.0690   0.0690   0.0690   0.0690   0.0690   0.0690   0.0690   0.0690
 Q      0.00     1.35     2.18     2.26     3.04     3.60     4.04     4.31     4.32     6.68     8.05     8.11
 PV    -1.00    -1.00     0.14     0.32     0.38     0.46     0.54     0.63     0.74     0.57     0.53     0.62
     -0.0097  -0.0405  -0.0955   0.0082  -0.0977  -0.0507  -0.0646   0.0091   0.0649  -0.0005   0.0059  -0.1392
 SE   0.0690   0.0690   0.0690   0.0690   0.0690   0.0690   0.0690   0.0690   0.0690   0.0690   0.0690   0.0690
 Q      8.13     8.50    10.58    10.60    12.80    13.40    14.37    14.39    15.38    15.38    15.39    20.03
 PV     0.70     0.74     0.65     0.72     0.62     0.64     0.64     0.70     0.70     0.75     0.80     0.58
     -0.1103   0.0657  -0.0949   0.0478  -0.0170   0.0052   0.0727   0.0938   0.0605  -0.0319  -0.0349  -0.0603
 SE   0.0690   0.0690   0.0690   0.0690   0.0690   0.0690   0.0690   0.0690   0.0690   0.0690   0.0690   0.0690
 Q     22.96    24.01    26.20    26.76    26.83    26.84    28.15    30.35    31.27    31.53    31.84    32.77
 PV     0.46     0.46     0.40     0.42     0.47     0.53     0.51     0.45     0.45     0.49     0.52     0.53

  LJUNG-BOX Q VALUE OF ORDER  24 IS     20.03 AND IF RESIDUALS ARE RANDOM IT SHOULD BE DISTRIBUTED AS CHI-SQUARE(22)
  p-value= 0.5810

  Given that the lag-12 autocorrelation is <0, the statistics Qs is not associated with
   the presence of residual seasonality. Thus Qs is set =0.

 APPROXIMATE TEST OF RUNS ON RESIDUALS
 -------------------------------------
  NUM.DATA= 210
   NUM.(+)= 105
   NUM.(-)= 105
  NUM.RUNS=  99
   T-VALUE= -0.9684


  NON-PARAMETRIC TEST FOR RESIDUAL SEASONALITY (FRIEDMAN) SEAS_NP =      4.77
    ASYMP. DISTRIBUTED AS CHI-SQUARE(11)
    p-value= 0.9416



 SQUARED RESIDUALS:
 ------------------




 AUTOCORRELATIONS
 ----------------
      0.0698  -0.0246   0.0947   0.0577  -0.0342  -0.0269   0.1184  -0.0294  -0.0788  -0.0057  -0.0464  -0.0137
 SE   0.0690   0.0690   0.0690   0.0690   0.0690   0.0690   0.0690   0.0690   0.0690   0.0690   0.0690   0.0690
 Q      1.04     1.17     3.10     3.82     4.07     4.23     7.30     7.50     8.87     8.88     9.36     9.40
 PV    -1.00    -1.00     0.08     0.15     0.25     0.38     0.20     0.28     0.26     0.35     0.40     0.49
     -0.0264  -0.0380  -0.0356   0.0040  -0.0531  -0.0787   0.0265   0.0623  -0.0226  -0.0546   0.2073   0.0748
 SE   0.0690   0.0690   0.0690   0.0690   0.0690   0.0690   0.0690   0.0690   0.0690   0.0690   0.0690   0.0690
 Q      9.56     9.89    10.18    10.18    10.83    12.27    12.43    13.34    13.46    14.17    24.40    25.74
 PV     0.57     0.63     0.68     0.75     0.76     0.73     0.77     0.77     0.81     0.82     0.27     0.26
     -0.0177   0.1716  -0.0011  -0.0367   0.0177   0.1966   0.0060  -0.0530  -0.0110  -0.0544   0.0076   0.0209
 SE   0.0690   0.0690   0.0690   0.0690   0.0690   0.0690   0.0690   0.0690   0.0690   0.0690   0.0690   0.0690
 Q     25.82    32.94    32.94    33.27    33.35    42.91    42.92    43.62    43.65    44.40    44.42    44.53
 PV     0.31     0.11     0.13     0.15     0.19     0.04     0.05     0.05     0.07     0.07     0.09     0.11

  McLEOD-LI Q VALUE OF ORDER  24 IS     25.74 AND IF RESIDUALS ARE RANDOM IT SHOULD BE DISTRIBUTED AS CHI-SQUARE(24)
  p-value= 0.3664
 
 
 
SPECTRAL DIAGNOSTICS
 --------------------
 
A. SEASONAL SPECTRAL PEAKS
 
                           Frequency (cycles per year)
                     One    Two   Three  Four   Five    Six  
 Original series      -t     --     at     aT     AT     --
 Linearized series    AT     -t     AT     AT     aT     --
 Residuals            --     --     --     --     --     a-
 
 AT : peaks detected in AR(30) and using Tukey spectrum  estimator
 A- : only peaks detected in AR(30) spectrum estimator
 -T : only peaks detected using Tukey spectrum estimator
 -- : No peaks detected in AR(30) nor using Tukey spectrum estimator
 
 
 
B. STOCHASTIC SEASONALITY: SPECTRAL EVIDENCE
 
 1 :  SERIES CONTAINS SEASONALITY THAT CAN BE RELIABLY EXTRACTED.
 0 :  SEASONALITY IS NOT PRESENT IN THE SERIES OR IS TOO WEAK TO BE RELIABLY CAPTURED.
 
 ORIGINAL SERIES :   1
 LINEARIZED SERIES : 1
 RESIDUALS :         0
 
 
 
C. TRADING DAY EFFECT: SPECTRAL EVIDENCE
 
 1 :  TRADING DAY EFFECT DETECTED
 0 :  NO TRADING DAY EFFECT DETECTED
 
 LINEARIZED SERIES : 0
 RESIDUALS :         0
 
 
OVERALL TEST FOR IDENTIFIABLE SEASONALITY 
----------------------------------------- 
 
  AUTOCORRELATION FUNCTION EVIDENCE : YES
  NON-PARAMETRIC EVIDENCE           : YES
  F-TEST                            :  - 
  SPECTRAL EVIDENCE                 : YES
 
IDENTIFIABLE SEASONALITY FOUND IN SERIES
 
 
OVERALL TEST FOR RESIDUALS SEASONALITY 
----------------------------------------- 
 
  AUTOCORRELATION FUNCTION EVIDENCE : NO 
  NON-PARAMETRIC EVIDENCE           : NO 
  F-TEST                            : NO 
  SPECTRAL EVIDENCE                 : NO 
 
NO IDENTIFIABLE SEASONALITY FOUND IN RESIDUALS
 
 
ARIMA MODEL : POOR FIT
----------------------
 
QUALITY ARIMA MODEL TESTS
----------------------------------------

  Mean in residuals                      :GOOD        
  Autocorrelation in residuals           :GOOD        
  Normality of residuals                 :POOR        
  Skewness of residuals                  :MILDLY POOR 
  Kurtosis of residuals                  :POOR        
  Randomness of residual sign            :GOOD        
  Instability of residual mean           :GOOD        
  Instability of residual variance       :POOR        
  Seasonality in residuals               :GOOD        
  Trading day in residuals               :GOOD        
  Out-of-sample forecast errors          :ACCEPTABLE  
  Number of outliers                     :GOOD        
 


 LINEAR SERIES


 YEAR        JAN       FEB       MAR       APR       MAY       JUN       JUL       AUG       SEP       OCT       NOV       DEC 

 2005      65.855    67.358    76.407    79.492    71.075    82.386    86.527    82.809    87.443    91.708    85.463    90.180
 2006      80.723    82.984    85.493    84.276    83.482    84.792    89.389    83.631    81.798    80.888    79.375    82.265
 2007      70.076    69.406    77.993    80.236    82.735    85.092    88.999    80.492    85.846    92.827    92.303    93.527
 2008      86.213    88.346    93.322    94.510   105.812   109.337   116.461    97.199   101.718    92.456    79.813    73.928
 2009      64.322    61.897    65.309    65.795    69.050    72.088    74.321    71.736    75.261    78.310    71.633    76.183
 2010      73.977    72.061    83.791    81.263    84.924    87.723    90.212    79.895    89.087    91.322    87.117    93.724
 2011      87.858    92.238   100.643   109.613    93.945   106.140   105.704    96.187   107.622   104.854   101.323   115.806
 2012      94.101    99.203   108.873   107.032   104.782   103.359   112.879   107.772   107.618   105.833   103.052   104.090
 2013      99.624    86.625    97.960    98.666    83.781    95.076   102.638    95.444    98.646    96.766    90.240    96.001
 2014      85.082    82.832    89.334    87.645    90.337    95.996    95.131    88.256    90.732    91.118    79.813    83.906
 2015      66.085    67.434    78.823    78.154    86.157    86.671    81.828    72.041    75.186    73.155    68.325    71.218
 2016      60.683    58.228    61.534    64.016    66.292    69.006    73.305    66.666    67.712    69.438    67.123    73.777
 2017      67.795    71.530    75.426    75.479    68.833    73.366    76.862    70.328    73.108    76.036    74.714    82.579
 2018      70.370    72.744    78.219    77.772    83.407    84.641    84.375    79.969    85.613    87.996    86.140    79.109
 2019      74.202    75.778    80.247    81.681    79.745    81.581    84.057    78.215    81.112    83.760    74.063    78.010
 2020      72.906    65.234    73.687    69.066    63.842    66.925    82.785    77.654    75.735    79.929    63.739    72.940
 2021      65.484    76.665    83.233    86.061    92.883   102.327   111.520   103.221   111.428   118.253   113.656   116.298
 2022     102.435   110.783   134.152   135.787   141.089   163.484   159.580   143.264   146.527   141.167   131.953   129.600
 2023      90.880   107.271   118.877   119.282   110.241   118.834   122.856   117.854   128.079   129.873   120.120


  AUTOCORRELATION FUNCTION TEST FOR SEASONALITY IN LINEARIZEDSERIES QS =   114.84  ASIMPTOTICALLY DISTRIBUTED AS CHI-SQUARE(2)
    p-value= 0.0000


  NON-PARAMETRIC TEST FOR SEASONALITY IN LINEARIZED SERIES (FRIEDMAN) SEAS_NP =    129.96
    ASYMP. DISTRIBUTED AS CHI-SQUARE(11)
    p-value= 0.0000


TOTAL OUTLIER EFFECT FACTORS


 YEAR        JAN       FEB       MAR       APR       MAY       JUN       JUL       AUG       SEP       OCT       NOV       DEC 

 2005     132.291   132.291   132.291   132.291   132.291   132.291   132.291   132.291   132.291   132.291   132.291   132.291
 2006     132.291   132.291   132.291   132.291   132.291   132.291   132.291   132.291   132.291   132.291   132.291   132.291
 2007     132.291   132.291   132.291   132.291   132.291   132.291   132.291   132.291   132.291   132.291   132.291   132.291
 2008     132.291   132.291   132.291   132.291   132.291   132.291   132.291   132.291   132.291   132.291   132.291   132.291
 2009     132.291   132.291   132.291   132.291   132.291   132.291   132.291   132.291   132.291   132.291   132.291   132.291
 2010     132.291   132.291   132.291   132.291   132.291   132.291   132.291   132.291   132.291   132.291   132.291   132.291
 2011     132.291   132.291   132.291   132.291   132.291   132.291   132.291   132.291   132.291   132.291   132.291   132.291
 2012     132.291   132.291   132.291   132.291   132.291   132.291   132.291   132.291   132.291   132.291   132.291   132.291
 2013     132.291   132.291   132.291   132.291   132.291   132.291   132.291   132.291   132.291   132.291   132.291   132.291
 2014     132.291   132.291   132.291   132.291   132.291   132.291   132.291   132.291   132.291   132.291   132.291   132.291
 2015     132.291   132.291   132.291   132.291   132.291   132.291   132.291   132.291   132.291   132.291   132.291   132.291
 2016     132.291   132.291   132.291   132.291   132.291   132.291   132.291   132.291   132.291   132.291   132.291   132.291
 2017     132.291   132.291   132.291   132.291   132.291   132.291   132.291   132.291   132.291   132.291   132.291   132.291
 2018     132.291   132.291   132.291   132.291   132.291   132.291   132.291   132.291   132.291   132.291   132.291   132.291
 2019     132.291   132.291   132.291   132.291   132.291   132.291   132.291   132.291   132.291   132.291   132.291   132.291
 2020     132.291   132.291    82.820    49.332    82.820   100.000   100.000   100.000   100.000   100.000   100.000   100.000
 2021     100.000   100.000   100.000   100.000   100.000   100.000   100.000   100.000   100.000   100.000   100.000   100.000
 2022     100.000   100.000   100.000   100.000   100.000   100.000   100.000   100.000   100.000   100.000   100.000   100.000
 2023     100.000   100.000   100.000   100.000   100.000   100.000   100.000   100.000   100.000   100.000   100.000


TOTAL REGRESSION EFFECT FACTORS


 YEAR        JAN       FEB       MAR       APR       MAY       JUN       JUL       AUG       SEP       OCT       NOV       DEC 

 2005      98.599    99.654   100.119   100.133   101.142   100.560    97.757   101.142   101.142    97.757   100.566   100.000
 2006     100.572    99.654   102.123    96.242   101.142   100.560    97.757   101.142    99.157    99.713   100.566    96.114
 2007     102.585    99.654   100.119    98.168   101.142   100.560    99.713   101.142    97.212   101.709   100.566    98.038
 2008     102.585   101.648    96.229   102.137    99.157    98.587   101.709    97.212   101.142   101.709    98.593   100.000
 2009      98.599    99.654   100.119   102.137    97.212   100.560   101.709    99.157   101.142    99.713   100.566   102.001
 2010      96.665    99.654   102.123   102.137    99.157   100.560    99.713   101.142   101.142    97.757   100.566   104.043
 2011      98.599    99.654   100.119   100.133   101.142   100.560    97.757   101.142   101.142    97.757   100.566   100.000
 2012     100.572   101.648   100.119    98.168   101.142   100.560    99.713   101.142    97.212   101.709   100.566    98.038
 2013     102.585    99.654    98.155   100.133   101.142    98.587   101.709    99.157    99.157   101.709    98.593   100.000
 2014     100.572    99.654    98.155   100.133    99.157    98.587   101.709    97.212   101.142   101.709    98.593   100.000
 2015      98.599    99.654   100.119   102.137    97.212   100.560   101.709    99.157   101.142    99.713   100.566   102.001
 2016      96.665   101.648   100.119   100.133   101.142   100.560    97.757   101.142   101.142    97.757   100.566   100.000
 2017     100.572    99.654   102.123    96.242   101.142   100.560    97.757   101.142    99.157    99.713   100.566    96.114
 2018     102.585    99.654   100.119    98.168   101.142   100.560    99.713   101.142    97.212   101.709   100.566    98.038
 2019     102.585    99.654    98.155   100.133   101.142    98.587   101.709    99.157    99.157   101.709    98.593   100.000
 2020     100.572    99.654   100.119   102.137    97.212   100.560   101.709    99.157   101.142    99.713   100.566   102.001
 2021      96.665    99.654   102.123   102.137    99.157   100.560    99.713   101.142   101.142    97.757   100.566   104.043
 2022      98.599    99.654   102.123    98.168   101.142   100.560    97.757   101.142   101.142    97.757   100.566   100.000
 2023     100.572    99.654   102.123    96.242   101.142   100.560    97.757   101.142    99.157    99.713   100.566
 
 
 
 FORECAST FUNCTION OF ORIGINAL SERIES: 
  
ORIGIN: 227 PERIODS AHEAD: 24
  
 OBS    DATE         FORECAST          STD ERROR        FORECAST          STD ERROR   
                        (SERIES IN LOGS)                     (SERIES IN LEVELS)       
 228  Dec-2023       4.79167          0.549953E-01       120.503           6.63211    
 229  Jan-2024       4.72462          0.724165E-01       112.688           8.17118    
 230  Feb-2024       4.73618          0.865182E-01       113.998           9.88139    
 231  Mar-2024       4.79729          0.987858E-01       121.181           12.0002    
 232  Apr-2024       4.82339          0.109533           124.386           13.6653    
 233  May-2024       4.82550          0.119338           124.649           14.9285    
 234  Jun-2024       4.85959          0.128489           128.971           16.6399    
 235  Jul-2024       4.93362          0.136961           138.881           19.1108    
 236  Aug-2024       4.82671          0.144926           124.799           18.1820    
 237  Sep-2024       4.87026          0.152484           130.354           19.9930    
 238  Oct-2024       4.90766          0.159701           135.322           21.7496    
 239  Nov-2024       4.80572          0.166596           122.207           20.5013    
 240  Dec-2024       4.86189          0.174232           129.268           22.6946    
 241  Jan-2025       4.73539          0.181437           113.908           20.8384    
 242  Feb-2025       4.74695          0.188328           115.232           21.8953    
 243  Mar-2025       4.82787          0.195102           124.945           24.6108    
 244  Apr-2025       4.85398          0.201504           128.249           26.1072    
 245  May-2025       4.83627          0.207724           125.998           26.4577    
 246  Jun-2025       4.89017          0.213859           132.976           28.7665    
 247  Jul-2025       4.96420          0.219739           143.194           31.8489    
 248  Aug-2025       4.83747          0.225494           126.150           28.8116    
 249  Sep-2025       4.92065          0.231028           137.092           32.0995    
 250  Oct-2025       4.93824          0.236488           139.524           33.4626    
 251  Nov-2025       4.83630          0.241812           126.002           30.9197    
