
                                        PROGRAM TRAMO+

             (based on program TRAMO, Victor Gomez and Agustin Maravall©,1996)

         Developed at the Bank of Spain by Gianluca Caporello and Agustin Maravall,
         with programming support from Domingo Pérez Cañete and Roberto López Pavón.

                 VERSION: 1.0 (Revision: 942  Build: 2017/09/25 09:39:13)


 SERIES TITLE=DIVIZ23                                                                         

 INPUT PARAMETERS
   lam= 0   imean= 0   ireg= 7   seats= 2   int2=227   rsa= 0   modelsumm= 1   va=   3.742
 
  WARNING :
    Remember to define the regression variable name in the first line of the external regression file.
   Name : NOT DEFINED.
   Reglist01
    Iuser=-1   Nser= 1   Ilong= 312
 
   Name : NOT DEFINED.
   Reglist02
    Iuser= 2   Nser= 6   Ilong=   0
 
   Fixed Outliers:
   #Observ. Type
      56     AO
      37     TC
     109     TC
     184     AO
     183     TC
     185     AO
 

 NUMBER OF OBSERVATIONS: 227


 ORIGINAL SERIES 

 YEAR        JAN       FEB       MAR       APR       MAY       JUN       JUL       AUG       SEP       OCT       NOV       DEC 

 2005      82.600    89.500   101.000    99.000   105.800   107.400   106.900    72.300   108.400   103.900   102.600    86.500
 2006      87.000    97.500   116.400    99.400   123.800   121.000   115.300    79.000   113.500   121.500   117.000    90.000
 2007     104.400   101.700   121.800   104.300   124.200   119.000   121.600    77.700   107.100   115.800   110.900    73.800
 2008     107.800   109.500   103.300   115.100   110.600   112.000   121.500    61.300   103.800   106.800    91.700    67.200
 2009      73.900    78.800    85.300    85.800    83.500    88.100    97.900    47.100    86.500    94.900    85.200    65.000
 2010      71.800    81.700    98.300    96.300    95.200   100.300   104.200    60.400    96.200    96.600    90.400    70.500
 2011      78.400    90.000   107.500    98.500   110.200   102.400   104.300    65.500   103.300    99.100    95.200    74.500
 2012      82.400    89.500   103.700    92.600   103.300   102.900   102.600    65.700    96.300   103.600    92.300    64.800
 2013      80.100    82.400    91.200    93.200    99.300    95.400   106.900    60.600    94.300   107.700    89.300    65.500
 2014      95.100    91.600    98.900   100.800   104.600   100.700   113.300    58.600    99.000   107.300    91.400    72.400
 2015      86.600    93.000   108.400   110.200   104.900   114.700   119.600    67.000   107.100   110.900   100.500    77.300
 2016      89.600   103.700   114.600   115.300   113.900   120.400   113.200    74.000   112.400   105.800   102.200    78.400
 2017      95.700    99.700   123.800   102.500   124.800   118.200   115.500    78.800   114.600   112.900   111.000    76.400
 2018     103.100   104.300   122.300   110.800   128.100   126.100   123.700    78.600   110.800   128.100   114.100    78.400
 2019     110.000   113.600   124.800   120.500   139.500   121.200   132.500    76.200   116.400   133.400   113.300    83.200
 2020     113.700   118.000   113.800    74.600   103.400   126.300   138.800    88.000   125.600   132.600   123.300    92.900
 2021     109.000   118.400   143.700   140.600   138.300   147.100   143.900    93.600   143.200   137.600   139.800   119.000
 2022     129.500   146.300   187.000   167.000   187.800   176.600   162.500   118.800   174.400   164.000   159.100   122.000
 2023     141.500   148.100   181.300   138.700   166.200   163.300   136.000   102.600   143.600   141.500   144.600


 MODEL PARAMETERS            
 ----------------
  MQ= 12         IMEAN=  0      LAM=  0      D=  1       BD=  1
  P=  0          BP=  0         Q=  1        BQ=  1      IREG=  7
  ITRAD=  0      SMPDAY=  0     IEAST=  0      IDUR=  6     M= 36       IQM= 24
  INCON=  0      NBACK=  0      NPRED= 24    INTERP=  2  INIT=  0
  IFILT=  2      IROOT=  2    INIC=  0    ICONCE=  1
  ICDET=  1      IATIP=  0      IMVX=  0     IDIF=  0    PG=  0
  AIO=  2        INT1=  1       INT2= 227    RSA=  0     SEATS=  2
  VA= 3.74       TOL=  0.100E-03             PC=  0.120E+00
  NOADMISS= 1    STOCHTD 0    BIAS= 1
  THLIM=  0.000  BTHLIM=  0.000   RMOD=  0.500



TH =        -0.10

BTH =        -0.10

WARNING: When adjusting for degrees of freedom in
 order to compute white-noise residuals, the Housholder
 transformation contains an element of arbitrariness 
 that, when multiple regressors are entered, may produce
 a slight variation in results when the order in which
 regressors are entered changes



NUMBER OF INITIAL OBS. =  13

Log-Level pretest : LOGS are Selected
 DIFFERENCED TRANSFORMED SERIES

 YEAR        JAN       FEB       MAR       APR       MAY       JUN       JUL       AUG       SEP       OCT       NOV       DEC 

 2006                 0.034     0.056    -0.138     0.153    -0.038    -0.044     0.013    -0.043     0.111    -0.025    -0.092
 2007       0.143    -0.140     0.003     0.003    -0.045    -0.020     0.070    -0.070    -0.041     0.010    -0.005    -0.145
 2008       0.230     0.042    -0.239     0.263    -0.215     0.055     0.060    -0.236     0.206    -0.050    -0.109     0.096
 2009      -0.284     0.049     0.138    -0.102     0.013     0.041     0.024    -0.048     0.081     0.064     0.045     0.040
 2010       0.004     0.065     0.106    -0.026     0.016    -0.001    -0.067     0.186    -0.142    -0.089     0.041     0.022
 2011       0.007     0.009    -0.007    -0.067     0.124    -0.126    -0.020     0.080    -0.010    -0.046     0.026     0.003
 2012      -0.005    -0.055    -0.030    -0.026    -0.003     0.070    -0.021     0.019    -0.073     0.115    -0.075    -0.109
 2013       0.111    -0.054    -0.046     0.135    -0.046    -0.036     0.117    -0.122     0.060     0.060    -0.072     0.044
 2014       0.161    -0.066    -0.025    -0.003    -0.026     0.002     0.004    -0.092     0.082    -0.052     0.027     0.077
 2015      -0.194     0.109     0.077    -0.003    -0.086     0.127    -0.076     0.080    -0.055    -0.046     0.062    -0.029
 2016      -0.031     0.075    -0.053    -0.010     0.037    -0.034    -0.103     0.154    -0.051    -0.095     0.064    -0.003
 2017       0.052    -0.105     0.117    -0.195     0.209    -0.110     0.039     0.043    -0.043     0.046     0.018    -0.108
 2018       0.100    -0.029    -0.057     0.090    -0.052     0.039     0.004    -0.071    -0.031     0.160    -0.099    -0.002
 2019       0.039     0.021    -0.065     0.064     0.001    -0.125     0.108    -0.100     0.080    -0.009    -0.048     0.066
 2020      -0.026     0.005    -0.130    -0.387     0.180     0.341     0.005     0.098    -0.068    -0.082     0.091     0.026
 2021      -0.152     0.046     0.230     0.400    -0.343    -0.138    -0.116     0.026     0.069    -0.094     0.089     0.122
 2022      -0.075     0.039     0.052    -0.091     0.134    -0.123    -0.061     0.117    -0.041    -0.022    -0.046    -0.104
 2023       0.064    -0.076    -0.043    -0.155     0.063     0.044    -0.100     0.031    -0.048     0.047     0.052




 AUTOCORRELATIONS
 ----------------
     -0.3579   0.0038   0.2315  -0.1977   0.0971   0.0461  -0.1322   0.1470  -0.0471  -0.0315   0.0834  -0.2615
 SE   0.0684   0.0766   0.0766   0.0798   0.0821   0.0826   0.0827   0.0837   0.0849   0.0850   0.0851   0.0855
      0.1099  -0.1506   0.1026  -0.0315  -0.0600   0.1467  -0.1472   0.0619   0.0441  -0.1340   0.1140  -0.0813
 SE   0.0891   0.0898   0.0909   0.0915   0.0915   0.0917   0.0928   0.0939   0.0941   0.0942   0.0951   0.0957
     -0.1046   0.2495  -0.1892  -0.0216   0.0960  -0.1704   0.0664   0.0402  -0.1269   0.0408   0.0428  -0.0990
 SE   0.0960   0.0965   0.0995   0.1012   0.1012   0.1016   0.1030   0.1032   0.1032   0.1040   0.1040   0.1041


 PARTIAL AUTOCORRELATIONS
 ---------------------
     -0.3579  -0.1425   0.2131  -0.0411   0.0269   0.0407  -0.0620   0.0598   0.0164   0.0014   0.0173  -0.2496
 SE   0.0684   0.0684   0.0684   0.0684   0.0684   0.0684   0.0684   0.0684   0.0684   0.0684   0.0684   0.0684
     -0.0687  -0.2137   0.1364  -0.0196   0.0093   0.1058  -0.0931   0.0683   0.0002  -0.0266   0.0155  -0.1841
 SE   0.0684   0.0684   0.0684   0.0684   0.0684   0.0684   0.0684   0.0684   0.0684   0.0684   0.0684   0.0684
     -0.1401   0.0328   0.0452  -0.0820  -0.0281  -0.0480  -0.0732   0.1026  -0.0497  -0.0698   0.0047  -0.1621
 SE   0.0684   0.0684   0.0684   0.0684   0.0684   0.0684   0.0684   0.0684   0.0684   0.0684   0.0684   0.0684
  
 ARIMA MODEL ESTIMATION 
  
 METHOD OF ESTIMATION: EXACT MAXIMUM LIKELIHOOD           
  
 PARAMETER      ESTIMATE           STD ERROR      T RATIO   LAG  
  
 TH1         -0.41961           0.63179E-01       -6.64      1
 BTH         -0.65145           0.52807E-01      -12.34     12
  
 
 REGULAR MA INVERSE ROOTS ARE 
 NO.     REAL P.     IMAG.P.     MODULUS    ARGUMENT      PERIOD
  1      0.41961       0.0000      0.41961       0.0000            -  
 
 SEASONAL MA INVERSE ROOTS ARE 
 NO.     REAL P.     IMAG.P.     MODULUS    ARGUMENT      PERIOD
  1      0.65145       0.0000      0.65145       0.0000            -  
  
 CORRELATIONS OF THE ESTIMATES 
  
  1.000   -0.188
 -0.188    1.000
  
 AIC 
    -722.552
  
 BIC 
     -6.1046
  
 FINAL VALUE OF OBJECTIVE FUNCTION: 
               0.39360    
  
 RADETN:    1.01606586343744     
 ITERATIONS:            3
  
  NUMBER OF FUNCTION EVALUATIONS:           11
  

 ESTIMATES OF REGRESSION PARAMETERS 
 CONCENTRATED OUT OF THE LIKELIHOOD 

 PARAMETER           VALUE          ST. ERROR     T VALUE
 REG      1          0.41071E-01    (     0.00248)   16.55
 OUT 1 ( 56)        -0.15166        (     0.03319)   -4.57   AO    ( 8 2009)
 OUT 2 ( 37)         0.15948        (     0.03682)    4.33   TC    ( 1 2008)
 OUT 3 (109)         0.14528        (     0.03614)    4.02   TC    ( 1 2014)
 OUT 4 (184)        -0.46340        (     0.03604)  -12.86   AO    ( 4 2020)
 OUT 5 (183)        -0.18935        (     0.03753)   -5.04   TC    ( 3 2020)
 OUT 6 (185)        -0.14531        (     0.03520)   -4.13   AO    ( 5 2020)

 VAR-CORRELATION MATRIX OF ESTIMATORS 

   0.616E-05
   0.710E-01   0.110E-02
  -0.112E+00  -0.142E-01   0.136E-02
  -0.282E-01  -0.368E-02   0.252E-01   0.131E-02
  -0.103E+00  -0.742E-02   0.115E-01   0.209E-02   0.130E-02
   0.247E-01   0.166E-02  -0.292E-02  -0.224E-02  -0.248E+00   0.141E-02
   0.129E+00   0.899E-02  -0.145E-01  -0.490E-02   0.287E+00  -0.961E-01   0.124E-02


 VARIANCES ARE IN THE MAIN DIAGONAL; 
 OFF-DIAGONAL ELEMENTS ARE CORRELATIONS. 



ACF DIFFERENCED SERIES




 AUTOCORRELATIONS
 ----------------
     -0.3880   0.0035   0.2509  -0.2040   0.1157   0.0495  -0.1543   0.1626  -0.0805  -0.0088   0.1000  -0.2924
 SE   0.0684   0.0780   0.0780   0.0817   0.0840   0.0847   0.0849   0.0862   0.0876   0.0880   0.0880   0.0885
      0.1273  -0.1257   0.0679  -0.0168  -0.0753   0.1474  -0.1273   0.0165   0.1033  -0.1726   0.1214  -0.0652
 SE   0.0929   0.0937   0.0945   0.0947   0.0947   0.0950   0.0961   0.0969   0.0969   0.0974   0.0988   0.0995
     -0.0902   0.2189  -0.1658  -0.0427   0.1378  -0.1950   0.0609   0.0683  -0.1579   0.0591   0.0185  -0.0748
 SE   0.0997   0.1001   0.1023   0.1035   0.1036   0.1045   0.1062   0.1063   0.1065   0.1076   0.1078   0.1078
  
  
  NUMBER OF WHITE NOISE RESIDUALS          207
  
 WHITE NOISE RESIDUALS
  

 YEAR        JAN       FEB       MAR       APR       MAY       JUN       JUL       AUG       SEP       OCT       NOV       DEC 

 2006                                                                                      -0.004     0.022     0.023     0.002
 2007       0.004    -0.059     0.024    -0.071    -0.003    -0.036    -0.007    -0.024    -0.011    -0.060     0.015    -0.173
 2008       0.038     0.026    -0.040     0.054    -0.034     0.030     0.004    -0.116    -0.005    -0.001    -0.041    -0.109
 2009       0.020    -0.024    -0.061    -0.024    -0.009    -0.028     0.039    -0.001    -0.006     0.100    -0.023    -0.029
 2010       0.115     0.050     0.052     0.037    -0.009     0.020     0.015    -0.052     0.025     0.029    -0.029    -0.044
 2011       0.070     0.080     0.088    -0.020     0.017    -0.062    -0.000     0.001     0.021    -0.025    -0.011     0.060
 2012      -0.046    -0.041     0.028    -0.010    -0.031     0.012    -0.041     0.044     0.041    -0.055    -0.016    -0.032
 2013      -0.031     0.001    -0.016     0.032    -0.009     0.017     0.012     0.005    -0.006     0.052    -0.005    -0.057
 2014       0.063    -0.028    -0.017     0.037     0.030    -0.002     0.014    -0.040    -0.018     0.019     0.019     0.051
 2015       0.071     0.019     0.010     0.009    -0.005     0.023    -0.023    -0.006    -0.021     0.001    -0.014    -0.009
 2016       0.079     0.018    -0.004     0.032    -0.079     0.031    -0.030     0.021    -0.013    -0.053    -0.009     0.033
 2017      -0.004     0.007     0.030    -0.037     0.051    -0.046    -0.009     0.061     0.009    -0.064     0.041     0.014
 2018      -0.028     0.005     0.004    -0.023     0.023     0.004    -0.028     0.000    -0.001     0.033     0.000    -0.044
 2019       0.039     0.048    -0.003    -0.036     0.049    -0.067    -0.022    -0.019    -0.010     0.050     0.005    -0.042
 2020       0.075     0.016     0.010     0.001    -0.013    -0.018     0.024     0.087    -0.083    -0.006    -0.009    -0.010
 2021       0.025    -0.038    -0.016     0.026    -0.024     0.057    -0.012     0.002     0.043    -0.010     0.044     0.098
 2022      -0.013     0.045     0.072     0.043     0.006    -0.035    -0.058     0.056     0.010    -0.036    -0.028     0.016
 2023      -0.084    -0.040    -0.028    -0.121    -0.030     0.007    -0.127     0.034    -0.004    -0.059     0.058
 
 
  STABILITY TEST
 
 
     1. FULL PERIOD
                  FIRST HALF                    SECOND HALF
           Mean(t)          Variance      Mean(t)          Variance
      -0.94E-03(-0.22    )  0.19E-02 -0.74E-03(-0.18    )  0.17E-02
 
      Mean assumed equal to 0
      VR(variance ratio)= 0.86    
 
      MEAN STABILITY IS NOT REJECTED.
      VARIANCE STABILITY IS NOT REJECTED.


 
     2. LAST 10 YEARS
                  FIRST HALF                    SECOND HALF
           Mean(t)          Variance      Mean(t)          Variance
       0.33E-02( 0.77    )  0.11E-02 -0.16E-02(-0.28    )  0.21E-02
 
      Mean assumed equal to 0
      VR(variance ratio)=  2.0    
 
      LAST 10 YEARS MEAN STABILITY IS NOT REJECTED.
      LAST 10 YEARS VARIANCE STABILITY IS REJECTED.


 
  OUT-OF-SAMPLE TEST
  ------------------
      Model re-estimated on Linearized series for first 209 observations.
       18 One-Period-Ahead Forecasts computed with model fixed.
      Comparison between forecast errors (last   18 observations) and residuals (in-sample):

        Mean(Forecast Errors)
            p-value= 0.0056
            Mean of forecast errors cannot be assumed zero.

        Out-of-Sample MSE is :  0.3291E-02
        In-Sample MSE is :  0.1639E-02
        F( 18,196) is :  0.201E+01
            p-value(%)= 1.0928

        Mean and Variance of forecast Errors and In-Sample residuals ARE significantly different


 TEST-STATISTICS ON RESIDUALS
 ----------------------------


           MEAN=  -0.8358185E-03
        ST.DEV.=   0.2947377E-02
        OF MEAN
        T-VALUE= -0.2836

 NORMALITY TEST=   20.81        ( CHI-SQUARE(2) )

       SKEWNESS= -0.3849          ( SE =  0.1703 )
       KURTOSIS=  4.3493          ( SE =  0.3405 )

 SUM OF SQUARES=   0.3316982    

  DURBIN-WATSON=  2.3768

 STANDARD ERROR=   0.4312486E-01
 OF RESID.
  MSE OF RESID.=   0.1859753E-02




 AUTOCORRELATIONS
 ----------------
     -0.0631   0.0179   0.3010  -0.0573   0.0584   0.1318  -0.1401   0.1079   0.0600  -0.1104  -0.0128   0.0952
 SE   0.0695   0.0695   0.0695   0.0695   0.0695   0.0695   0.0695   0.0695   0.0695   0.0695   0.0695   0.0695
 Q      0.84     0.90    20.12    20.82    21.55    25.29    29.53    32.06    32.85    35.53    35.56    37.57
 PV    -1.00    -1.00     0.00     0.00     0.00     0.00     0.00     0.00     0.00     0.00     0.00     0.00
     -0.0952  -0.0689   0.0270  -0.0953  -0.0221   0.0570  -0.0924   0.0682   0.0032  -0.1253   0.0397  -0.0801
 SE   0.0695   0.0695   0.0695   0.0695   0.0695   0.0695   0.0695   0.0695   0.0695   0.0695   0.0695   0.0695
 Q     39.59    40.66    40.82    42.88    42.99    43.74    45.70    46.78    46.78    50.45    50.82    52.34
 PV     0.00     0.00     0.00     0.00     0.00     0.00     0.00     0.00     0.00     0.00     0.00     0.00
     -0.0959   0.1117  -0.1442  -0.0666   0.0459  -0.1472   0.0451   0.0255  -0.1604   0.0692   0.0050  -0.0983
 SE   0.0695   0.0695   0.0695   0.0695   0.0695   0.0695   0.0695   0.0695   0.0695   0.0695   0.0695   0.0695
 Q     54.53    57.51    62.51    63.58    64.09    69.39    69.89    70.05    76.45    77.64    77.65    80.09
 PV     0.00     0.00     0.00     0.00     0.00     0.00     0.00     0.00     0.00     0.00     0.00     0.00

  LJUNG-BOX Q VALUE OF ORDER  24 IS     52.34 AND IF RESIDUALS ARE RANDOM IT SHOULD BE DISTRIBUTED AS CHI-SQUARE(22)
  p-value= 0.0003
  THE PIERCE QS VALUE IS      2.01 AND IF RESIDUALS ARE RANDOM IT SHOULD BE DISTRIBUTED AS CHI-SQUARE(2)

 APPROXIMATE TEST OF RUNS ON RESIDUALS
 -------------------------------------
  NUM.DATA= 207
   NUM.(+)= 104
   NUM.(-)= 103
  NUM.RUNS= 116
   T-VALUE=  1.6722


  NON-PARAMETRIC TEST FOR RESIDUAL SEASONALITY (FRIEDMAN) SEAS_NP =      8.10
    ASYMP. DISTRIBUTED AS CHI-SQUARE(11)
    p-value= 0.7048



 SQUARED RESIDUALS:
 ------------------




 AUTOCORRELATIONS
 ----------------
     -0.0368  -0.0571   0.1585   0.0330  -0.1008   0.0032  -0.0334   0.1670  -0.0762   0.0619  -0.0374   0.1184
 SE   0.0695   0.0695   0.0695   0.0695   0.0695   0.0695   0.0695   0.0695   0.0695   0.0695   0.0695   0.0695
 Q      0.29     0.97     6.30     6.54     8.71     8.71     8.96    15.02    16.29    17.13    17.44    20.55
 PV    -1.00    -1.00     0.01     0.04     0.03     0.07     0.11     0.02     0.02     0.03     0.04     0.02
      0.0551   0.0513   0.0043   0.1039   0.0605  -0.0467   0.0400  -0.0157  -0.0705   0.0980  -0.0253  -0.0002
 SE   0.0695   0.0695   0.0695   0.0695   0.0695   0.0695   0.0695   0.0695   0.0695   0.0695   0.0695   0.0695
 Q     21.22    21.81    21.82    24.26    25.10    25.60    25.96    26.02    27.18    29.42    29.58    29.58
 PV     0.03     0.04     0.06     0.04     0.05     0.06     0.08     0.10     0.10     0.08     0.10     0.13
      0.1269   0.0102   0.0091  -0.0264  -0.0254   0.0021   0.0382   0.0123  -0.0063   0.0479   0.0227   0.0058
 SE   0.0695   0.0695   0.0695   0.0695   0.0695   0.0695   0.0695   0.0695   0.0695   0.0695   0.0695   0.0695
 Q     33.40    33.43    33.45    33.62    33.77    33.77    34.13    34.17    34.18    34.75    34.88    34.89
 PV     0.07     0.10     0.12     0.14     0.17     0.21     0.23     0.27     0.32     0.34     0.38     0.43

  McLEOD-LI Q VALUE OF ORDER  24 IS     29.58 AND IF RESIDUALS ARE RANDOM IT SHOULD BE DISTRIBUTED AS CHI-SQUARE(24)
  p-value= 0.1992
 
 
 
SPECTRAL DIAGNOSTICS
 --------------------
 
A. SEASONAL SPECTRAL PEAKS
 
                           Frequency (cycles per year)
                     One    Two   Three  Four   Five    Six  
 Original series      aT     aT     AT     -T     aT     AT
 Linearized series    AT     AT     AT     aT     AT     aT
 Residuals            at     --     --     --     -t     --
 
 AT : peaks detected in AR(30) and using Tukey spectrum  estimator
 A- : only peaks detected in AR(30) spectrum estimator
 -T : only peaks detected using Tukey spectrum estimator
 -- : No peaks detected in AR(30) nor using Tukey spectrum estimator
 
 
 
B. STOCHASTIC SEASONALITY: SPECTRAL EVIDENCE
 
 1 :  SERIES CONTAINS SEASONALITY THAT CAN BE RELIABLY EXTRACTED.
 0 :  SEASONALITY IS NOT PRESENT IN THE SERIES OR IS TOO WEAK TO BE RELIABLY CAPTURED.
 
 ORIGINAL SERIES :   1
 LINEARIZED SERIES : 1
 RESIDUALS :         0
 
 
 
C. TRADING DAY EFFECT: SPECTRAL EVIDENCE
 
 1 :  TRADING DAY EFFECT DETECTED
 0 :  NO TRADING DAY EFFECT DETECTED
 
 LINEARIZED SERIES : 0
 RESIDUALS :         1
 
 
OVERALL TEST FOR IDENTIFIABLE SEASONALITY 
----------------------------------------- 
 
  AUTOCORRELATION FUNCTION EVIDENCE : YES
  NON-PARAMETRIC EVIDENCE           : YES
  F-TEST                            :  - 
  SPECTRAL EVIDENCE                 : YES
 
IDENTIFIABLE SEASONALITY FOUND IN SERIES
 
 
OVERALL TEST FOR RESIDUALS SEASONALITY 
----------------------------------------- 
 
  AUTOCORRELATION FUNCTION EVIDENCE : NO 
  NON-PARAMETRIC EVIDENCE           : NO 
  F-TEST                            : NO 
  SPECTRAL EVIDENCE                 : NO 
 
NO IDENTIFIABLE SEASONALITY FOUND IN RESIDUALS
 
 
ARIMA MODEL : POOR FIT
----------------------
 
QUALITY ARIMA MODEL TESTS
----------------------------------------

  Mean in residuals                      :GOOD        
  Autocorrelation in residuals           :POOR        
  Normality of residuals                 :POOR        
  Skewness of residuals                  :GOOD        
  Kurtosis of residuals                  :POOR        
  Randomness of residual sign            :GOOD        
  Instability of residual mean           :GOOD        
  Instability of residual variance       :GOOD        
  Seasonality in residuals               :GOOD        
  Trading day in residuals               :MILDLY POOR 
  Out-of-sample forecast errors          :GOOD        
  Number of outliers                     :GOOD        
 


 LINEAR SERIES


 YEAR        JAN       FEB       MAR       APR       MAY       JUN       JUL       AUG       SEP       OCT       NOV       DEC 

 2005      85.051    90.146   100.751    98.728   103.339   106.163   112.047    70.618   105.879   108.903   101.406    86.500
 2006      85.977    98.203   111.441   107.613   120.921   119.607   120.852    77.163   115.508   122.226   115.638    97.705
 2007      99.021   102.434   121.500   108.374   121.311   117.630   122.326    75.893   113.565   111.804   109.609    76.894
 2008      87.173    94.671   103.459   104.301   108.328   112.301   115.127    64.152   100.458   102.453    94.008    66.988
 2009      75.925    79.246    84.998    82.059    88.493    87.053    94.497    55.773    84.477    95.458    84.203    62.382
 2010      77.028    82.288    94.111    92.170    96.884    99.145   104.822    58.995    93.962   101.251    89.348    64.940
 2011      80.726    90.649   107.235    98.229   107.637   101.221   109.322    63.977   100.897   103.872    94.092    74.500
 2012      81.431    86.518   103.445    96.217   100.897   101.715   103.213    64.172   102.113   100.025    91.226    67.517
 2013      75.973    82.994    94.790    92.944    96.990    98.255   103.211    61.672    95.968   103.984    91.961    65.500
 2014      81.273    83.339    95.730    95.636   102.801   101.212   107.537    61.398    95.891   102.992    93.738    72.192
 2015      88.991    93.539   108.027   105.402   111.178   113.341   115.446    68.174   104.597   111.553    99.325    74.187
 2016      96.124   100.243   114.316   114.982   111.250   119.013   118.650    72.279   109.785   110.894   101.011    78.400
 2017      94.575   100.419   118.526   110.969   121.897   116.839   121.061    76.967   116.628   113.574   109.708    82.941
 2018      97.788   105.052   121.999   115.128   125.120   124.648   124.439    76.772   117.488   123.680   112.772    81.687
 2019     104.332   114.419   129.712   120.169   136.255   124.827   127.928    77.548   118.459   128.797   116.677    83.200
 2020     112.363   118.851   137.185   129.575   139.115   133.223   140.244    92.453   125.442   135.488   123.203    89.846
 2021     117.567   119.701   137.939   134.819   140.928   145.537   144.851    91.463   139.912   144.257   138.194   109.627
 2022     133.353   147.363   179.040   173.528   183.435   174.569   170.326   116.038   170.344   171.897   157.249   122.000
 2023     139.836   149.168   173.576   150.161   162.334   161.420   142.548   100.214   146.141   142.345   142.917


  AUTOCORRELATION FUNCTION TEST FOR SEASONALITY IN LINEARIZEDSERIES QS =   410.36  ASIMPTOTICALLY DISTRIBUTED AS CHI-SQUARE(2)
    p-value= 0.0000


  NON-PARAMETRIC TEST FOR SEASONALITY IN LINEARIZED SERIES (FRIEDMAN) SEAS_NP =    181.68
    ASYMP. DISTRIBUTED AS CHI-SQUARE(11)
    p-value= 0.0000


TOTAL OUTLIER EFFECT FACTORS


 YEAR        JAN       FEB       MAR       APR       MAY       JUN       JUL       AUG       SEP       OCT       NOV       DEC 

 2005     100.000   100.000   100.000   100.000   100.000   100.000   100.000   100.000   100.000   100.000   100.000   100.000
 2006     100.000   100.000   100.000   100.000   100.000   100.000   100.000   100.000   100.000   100.000   100.000   100.000
 2007     100.000   100.000   100.000   100.000   100.000   100.000   100.000   100.000   100.000   100.000   100.000   100.000
 2008     117.290   111.810   108.128   105.622   103.903   102.717   101.894   101.322   100.924   100.646   100.452   100.316
 2009     100.221   100.155   100.108   100.076   100.053   100.037   100.026    85.944   100.013   100.009   100.006   100.004
 2010     100.003   100.002   100.001   100.001   100.001   100.001   100.000   100.000   100.000   100.000   100.000   100.000
 2011     100.000   100.000   100.000   100.000   100.000   100.000   100.000   100.000   100.000   100.000   100.000   100.000
 2012     100.000   100.000   100.000   100.000   100.000   100.000   100.000   100.000   100.000   100.000   100.000   100.000
 2013     100.000   100.000   100.000   100.000   100.000   100.000   100.000   100.000   100.000   100.000   100.000   100.000
 2014     115.637   110.705   107.378   105.109   103.550   102.472   101.724   101.204   100.841   100.588   100.411   100.288
 2015     100.201   100.141   100.099   100.069   100.048   100.034   100.024   100.017   100.012   100.008   100.006   100.004
 2016     100.003   100.002   100.001   100.001   100.001   100.000   100.000   100.000   100.000   100.000   100.000   100.000
 2017     100.000   100.000   100.000   100.000   100.000   100.000   100.000   100.000   100.000   100.000   100.000   100.000
 2018     100.000   100.000   100.000   100.000   100.000   100.000   100.000   100.000   100.000   100.000   100.000   100.000
 2019     100.000   100.000   100.000   100.000   100.000   100.000   100.000   100.000   100.000   100.000   100.000   100.000
 2020     100.000   100.000    82.750    55.104    78.813    93.712    95.556    96.868    97.797    98.453    98.914    99.239
 2021      99.467    99.626    99.738    99.817    99.872    99.910    99.937    99.956    99.969    99.978    99.985    99.989
 2022      99.993    99.995    99.996    99.997    99.998    99.999    99.999    99.999   100.000   100.000   100.000   100.000
 2023     100.000   100.000   100.000   100.000   100.000   100.000   100.000   100.000   100.000   100.000   100.000


TOTAL REGRESSION EFFECT FACTORS


 YEAR        JAN       FEB       MAR       APR       MAY       JUN       JUL       AUG       SEP       OCT       NOV       DEC 

 2005      97.118    99.284   100.247   100.276   102.381   101.165    95.406   102.381   102.381    95.406   101.177   100.000
 2006     101.190    99.284   104.450    92.368   102.381   101.165    95.406   102.381    98.262    99.406   101.177    92.114
 2007     105.432    99.284   100.247    96.241   102.381   101.165    99.406   102.381    94.308   103.574   101.177    95.976
 2008     105.432   103.446    92.341   104.480    98.262    97.094   103.574    94.308   102.381   103.574    97.106   100.000
 2009      97.118    99.284   100.247   104.480    94.308   101.165   103.574    98.262   102.381    99.406   101.177   104.193
 2010      93.210    99.284   104.450   104.480    98.262   101.165    99.406   102.381   102.381    95.406   101.177   108.561
 2011      97.118    99.284   100.247   100.276   102.381   101.165    95.406   102.381   102.381    95.406   101.177   100.000
 2012     101.190   103.446   100.247    96.241   102.381   101.165    99.406   102.381    94.308   103.574   101.177    95.976
 2013     105.432    99.284    96.213   100.276   102.381    97.094   103.574    98.262    98.262   103.574    97.106   100.000
 2014     101.190    99.284    96.213   100.276    98.262    97.094   103.574    94.308   102.381   103.574    97.106   100.000
 2015      97.118    99.284   100.247   104.480    94.308   101.165   103.574    98.262   102.381    99.406   101.177   104.193
 2016      93.210   103.446   100.247   100.276   102.381   101.165    95.406   102.381   102.381    95.406   101.177   100.000
 2017     101.190    99.284   104.450    92.368   102.381   101.165    95.406   102.381    98.262    99.406   101.177    92.114
 2018     105.432    99.284   100.247    96.241   102.381   101.165    99.406   102.381    94.308   103.574   101.177    95.976
 2019     105.432    99.284    96.213   100.276   102.381    97.094   103.574    98.262    98.262   103.574    97.106   100.000
 2020     101.190    99.284   100.247   104.480    94.308   101.165   103.574    98.262   102.381    99.406   101.177   104.193
 2021      93.210    99.284   104.450   104.480    98.262   101.165    99.406   102.381   102.381    95.406   101.177   108.561
 2022      97.118    99.284   104.450    96.241   102.381   101.165    95.406   102.381   102.381    95.406   101.177   100.000
 2023     101.190    99.284   104.450    92.368   102.381   101.165    95.406   102.381    98.262    99.406   101.177
 
 
 
 FORECAST FUNCTION OF ORIGINAL SERIES: 
  
ORIGIN: 227 PERIODS AHEAD: 24
  
 OBS    DATE         FORECAST          STD ERROR        FORECAST          STD ERROR   
                        (SERIES IN LOGS)                     (SERIES IN LEVELS)       
 228  Dec-2023       4.58289          0.407265E-01       97.7968           3.98457    
 229  Jan-2024       4.91604          0.466361E-01       136.461           6.36746    
 230  Feb-2024       4.96319          0.520879E-01       143.049           7.45617    
 231  Mar-2024       5.04784          0.573021E-01       155.685           8.92843    
 232  Apr-2024       5.01298          0.617640E-01       150.352           9.29518    
 233  May-2024       5.10208          0.659951E-01       164.364           10.8590    
 234  Jun-2024       5.03091          0.699669E-01       153.073           10.7231    
 235  Jul-2024       5.05450          0.737869E-01       156.726           11.5801    
 236  Aug-2024       4.59470          0.773522E-01       98.9585           7.66612    
 237  Sep-2024       4.98226          0.807792E-01       145.803           11.7971    
 238  Oct-2024       5.04844          0.841250E-01       155.779           13.1281    
 239  Nov-2024       4.93364          0.872916E-01       138.884           12.1465    
 240  Dec-2024       4.68142          0.949315E-01       107.924           10.2685    
 241  Jan-2025       4.89135          0.100009           133.134           13.3480    
 242  Feb-2025       4.93850          0.104845           139.561           14.6726    
 243  Mar-2025       5.06423          0.109605           158.258           17.3981    
 244  Apr-2025       5.02937          0.113975           152.836           17.4762    
 245  May-2025       5.07740          0.118249           160.357           19.0285    
 246  Jun-2025       5.04730          0.122328           155.602           19.1059    
 247  Jul-2025       5.07089          0.126327           159.316           20.2065    
 248  Aug-2025       4.57002          0.130239           96.5459           12.6276    
 249  Sep-2025       5.03972          0.133908           154.426           20.7720    
 250  Oct-2025       5.06483          0.137586           158.353           21.8906    
 251  Nov-2025       4.95003          0.141137           141.179           20.0252    
