
                                        PROGRAM TRAMO+

             (based on program TRAMO, Victor Gomez and Agustin Maravall©,1996)

         Developed at the Bank of Spain by Gianluca Caporello and Agustin Maravall,
         with programming support from Domingo Pérez Cañete and Roberto López Pavón.

                 VERSION: 1.0 (Revision: 942  Build: 2017/09/25 09:39:13)


 SERIES TITLE=DIVID23                                                                         

 INPUT PARAMETERS
   lam= 0   imean= 0   ireg= 5   ieast= 3   seats= 2   int2=227   rsa= 0   modelsumm= 1   va=   3.742
 
  WARNING :
    Remember to define the regression variable name in the first line of the external regression file.
   Name : NOT DEFINED.
   Reglist01
    Iuser=-1   Nser= 1   Ilong= 312
 
   Name : NOT DEFINED.
   Reglist02
    Iuser= 2   Nser= 4   Ilong=   0
 
   Fixed Outliers:
   #Observ. Type
      86     AO
     184     AO
     183     TC
     188     AO
 

 NUMBER OF OBSERVATIONS: 227


 ORIGINAL SERIES 

 YEAR        JAN       FEB       MAR       APR       MAY       JUN       JUL       AUG       SEP       OCT       NOV       DEC 

 2005     124.100   146.900   166.600   159.000   175.400   175.400   180.400    92.900   179.700   164.700   169.700   150.800
 2006     133.100   155.100   190.900   154.200   199.500   193.400   190.700    99.000   176.600   193.200   186.000   154.200
 2007     150.800   165.900   188.600   164.000   194.900   187.300   203.600   102.400   175.800   198.300   184.400   146.800
 2008     149.200   173.000   168.900   180.600   187.600   184.600   205.500    82.700   187.500   187.900   152.200   124.400
 2009     102.000   131.300   156.800   147.000   157.600   165.500   179.100    76.100   154.000   159.500   146.100   122.200
 2010      99.400   119.200   150.700   141.600   148.000   153.600   167.300    79.900   155.200   147.600   142.000   123.200
 2011     101.200   122.500   142.700   135.200   149.600   146.800   152.200    79.900   144.200   135.900   138.200   112.900
 2012      94.100    96.700   133.800   113.000   137.300   130.600   137.600    75.400   118.000   134.000   116.100    89.100
 2013      86.100    91.400   102.700   106.800   121.300   118.400   138.400    65.700   120.600   126.000   107.600    91.700
 2014      82.900    88.300   106.100   102.100   110.800   110.300   125.800    58.600   112.500   117.700   100.000    87.400
 2015      75.700    88.000   104.500   103.900   106.300   112.000   125.100    56.400   111.800   111.500   112.600    92.200
 2016      74.900    97.000   106.900   106.400   114.000   113.100   118.300    63.800   113.800   109.500   113.300    93.700
 2017      79.000    96.800   118.500    96.500   122.900   116.100   122.600    67.700   113.300   120.900   115.200    87.700
 2018      89.200    96.100   107.200   101.900   123.400   120.700   127.300    67.800   112.500   124.300   114.600    92.000
 2019      98.500   107.900   125.400   115.200   136.200   126.400   142.400    72.700   124.000   135.400   113.400    98.000
 2020     102.200   114.600    89.200    41.300   100.200   126.200   148.000    84.500   134.400   135.700   129.700   100.600
 2021      98.300   116.900   146.800   137.700   142.600   150.500   156.800    89.100   148.300   148.500   150.100   135.500
 2022     118.600   145.300   187.500   158.600   182.400   177.300   174.400   112.000   187.000   181.600   180.000   146.700
 2023     143.100   164.500   198.000   157.400   191.800   185.700   180.700   106.500   172.200   182.300   176.100

DATES OF EASTER DURING THE REQUESTED TIME SPAN 

 YEAR MONTH  DAY 

   2005   MARCH   27
   2006   APRIL   16
   2007   APRIL    8
   2008   MARCH   23
   2009   APRIL   12
   2010   APRIL    4
   2011   APRIL   24
   2012   APRIL    8
   2013   MARCH   31
   2014   APRIL   20
   2015   APRIL    5
   2016   MARCH   27
   2017   APRIL   16
   2018   APRIL    1
   2019   APRIL   21
   2020   APRIL   12
   2021   APRIL    4
   2022   APRIL   17
   2023   APRIL    9
   2024   MARCH   31
   2025   APRIL   20
   2026   APRIL    5


 MODEL PARAMETERS            
 ----------------
  MQ= 12         IMEAN=  0      LAM=  0      D=  1       BD=  1
  P=  0          BP=  0         Q=  1        BQ=  1      IREG=  5
  ITRAD=  0      SMPDAY=  0     IEAST=  3      IDUR=  6     M= 36       IQM= 24
  INCON=  0      NBACK=  0      NPRED= 24    INTERP=  2  INIT=  0
  IFILT=  2      IROOT=  2    INIC=  0    ICONCE=  1
  ICDET=  1      IATIP=  0      IMVX=  0     IDIF=  0    PG=  0
  AIO=  2        INT1=  1       INT2= 227    RSA=  0     SEATS=  2
  VA= 3.74       TOL=  0.100E-03             PC=  0.120E+00
  NOADMISS= 1    STOCHTD 0    BIAS= 1
  THLIM=  0.000  BTHLIM=  0.000   RMOD=  0.500



TH =        -0.10

BTH =        -0.10

WARNING: When adjusting for degrees of freedom in
 order to compute white-noise residuals, the Housholder
 transformation contains an element of arbitrariness 
 that, when multiple regressors are entered, may produce
 a slight variation in results when the order in which
 regressors are entered changes



NUMBER OF INITIAL OBS. =  13

Log-Level pretest : LOGS are Selected
 DIFFERENCED TRANSFORMED SERIES

 YEAR        JAN       FEB       MAR       APR       MAY       JUN       JUL       AUG       SEP       OCT       NOV       DEC 

 2006                -0.016     0.082    -0.167     0.159    -0.031    -0.042     0.008    -0.081     0.177    -0.068    -0.069
 2007       0.103    -0.058    -0.079     0.074    -0.085    -0.009     0.098    -0.032    -0.038     0.031    -0.035    -0.041
 2008       0.039     0.053    -0.152     0.207    -0.135     0.024     0.024    -0.223     0.278    -0.118    -0.138     0.026
 2009      -0.215     0.105     0.201    -0.132     0.032     0.065    -0.028     0.054    -0.114     0.033     0.123     0.023
 2010      -0.008    -0.071     0.057     0.002    -0.025    -0.012     0.006     0.117    -0.041    -0.085     0.049     0.037
 2011       0.010     0.009    -0.082     0.008     0.057    -0.056    -0.049     0.095    -0.074    -0.009     0.055    -0.060
 2012       0.015    -0.164     0.172    -0.115     0.094    -0.031     0.016     0.043    -0.143     0.186    -0.160    -0.062
 2013       0.148     0.032    -0.208     0.208    -0.067     0.026     0.104    -0.144     0.160    -0.083    -0.014     0.105
 2014      -0.067     0.003     0.067    -0.078    -0.046     0.020    -0.025    -0.019     0.045     0.001    -0.005     0.025
 2015      -0.043     0.087    -0.012     0.033    -0.059     0.057    -0.021    -0.033     0.032    -0.048     0.173    -0.065
 2016      -0.064     0.108    -0.075     0.001     0.046    -0.060    -0.066     0.179    -0.106    -0.036     0.024     0.010
 2017       0.037    -0.055     0.105    -0.201     0.173    -0.049     0.010     0.024    -0.064     0.103    -0.082    -0.083
 2018       0.188    -0.129    -0.093     0.155    -0.050     0.035    -0.001    -0.036    -0.009     0.035    -0.033     0.053
 2019       0.051     0.017     0.041    -0.034    -0.024    -0.053     0.066    -0.042     0.028    -0.012    -0.096     0.074
 2020      -0.026     0.023    -0.401    -0.685     0.719     0.305     0.040     0.112    -0.070    -0.078     0.132    -0.108
 2021      -0.065     0.059     0.478     0.706    -0.851    -0.177    -0.118    -0.005     0.045    -0.008     0.056     0.152
 2022      -0.110     0.030     0.027    -0.103     0.105    -0.082    -0.057     0.122     0.003    -0.031    -0.020    -0.102
 2023       0.108    -0.064    -0.070    -0.062     0.058    -0.004    -0.011    -0.086    -0.032     0.086    -0.026




 AUTOCORRELATIONS
 ----------------
     -0.2973   0.0226  -0.0601  -0.0531   0.0926  -0.0461  -0.0554   0.1097   0.0021   0.0139   0.0096  -0.3538
 SE   0.0684   0.0742   0.0742   0.0744   0.0746   0.0751   0.0753   0.0754   0.0762   0.0762   0.0762   0.0762
      0.2762  -0.1619   0.1037  -0.0251  -0.0208   0.0110   0.0307  -0.0644   0.0241   0.0629  -0.0524  -0.0387
 SE   0.0835   0.0877   0.0891   0.0896   0.0897   0.0897   0.0897   0.0898   0.0900   0.0900   0.0902   0.0903
     -0.0501   0.1199  -0.1612   0.0650   0.0391  -0.0603   0.0515  -0.0365  -0.0257   0.0177   0.0034  -0.0122
 SE   0.0904   0.0906   0.0913   0.0926   0.0928   0.0929   0.0931   0.0932   0.0933   0.0933   0.0933   0.0933


 PARTIAL AUTOCORRELATIONS
 ---------------------
     -0.2973  -0.0722  -0.0820  -0.1052   0.0446  -0.0141  -0.0871   0.0788   0.0683   0.0261   0.0413  -0.3572
 SE   0.0684   0.0684   0.0684   0.0684   0.0684   0.0684   0.0684   0.0684   0.0684   0.0684   0.0684   0.0684
      0.0670  -0.1092   0.0057  -0.0212   0.0113  -0.0559   0.0310   0.0098  -0.0028   0.1156  -0.0511  -0.2162
 SE   0.0684   0.0684   0.0684   0.0684   0.0684   0.0684   0.0684   0.0684   0.0684   0.0684   0.0684   0.0684
      0.0001   0.0055  -0.1360  -0.0367   0.0909  -0.1207   0.0510   0.0015  -0.0254   0.0404  -0.0393  -0.1309
 SE   0.0684   0.0684   0.0684   0.0684   0.0684   0.0684   0.0684   0.0684   0.0684   0.0684   0.0684   0.0684
  
 ARIMA MODEL ESTIMATION 
  
 METHOD OF ESTIMATION: EXACT MAXIMUM LIKELIHOOD           
  
 PARAMETER      ESTIMATE           STD ERROR      T RATIO   LAG  
  
 TH1         -0.34518           0.64902E-01       -5.32      1
 BTH         -0.56526           0.57045E-01       -9.91     12
  
 
 REGULAR MA INVERSE ROOTS ARE 
 NO.     REAL P.     IMAG.P.     MODULUS    ARGUMENT      PERIOD
  1      0.34518       0.0000      0.34518       0.0000            -  
 
 SEASONAL MA INVERSE ROOTS ARE 
 NO.     REAL P.     IMAG.P.     MODULUS    ARGUMENT      PERIOD
  1      0.56526       0.0000      0.56526       0.0000            -  
  
 CORRELATIONS OF THE ESTIMATES 
  
  1.000   -0.151
 -0.151    1.000
  
 AIC 
    -758.589
  
 BIC 
     -6.2790
  
 FINAL VALUE OF OBJECTIVE FUNCTION: 
               0.33572    
  
 RADETN:    1.01115128078256     
 ITERATIONS:            2
  
  NUMBER OF FUNCTION EVALUATIONS:            8
  

 ESTIMATES OF REGRESSION PARAMETERS 
 CONCENTRATED OUT OF THE LIKELIHOOD 

 PARAMETER           VALUE          ST. ERROR     T VALUE
 REG      1          0.42635E-01    (     0.00219)   19.46
 EAST     1         -0.35163E-01    (     0.00913)   -3.85
 OUT 1 ( 86)        -0.16614        (     0.02905)   -5.72   AO    ( 2 2012)
 OUT 2 (184)        -0.83034        (     0.03030)  -27.41   AO    ( 4 2020)
 OUT 3 (183)        -0.43741        (     0.03369)  -12.98   TC    ( 3 2020)
 OUT 4 (188)         0.12228        (     0.02923)    4.18   AO    ( 8 2020)

 VAR-CORRELATION MATRIX OF ESTIMATORS 

   0.480E-05
   0.192E+00   0.834E-04
  -0.689E-01  -0.397E-01   0.844E-03
  -0.174E+00  -0.162E+00   0.154E-01   0.918E-03
   0.525E-01   0.880E-01  -0.771E-02  -0.197E+00   0.113E-02
   0.968E-01   0.206E-01  -0.681E-02  -0.106E-01   0.405E-01   0.854E-03


 VARIANCES ARE IN THE MAIN DIAGONAL; 
 OFF-DIAGONAL ELEMENTS ARE CORRELATIONS. 



ACF DIFFERENCED SERIES




 AUTOCORRELATIONS
 ----------------
     -0.3205   0.0284  -0.0454  -0.0396   0.0734  -0.0407  -0.0438   0.0885   0.0199  -0.0068   0.0267  -0.3651
 SE   0.0684   0.0751   0.0751   0.0752   0.0753   0.0757   0.0758   0.0759   0.0764   0.0764   0.0764   0.0764
      0.2967  -0.1570   0.0892  -0.0239  -0.0252   0.0104   0.0274  -0.0544   0.0031   0.0815  -0.0525  -0.0326
 SE   0.0842   0.0889   0.0902   0.0906   0.0907   0.0907   0.0907   0.0907   0.0909   0.0909   0.0912   0.0914
     -0.0589   0.1062  -0.1561   0.0702   0.0462  -0.0589   0.0492  -0.0426  -0.0095  -0.0012   0.0096  -0.0122
 SE   0.0914   0.0916   0.0922   0.0934   0.0937   0.0938   0.0939   0.0941   0.0941   0.0942   0.0942   0.0942
  
  
  NUMBER OF WHITE NOISE RESIDUALS          208
  
 WHITE NOISE RESIDUALS
  

 YEAR        JAN       FEB       MAR       APR       MAY       JUN       JUL       AUG       SEP       OCT       NOV       DEC 

 2006                                                                            -0.007    -0.036     0.067     0.001     0.014
 2007      -0.022    -0.010    -0.037    -0.011    -0.028    -0.031     0.025     0.022    -0.004    -0.016    -0.008    -0.076
 2008       0.040     0.022    -0.000    -0.033     0.004     0.013    -0.037    -0.099     0.066    -0.018    -0.102    -0.133
 2009      -0.096     0.033     0.046     0.021     0.055     0.005    -0.007    -0.039    -0.028     0.043    -0.001    -0.032
 2010       0.038    -0.063     0.029     0.023    -0.016     0.018     0.050     0.028     0.003    -0.012    -0.007    -0.026
 2011       0.028     0.019    -0.021     0.043    -0.044    -0.016     0.013     0.063    -0.056    -0.036     0.042     0.026
 2012      -0.083    -0.021     0.025    -0.035     0.005    -0.029    -0.026     0.109    -0.063    -0.015    -0.050    -0.030
 2013       0.000    -0.044    -0.004     0.027     0.029     0.061     0.030     0.019     0.024    -0.029    -0.007     0.010
 2014       0.028    -0.055     0.020     0.015    -0.021    -0.002    -0.020     0.022    -0.023     0.015     0.002     0.033
 2015       0.025     0.017    -0.015     0.009     0.026    -0.016     0.005    -0.057     0.038     0.021     0.093    -0.015
 2016       0.024     0.036    -0.008     0.002    -0.045    -0.005     0.024     0.026    -0.021     0.004     0.031     0.037
 2017      -0.062     0.067    -0.004    -0.001     0.026    -0.034     0.012     0.038    -0.025     0.016    -0.017     0.011
 2018       0.021    -0.029    -0.040    -0.015     0.037     0.023    -0.022     0.018     0.019    -0.030    -0.014     0.015
 2019       0.109     0.034     0.043    -0.035    -0.004    -0.005    -0.038     0.044    -0.035    -0.002    -0.056    -0.019
 2020       0.111     0.017     0.017    -0.008    -0.074     0.085     0.047     0.007    -0.039    -0.016    -0.001    -0.116
 2021       0.084    -0.013     0.015     0.010     0.008    -0.005    -0.023     0.050    -0.018     0.042     0.041     0.065
 2022      -0.012     0.048     0.040     0.035    -0.025    -0.052    -0.044     0.098     0.017     0.003    -0.002     0.009
 2023      -0.033    -0.004    -0.057    -0.025    -0.016    -0.035    -0.039    -0.038    -0.010    -0.002     0.013
 
 
  STABILITY TEST
 
 
     1. FULL PERIOD
                  FIRST HALF                    SECOND HALF
           Mean(t)          Variance      Mean(t)          Variance
      -0.34E-02(-0.87    )  0.16E-02  0.37E-02( 0.98    )  0.15E-02
 
      Mean assumed equal to 0
      VR(variance ratio)= 0.96    
 
      MEAN STABILITY IS NOT REJECTED.
      VARIANCE STABILITY IS NOT REJECTED.


 
     2. LAST 10 YEARS
                  FIRST HALF                    SECOND HALF
           Mean(t)          Variance      Mean(t)          Variance
       0.45E-02(  1.2    )  0.86E-03  0.31E-02( 0.56    )  0.19E-02
 
      Mean assumed equal to 0
      VR(variance ratio)=  2.2    
 
      LAST 10 YEARS MEAN STABILITY IS NOT REJECTED.
      LAST 10 YEARS VARIANCE STABILITY IS REJECTED.


 
  OUT-OF-SAMPLE TEST
  ------------------
      Model re-estimated on Linearized series for first 209 observations.
       18 One-Period-Ahead Forecasts computed with model fixed.
      Comparison between forecast errors (last   18 observations) and residuals (in-sample):

        Mean(Forecast Errors)
            p-value= 0.1641
            Mean of forecast errors can be assumed zero.

        Out-of-Sample MSE is :  0.1369E-02
        In-Sample MSE is :  0.1553E-02
        F( 18,196) is :  0.881E+00
            p-value(%)=60.1884

        Mean and Variance of forecast Errors and In-Sample residuals ARE NOT significantly different.


 TEST-STATISTICS ON RESIDUALS
 ----------------------------


           MEAN=   0.2010388E-03
        ST.DEV.=   0.2732450E-02
        OF MEAN
        T-VALUE=  0.0736

 NORMALITY TEST=   7.764        ( CHI-SQUARE(2) )

       SKEWNESS= -0.0852          ( SE =  0.1698 )
       KURTOSIS=  3.9310          ( SE =  0.3397 )

 SUM OF SQUARES=   0.3186229    

  DURBIN-WATSON=  2.0098

 STANDARD ERROR=   0.3992448E-01
 OF RESID.
  MSE OF RESID.=   0.1593964E-02




 AUTOCORRELATIONS
 ----------------
      0.0085  -0.0301  -0.0403  -0.0166   0.0640  -0.0882   0.0053   0.0475   0.0158  -0.0081  -0.1185   0.0676
 SE   0.0693   0.0693   0.0693   0.0693   0.0693   0.0693   0.0693   0.0693   0.0693   0.0693   0.0693   0.0693
 Q      0.02     0.21     0.55     0.61     1.49     3.18     3.18     3.68     3.73     3.75     6.86     7.88
 PV    -1.00    -1.00     0.46     0.74     0.68     0.53     0.67     0.72     0.81     0.88     0.65     0.64
      0.1916  -0.0832  -0.0202  -0.0442   0.0150  -0.0249   0.0477  -0.0401  -0.0094   0.0718  -0.0772  -0.0764
 SE   0.0693   0.0693   0.0693   0.0693   0.0693   0.0693   0.0693   0.0693   0.0693   0.0693   0.0693   0.0693
 Q     16.10    17.66    17.75    18.20    18.25    18.39    18.92    19.29    19.31    20.52    21.93    23.31
 PV     0.14     0.13     0.17     0.20     0.25     0.30     0.33     0.37     0.44     0.43     0.40     0.38
      0.0233   0.0543  -0.0756  -0.0179   0.0599   0.0106   0.0475  -0.0085  -0.0109   0.0246   0.0406  -0.0842
 SE   0.0693   0.0693   0.0693   0.0693   0.0693   0.0693   0.0693   0.0693   0.0693   0.0693   0.0693   0.0693
 Q     23.44    24.15    25.53    25.60    26.48    26.51    27.06    27.08    27.11    27.26    27.68    29.48
 PV     0.44     0.45     0.43     0.48     0.49     0.55     0.57     0.62     0.67     0.71     0.73     0.69

  LJUNG-BOX Q VALUE OF ORDER  24 IS     23.31 AND IF RESIDUALS ARE RANDOM IT SHOULD BE DISTRIBUTED AS CHI-SQUARE(22)
  p-value= 0.3844
  THE PIERCE QS VALUE IS      1.02 AND IF RESIDUALS ARE RANDOM IT SHOULD BE DISTRIBUTED AS CHI-SQUARE(2)

 APPROXIMATE TEST OF RUNS ON RESIDUALS
 -------------------------------------
  NUM.DATA= 208
   NUM.(+)= 104
   NUM.(-)= 104
  NUM.RUNS= 100
   T-VALUE= -0.6951


  NON-PARAMETRIC TEST FOR RESIDUAL SEASONALITY (FRIEDMAN) SEAS_NP =      8.63
    ASYMP. DISTRIBUTED AS CHI-SQUARE(11)
    p-value= 0.6561



 SQUARED RESIDUALS:
 ------------------




 AUTOCORRELATIONS
 ----------------
      0.2404  -0.0015   0.0220   0.0822   0.0357  -0.0059   0.0251   0.0100  -0.0672  -0.0331   0.0661   0.1373
 SE   0.0693   0.0693   0.0693   0.0693   0.0693   0.0693   0.0693   0.0693   0.0693   0.0693   0.0693   0.0693
 Q     12.20    12.20    12.30    13.75    14.02    14.03    14.17    14.19    15.18    15.42    16.39    20.59
 PV    -1.00    -1.00     0.00     0.00     0.00     0.01     0.01     0.03     0.03     0.05     0.06     0.02
     -0.0506  -0.0401  -0.0534  -0.0746  -0.0023  -0.0034  -0.0316  -0.0233  -0.1086  -0.1063   0.0412  -0.0574
 SE   0.0693   0.0693   0.0693   0.0693   0.0693   0.0693   0.0693   0.0693   0.0693   0.0693   0.0693   0.0693
 Q     21.17    21.53    22.17    23.44    23.44    23.44    23.67    23.80    26.56    29.21    29.61    30.39
 PV     0.03     0.04     0.05     0.05     0.08     0.10     0.13     0.16     0.12     0.08     0.10     0.11
     -0.0334  -0.0052  -0.0356  -0.0955  -0.0453  -0.0444   0.0468  -0.0169  -0.0003  -0.0555   0.0145   0.0634
 SE   0.0693   0.0693   0.0693   0.0693   0.0693   0.0693   0.0693   0.0693   0.0693   0.0693   0.0693   0.0693
 Q     30.66    30.67    30.97    33.19    33.69    34.17    34.71    34.78    34.78    35.55    35.61    36.63
 PV     0.13     0.16     0.19     0.16     0.18     0.20     0.21     0.25     0.29     0.30     0.35     0.35

  McLEOD-LI Q VALUE OF ORDER  24 IS     30.39 AND IF RESIDUALS ARE RANDOM IT SHOULD BE DISTRIBUTED AS CHI-SQUARE(24)
  p-value= 0.1720
 
 
 
SPECTRAL DIAGNOSTICS
 --------------------
 
A. SEASONAL SPECTRAL PEAKS
 
                           Frequency (cycles per year)
                     One    Two   Three  Four   Five    Six  
 Original series      -T     aT     AT     aT     AT     AT
 Linearized series    aT     AT     AT     AT     AT     aT
 Residuals            a-     --     --     --     --     --
 
 AT : peaks detected in AR(30) and using Tukey spectrum  estimator
 A- : only peaks detected in AR(30) spectrum estimator
 -T : only peaks detected using Tukey spectrum estimator
 -- : No peaks detected in AR(30) nor using Tukey spectrum estimator
 
 
 
B. STOCHASTIC SEASONALITY: SPECTRAL EVIDENCE
 
 1 :  SERIES CONTAINS SEASONALITY THAT CAN BE RELIABLY EXTRACTED.
 0 :  SEASONALITY IS NOT PRESENT IN THE SERIES OR IS TOO WEAK TO BE RELIABLY CAPTURED.
 
 ORIGINAL SERIES :   1
 LINEARIZED SERIES : 1
 RESIDUALS :         0
 
 
 
C. TRADING DAY EFFECT: SPECTRAL EVIDENCE
 
 1 :  TRADING DAY EFFECT DETECTED
 0 :  NO TRADING DAY EFFECT DETECTED
 
 LINEARIZED SERIES : 0
 RESIDUALS :         0
 
 
OVERALL TEST FOR IDENTIFIABLE SEASONALITY 
----------------------------------------- 
 
  AUTOCORRELATION FUNCTION EVIDENCE : YES
  NON-PARAMETRIC EVIDENCE           : YES
  F-TEST                            :  - 
  SPECTRAL EVIDENCE                 : YES
 
IDENTIFIABLE SEASONALITY FOUND IN SERIES
 
 
OVERALL TEST FOR RESIDUALS SEASONALITY 
----------------------------------------- 
 
  AUTOCORRELATION FUNCTION EVIDENCE : NO 
  NON-PARAMETRIC EVIDENCE           : NO 
  F-TEST                            : NO 
  SPECTRAL EVIDENCE                 : NO 
 
NO IDENTIFIABLE SEASONALITY FOUND IN RESIDUALS
 
 
ARIMA MODEL : ACCEPTABLE FIT
----------------------------
  Point estimation is acceptable. Variance variablility/Non-Normality likely to have a mild effect  on some interferences
 
QUALITY ARIMA MODEL TESTS
----------------------------------------

  Mean in residuals                      :GOOD        
  Autocorrelation in residuals           :GOOD        
  Normality of residuals                 :GOOD        
  Skewness of residuals                  :GOOD        
  Kurtosis of residuals                  :GOOD        
  Randomness of residual sign            :GOOD        
  Instability of residual mean           :GOOD        
  Instability of residual variance       :ACCEPTABLE  
  Seasonality in residuals               :GOOD        
  Trading day in residuals               :GOOD        
  Out-of-sample forecast errors          :GOOD        
  Number of outliers                     :GOOD        
 


 LINEAR SERIES


 YEAR        JAN       FEB       MAR       APR       MAY       JUN       JUL       AUG       SEP       OCT       NOV       DEC 

 2005     127.925   148.000   169.122   155.783   171.167   173.304   189.425    90.658   175.363   172.940   167.650   150.800
 2006     131.476   156.262   179.285   170.416   194.685   191.089   200.240    96.611   179.844   194.398   183.754   167.925
 2007     142.742   167.142   184.840   173.682   190.196   185.062   204.863    99.929   186.828   191.202   182.173   153.194
 2008     141.228   167.021   186.718   169.561   191.047   190.338   198.144    87.888   182.975   181.174   156.911   124.400
 2009     105.144   132.283   153.674   142.954   167.486   163.522   172.689    77.498   150.283   160.489   144.336   117.100
 2010     106.927   120.093   144.041   135.303   150.719   151.764   168.337    77.972   151.454   154.984   140.285   113.130
 2011     104.319   123.417   139.855   137.206   145.990   145.046   159.814    77.972   140.720   142.699   136.531   112.900
 2012      92.952   110.231   131.132   119.671   133.986   129.039   138.453    73.580   125.402   129.203   114.698    92.981
 2013      81.499    92.084   108.796   104.639   118.373   122.080   133.446    66.907   122.816   121.490   110.931    91.700
 2014      81.888    88.961   108.514   103.615   112.836   113.729   121.297    62.276   109.785   113.487   103.095    87.400
 2015      78.033    88.659   103.624    99.863   112.968   110.661   120.622    57.436   109.102   112.191   111.240    88.352
 2016      80.571    93.647   108.518   104.247   111.249   111.748   124.218    62.260   111.054   114.978   111.932    93.700
 2017      78.036    97.525   111.290   106.648   119.934   114.712   128.733    66.066   115.382   121.650   113.809    95.506
 2018      84.434    96.820   108.823   104.187   120.422   119.258   128.089    66.164   119.557   119.851   113.216    96.007
 2019      93.237   108.708   128.253   116.909   132.913   130.329   137.303    74.036   126.278   130.553   116.910    98.000
 2020     100.953   115.458   135.389   125.146   131.939   144.876   158.504    81.957   138.083   141.550   131.406    98.118
 2021     107.058   118.799   141.165   132.135   145.651   149.011   158.002    87.038   144.824   156.007   148.339   124.455
 2022     122.276   146.406   176.106   167.973   178.005   175.186   183.129   109.299   182.489   190.686   177.827   146.700
 2023     141.354   165.732   185.953   173.953   187.171   183.481   189.740   103.930   175.364   183.430   173.973


  AUTOCORRELATION FUNCTION TEST FOR SEASONALITY IN LINEARIZEDSERIES QS =   412.37  ASIMPTOTICALLY DISTRIBUTED AS CHI-SQUARE(2)
    p-value= 0.0000


  NON-PARAMETRIC TEST FOR SEASONALITY IN LINEARIZED SERIES (FRIEDMAN) SEAS_NP =    187.36
    ASYMP. DISTRIBUTED AS CHI-SQUARE(11)
    p-value= 0.0000


TOTAL OUTLIER EFFECT FACTORS


 YEAR        JAN       FEB       MAR       APR       MAY       JUN       JUL       AUG       SEP       OCT       NOV       DEC 

 2005     100.000   100.000   100.000   100.000   100.000   100.000   100.000   100.000   100.000   100.000   100.000   100.000
 2006     100.000   100.000   100.000   100.000   100.000   100.000   100.000   100.000   100.000   100.000   100.000   100.000
 2007     100.000   100.000   100.000   100.000   100.000   100.000   100.000   100.000   100.000   100.000   100.000   100.000
 2008     100.000   100.000   100.000   100.000   100.000   100.000   100.000   100.000   100.000   100.000   100.000   100.000
 2009     100.000   100.000   100.000   100.000   100.000   100.000   100.000   100.000   100.000   100.000   100.000   100.000
 2010     100.000   100.000   100.000   100.000   100.000   100.000   100.000   100.000   100.000   100.000   100.000   100.000
 2011     100.000   100.000   100.000   100.000   100.000   100.000   100.000   100.000   100.000   100.000   100.000   100.000
 2012     100.000    84.693   100.000   100.000   100.000   100.000   100.000   100.000   100.000   100.000   100.000   100.000
 2013     100.000   100.000   100.000   100.000   100.000   100.000   100.000   100.000   100.000   100.000   100.000   100.000
 2014     100.000   100.000   100.000   100.000   100.000   100.000   100.000   100.000   100.000   100.000   100.000   100.000
 2015     100.000   100.000   100.000   100.000   100.000   100.000   100.000   100.000   100.000   100.000   100.000   100.000
 2016     100.000   100.000   100.000   100.000   100.000   100.000   100.000   100.000   100.000   100.000   100.000   100.000
 2017     100.000   100.000   100.000   100.000   100.000   100.000   100.000   100.000   100.000   100.000   100.000   100.000
 2018     100.000   100.000   100.000   100.000   100.000   100.000   100.000   100.000   100.000   100.000   100.000   100.000
 2019     100.000   100.000   100.000   100.000   100.000   100.000   100.000   100.000   100.000   100.000   100.000   100.000
 2020     100.000   100.000    64.571    32.093    80.708    86.068    90.030   104.997    94.984    96.462    97.510    98.250
 2021      98.772    99.139    99.396    99.577    99.704    99.793    99.855    99.898    99.929    99.950    99.965    99.976
 2022      99.983    99.988    99.992    99.994    99.996    99.997    99.998    99.999    99.999    99.999   100.000   100.000
 2023     100.000   100.000   100.000   100.000   100.000   100.000   100.000   100.000   100.000   100.000   100.000


TOTAL TRADING DAY - EASTER - LEAP YEAR EFFECT FACTORS


 YEAR        JAN       FEB       MAR       APR       MAY       JUN       JUL       AUG       SEP       OCT       NOV       DEC 

 2005     100.000   100.000    98.257   101.774   100.000   100.000   100.000   100.000   100.000   100.000   100.000   100.000
 2006     100.000   100.000   101.774    98.257   100.000   100.000   100.000   100.000   100.000   100.000   100.000   100.000
 2007     100.000   100.000   101.774    98.257   100.000   100.000   100.000   100.000   100.000   100.000   100.000   100.000
 2008     100.000   100.000    98.257   101.774   100.000   100.000   100.000   100.000   100.000   100.000   100.000   100.000
 2009     100.000   100.000   101.774    98.257   100.000   100.000   100.000   100.000   100.000   100.000   100.000   100.000
 2010     100.000   100.000   100.000   100.000   100.000   100.000   100.000   100.000   100.000   100.000   100.000   100.000
 2011     100.000   100.000   101.774    98.257   100.000   100.000   100.000   100.000   100.000   100.000   100.000   100.000
 2012     100.000   100.000   101.774    98.257   100.000   100.000   100.000   100.000   100.000   100.000   100.000   100.000
 2013     100.000   100.000    98.257   101.774   100.000   100.000   100.000   100.000   100.000   100.000   100.000   100.000
 2014     100.000   100.000   101.774    98.257   100.000   100.000   100.000   100.000   100.000   100.000   100.000   100.000
 2015     100.000   100.000   100.588    99.416   100.000   100.000   100.000   100.000   100.000   100.000   100.000   100.000
 2016     100.000   100.000    98.257   101.774   100.000   100.000   100.000   100.000   100.000   100.000   100.000   100.000
 2017     100.000   100.000   101.774    98.257   100.000   100.000   100.000   100.000   100.000   100.000   100.000   100.000
 2018     100.000   100.000    98.257   101.774   100.000   100.000   100.000   100.000   100.000   100.000   100.000   100.000
 2019     100.000   100.000   101.774    98.257   100.000   100.000   100.000   100.000   100.000   100.000   100.000   100.000
 2020     100.000   100.000   101.774    98.257   100.000   100.000   100.000   100.000   100.000   100.000   100.000   100.000
 2021     100.000   100.000   100.000   100.000   100.000   100.000   100.000   100.000   100.000   100.000   100.000   100.000
 2022     100.000   100.000   101.774    98.257   100.000   100.000   100.000   100.000   100.000   100.000   100.000   100.000
 2023     100.000   100.000   101.774    98.257   100.000   100.000   100.000   100.000   100.000   100.000   100.000


TOTAL REGRESSION EFFECT FACTORS


 YEAR        JAN       FEB       MAR       APR       MAY       JUN       JUL       AUG       SEP       OCT       NOV       DEC 

 2005      97.010    99.257   100.256   100.286   102.473   101.210    95.236   102.473   102.473    95.236   101.222   100.000
 2006     101.235    99.257   104.623    92.089   102.473   101.210    95.236   102.473    98.196    99.384   101.222    91.827
 2007     105.645    99.257   100.256    96.100   102.473   101.210    99.384   102.473    94.097   103.713   101.222    95.826
 2008     105.645   103.580    92.062   104.654    98.196    96.985   103.713    94.097   102.473   103.713    96.998   100.000
 2009      97.010    99.257   100.256   104.654    94.097   101.210   103.713    98.196   102.473    99.384   101.222   104.356
 2010      92.961    99.257   104.623   104.654    98.196   101.210    99.384   102.473   102.473    95.236   101.222   108.901
 2011      97.010    99.257   100.256   100.286   102.473   101.210    95.236   102.473   102.473    95.236   101.222   100.000
 2012     101.235   103.580   100.256    96.100   102.473   101.210    99.384   102.473    94.097   103.713   101.222    95.826
 2013     105.645    99.257    96.072   100.286   102.473    96.985   103.713    98.196    98.196   103.713    96.998   100.000
 2014     101.235    99.257    96.072   100.286    98.196    96.985   103.713    94.097   102.473   103.713    96.998   100.000
 2015      97.010    99.257   100.256   104.654    94.097   101.210   103.713    98.196   102.473    99.384   101.222   104.356
 2016      92.961   103.580   100.256   100.286   102.473   101.210    95.236   102.473   102.473    95.236   101.222   100.000
 2017     101.235    99.257   104.623    92.089   102.473   101.210    95.236   102.473    98.196    99.384   101.222    91.827
 2018     105.645    99.257   100.256    96.100   102.473   101.210    99.384   102.473    94.097   103.713   101.222    95.826
 2019     105.645    99.257    96.072   100.286   102.473    96.985   103.713    98.196    98.196   103.713    96.998   100.000
 2020     101.235    99.257   100.256   104.654    94.097   101.210   103.713    98.196   102.473    99.384   101.222   104.356
 2021      92.961    99.257   104.623   104.654    98.196   101.210    99.384   102.473   102.473    95.236   101.222   108.901
 2022      97.010    99.257   104.623    96.100   102.473   101.210    95.236   102.473   102.473    95.236   101.222   100.000
 2023     101.235    99.257   104.623    92.089   102.473   101.210    95.236   102.473    98.196    99.384   101.222
 
 
 
 FORECAST FUNCTION OF ORIGINAL SERIES: 
  
ORIGIN: 227 PERIODS AHEAD: 24
  
 OBS    DATE         FORECAST          STD ERROR        FORECAST          STD ERROR   
                        (SERIES IN LOGS)                     (SERIES IN LEVELS)       
 228  Dec-2023       4.86998          0.397568E-01       130.319           5.18310    
 229  Jan-2024       4.99514          0.471053E-01       147.694           6.96102    
 230  Feb-2024       5.12972          0.536372E-01       168.970           9.06959    
 231  Mar-2024       5.18387          0.600872E-01       178.371           10.7275    
 232  Apr-2024       5.19939          0.653264E-01       181.161           11.8472    
 233  May-2024       5.27981          0.697412E-01       196.333           13.7092    
 234  Jun-2024       5.22093          0.743768E-01       185.106           13.7866    
 235  Jul-2024       5.33609          0.787359E-01       207.699           16.3788    
 236  Aug-2024       4.69193          0.828420E-01       109.064           9.05060    
 237  Sep-2024       5.21446          0.867015E-01       183.913           15.9755    
 238  Oct-2024       5.31456          0.904755E-01       203.275           18.4291    
 239  Nov-2024       5.18653          0.940610E-01       178.848           16.8599    
 240  Dec-2024       5.01587          0.103347           150.788           15.6252    
 241  Jan-2025       5.01313          0.109745           150.374           16.5527    
 242  Feb-2025       5.14771          0.115797           172.037           19.9883    
 243  Mar-2025       5.27965          0.121658           196.301           23.9703    
 244  Apr-2025       5.22484          0.127088           185.832           23.7127    
 245  May-2025       5.29780          0.132320           199.897           26.5665    
 246  Jun-2025       5.28155          0.137389           196.674           27.1488    
 247  Jul-2025       5.39671          0.142282           220.680           31.5583    
 248  Aug-2025       4.70992          0.147058           111.044           16.4185    
 249  Sep-2025       5.31772          0.151544           203.918           31.0809    
 250  Oct-2025       5.37518          0.156002           215.979           33.8993    
 251  Nov-2025       5.24716          0.160317           190.025           30.6610    
