
                                        PROGRAM TRAMO+

             (based on program TRAMO, Victor Gomez and Agustin Maravall©,1996)

         Developed at the Bank of Spain by Gianluca Caporello and Agustin Maravall,
         with programming support from Domingo Pérez Cañete and Roberto López Pavón.

                 VERSION: 1.0 (Revision: 942  Build: 2017/09/25 09:39:13)


 SERIES TITLE=DIVIE25                                                                         

 INPUT PARAMETERS
   lam= 0   imean= 0   ireg= 7   seats= 2   int2=227   rsa= 0   modelsumm= 1   va=   3.742
 
  WARNING :
    Remember to define the regression variable name in the first line of the external regression file.
   Name : NOT DEFINED.
   Reglist01
    Iuser=-1   Nser= 1   Ilong= 312
 
   Name : NOT DEFINED.
   Reglist02
    Iuser= 2   Nser= 6   Ilong=   0
 
   Fixed Outliers:
   #Observ. Type
      49     LS
      44     AO
      51     AO
      24     AO
     184     AO
     183     TC
 

 NUMBER OF OBSERVATIONS: 227


 ORIGINAL SERIES 

 YEAR        JAN       FEB       MAR       APR       MAY       JUN       JUL       AUG       SEP       OCT       NOV       DEC 

 2005      65.400    68.700    81.400    78.100    78.100    80.700    80.700    42.400    85.700    77.100    85.200    79.700
 2006      72.400    81.900    97.400    84.600    93.200    89.100    90.200    49.700    90.400    93.600    95.500    96.100
 2007      88.600    90.900   106.200    89.600   103.900   107.300   119.800    57.800   102.100   112.600   101.600    95.000
 2008      96.400   114.100   102.200   107.900   103.800   111.600   137.000    50.600   119.300   115.900    96.400   104.700
 2009      78.500    80.400   106.500    85.900    83.100    88.700   100.900    48.200    86.600    84.600    81.500    74.900
 2010      64.600    73.900    84.200    80.900    85.600    90.100    98.500    51.000    90.400    92.700    87.300    84.000
 2011      76.100    84.100    97.400    90.200   102.800    99.700   104.900    64.200   107.000    97.000   100.100    92.400
 2012      85.700    95.100   103.700    88.600   105.300   109.500   114.300    70.700    98.000   113.000   102.300    81.200
 2013      90.900    90.100    99.500    93.800   102.000   104.000   116.300    62.000   103.700   115.000   101.200    86.600
 2014      89.900    93.700    99.000    97.600   102.000   103.400   117.900    60.400   110.500   112.800    97.800    92.000
 2015      90.300    99.000   109.100   103.900   100.900   109.400   115.700    62.700   106.700   106.900   106.500    88.900
 2016      83.800    99.800   105.700   104.600   107.100   109.000   108.100    69.800   108.300   105.000   108.700   100.400
 2017      95.600   102.100   123.400    96.400   118.700   116.400   118.500    75.100   112.700   118.700   124.700   101.800
 2018     106.800   108.600   123.900   110.700   126.200   122.400   127.200    80.800   116.400   132.000   120.500    99.400
 2019     110.500   115.000   125.000   112.400   127.700   120.600   137.100    74.900   114.600   129.700   116.500   104.700
 2020     106.500   114.300   100.700    60.500    92.000   104.400   118.400    71.300   113.100   120.300   122.400   106.600
 2021     102.200   119.900   134.600   125.100   124.000   134.300   139.300    84.900   136.300   138.000   144.000   127.100
 2022     119.100   142.200   161.800   140.400   166.700   162.700   164.200   103.900   165.100   154.100   160.000   136.600
 2023     134.400   149.600   167.800   132.200   156.000   156.700   150.200    94.700   148.100   160.400   150.800


 MODEL PARAMETERS            
 ----------------
  MQ= 12         IMEAN=  0      LAM=  0      D=  1       BD=  1
  P=  0          BP=  0         Q=  1        BQ=  1      IREG=  7
  ITRAD=  0      SMPDAY=  0     IEAST=  0      IDUR=  6     M= 36       IQM= 24
  INCON=  0      NBACK=  0      NPRED= 24    INTERP=  2  INIT=  0
  IFILT=  2      IROOT=  2    INIC=  0    ICONCE=  1
  ICDET=  1      IATIP=  0      IMVX=  0     IDIF=  0    PG=  0
  AIO=  2        INT1=  1       INT2= 227    RSA=  0     SEATS=  2
  VA= 3.74       TOL=  0.100E-03             PC=  0.120E+00
  NOADMISS= 1    STOCHTD 0    BIAS= 1
  THLIM=  0.000  BTHLIM=  0.000   RMOD=  0.500



TH =        -0.10

BTH =        -0.10

WARNING: When adjusting for degrees of freedom in
 order to compute white-noise residuals, the Housholder
 transformation contains an element of arbitrariness 
 that, when multiple regressors are entered, may produce
 a slight variation in results when the order in which
 regressors are entered changes



NUMBER OF INITIAL OBS. =  13

Log-Level pretest : LOGS are Selected
 DIFFERENCED TRANSFORMED SERIES

 YEAR        JAN       FEB       MAR       APR       MAY       JUN       JUL       AUG       SEP       OCT       NOV       DEC 

 2006                 0.074     0.004    -0.100     0.097    -0.078     0.012     0.048    -0.105     0.141    -0.080     0.073
 2007       0.015    -0.098    -0.018    -0.029     0.051     0.077     0.098    -0.133    -0.029     0.063    -0.123    -0.073
 2008       0.096     0.143    -0.266     0.224    -0.187     0.040     0.095    -0.267     0.289    -0.127    -0.081     0.150
 2009      -0.303    -0.145     0.391    -0.269     0.006    -0.007    -0.076     0.257    -0.272     0.006     0.147    -0.167
 2010       0.140     0.111    -0.151     0.175     0.090    -0.014    -0.040     0.081    -0.014     0.048    -0.023     0.046
 2011       0.049    -0.035     0.016    -0.037     0.074    -0.082    -0.038     0.167    -0.062    -0.123     0.091    -0.042
 2012       0.023     0.004    -0.060    -0.081     0.042     0.070    -0.008     0.011    -0.184     0.241    -0.131    -0.151
 2013       0.188    -0.113     0.013     0.098    -0.089    -0.020     0.069    -0.149     0.188    -0.039    -0.028     0.075
 2014      -0.075     0.050    -0.044     0.045    -0.040    -0.006     0.019    -0.040     0.090    -0.083    -0.015     0.095
 2015      -0.056     0.051     0.042    -0.035    -0.073     0.067    -0.075     0.056    -0.072    -0.019     0.139    -0.119
 2016      -0.040     0.083    -0.040     0.038     0.053    -0.063    -0.064     0.175    -0.092    -0.033     0.038     0.101
 2017       0.010    -0.109     0.132    -0.236     0.184    -0.037     0.026    -0.019    -0.033     0.083     0.015    -0.123
 2018       0.097    -0.049    -0.058     0.134    -0.077    -0.011     0.021     0.002    -0.041     0.074    -0.140     0.010
 2019       0.058     0.023    -0.048     0.006    -0.003    -0.027     0.090    -0.151     0.060    -0.002    -0.016     0.086
 2020      -0.089     0.031    -0.210    -0.403     0.292     0.184    -0.002     0.097     0.036    -0.062     0.125    -0.031
 2021      -0.059     0.089     0.242     0.436    -0.428    -0.047    -0.089     0.012     0.012    -0.049     0.025     0.013
 2022      -0.023     0.018     0.013    -0.069     0.181    -0.104    -0.027     0.037    -0.010    -0.081    -0.005    -0.033
 2023       0.049    -0.070    -0.014    -0.097    -0.006     0.029    -0.052    -0.004    -0.016     0.149    -0.099




 AUTOCORRELATIONS
 ----------------
     -0.3172  -0.1258   0.0437  -0.0149   0.1246  -0.0574   0.0009   0.0163  -0.0387   0.0654   0.2069  -0.4055
 SE   0.0684   0.0749   0.0759   0.0760   0.0760   0.0770   0.0772   0.0772   0.0772   0.0773   0.0775   0.0801
      0.1213   0.0142   0.0593  -0.0557  -0.0613   0.1076  -0.0138  -0.1139  -0.0423   0.1444  -0.1604   0.0194
 SE   0.0892   0.0899   0.0899   0.0901   0.0903   0.0905   0.0911   0.0911   0.0918   0.0918   0.0929   0.0942
     -0.0302  -0.0404  -0.0037   0.0573   0.0230  -0.1602   0.0171   0.0959  -0.0184  -0.0780   0.0349   0.0247
 SE   0.0942   0.0942   0.0943   0.0943   0.0945   0.0945   0.0958   0.0958   0.0962   0.0963   0.0966   0.0966


 PARTIAL AUTOCORRELATIONS
 ---------------------
     -0.3172  -0.2518  -0.1023  -0.0788   0.1085   0.0312   0.0471   0.0324  -0.0217   0.0372   0.2893  -0.2631
 SE   0.0684   0.0684   0.0684   0.0684   0.0684   0.0684   0.0684   0.0684   0.0684   0.0684   0.0684   0.0684
     -0.0487  -0.1151   0.0377  -0.1051   0.0123   0.0401   0.0786  -0.1264  -0.1608   0.0669  -0.0113  -0.1817
 SE   0.0684   0.0684   0.0684   0.0684   0.0684   0.0684   0.0684   0.0684   0.0684   0.0684   0.0684   0.0684
     -0.1057  -0.1620  -0.0512  -0.0028   0.0527  -0.0877   0.0449  -0.0079  -0.1072   0.0174   0.0128  -0.0188
 SE   0.0684   0.0684   0.0684   0.0684   0.0684   0.0684   0.0684   0.0684   0.0684   0.0684   0.0684   0.0684
  
 ARIMA MODEL ESTIMATION 
  
 METHOD OF ESTIMATION: EXACT MAXIMUM LIKELIHOOD           
  
 PARAMETER      ESTIMATE           STD ERROR      T RATIO   LAG  
  
 TH1         -0.47396           0.61388E-01       -7.72      1
 BTH         -0.57510           0.57033E-01      -10.08     12
  
 
 REGULAR MA INVERSE ROOTS ARE 
 NO.     REAL P.     IMAG.P.     MODULUS    ARGUMENT      PERIOD
  1      0.47396       0.0000      0.47396       0.0000            -  
 
 SEASONAL MA INVERSE ROOTS ARE 
 NO.     REAL P.     IMAG.P.     MODULUS    ARGUMENT      PERIOD
  1      0.57510       0.0000      0.57510       0.0000            -  
  
 CORRELATIONS OF THE ESTIMATES 
  
  1.000   -0.196
 -0.196    1.000
  
 AIC 
    -711.245
  
 BIC 
     -6.0436
  
 FINAL VALUE OF OBJECTIVE FUNCTION: 
               0.41495    
  
 RADETN:    1.01192472124148     
 ITERATIONS:            2
  
  NUMBER OF FUNCTION EVALUATIONS:            8
  

 ESTIMATES OF REGRESSION PARAMETERS 
 CONCENTRATED OUT OF THE LIKELIHOOD 

 PARAMETER           VALUE          ST. ERROR     T VALUE
 REG      1          0.41149E-01    (     0.00262)   15.70
 OUT 1 ( 49)        -0.21968        (     0.03524)   -6.23   LS    ( 1 2009)
 OUT 2 ( 44)        -0.17114        (     0.03447)   -4.97   AO    ( 8 2008)
 OUT 3 ( 51)         0.16844        (     0.03415)    4.93   AO    ( 3 2009)
 OUT 4 ( 24)         0.16019        (     0.03568)    4.49   AO    (12 2006)
 OUT 5 (184)        -0.46702        (     0.03560)  -13.12   AO    ( 4 2020)
 OUT 6 (183)        -0.23992        (     0.03746)   -6.41   TC    ( 3 2020)

 VAR-CORRELATION MATRIX OF ESTIMATORS 

   0.687E-05
   0.241E-01   0.124E-02
   0.161E+00   0.306E-01   0.119E-02
  -0.250E-01  -0.115E+00  -0.698E-02   0.117E-02
   0.157E+00  -0.725E-01   0.188E-01  -0.397E-02   0.127E-02
  -0.146E+00  -0.345E-02  -0.235E-01   0.323E-02  -0.229E-01   0.127E-02
   0.418E-01   0.105E-02   0.671E-02  -0.306E-03   0.653E-02  -0.264E+00   0.140E-02


 VARIANCES ARE IN THE MAIN DIAGONAL; 
 OFF-DIAGONAL ELEMENTS ARE CORRELATIONS. 



ACF DIFFERENCED SERIES




 AUTOCORRELATIONS
 ----------------
     -0.3611  -0.0838   0.0482  -0.0421   0.1336  -0.0527  -0.0156   0.0344  -0.0354   0.0283   0.2411  -0.4349
 SE   0.0684   0.0768   0.0772   0.0773   0.0774   0.0785   0.0787   0.0787   0.0787   0.0788   0.0789   0.0822
      0.1715  -0.0228   0.0667  -0.0475  -0.0792   0.1019   0.0082  -0.1029  -0.0571   0.1520  -0.1749   0.0497
 SE   0.0924   0.0938   0.0939   0.0941   0.0942   0.0945   0.0950   0.0950   0.0956   0.0957   0.0968   0.0983
     -0.0574  -0.0031  -0.0317   0.0724   0.0368  -0.1533  -0.0038   0.0771  -0.0005  -0.0663   0.0417   0.0072
 SE   0.0984   0.0986   0.0986   0.0986   0.0989   0.0989   0.1000   0.1000   0.1003   0.1003   0.1005   0.1006
  
  
  NUMBER OF WHITE NOISE RESIDUALS          207
  
 WHITE NOISE RESIDUALS
  

 YEAR        JAN       FEB       MAR       APR       MAY       JUN       JUL       AUG       SEP       OCT       NOV       DEC 

 2006                                                                                      -0.040     0.032    -0.019    -0.013
 2007       0.021     0.003     0.008    -0.093     0.051     0.066     0.091    -0.025    -0.027    -0.007    -0.098    -0.005
 2008      -0.011     0.091    -0.094    -0.038    -0.029     0.049     0.068     0.022    -0.044    -0.062    -0.121     0.032
 2009       0.050    -0.106    -0.029    -0.029     0.027    -0.041    -0.029     0.025    -0.078    -0.014     0.006    -0.113
 2010      -0.031    -0.020    -0.020     0.029     0.085     0.037     0.014     0.027    -0.011     0.098    -0.010    -0.066
 2011       0.031     0.018     0.060     0.014     0.040    -0.024    -0.011     0.133    -0.012    -0.070     0.026     0.018
 2012      -0.056    -0.020     0.001    -0.047    -0.003     0.044    -0.028     0.118    -0.090    -0.003    -0.016    -0.114
 2013       0.015    -0.020     0.009    -0.007    -0.040     0.029    -0.028    -0.004     0.020     0.034     0.020    -0.059
 2014       0.019     0.002    -0.032     0.023    -0.009    -0.024    -0.016    -0.001     0.020    -0.018    -0.021     0.045
 2015       0.033     0.022    -0.008    -0.016    -0.010    -0.031    -0.051    -0.006    -0.022    -0.004     0.048    -0.065
 2016       0.018     0.012    -0.003     0.071    -0.038    -0.014    -0.010     0.058    -0.035    -0.005     0.024     0.103
 2017      -0.037    -0.001     0.044    -0.051     0.037    -0.017     0.016     0.025    -0.016    -0.000     0.070     0.045
 2018      -0.054    -0.024    -0.002     0.010     0.004    -0.029    -0.020     0.044     0.005    -0.002    -0.060    -0.052
 2019       0.031     0.039     0.016    -0.062     0.008     0.000     0.004    -0.036    -0.048     0.014    -0.002    -0.011
 2020       0.020     0.013    -0.006    -0.051    -0.105    -0.027     0.003     0.060    -0.007     0.030     0.045    -0.020
 2021       0.066     0.038    -0.029     0.040     0.020     0.052     0.010    -0.015     0.038     0.037     0.026    -0.035
 2022       0.007     0.068     0.020     0.055     0.084     0.002     0.007    -0.012     0.010    -0.065    -0.029     0.002
 2023      -0.051    -0.020    -0.025    -0.054    -0.028    -0.009    -0.058    -0.034     0.012     0.039    -0.042
 
 
  STABILITY TEST
 
 
     1. FULL PERIOD
                  FIRST HALF                    SECOND HALF
           Mean(t)          Variance      Mean(t)          Variance
      -0.37E-02(-0.77    )  0.24E-02 -0.11E-03(-0.29E-01)  0.14E-02
 
      Mean assumed equal to 0
      VR(variance ratio)= 0.60    
 
      MEAN STABILITY IS NOT REJECTED.
      VARIANCE STABILITY IS NOT REJECTED.


 
     2. LAST 10 YEARS
                  FIRST HALF                    SECOND HALF
           Mean(t)          Variance      Mean(t)          Variance
       0.74E-03( 0.17    )  0.11E-02 -0.13E-02(-0.26    )  0.15E-02
 
      Mean assumed equal to 0
      VR(variance ratio)=  1.3    
 
      LAST 10 YEARS MEAN STABILITY IS NOT REJECTED.
      LAST 10 YEARS VARIANCE STABILITY IS NOT REJECTED.


 
  OUT-OF-SAMPLE TEST
  ------------------
      Model re-estimated on Linearized series for first 209 observations.
       18 One-Period-Ahead Forecasts computed with model fixed.
      Comparison between forecast errors (last   18 observations) and residuals (in-sample):

        Mean(Forecast Errors)
            p-value= 0.0410
            Mean of forecast errors can be assumed zero.

        Out-of-Sample MSE is :  0.1274E-02
        In-Sample MSE is :  0.1964E-02
        F( 18,196) is :  0.649E+00
            p-value(%)=85.7482

        Mean and Variance of forecast Errors and In-Sample residuals ARE NOT significantly different.


 TEST-STATISTICS ON RESIDUALS
 ----------------------------


           MEAN=  -0.1893715E-02
        ST.DEV.=   0.3019359E-02
        OF MEAN
        T-VALUE= -0.6272

 NORMALITY TEST=   2.492        ( CHI-SQUARE(2) )

       SKEWNESS=  0.0055          ( SE =  0.1703 )
       KURTOSIS=  3.5374          ( SE =  0.3405 )

 SUM OF SQUARES=   0.3890218    

  DURBIN-WATSON=  1.9629

 STANDARD ERROR=   0.4446050E-01
 OF RESID.
  MSE OF RESID.=   0.1976736E-02




 AUTOCORRELATIONS
 ----------------
      0.0201  -0.0592   0.0537  -0.0147   0.1399  -0.0334   0.0654  -0.0475  -0.0323   0.0794   0.0528   0.0432
 SE   0.0695   0.0695   0.0695   0.0695   0.0695   0.0695   0.0695   0.0695   0.0695   0.0695   0.0695   0.0695
 Q      0.08     0.83     1.44     1.48     5.68     5.92     6.84     7.33     7.56     8.95     9.56     9.98
 PV    -1.00    -1.00     0.23     0.48     0.13     0.21     0.23     0.29     0.37     0.35     0.39     0.44
      0.0028  -0.0528   0.0677  -0.1232  -0.0827  -0.0263  -0.0109  -0.1374  -0.1349   0.0763  -0.1549  -0.0363
 SE   0.0695   0.0695   0.0695   0.0695   0.0695   0.0695   0.0695   0.0695   0.0695   0.0695   0.0695   0.0695
 Q      9.98    10.60    11.63    15.07    16.63    16.79    16.82    21.19    25.42    26.78    32.42    32.74
 PV     0.53     0.56     0.56     0.37     0.34     0.40     0.47     0.27     0.15     0.14     0.05     0.07
     -0.0459  -0.0597   0.0696  -0.0568  -0.0724  -0.1436  -0.0376   0.0249  -0.0494   0.0092  -0.0078   0.0559
 SE   0.0695   0.0695   0.0695   0.0695   0.0695   0.0695   0.0695   0.0695   0.0695   0.0695   0.0695   0.0695
 Q     33.24    34.09    35.25    36.03    37.31    42.35    42.69    42.85    43.45    43.48    43.49    44.28
 PV     0.08     0.08     0.08     0.09     0.09     0.04     0.05     0.06     0.07     0.08     0.10     0.11

  LJUNG-BOX Q VALUE OF ORDER  24 IS     32.74 AND IF RESIDUALS ARE RANDOM IT SHOULD BE DISTRIBUTED AS CHI-SQUARE(22)
  p-value= 0.0657
  THE PIERCE QS VALUE IS      0.41 AND IF RESIDUALS ARE RANDOM IT SHOULD BE DISTRIBUTED AS CHI-SQUARE(2)

 APPROXIMATE TEST OF RUNS ON RESIDUALS
 -------------------------------------
  NUM.DATA= 207
   NUM.(+)= 104
   NUM.(-)= 103
  NUM.RUNS=  97
   T-VALUE= -0.9755


  NON-PARAMETRIC TEST FOR RESIDUAL SEASONALITY (FRIEDMAN) SEAS_NP =      8.71
    ASYMP. DISTRIBUTED AS CHI-SQUARE(11)
    p-value= 0.6486



 SQUARED RESIDUALS:
 ------------------




 AUTOCORRELATIONS
 ----------------
     -0.0223  -0.0909   0.1304   0.0881   0.0622  -0.1531   0.0145   0.1501  -0.0823   0.2069   0.0199   0.1775
 SE   0.0695   0.0695   0.0695   0.0695   0.0695   0.0695   0.0695   0.0695   0.0695   0.0695   0.0695   0.0695
 Q      0.10     1.85     5.45     7.11     7.94    12.98    13.03    17.92    19.40    28.80    28.89    35.88
 PV    -1.00    -1.00     0.02     0.03     0.05     0.01     0.02     0.01     0.01     0.00     0.00     0.00
      0.0828  -0.0873   0.1048   0.0803  -0.0380   0.0213   0.0021   0.0766   0.0099   0.0751   0.0466  -0.0571
 SE   0.0695   0.0695   0.0695   0.0695   0.0695   0.0695   0.0695   0.0695   0.0695   0.0695   0.0695   0.0695
 Q     37.41    39.12    41.59    43.05    43.38    43.49    43.49    44.84    44.86    46.19    46.70    47.47
 PV     0.00     0.00     0.00     0.00     0.00     0.00     0.00     0.00     0.00     0.00     0.00     0.00
     -0.0049   0.0094  -0.0432   0.0114  -0.0278   0.0657  -0.0027   0.0870   0.0629  -0.0906   0.0554   0.0663
 SE   0.0695   0.0695   0.0695   0.0695   0.0695   0.0695   0.0695   0.0695   0.0695   0.0695   0.0695   0.0695
 Q     47.47    47.49    47.94    47.97    48.16    49.22    49.22    51.09    52.07    54.13    54.90    56.01
 PV     0.00     0.00     0.00     0.01     0.01     0.01     0.01     0.01     0.01     0.01     0.01     0.01

  McLEOD-LI Q VALUE OF ORDER  24 IS     47.47 AND IF RESIDUALS ARE RANDOM IT SHOULD BE DISTRIBUTED AS CHI-SQUARE(24)
  p-value= 0.0029
 
 
 
SPECTRAL DIAGNOSTICS
 --------------------
 
A. SEASONAL SPECTRAL PEAKS
 
                           Frequency (cycles per year)
                     One    Two   Three  Four   Five    Six  
 Original series      -t     AT     AT     aT     aT     aT
 Linearized series    aT     AT     AT     AT     AT     aT
 Residuals            --     --     --     -t     --     -T
 
 AT : peaks detected in AR(30) and using Tukey spectrum  estimator
 A- : only peaks detected in AR(30) spectrum estimator
 -T : only peaks detected using Tukey spectrum estimator
 -- : No peaks detected in AR(30) nor using Tukey spectrum estimator
 
 
 
B. STOCHASTIC SEASONALITY: SPECTRAL EVIDENCE
 
 1 :  SERIES CONTAINS SEASONALITY THAT CAN BE RELIABLY EXTRACTED.
 0 :  SEASONALITY IS NOT PRESENT IN THE SERIES OR IS TOO WEAK TO BE RELIABLY CAPTURED.
 
 ORIGINAL SERIES :   1
 LINEARIZED SERIES : 1
 RESIDUALS :         0
 
 
 
C. TRADING DAY EFFECT: SPECTRAL EVIDENCE
 
 1 :  TRADING DAY EFFECT DETECTED
 0 :  NO TRADING DAY EFFECT DETECTED
 
 LINEARIZED SERIES : 0
 RESIDUALS :         0
 
 
OVERALL TEST FOR IDENTIFIABLE SEASONALITY 
----------------------------------------- 
 
  AUTOCORRELATION FUNCTION EVIDENCE : YES
  NON-PARAMETRIC EVIDENCE           : YES
  F-TEST                            :  - 
  SPECTRAL EVIDENCE                 : YES
 
IDENTIFIABLE SEASONALITY FOUND IN SERIES
 
 
OVERALL TEST FOR RESIDUALS SEASONALITY 
----------------------------------------- 
 
  AUTOCORRELATION FUNCTION EVIDENCE : NO 
  NON-PARAMETRIC EVIDENCE           : NO 
  F-TEST                            : NO 
  SPECTRAL EVIDENCE                 : NO 
 
NO IDENTIFIABLE SEASONALITY FOUND IN RESIDUALS
 
 
ARIMA MODEL : GOOD FIT
----------------------

ALL TEST ARE PASSED
 
QUALITY ARIMA MODEL TESTS
----------------------------------------

  Mean in residuals                      :GOOD        
  Autocorrelation in residuals           :GOOD        
  Normality of residuals                 :GOOD        
  Skewness of residuals                  :GOOD        
  Kurtosis of residuals                  :GOOD        
  Randomness of residual sign            :GOOD        
  Instability of residual mean           :GOOD        
  Instability of residual variance       :GOOD        
  Seasonality in residuals               :GOOD        
  Trading day in residuals               :GOOD        
  Out-of-sample forecast errors          :GOOD        
  Number of outliers                     :GOOD        
 


 LINEAR SERIES


 YEAR        JAN       FEB       MAR       APR       MAY       JUN       JUL       AUG       SEP       OCT       NOV       DEC 

 2005      54.062    55.549    65.185    62.524    61.236    64.036    67.909    33.244    67.194    64.880    67.599    63.981
 2006      57.436    66.222    74.853    73.537    73.075    70.702    75.903    38.968    73.857    75.589    75.771    71.366
 2007      67.454    73.499    85.044    74.744    81.464    85.144    96.748    45.319    86.920    87.267    80.611    79.467
 2008      73.393    88.539    88.861    82.898    84.805    92.276   106.178    51.118    93.539    89.825    79.698    84.050
 2009      80.834    80.981    89.769    82.210    88.126    87.677    97.412    49.054    84.582    85.106    80.550    71.881
 2010      69.315    74.434    80.606    77.425    87.117    89.061    99.089    49.812    88.293    97.172    86.282    77.364
 2011      78.363    84.708    97.160    89.952   100.405    98.550   109.961    62.704   104.507   101.680    98.933    92.400
 2012      84.690    91.926   103.444    92.068   102.846   108.237   114.984    69.053   103.927   109.094   101.107    84.611
 2013      86.208    90.751   103.424    93.542    99.623   107.119   112.279    63.099   105.538   111.024   104.222    86.600
 2014      88.841    94.377   102.904    97.331   103.808   106.501   113.824    64.053   107.925   108.900   100.720    92.000
 2015      92.985    99.715   108.831    99.437   107.002   108.138   111.700    63.811   104.214   107.540   105.258    85.316
 2016      89.916    96.469   105.439   104.312   104.604   107.742   113.315    68.173   105.776   110.066   107.433   100.400
 2017      94.474   102.838   118.133   104.381   115.934   115.057   124.217    73.350   114.698   119.410   123.246   110.532
 2018     101.287   109.385   123.594   115.033   123.259   120.988   127.961    78.917   123.440   127.437   119.095   103.576
 2019     104.796   115.831   129.930   112.091   124.724   124.216   132.360    76.228   116.631   125.216   119.979   104.700
 2020     105.245   115.126   127.689   109.257   109.735   112.047   121.085    75.550   113.627   123.435   122.658   103.298
 2021     110.405   121.341   129.284   120.005   126.404   132.902   140.245    82.968   133.176   144.697   142.348   117.075
 2022     122.653   143.237   154.901   145.900   162.819   160.825   172.123   101.480   161.254   161.535   158.135   136.600
 2023     132.817   150.681   160.638   143.145   152.365   154.892   157.446    92.493   150.725   161.360   149.042


  AUTOCORRELATION FUNCTION TEST FOR SEASONALITY IN LINEARIZEDSERIES QS =   387.87  ASIMPTOTICALLY DISTRIBUTED AS CHI-SQUARE(2)
    p-value= 0.0000


  NON-PARAMETRIC TEST FOR SEASONALITY IN LINEARIZED SERIES (FRIEDMAN) SEAS_NP =    172.83
    ASYMP. DISTRIBUTED AS CHI-SQUARE(11)
    p-value= 0.0000


TOTAL OUTLIER EFFECT FACTORS


 YEAR        JAN       FEB       MAR       APR       MAY       JUN       JUL       AUG       SEP       OCT       NOV       DEC 

 2005     124.568   124.568   124.568   124.568   124.568   124.568   124.568   124.568   124.568   124.568   124.568   124.568
 2006     124.568   124.568   124.568   124.568   124.568   124.568   124.568   124.568   124.568   124.568   124.568   146.210
 2007     124.568   124.568   124.568   124.568   124.568   124.568   124.568   124.568   124.568   124.568   124.568   124.568
 2008     124.568   124.568   124.568   124.568   124.568   124.568   124.568   104.974   124.568   124.568   124.568   124.568
 2009     100.000   100.000   118.346   100.000   100.000   100.000   100.000   100.000   100.000   100.000   100.000   100.000
 2010     100.000   100.000   100.000   100.000   100.000   100.000   100.000   100.000   100.000   100.000   100.000   100.000
 2011     100.000   100.000   100.000   100.000   100.000   100.000   100.000   100.000   100.000   100.000   100.000   100.000
 2012     100.000   100.000   100.000   100.000   100.000   100.000   100.000   100.000   100.000   100.000   100.000   100.000
 2013     100.000   100.000   100.000   100.000   100.000   100.000   100.000   100.000   100.000   100.000   100.000   100.000
 2014     100.000   100.000   100.000   100.000   100.000   100.000   100.000   100.000   100.000   100.000   100.000   100.000
 2015     100.000   100.000   100.000   100.000   100.000   100.000   100.000   100.000   100.000   100.000   100.000   100.000
 2016     100.000   100.000   100.000   100.000   100.000   100.000   100.000   100.000   100.000   100.000   100.000   100.000
 2017     100.000   100.000   100.000   100.000   100.000   100.000   100.000   100.000   100.000   100.000   100.000   100.000
 2018     100.000   100.000   100.000   100.000   100.000   100.000   100.000   100.000   100.000   100.000   100.000   100.000
 2019     100.000   100.000   100.000   100.000   100.000   100.000   100.000   100.000   100.000   100.000   100.000   100.000
 2020     100.000   100.000    78.669    52.995    88.908    92.100    94.402    96.048    97.217    98.044    98.626    99.036
 2021      99.325    99.527    99.668    99.768    99.837    99.886    99.920    99.944    99.961    99.973    99.981    99.987
 2022      99.991    99.993    99.995    99.997    99.998    99.998    99.999    99.999    99.999   100.000   100.000   100.000
 2023     100.000   100.000   100.000   100.000   100.000   100.000   100.000   100.000   100.000   100.000   100.000


TOTAL REGRESSION EFFECT FACTORS


 YEAR        JAN       FEB       MAR       APR       MAY       JUN       JUL       AUG       SEP       OCT       NOV       DEC 

 2005      97.113    99.282   100.247   100.276   102.386   101.167    95.398   102.386   102.386    95.398   101.180   100.000
 2006     101.192    99.282   104.458    92.354   102.386   101.167    95.398   102.386    98.258    99.405   101.180    92.100
 2007     105.443    99.282   100.247    96.234   102.386   101.167    99.405   102.386    94.297   103.581   101.180    95.969
 2008     105.443   103.453    92.327   104.488    98.258    97.089   103.581    94.297   102.386   103.581    97.101   100.000
 2009      97.113    99.282   100.247   104.488    94.297   101.167   103.581    98.258   102.386    99.405   101.180   104.201
 2010      93.198    99.282   104.458   104.488    98.258   101.167    99.405   102.386   102.386    95.398   101.180   108.578
 2011      97.113    99.282   100.247   100.276   102.386   101.167    95.398   102.386   102.386    95.398   101.180   100.000
 2012     101.192   103.453   100.247    96.234   102.386   101.167    99.405   102.386    94.297   103.581   101.180    95.969
 2013     105.443    99.282    96.206   100.276   102.386    97.089   103.581    98.258    98.258   103.581    97.101   100.000
 2014     101.192    99.282    96.206   100.276    98.258    97.089   103.581    94.297   102.386   103.581    97.101   100.000
 2015      97.113    99.282   100.247   104.488    94.297   101.167   103.581    98.258   102.386    99.405   101.180   104.201
 2016      93.198   103.453   100.247   100.276   102.386   101.167    95.398   102.386   102.386    95.398   101.180   100.000
 2017     101.192    99.282   104.458    92.354   102.386   101.167    95.398   102.386    98.258    99.405   101.180    92.100
 2018     105.443    99.282   100.247    96.234   102.386   101.167    99.405   102.386    94.297   103.581   101.180    95.969
 2019     105.443    99.282    96.206   100.276   102.386    97.089   103.581    98.258    98.258   103.581    97.101   100.000
 2020     101.192    99.282   100.247   104.488    94.297   101.167   103.581    98.258   102.386    99.405   101.180   104.201
 2021      93.198    99.282   104.458   104.488    98.258   101.167    99.405   102.386   102.386    95.398   101.180   108.578
 2022      97.113    99.282   104.458    96.234   102.386   101.167    95.398   102.386   102.386    95.398   101.180   100.000
 2023     101.192    99.282   104.458    92.354   102.386   101.167    95.398   102.386    98.258    99.405   101.180
 
 
 
 FORECAST FUNCTION OF ORIGINAL SERIES: 
  
ORIGIN: 227 PERIODS AHEAD: 24
  
 OBS    DATE         FORECAST          STD ERROR        FORECAST          STD ERROR   
                        (SERIES IN LOGS)                     (SERIES IN LEVELS)       
 228  Dec-2023       4.78307          0.440995E-01       119.470           5.27113    
 229  Jan-2024       4.92536          0.493588E-01       137.739           6.80275    
 230  Feb-2024       5.02779          0.543487E-01       152.596           8.29953    
 231  Mar-2024       5.03146          0.592000E-01       153.157           9.07482    
 232  Apr-2024       4.97444          0.633487E-01       144.667           9.17370    
 233  May-2024       5.06559          0.672657E-01       158.474           10.6719    
 234  Jun-2024       5.02494          0.711069E-01       152.161           10.8334    
 235  Jul-2024       5.13375          0.747557E-01       169.652           12.7002    
 236  Aug-2024       4.55598          0.781331E-01       95.2001           7.44965    
 237  Sep-2024       5.02461          0.813990E-01       152.111           12.4022    
 238  Oct-2024       5.13056          0.846135E-01       169.112           14.3349    
 239  Nov-2024       5.02009          0.876435E-01       151.425           13.2969    
 240  Dec-2024       4.89914          0.969185E-01       134.174           13.0345    
 241  Jan-2025       4.91798          0.102262           136.727           14.0185    
 242  Feb-2025       5.02042          0.107345           151.475           16.3070    
 243  Mar-2025       5.06524          0.112339           158.418           17.8528    
 244  Apr-2025       5.00821          0.116914           149.637           17.5546    
 245  May-2025       5.05821          0.121352           157.309           19.1602    
 246  Jun-2025       5.05871          0.125679           157.388           19.8587    
 247  Jul-2025       5.16752          0.129875           175.479           22.8868    
 248  Aug-2025       4.54861          0.133964           94.5007           12.7167    
 249  Sep-2025       5.09953          0.137794           163.945           22.6983    
 250  Oct-2025       5.16434          0.141640           174.922           24.9008    
 251  Nov-2025       5.05386          0.145348           156.627           22.8861    
