
                                        PROGRAM TRAMO+

             (based on program TRAMO, Victor Gomez and Agustin Maravall©,1996)

         Developed at the Bank of Spain by Gianluca Caporello and Agustin Maravall,
         with programming support from Domingo Pérez Cañete and Roberto López Pavón.

                 VERSION: 1.0 (Revision: 942  Build: 2017/09/25 09:39:13)


 SERIES TITLE=DIVIE28                                                                         

 INPUT PARAMETERS
   lam= 0   imean= 0   p= 2   q= 0   ireg= 9   seats= 2   int2=227   rsa= 0   modelsumm= 1   va=   3.742
 
  WARNING :
    Remember to define the regression variable name in the first line of the external regression file.
   Name : NOT DEFINED.
   Reglist01
    Iuser=-1   Nser= 1   Ilong= 312
 
   Name : NOT DEFINED.
   Reglist02
    Iuser= 2   Nser= 8   Ilong=   0
 
   Fixed Outliers:
   #Observ. Type
      54     TC
      49     LS
      58     AO
      43     LS
      56     AO
      42     TC
     184     AO
     183     TC
 

 NUMBER OF OBSERVATIONS: 227


 ORIGINAL SERIES 

 YEAR        JAN       FEB       MAR       APR       MAY       JUN       JUL       AUG       SEP       OCT       NOV       DEC 

 2005      46.700    58.500    77.900    66.900    72.800    82.800    75.300    46.900    82.300    66.600    72.300   105.400
 2006      55.200    67.300    92.700    68.100    85.600   109.300    80.500    51.700    93.800    80.500    86.700   106.200
 2007      66.800    75.600   105.100    80.800    94.500   119.100    94.000    66.000   103.100    99.100    99.100   110.200
 2008      75.700    91.200   102.300    95.200    93.700   130.600   102.300    51.700   105.700    91.500    82.700   104.000
 2009      55.500    63.300    85.600    72.200    67.100    77.000    73.500    36.700    82.600    62.900    76.100    97.800
 2010      56.300    67.700    84.700    79.500    81.400    90.700    91.100    54.800    88.300    86.500    90.600   107.800
 2011      67.700    83.900    99.700    88.400   100.000   106.000   101.500    62.300    97.200    92.500    99.900   118.300
 2012      70.400    90.100   113.200    92.500   109.200   110.400   112.600    66.400    96.300   104.100   103.900   117.900
 2013      79.600    88.400   110.700    97.100   109.500   112.500   115.700    66.900   100.700   108.700   104.000   118.200
 2014      79.400    93.600   108.500    97.700   100.100   112.400   112.800    60.400   104.400   104.400   101.500   123.700
 2015      74.900    89.900   111.000    99.000   100.300   113.800   114.800    62.900    98.200   104.200   105.900   125.100
 2016      71.000    92.800   108.200    98.800   102.700   112.100   107.600    68.900   103.300    99.800   107.500   129.000
 2017      75.800    94.100   120.300    94.200   113.900   117.300   111.600    74.800   103.300   111.800   117.100   129.800
 2018      84.200    97.700   119.300   106.400   117.800   125.400   124.000    81.500   109.100   123.300   119.700   134.800
 2019      94.400   103.500   128.900   109.400   123.100   127.200   127.200    76.800   111.300   118.400   116.700   138.700
 2020      86.100   102.000    93.800    60.400    89.300   104.500   116.400    72.300   111.500   112.000   115.400   133.200
 2021      88.000   103.700   127.800   110.000   129.800   130.100   122.900    82.700   125.000   116.600   125.900   145.900
 2022      92.300   111.300   139.700   116.700   135.600   135.200   134.100    96.300   141.000   137.300   149.400   167.600
 2023     107.000   126.000   158.500   122.600   147.400   155.700   144.000   101.900   148.100   144.400   159.200


 MODEL PARAMETERS            
 ----------------
  MQ= 12         IMEAN=  0      LAM=  0      D=  1       BD=  1
  P=  2          BP=  0         Q=  0        BQ=  1      IREG=  9
  ITRAD=  0      SMPDAY=  0     IEAST=  0      IDUR=  6     M= 36       IQM= 24
  INCON=  0      NBACK=  0      NPRED= 24    INTERP=  2  INIT=  0
  IFILT=  2      IROOT=  2    INIC=  0    ICONCE=  1
  ICDET=  1      IATIP=  0      IMVX=  0     IDIF=  0    PG=  0
  AIO=  2        INT1=  1       INT2= 227    RSA=  0     SEATS=  2
  VA= 3.74       TOL=  0.100E-03             PC=  0.120E+00
  NOADMISS= 1    STOCHTD 0    BIAS= 1
  THLIM=  0.000  BTHLIM=  0.000   RMOD=  0.500



BTH =        -0.10

PHI =        -0.10       -0.10

WARNING: When adjusting for degrees of freedom in
 order to compute white-noise residuals, the Housholder
 transformation contains an element of arbitrariness 
 that, when multiple regressors are entered, may produce
 a slight variation in results when the order in which
 regressors are entered changes



NUMBER OF INITIAL OBS. =  13

Log-Level pretest : LOGS are Selected
 DIFFERENCED TRANSFORMED SERIES

 YEAR        JAN       FEB       MAR       APR       MAY       JUN       JUL       AUG       SEP       OCT       NOV       DEC 

 2006                -0.027     0.034    -0.156     0.144     0.116    -0.211     0.031     0.033     0.059    -0.008    -0.174
 2007       0.183    -0.074     0.009     0.045    -0.072    -0.013     0.069     0.089    -0.150     0.113    -0.074    -0.097
 2008       0.088     0.063    -0.215     0.191    -0.173     0.101    -0.008    -0.329     0.269    -0.105    -0.101     0.123
 2009      -0.252    -0.055     0.187    -0.098    -0.057    -0.194     0.198    -0.012     0.096    -0.128     0.292     0.022
 2010       0.076     0.053    -0.078     0.107     0.097    -0.029     0.051     0.186    -0.334     0.252    -0.144    -0.077
 2011       0.087     0.030    -0.051    -0.057     0.100    -0.050    -0.048     0.020    -0.032    -0.029     0.031    -0.005
 2012      -0.054     0.032     0.056    -0.082     0.043    -0.047     0.063    -0.040    -0.073     0.127    -0.079    -0.043
 2013       0.126    -0.142    -0.003     0.071    -0.046     0.016     0.008    -0.020     0.037    -0.001    -0.042     0.002
 2014      -0.005     0.060    -0.077     0.026    -0.096     0.089    -0.024    -0.077     0.138    -0.076     0.016     0.070
 2015      -0.104     0.018     0.063    -0.010    -0.011     0.010     0.005     0.023    -0.102     0.059     0.044    -0.031
 2016      -0.065     0.085    -0.057     0.024     0.026    -0.039    -0.050     0.156    -0.040    -0.094     0.058     0.016
 2017       0.035    -0.052     0.092    -0.154     0.151    -0.058    -0.009     0.046    -0.082     0.114    -0.028    -0.079
 2018       0.099    -0.068    -0.046     0.130    -0.088     0.033     0.039    -0.020    -0.031     0.043    -0.076     0.016
 2019       0.077    -0.057     0.020    -0.050     0.016    -0.030     0.011    -0.085     0.079    -0.061     0.015     0.054
 2020      -0.121     0.077    -0.303    -0.276     0.273     0.124     0.108     0.028     0.062    -0.057     0.044    -0.029
 2021       0.062    -0.005     0.293     0.290    -0.225    -0.155    -0.165     0.080    -0.020    -0.074     0.047     0.004
 2022      -0.043     0.023     0.018    -0.030    -0.015    -0.005     0.049     0.065    -0.032     0.043     0.008    -0.032
 2023       0.009    -0.024     0.002    -0.077     0.034     0.058    -0.070    -0.015    -0.007     0.001     0.013




 AUTOCORRELATIONS
 ----------------
     -0.4132  -0.1815   0.2502  -0.1582   0.0655   0.0631  -0.1317   0.0875  -0.0103   0.0543   0.0936  -0.3190
 SE   0.0684   0.0792   0.0811   0.0846   0.0860   0.0862   0.0864   0.0874   0.0878   0.0878   0.0880   0.0884
      0.1565   0.0326  -0.0756   0.0553  -0.0160  -0.0642   0.1330  -0.0226  -0.1461   0.1277  -0.0763   0.0106
 SE   0.0936   0.0949   0.0949   0.0952   0.0953   0.0953   0.0956   0.0964   0.0964   0.0975   0.0982   0.0985
      0.0355  -0.0787   0.0396   0.0649  -0.1011   0.0448  -0.0440  -0.0669   0.1357  -0.0788   0.0239  -0.0190
 SE   0.0985   0.0986   0.0989   0.0990   0.0992   0.0996   0.0997   0.0998   0.1000   0.1009   0.1012   0.1012


 PARTIAL AUTOCORRELATIONS
 ---------------------
     -0.4132  -0.4248  -0.0474  -0.1587   0.0115   0.0491  -0.0311   0.0207  -0.0121   0.1387   0.2460  -0.1663
 SE   0.0684   0.0684   0.0684   0.0684   0.0684   0.0684   0.0684   0.0684   0.0684   0.0684   0.0684   0.0684
     -0.0894  -0.1633  -0.0435  -0.0702   0.0098  -0.0603   0.0516   0.0990  -0.0596   0.0880  -0.0150  -0.0749
 SE   0.0684   0.0684   0.0684   0.0684   0.0684   0.0684   0.0684   0.0684   0.0684   0.0684   0.0684   0.0684
     -0.0955  -0.1476  -0.0816   0.0065  -0.0263  -0.0211  -0.0151  -0.0882  -0.0319   0.0081   0.0396  -0.0713
 SE   0.0684   0.0684   0.0684   0.0684   0.0684   0.0684   0.0684   0.0684   0.0684   0.0684   0.0684   0.0684
  
 ARIMA MODEL ESTIMATION 
  
 METHOD OF ESTIMATION: EXACT MAXIMUM LIKELIHOOD           
  
 PARAMETER      ESTIMATE           STD ERROR      T RATIO   LAG  
  
 PHI1          0.72937           0.59134E-01       12.33      1
 PHI2          0.56529           0.57098E-01        9.90      2
 BTH         -0.60307           0.57188E-01      -10.55     12
  
 
 REGULAR AR INVERSE ROOTS ARE 
 NO.     REAL P.     IMAG.P.     MODULUS    ARGUMENT      PERIOD
  1   -0.3646840  -0.6574907   0.7518566-119.0153927  -3.0248188
  2   -0.3646840   0.6574907   0.7518566 119.0153927   3.0248188
 
 SEASONAL MA INVERSE ROOTS ARE 
 NO.     REAL P.     IMAG.P.     MODULUS    ARGUMENT      PERIOD
  1      0.60307       0.0000      0.60307       0.0000            -  
  
 CORRELATIONS OF THE ESTIMATES 
  
  1.000    0.486   -0.301
  0.486    1.000   -0.157
 -0.301   -0.157    1.000
  
 AIC 
    -718.954
  
 BIC 
     -6.0385
  
 FINAL VALUE OF OBJECTIVE FUNCTION: 
               0.38920    
  
 RADETN:    1.01497553365204     
 ITERATIONS:            3
  
  NUMBER OF FUNCTION EVALUATIONS:           14
  

 ESTIMATES OF REGRESSION PARAMETERS 
 CONCENTRATED OUT OF THE LIKELIHOOD 

 PARAMETER           VALUE          ST. ERROR     T VALUE
 REG      1          0.28177E-01    (     0.00299)    9.42
 OUT 1 ( 54)        -0.16500        (     0.03261)   -5.06   TC    ( 6 2009)
 OUT 2 ( 49)        -0.14366        (     0.02890)   -4.97   LS    ( 1 2009)
 OUT 3 ( 58)        -0.17108        (     0.03289)   -5.20   AO    (10 2009)
 OUT 4 ( 43)        -0.14748        (     0.02902)   -5.08   LS    ( 7 2008)
 OUT 5 ( 56)        -0.15223        (     0.03416)   -4.46   AO    ( 8 2009)
 OUT 6 ( 42)         0.11711        (     0.03165)    3.70   TC    ( 6 2008)
 OUT 7 (184)        -0.36596        (     0.03641)  -10.05   AO    ( 4 2020)
 OUT 8 (183)        -0.32023        (     0.03371)   -9.50   TC    ( 3 2020)

 VAR-CORRELATION MATRIX OF ESTIMATORS 

   0.896E-05
  -0.467E-01   0.106E-02
   0.484E-01  -0.119E-01   0.835E-03
  -0.249E-01   0.117E+00  -0.765E-01   0.108E-02
  -0.261E-01  -0.216E-01  -0.190E-01   0.314E-02   0.842E-03
   0.242E-01  -0.290E+00   0.947E-02  -0.284E-01   0.673E-01   0.117E-02
   0.233E-01   0.202E+00   0.115E+00  -0.671E-02  -0.153E+00  -0.848E-02   0.100E-02
  -0.116E+00   0.520E-02  -0.584E-02   0.291E-02   0.289E-02  -0.272E-02  -0.287E-02   0.133E-02
   0.780E-01  -0.403E-02   0.421E-02  -0.207E-02  -0.219E-02   0.187E-02   0.160E-02  -0.435E+00   0.114E-02


 VARIANCES ARE IN THE MAIN DIAGONAL; 
 OFF-DIAGONAL ELEMENTS ARE CORRELATIONS. 



ACF DIFFERENCED SERIES




 AUTOCORRELATIONS
 ----------------
     -0.4559  -0.2089   0.3172  -0.1970   0.0935   0.0821  -0.1740   0.0773  -0.0099   0.0347   0.1397  -0.3557
 SE   0.0684   0.0813   0.0838   0.0892   0.0912   0.0917   0.0920   0.0936   0.0939   0.0939   0.0939   0.0949
      0.1750   0.0948  -0.1239   0.0461   0.0446  -0.1383   0.1446   0.0311  -0.2143   0.1966  -0.1106   0.0270
 SE   0.1009   0.1023   0.1027   0.1034   0.1035   0.1036   0.1045   0.1054   0.1055   0.1075   0.1091   0.1097
      0.0672  -0.1349   0.0588   0.0801  -0.1346   0.0960  -0.0620  -0.0651   0.1572  -0.0983   0.0058  -0.0073
 SE   0.1097   0.1099   0.1107   0.1108   0.1111   0.1118   0.1122   0.1124   0.1126   0.1136   0.1140   0.1140
  
  
  NUMBER OF WHITE NOISE RESIDUALS          205
  
 WHITE NOISE RESIDUALS
  

 YEAR        JAN       FEB       MAR       APR       MAY       JUN       JUL       AUG       SEP       OCT       NOV       DEC 

 2006                                                                                                           0.048    -0.088
 2007       0.022    -0.036     0.051    -0.038    -0.013     0.010    -0.026     0.109    -0.027     0.061    -0.047    -0.163
 2008       0.012     0.027    -0.014    -0.018    -0.110    -0.030     0.042    -0.079     0.064     0.002    -0.020    -0.088
 2009       0.003    -0.038     0.026    -0.020    -0.064    -0.029     0.026     0.020     0.004     0.023     0.024     0.011
 2010       0.011    -0.016    -0.094     0.049     0.061    -0.063     0.058     0.022    -0.047     0.051     0.043    -0.012
 2011       0.034     0.065     0.021    -0.005     0.030    -0.057     0.026    -0.020    -0.076    -0.026     0.017     0.051
 2012      -0.062    -0.000     0.042     0.023     0.041    -0.101     0.024    -0.025    -0.052    -0.020    -0.011     0.008
 2013       0.009    -0.043    -0.001    -0.023     0.016    -0.021    -0.011     0.011    -0.051     0.022    -0.012    -0.045
 2014       0.009     0.012    -0.026    -0.026    -0.083     0.013    -0.025    -0.025     0.002    -0.003     0.020     0.027
 2015      -0.010    -0.019    -0.031    -0.005     0.008    -0.010     0.010    -0.022    -0.057     0.029     0.022     0.026
 2016      -0.044    -0.006    -0.031     0.044    -0.033    -0.002    -0.008     0.073     0.009    -0.017    -0.011     0.044
 2017      -0.028     0.018     0.013     0.002     0.045    -0.030    -0.002     0.050    -0.020     0.034     0.004     0.036
 2018      -0.019    -0.031    -0.031     0.040     0.011     0.013    -0.001     0.065    -0.003     0.010    -0.056    -0.033
 2019       0.057    -0.006     0.047    -0.079     0.001    -0.021    -0.022    -0.023    -0.025    -0.026    -0.001    -0.009
 2020      -0.007    -0.003     0.017    -0.034    -0.086    -0.079     0.042     0.063     0.065    -0.012    -0.019    -0.062
 2021       0.102     0.019    -0.013    -0.052     0.129     0.029    -0.036    -0.037     0.038     0.002     0.003    -0.056
 2022       0.023     0.026     0.029     0.042     0.010    -0.015     0.017     0.085     0.062     0.042     0.022     0.020
 2023      -0.040    -0.022    -0.014    -0.022    -0.020     0.023    -0.013     0.016     0.007    -0.024     0.026
 
 
  STABILITY TEST
 
 
     1. FULL PERIOD
                  FIRST HALF                    SECOND HALF
           Mean(t)          Variance      Mean(t)          Variance
      -0.68E-02( -1.6    )  0.19E-02  0.29E-02( 0.77    )  0.14E-02
 
      Mean assumed equal to 0
      VR(variance ratio)= 0.75    
 
      MEAN STABILITY IS NOT REJECTED.
      VARIANCE STABILITY IS NOT REJECTED.


 
     2. LAST 10 YEARS
                  FIRST HALF                    SECOND HALF
           Mean(t)          Variance      Mean(t)          Variance
      -0.27E-03(-0.70E-01)  0.89E-03  0.16E-02( 0.29    )  0.18E-02
 
      Mean assumed equal to 0
      VR(variance ratio)=  2.0    
 
      LAST 10 YEARS MEAN STABILITY IS NOT REJECTED.
      LAST 10 YEARS VARIANCE STABILITY IS REJECTED.


 
  OUT-OF-SAMPLE TEST
  ------------------
      Model re-estimated on Linearized series for first 209 observations.
       18 One-Period-Ahead Forecasts computed with model fixed.
      Comparison between forecast errors (last   18 observations) and residuals (in-sample):

        Mean(Forecast Errors)
            p-value= 0.4033
            Mean of forecast errors can be assumed zero.

        Out-of-Sample MSE is :  0.1125E-02
        In-Sample MSE is :  0.1826E-02
        F( 18,196) is :  0.616E+00
            p-value(%)=88.4770

        Mean and Variance of forecast Errors and In-Sample residuals ARE NOT significantly different.


 TEST-STATISTICS ON RESIDUALS
 ----------------------------


           MEAN=  -0.1947611E-02
        ST.DEV.=   0.2874891E-02
        OF MEAN
        T-VALUE= -0.6775

 NORMALITY TEST=   11.85        ( CHI-SQUARE(2) )

       SKEWNESS= -0.2383          ( SE =  0.1711 )
       KURTOSIS=  4.0772          ( SE =  0.3422 )

 SUM OF SQUARES=   0.3711226    

  DURBIN-WATSON=  1.9755

 STANDARD ERROR=   0.4324717E-01
 OF RESID.
  MSE OF RESID.=   0.1870317E-02




 AUTOCORRELATIONS
 ----------------
     -0.0574  -0.0601  -0.0606   0.0440   0.1274   0.0377  -0.0763   0.0362   0.0557   0.0478  -0.0764   0.0718
 SE   0.0698   0.0698   0.0698   0.0698   0.0698   0.0698   0.0698   0.0698   0.0698   0.0698   0.0698   0.0698
 Q      0.69     1.44     2.21     2.62     6.07     6.37     7.62     7.90     8.57     9.07    10.35    11.48
 PV    -1.00    -1.00    -1.00     0.11     0.05     0.09     0.11     0.16     0.20     0.25     0.24     0.24
      0.0726  -0.0057   0.0715  -0.0534   0.0016   0.0768   0.0442  -0.0211  -0.1657   0.0578  -0.1137   0.0819
 SE   0.0698   0.0698   0.0698   0.0698   0.0698   0.0698   0.0698   0.0698   0.0698   0.0698   0.0698   0.0698
 Q     12.64    12.65    13.79    14.43    14.44    15.77    16.22    16.32    22.66    23.43    26.45    28.02
 PV     0.24     0.32     0.31     0.34     0.42     0.40     0.44     0.50     0.20     0.22     0.15     0.14
     -0.0397  -0.0749   0.0297  -0.0024  -0.0900  -0.0080  -0.0967  -0.0075   0.0700  -0.0692  -0.0427  -0.0828
 SE   0.0698   0.0698   0.0698   0.0698   0.0698   0.0698   0.0698   0.0698   0.0698   0.0698   0.0698   0.0698
 Q     28.39    29.72    29.93    29.93    31.89    31.90    34.18    34.20    35.40    36.59    37.05    38.77
 PV     0.16     0.16     0.19     0.23     0.20     0.24     0.19     0.23     0.23     0.23     0.25     0.23

  LJUNG-BOX Q VALUE OF ORDER  24 IS     28.02 AND IF RESIDUALS ARE RANDOM IT SHOULD BE DISTRIBUTED AS CHI-SQUARE(21)
  p-value= 0.1396
  THE PIERCE QS VALUE IS      2.71 AND IF RESIDUALS ARE RANDOM IT SHOULD BE DISTRIBUTED AS CHI-SQUARE(2)

 APPROXIMATE TEST OF RUNS ON RESIDUALS
 -------------------------------------
  NUM.DATA= 205
   NUM.(+)= 103
   NUM.(-)= 102
  NUM.RUNS= 109
   T-VALUE=  0.8402


  NON-PARAMETRIC TEST FOR RESIDUAL SEASONALITY (FRIEDMAN) SEAS_NP =      8.00
    ASYMP. DISTRIBUTED AS CHI-SQUARE(11)
    p-value= 0.7129



 SQUARED RESIDUALS:
 ------------------




 AUTOCORRELATIONS
 ----------------
      0.0120  -0.0291   0.0310   0.2492   0.1287  -0.1072   0.0329   0.1323   0.0943  -0.0716  -0.0105   0.2206
 SE   0.0698   0.0698   0.0698   0.0698   0.0698   0.0698   0.0698   0.0698   0.0698   0.0698   0.0698   0.0698
 Q      0.03     0.21     0.41    13.52    17.03    19.48    19.72    23.49    25.41    26.53    26.55    37.25
 PV    -1.00    -1.00    -1.00     0.00     0.00     0.00     0.00     0.00     0.00     0.00     0.00     0.00
     -0.0532  -0.0587   0.0413   0.0299   0.0310  -0.0136   0.0043   0.0253   0.0367   0.0051  -0.0170   0.0226
 SE   0.0698   0.0698   0.0698   0.0698   0.0698   0.0698   0.0698   0.0698   0.0698   0.0698   0.0698   0.0698
 Q     37.88    38.64    39.02    39.22    39.44    39.48    39.49    39.63    39.94    39.95    40.02    40.14
 PV     0.00     0.00     0.00     0.00     0.00     0.00     0.00     0.00     0.00     0.00     0.00     0.01
      0.0119  -0.0101   0.1212   0.0029   0.0330  -0.0079   0.0133  -0.0300   0.0237  -0.0458  -0.0263  -0.0477
 SE   0.0698   0.0698   0.0698   0.0698   0.0698   0.0698   0.0698   0.0698   0.0698   0.0698   0.0698   0.0698
 Q     40.17    40.20    43.70    43.70    43.97    43.98    44.02    44.24    44.38    44.90    45.08    45.65
 PV     0.01     0.01     0.01     0.01     0.02     0.02     0.03     0.03     0.04     0.05     0.06     0.07

  McLEOD-LI Q VALUE OF ORDER  24 IS     40.14 AND IF RESIDUALS ARE RANDOM IT SHOULD BE DISTRIBUTED AS CHI-SQUARE(24)
  p-value= 0.0207
 
 
 
SPECTRAL DIAGNOSTICS
 --------------------
 
A. SEASONAL SPECTRAL PEAKS
 
                           Frequency (cycles per year)
                     One    Two   Three  Four   Five    Six  
 Original series      -t     AT     AT     AT     AT     aT
 Linearized series    -T     AT     AT     AT     AT     aT
 Residuals            --     --     --     -t     --     --
 
 AT : peaks detected in AR(30) and using Tukey spectrum  estimator
 A- : only peaks detected in AR(30) spectrum estimator
 -T : only peaks detected using Tukey spectrum estimator
 -- : No peaks detected in AR(30) nor using Tukey spectrum estimator
 
 
 
B. STOCHASTIC SEASONALITY: SPECTRAL EVIDENCE
 
 1 :  SERIES CONTAINS SEASONALITY THAT CAN BE RELIABLY EXTRACTED.
 0 :  SEASONALITY IS NOT PRESENT IN THE SERIES OR IS TOO WEAK TO BE RELIABLY CAPTURED.
 
 ORIGINAL SERIES :   1
 LINEARIZED SERIES : 1
 RESIDUALS :         0
 
 
 
C. TRADING DAY EFFECT: SPECTRAL EVIDENCE
 
 1 :  TRADING DAY EFFECT DETECTED
 0 :  NO TRADING DAY EFFECT DETECTED
 
 LINEARIZED SERIES : 0
 RESIDUALS :         0
 
 
OVERALL TEST FOR IDENTIFIABLE SEASONALITY 
----------------------------------------- 
 
  AUTOCORRELATION FUNCTION EVIDENCE : YES
  NON-PARAMETRIC EVIDENCE           : YES
  F-TEST                            :  - 
  SPECTRAL EVIDENCE                 : YES
 
IDENTIFIABLE SEASONALITY FOUND IN SERIES
 
 
OVERALL TEST FOR RESIDUALS SEASONALITY 
----------------------------------------- 
 
  AUTOCORRELATION FUNCTION EVIDENCE : NO 
  NON-PARAMETRIC EVIDENCE           : NO 
  F-TEST                            : NO 
  SPECTRAL EVIDENCE                 : NO 
 
NO IDENTIFIABLE SEASONALITY FOUND IN RESIDUALS
 
 
ARIMA MODEL : ACCEPTABLE FIT
----------------------------
  Point estimation is acceptable. Variance variablility/Non-Normality likely to have a mild effect  on some interferences
 
QUALITY ARIMA MODEL TESTS
----------------------------------------

  Mean in residuals                      :GOOD        
  Autocorrelation in residuals           :GOOD        
  Normality of residuals                 :ACCEPTABLE  
  Skewness of residuals                  :GOOD        
  Kurtosis of residuals                  :ACCEPTABLE  
  Randomness of residual sign            :GOOD        
  Instability of residual mean           :GOOD        
  Instability of residual variance       :GOOD        
  Seasonality in residuals               :GOOD        
  Trading day in residuals               :GOOD        
  Out-of-sample forecast errors          :GOOD        
  Number of outliers                     :GOOD        
 


 LINEAR SERIES


 YEAR        JAN       FEB       MAR       APR       MAY       JUN       JUL       AUG       SEP       OCT       NOV       DEC 

 2005      35.611    43.940    58.125    49.908    53.540    61.396    58.125    34.492    60.527    51.410    53.606    78.777
 2006      40.924    50.549    67.246    53.748    62.954    81.046    62.139    38.022    70.956    60.413    64.282    83.977
 2007      48.148    56.784    78.420    62.000    69.499    88.312    70.544    48.539    80.220    72.305    73.476    84.719
 2008      54.563    66.598    80.756    69.046    70.880    88.599    79.693    44.019    86.542    75.224    71.667    88.851
 2009      56.081    63.185    85.053    69.830    69.691    89.948    80.444    46.857    85.962    77.940    77.593    96.928
 2010      59.883    68.678    82.751    77.502    82.652    90.186    91.618    53.982    86.953    89.385    89.910   101.920
 2011      69.085    84.326    99.541    88.239    98.403   105.164   104.830    61.303    95.644    95.534    99.101   118.300
 2012      69.831    88.030   113.009    94.964   107.451   109.526   113.061    65.337   100.251   101.622   103.069   121.269
 2013      76.763    88.837   113.671    96.917   107.746   114.799   112.946    67.710   101.919   106.113   106.116   118.200
 2014      78.758    94.063   111.412    97.516   101.312   114.697   110.115    62.878   102.728   101.915   103.566   123.700
 2015      76.418    90.344   110.813    96.068   104.415   112.899   112.067    63.661    96.627   104.627   105.053   121.624
 2016      74.509    90.668   108.017    98.614   101.055   111.213   111.128    67.797   101.646   103.072   106.640   129.000
 2017      75.187    94.565   116.760    99.473   112.076   116.372   115.259    73.602   104.550   112.258   116.163   137.325
 2018      81.199    98.183   119.098   109.234   115.913   124.408   124.508    80.195   113.576   120.365   118.743   138.652
 2019      91.035   104.012   132.360   109.194   121.128   129.800   124.172    77.730   112.647   115.582   119.075   138.700
 2020      85.404   102.504   128.985   105.747   108.757   115.709   122.710    77.221   113.926   115.464   116.610   131.184
 2021      93.188   104.875   124.590   107.074   131.657   129.267   123.535    81.436   123.062   120.467   124.925   137.930
 2022      94.182   111.860   135.598   119.814   133.432   134.133   138.499    94.759   138.743   141.803   148.206   167.600
 2023     106.135   126.623   153.836   129.463   145.039   154.468   148.722   100.268   149.893   144.991   157.927


  AUTOCORRELATION FUNCTION TEST FOR SEASONALITY IN LINEARIZEDSERIES QS =   380.70  ASIMPTOTICALLY DISTRIBUTED AS CHI-SQUARE(2)
    p-value= 0.0000


  NON-PARAMETRIC TEST FOR SEASONALITY IN LINEARIZED SERIES (FRIEDMAN) SEAS_NP =    186.55
    ASYMP. DISTRIBUTED AS CHI-SQUARE(11)
    p-value= 0.0000


TOTAL OUTLIER EFFECT FACTORS


 YEAR        JAN       FEB       MAR       APR       MAY       JUN       JUL       AUG       SEP       OCT       NOV       DEC 

 2005     133.795   133.795   133.795   133.795   133.795   133.795   133.795   133.795   133.795   133.795   133.795   133.795
 2006     133.795   133.795   133.795   133.795   133.795   133.795   133.795   133.795   133.795   133.795   133.795   133.795
 2007     133.795   133.795   133.795   133.795   133.795   133.795   133.795   133.795   133.795   133.795   133.795   133.795
 2008     133.795   133.795   133.795   133.795   133.795   150.418   125.312   122.267   120.181   118.741   117.744   117.051
 2009     100.969   100.677   100.474   100.331   100.232    84.927    89.193    79.272    94.550    81.034    97.291    98.096
 2010      98.664    99.063    99.343    99.540    99.677    99.774    99.842    99.889    99.922    99.946    99.962    99.973
 2011      99.981    99.987    99.991    99.994    99.996    99.997    99.998    99.998    99.999    99.999    99.999   100.000
 2012     100.000   100.000   100.000   100.000   100.000   100.000   100.000   100.000   100.000   100.000   100.000   100.000
 2013     100.000   100.000   100.000   100.000   100.000   100.000   100.000   100.000   100.000   100.000   100.000   100.000
 2014     100.000   100.000   100.000   100.000   100.000   100.000   100.000   100.000   100.000   100.000   100.000   100.000
 2015     100.000   100.000   100.000   100.000   100.000   100.000   100.000   100.000   100.000   100.000   100.000   100.000
 2016     100.000   100.000   100.000   100.000   100.000   100.000   100.000   100.000   100.000   100.000   100.000   100.000
 2017     100.000   100.000   100.000   100.000   100.000   100.000   100.000   100.000   100.000   100.000   100.000   100.000
 2018     100.000   100.000   100.000   100.000   100.000   100.000   100.000   100.000   100.000   100.000   100.000   100.000
 2019     100.000   100.000   100.000   100.000   100.000   100.000   100.000   100.000   100.000   100.000   100.000   100.000
 2020     100.000   100.000    72.599    55.426    85.478    89.598    92.600    94.760    96.303    97.397    98.171    98.716
 2021      99.100    99.369    99.558    99.690    99.783    99.848    99.894    99.926    99.948    99.964    99.974    99.982
 2022      99.987    99.991    99.994    99.996    99.997    99.998    99.999    99.999    99.999    99.999   100.000   100.000
 2023     100.000   100.000   100.000   100.000   100.000   100.000   100.000   100.000   100.000   100.000   100.000


TOTAL REGRESSION EFFECT FACTORS


 YEAR        JAN       FEB       MAR       APR       MAY       JUN       JUL       AUG       SEP       OCT       NOV       DEC 

 2005      98.014    99.508   100.169   100.189   101.628   100.798    96.825   101.628   101.628    96.825   100.806   100.000
 2006     100.815    99.508   103.032    94.699   101.628   100.798    96.825   101.628    98.804    99.592   100.806    94.520
 2007     103.696    99.508   100.169    97.405   101.628   100.798    99.592   101.628    96.059   102.438   100.806    97.222
 2008     103.696   102.352    94.680   103.052    98.804    97.997   102.438    96.059   101.628   102.438    98.006   100.000
 2009      98.014    99.508   100.169   103.052    96.059   100.798   102.438    98.804   101.628    99.592   100.806   102.858
 2010      95.291    99.508   103.032   103.052    98.804   100.798    99.592   101.628   101.628    96.825   100.806   105.797
 2011      98.014    99.508   100.169   100.189   101.628   100.798    96.825   101.628   101.628    96.825   100.806   100.000
 2012     100.815   102.352   100.169    97.405   101.628   100.798    99.592   101.628    96.059   102.438   100.806    97.222
 2013     103.696    99.508    97.386   100.189   101.628    97.997   102.438    98.804    98.804   102.438    98.006   100.000
 2014     100.815    99.508    97.386   100.189    98.804    97.997   102.438    96.059   101.628   102.438    98.006   100.000
 2015      98.014    99.508   100.169   103.052    96.059   100.798   102.438    98.804   101.628    99.592   100.806   102.858
 2016      95.291   102.352   100.169   100.189   101.628   100.798    96.825   101.628   101.628    96.825   100.806   100.000
 2017     100.815    99.508   103.032    94.699   101.628   100.798    96.825   101.628    98.804    99.592   100.806    94.520
 2018     103.696    99.508   100.169    97.405   101.628   100.798    99.592   101.628    96.059   102.438   100.806    97.222
 2019     103.696    99.508    97.386   100.189   101.628    97.997   102.438    98.804    98.804   102.438    98.006   100.000
 2020     100.815    99.508   100.169   103.052    96.059   100.798   102.438    98.804   101.628    99.592   100.806   102.858
 2021      95.291    99.508   103.032   103.052    98.804   100.798    99.592   101.628   101.628    96.825   100.806   105.797
 2022      98.014    99.508   103.032    97.405   101.628   100.798    96.825   101.628   101.628    96.825   100.806   100.000
 2023     100.815    99.508   103.032    94.699   101.628   100.798    96.825   101.628    98.804    99.592   100.806
 
 
 
 FORECAST FUNCTION OF ORIGINAL SERIES: 
  
ORIGIN: 227 PERIODS AHEAD: 24
  
 OBS    DATE         FORECAST          STD ERROR        FORECAST          STD ERROR   
                        (SERIES IN LOGS)                     (SERIES IN LEVELS)       
 228  Dec-2023       5.11763          0.433608E-01       166.939           7.24201    
 229  Jan-2024       4.76193          0.445673E-01       116.971           5.21567    
 230  Feb-2024       4.93839          0.456414E-01       139.545           6.37235    
 231  Mar-2024       5.08085          0.542351E-01       160.911           8.73342    
 232  Apr-2024       4.94293          0.564071E-01       140.180           7.91344    
 233  May-2024       5.08107          0.582146E-01       160.947           9.37739    
 234  Jun-2024       5.08143          0.626318E-01       161.004           10.0939    
 235  Jul-2024       5.10986          0.651780E-01       165.648           10.8081    
 236  Aug-2024       4.66749          0.672542E-01       106.430           7.16598    
 237  Sep-2024       5.06102          0.702685E-01       157.751           11.0986    
 238  Oct-2024       5.09063          0.727117E-01       162.492           11.8307    
 239  Nov-2024       5.10097          0.748408E-01       164.181           12.3047    
 240  Dec-2024       5.24037          0.832034E-01       188.741           15.7311    
 241  Jan-2025       4.81219          0.863695E-01       123.001           10.6434    
 242  Feb-2025       4.97568          0.892132E-01       144.847           12.9480    
 243  Mar-2025       5.14897          0.944473E-01       172.254           16.3053    
 244  Apr-2025       5.01645          0.976089E-01       150.875           14.7618    
 245  May-2025       5.12098          0.100567           167.499           16.8876    
 246  Jun-2025       5.15043          0.104387           172.505           18.0565    
 247  Jul-2025       5.18127          0.107558           177.908           19.1908    
 248  Aug-2025       4.70844          0.110555           110.880           12.2958    
 249  Sep-2025       5.15862          0.113646           173.925           19.8299    
 250  Oct-2025       5.16112          0.116626           174.360           20.4043    
 251  Nov-2025       5.17052          0.119409           176.006           21.0918    
