
                                        PROGRAM TRAMO+

             (based on program TRAMO, Victor Gomez and Agustin Maravall©,1996)

         Developed at the Bank of Spain by Gianluca Caporello and Agustin Maravall,
         with programming support from Domingo Pérez Cañete and Roberto López Pavón.

                 VERSION: 1.0 (Revision: 942  Build: 2017/09/25 09:39:13)


 SERIES TITLE=FATEXP_17                                                                       

 INPUT PARAMETERS
   lam= 0   imean= 0   seats= 2   int2=227   rsa= 0   modelsumm= 1   va=   3.742
 

 NUMBER OF OBSERVATIONS: 227


 ORIGINAL SERIES 

 YEAR        JAN       FEB       MAR       APR       MAY       JUN       JUL       AUG       SEP       OCT       NOV       DEC 

 2005      29.400    29.000    28.000    30.400    30.400    32.000    31.000    35.600    29.400    30.400    29.900    30.700
 2006      29.200    28.700    28.800    31.400    30.300    30.300    30.000    36.000    29.600    30.000    30.200    30.300
 2007      31.500    31.300    32.400    32.300    30.600    31.600    31.700    35.800    31.500    31.700    31.800    31.900
 2008      30.900    30.800    31.700    32.200    31.300    31.500    32.400    35.700    31.100    31.100    32.000    32.900
 2009      30.900    30.200    31.700    31.200    31.000    31.700    31.600    36.100    30.900    30.800    31.600    30.700
 2010      30.400    31.300    31.900    32.200    31.900    32.800    33.900    36.400    31.800    31.600    31.200    31.500
 2011      30.200    30.400    30.600    30.700    30.900    31.600    30.700    33.300    30.600    31.500    31.100    31.000
 2012      29.800    29.700    31.000    32.000    31.700    32.100    32.000    33.600    30.900    32.500    31.800    31.000
 2013      31.000    31.400    33.100    33.100    31.300    33.100    32.100    33.600    31.700    31.900    31.800    31.900
 2014      31.800    31.700    33.700    33.600    33.600    33.000    32.300    35.100    32.100    33.400    32.800    33.500
 2015      33.200    34.600    34.700    34.900    34.700    35.400    32.900    35.900    33.600    33.800    34.300    36.300
 2016      33.500    33.700    34.400    35.700    33.900    34.500    33.200    35.300    33.400    34.200    33.600    34.100
 2017      33.600    33.900    33.800    34.400    33.200    33.700    32.200    34.500    31.700    33.200    33.500    32.400
 2018      32.200    32.500    32.800    34.400    33.300    33.700    32.900    34.300    32.200    32.400    32.200    33.100
 2019      31.600    32.800    33.800    34.300    33.600    33.700    32.200    34.000    31.200    32.800    32.000    33.200
 2020      31.600    31.800    34.200    34.800    32.800    32.000    30.400    30.700    29.600    30.900    31.100    32.400
 2021      31.000    30.900    32.000    32.400    31.700    31.400    30.400    31.900    30.400    31.000    30.900    31.200
 2022      31.200    31.300    30.900    32.700    32.800    33.200    31.700    35.100    30.800    32.600    31.600    31.200
 2023      30.100    30.300    31.100    33.200    31.600    31.500    31.100    32.300    30.300    31.200    32.000


 MODEL PARAMETERS            
 ----------------
  MQ= 12         IMEAN=  0      LAM=  0      D=  1       BD=  1
  P=  0          BP=  0         Q=  1        BQ=  1      IREG=  0
  ITRAD=  0      SMPDAY=  0     IEAST=  0      IDUR=  6     M= 36       IQM= 24
  INCON=  0      NBACK=  0      NPRED= 24    INTERP=  2  INIT=  0
  IFILT=  2      IROOT=  2    INIC=  0    ICONCE=  0
  ICDET=  1      IATIP=  0      IMVX=  0     IDIF=  0    PG=  0
  AIO=  2        INT1=  1       INT2= 227    RSA=  0     SEATS=  2
  VA= 3.74       TOL=  0.100E-03             PC=  0.120E+00
  NOADMISS= 1    STOCHTD 0    BIAS= 1
  THLIM=  0.000  BTHLIM=  0.000   RMOD=  0.500



TH =        -0.10

BTH =        -0.10

NUMBER OF INITIAL OBS. =  13

Log-Level pretest : LOGS are Selected
 DIFFERENCED TRANSFORMED SERIES
    X  10.0D-1


 YEAR        JAN       FEB       MAR       APR       MAY       JUN       JUL       AUG       SEP       OCT       NOV       DEC 

 2006                -0.036     0.386     0.042    -0.357    -0.513     0.218     0.440    -0.044    -0.200     0.232    -0.231
 2007       0.889     0.109     0.311    -0.895    -0.184     0.322     0.131    -0.607     0.678    -0.071    -0.035    -0.002
 2008      -0.707     0.031    -0.057     0.187     0.257    -0.258     0.250    -0.246    -0.100    -0.063     0.254     0.246
 2009      -0.309    -0.197     0.197    -0.315     0.219     0.160    -0.313     0.361    -0.176    -0.032    -0.029    -0.566
 2010       0.529     0.521    -0.295     0.253    -0.029     0.055     0.361    -0.620     0.204    -0.031    -0.384     0.385
 2011      -0.323    -0.226    -0.124    -0.061     0.159    -0.054    -0.619     0.101     0.505     0.353    -0.000    -0.128
 2012       0.027    -0.100     0.363     0.285    -0.159    -0.099     0.258    -0.325     0.008     0.215    -0.090    -0.223
 2013       0.395     0.162     0.099    -0.317    -0.465     0.434    -0.276    -0.031     0.256    -0.442     0.186     0.286
 2014      -0.031    -0.160     0.085    -0.030     0.559    -0.739     0.092     0.375    -0.311     0.334    -0.150     0.180
 2015      -0.059     0.445    -0.583     0.087    -0.057     0.380    -0.518     0.041     0.231    -0.338     0.328     0.356
 2016      -0.713    -0.354     0.177     0.313    -0.460    -0.024     0.348    -0.259     0.109     0.177    -0.324    -0.419
 2017       0.655     0.029    -0.235    -0.195     0.162    -0.026    -0.071     0.077    -0.293     0.226     0.267    -0.482
 2018       0.086     0.004     0.121     0.300     0.030    -0.030     0.215    -0.273     0.215    -0.400    -0.152     0.610
 2019      -0.402     0.280     0.208    -0.329     0.119    -0.090    -0.215     0.127    -0.228     0.438    -0.185     0.092
 2020      -0.030    -0.310     0.427     0.027    -0.386    -0.277    -0.058    -0.446     0.495    -0.070     0.311     0.041
 2021       0.052    -0.095    -0.378    -0.050     0.373     0.152     0.189     0.383    -0.117    -0.234    -0.097    -0.313
 2022       0.442     0.064    -0.478     0.442     0.249     0.216    -0.139     0.537    -0.825     0.373    -0.279    -0.224
 2023      -0.359     0.034     0.389     0.087    -0.524    -0.153     0.335    -0.640     0.668    -0.275     0.565




 AUTOCORRELATIONS
 ----------------
     -0.3179  -0.1057   0.0378  -0.1019   0.0435   0.0440  -0.1109   0.0758  -0.0700   0.1141   0.1343  -0.3914
 SE   0.0684   0.0749   0.0756   0.0757   0.0764   0.0765   0.0766   0.0773   0.0777   0.0780   0.0788   0.0798
      0.1639   0.0126  -0.0534   0.0796  -0.1105  -0.0038   0.0542  -0.0029   0.0682  -0.0532   0.0623  -0.0721
 SE   0.0883   0.0898   0.0898   0.0899   0.0902   0.0909   0.0909   0.0910   0.0910   0.0913   0.0914   0.0916
     -0.0751   0.0286  -0.0055  -0.0007   0.1042  -0.0780   0.0346   0.0362  -0.0405   0.0197  -0.0581   0.0494
 SE   0.0919   0.0922   0.0922   0.0922   0.0922   0.0927   0.0930   0.0931   0.0932   0.0933   0.0933   0.0934


 PARTIAL AUTOCORRELATIONS
 ---------------------
     -0.3179  -0.2299  -0.0900  -0.1693  -0.0718  -0.0082  -0.1215  -0.0163  -0.1026   0.0755   0.2045  -0.2841
 SE   0.0684   0.0684   0.0684   0.0684   0.0684   0.0684   0.0684   0.0684   0.0684   0.0684   0.0684   0.0684
     -0.0316  -0.0480  -0.0490  -0.0357  -0.1334  -0.0619  -0.0983  -0.0139  -0.0071   0.0184   0.2011  -0.1867
 SE   0.0684   0.0684   0.0684   0.0684   0.0684   0.0684   0.0684   0.0684   0.0684   0.0684   0.0684   0.0684
     -0.1012  -0.0998  -0.1031  -0.0278  -0.0380  -0.0613  -0.0572   0.0324  -0.0018  -0.0006   0.0881  -0.0464
 SE   0.0684   0.0684   0.0684   0.0684   0.0684   0.0684   0.0684   0.0684   0.0684   0.0684   0.0684   0.0684
  
 ARIMA MODEL ESTIMATION 
  
 METHOD OF ESTIMATION: EXACT MAXIMUM LIKELIHOOD           
  
 PARAMETER      ESTIMATE           STD ERROR      T RATIO   LAG  
  
 TH1         -0.48574           0.61069E-01       -7.95      1
 BTH         -0.61966           0.54835E-01      -11.30     12
  
 
 REGULAR MA INVERSE ROOTS ARE 
 NO.     REAL P.     IMAG.P.     MODULUS    ARGUMENT      PERIOD
  1      0.48574       0.0000      0.48574       0.0000            -  
 
 SEASONAL MA INVERSE ROOTS ARE 
 NO.     REAL P.     IMAG.P.     MODULUS    ARGUMENT      PERIOD
  1      0.61966       0.0000      0.61966       0.0000            -  
  
 CORRELATIONS OF THE ESTIMATES 
  
  1.000   -0.207
 -0.207    1.000
  
 AIC 
    -954.387
  
 BIC 
     -7.2946
  
 FINAL VALUE OF OBJECTIVE FUNCTION: 
               0.14223    
  
 RADETN:    1.01431392830308     
 ITERATIONS:            2
  
  NUMBER OF FUNCTION EVALUATIONS:            8
  


ACF DIFFERENCED SERIES




 AUTOCORRELATIONS
 ----------------
     -0.3179  -0.1057   0.0378  -0.1019   0.0435   0.0440  -0.1109   0.0758  -0.0700   0.1141   0.1343  -0.3914
 SE   0.0684   0.0749   0.0756   0.0757   0.0764   0.0765   0.0766   0.0773   0.0777   0.0780   0.0788   0.0798
      0.1639   0.0126  -0.0534   0.0796  -0.1105  -0.0038   0.0542  -0.0029   0.0682  -0.0532   0.0623  -0.0721
 SE   0.0883   0.0898   0.0898   0.0899   0.0902   0.0909   0.0909   0.0910   0.0910   0.0913   0.0914   0.0916
     -0.0751   0.0286  -0.0055  -0.0007   0.1042  -0.0780   0.0346   0.0362  -0.0405   0.0197  -0.0581   0.0494
 SE   0.0919   0.0922   0.0922   0.0922   0.0922   0.0927   0.0930   0.0931   0.0932   0.0933   0.0933   0.0934
  
  
 RESIDUALS
  
  
  NUMBER OF WHITE NOISE RESIDUALS          214
  
  WHITE NOISE RESIDUALS
  
  
  
  
  NUMBER OF WHITE NOISE RESIDUALS          214
  WHITE NOISE RESIDUALS
  
    X  10.0D-1


 YEAR        JAN       FEB       MAR       APR       MAY       JUN       JUL       AUG       SEP       OCT       NOV       DEC 

 2006                -0.027     0.309     0.182    -0.215    -0.540    -0.077     0.336     0.126    -0.109     0.144    -0.126
 2007       0.692     0.389     0.642    -0.522    -0.580    -0.194     0.123    -0.330     0.465     0.073     0.101    -0.051
 2008      -0.335    -0.076     0.172    -0.214    -0.041    -0.222     0.263    -0.340     0.099    -0.102     0.237     0.299
 2009      -0.339    -0.308     0.172    -0.410     0.057     0.064    -0.056     0.049     0.009    -0.119     0.087    -0.409
 2010       0.035     0.447     0.120     0.007     0.132     0.141     0.376    -0.389     0.006    -0.103    -0.344    -0.061
 2011      -0.209    -0.062    -0.214    -0.196     0.142     0.062    -0.398    -0.445     0.409     0.486     0.054    -0.036
 2012      -0.102    -0.124     0.189     0.319     0.143    -0.033    -0.024    -0.492     0.156     0.468     0.025    -0.249
 2013       0.222     0.223     0.361    -0.001    -0.473     0.140    -0.212    -0.432     0.290    -0.058     0.033     0.141
 2014       0.249     0.033     0.257    -0.014     0.260    -0.384    -0.268     0.041     0.018     0.220    -0.005     0.254
 2015       0.177     0.476    -0.202    -0.097     0.060     0.093    -0.523    -0.107     0.178    -0.120     0.200     0.612
 2016      -0.382    -0.298    -0.236     0.199    -0.296    -0.129    -0.066    -0.200     0.154     0.124    -0.103    -0.150
 2017       0.161     0.038    -0.274    -0.133    -0.146    -0.087    -0.116    -0.084    -0.178     0.170     0.248    -0.423
 2018       0.025    -0.009    -0.064     0.269     0.110     0.013     0.176    -0.205     0.030    -0.227    -0.160     0.195
 2019      -0.164     0.187     0.263    -0.016     0.098    -0.067    -0.143    -0.122    -0.207     0.188    -0.124     0.201
 2020      -0.093    -0.189     0.442     0.153    -0.246    -0.467    -0.353    -0.650     0.088     0.151     0.251     0.325
 2021       0.092    -0.140    -0.115    -0.144     0.105    -0.012     0.105     0.138     0.200    -0.070    -0.021    -0.197
 2022       0.305     0.098    -0.460     0.164     0.437     0.389     0.119     0.649    -0.427     0.061    -0.241    -0.457
 2023      -0.332    -0.158    -0.002     0.326    -0.144    -0.113     0.236    -0.159     0.130    -0.045     0.375
 
 
  STABILITY TEST
 
 
     1. FULL PERIOD
                  FIRST HALF                    SECOND HALF
           Mean(t)          Variance      Mean(t)          Variance
       0.21E-03( 0.83E-01)  0.71E-03 -0.79E-03(-0.34    )  0.58E-03
 
      Mean assumed equal to 0
      VR(variance ratio)= 0.82    
 
      MEAN STABILITY IS NOT REJECTED.
      VARIANCE STABILITY IS NOT REJECTED.


 
     2. LAST 10 YEARS
                  FIRST HALF                    SECOND HALF
           Mean(t)          Variance      Mean(t)          Variance
      -0.92E-03(-0.32    )  0.48E-03  0.39E-03( 0.12    )  0.65E-03
 
      Mean assumed equal to 0
      VR(variance ratio)=  1.3    
 
      LAST 10 YEARS MEAN STABILITY IS NOT REJECTED.
      LAST 10 YEARS VARIANCE STABILITY IS NOT REJECTED.


 
  OUT-OF-SAMPLE TEST
  ------------------
      Model re-estimated on Linearized series for first 209 observations.
       18 One-Period-Ahead Forecasts computed with model fixed.
      Comparison between forecast errors (last   18 observations) and residuals (in-sample):

        Mean(Forecast Errors)
            p-value= 0.8459
            Mean of forecast errors can be assumed zero.

        Out-of-Sample MSE is :  0.9286E-03
        In-Sample MSE is :  0.6262E-03
        F( 18,196) is :  0.148E+01
            p-value(%)= 9.9122

        Mean and Variance of forecast Errors and In-Sample residuals ARE NOT significantly different.


 TEST-STATISTICS ON RESIDUALS
 ----------------------------


           MEAN=  -0.2918616E-03
        ST.DEV.=   0.1737295E-02
        OF MEAN
        T-VALUE= -0.1680

 NORMALITY TEST=  0.1774        ( CHI-SQUARE(2) )

       SKEWNESS=  0.0246          ( SE =  0.1674 )
       KURTOSIS=  2.8678          ( SE =  0.3349 )

 SUM OF SQUARES=   0.1382394    

  DURBIN-WATSON=  1.8351

 STANDARD ERROR=   0.2553571E-01
 OF RESID.
  MSE OF RESID.=   0.6520726E-03




 AUTOCORRELATIONS
 ----------------
      0.0774  -0.0844  -0.0828  -0.1103  -0.1147  -0.0142  -0.1162   0.0294  -0.0186   0.0781   0.0937   0.0529
 SE   0.0684   0.0684   0.0684   0.0684   0.0684   0.0684   0.0684   0.0684   0.0684   0.0684   0.0684   0.0684
 Q      1.30     2.85     4.35     7.03     9.94     9.99    13.00    13.20    13.27    14.65    16.66    17.30
 PV    -1.00    -1.00     0.04     0.03     0.02     0.04     0.02     0.04     0.07     0.07     0.05     0.07
      0.0014  -0.0508  -0.0839  -0.0145  -0.1210  -0.0158   0.0496   0.0877   0.0320   0.0136   0.0432  -0.0644
 SE   0.0684   0.0684   0.0684   0.0684   0.0684   0.0684   0.0684   0.0684   0.0684   0.0684   0.0684   0.0684
 Q     17.30    17.89    19.53    19.58    23.01    23.07    23.65    25.49    25.73    25.78    26.23    27.24
 PV     0.10     0.12     0.11     0.14     0.08     0.11     0.13     0.11     0.14     0.17     0.20     0.20
     -0.1329  -0.0317  -0.0363   0.0461   0.0543   0.0073   0.0698   0.0708  -0.0856  -0.0287  -0.0088   0.0292
 SE   0.0684   0.0684   0.0684   0.0684   0.0684   0.0684   0.0684   0.0684   0.0684   0.0684   0.0684   0.0684
 Q     31.56    31.81    32.13    32.66    33.40    33.41    34.64    35.92    37.79    38.00    38.02    38.24
 PV     0.11     0.13     0.15     0.17     0.18     0.22     0.22     0.21     0.19     0.21     0.25     0.28

  LJUNG-BOX Q VALUE OF ORDER  24 IS     27.24 AND IF RESIDUALS ARE RANDOM IT SHOULD BE DISTRIBUTED AS CHI-SQUARE(22)
  p-value= 0.2024
  THE PIERCE QS VALUE IS      0.64 AND IF RESIDUALS ARE RANDOM IT SHOULD BE DISTRIBUTED AS CHI-SQUARE(2)

 APPROXIMATE TEST OF RUNS ON RESIDUALS
 -------------------------------------
  NUM.DATA= 214
   NUM.(+)= 107
   NUM.(-)= 107
  NUM.RUNS= 106
   T-VALUE= -0.2741


  NON-PARAMETRIC TEST FOR RESIDUAL SEASONALITY (FRIEDMAN) SEAS_NP =      9.44
    ASYMP. DISTRIBUTED AS CHI-SQUARE(11)
    p-value= 0.5810



 SQUARED RESIDUALS:
 ------------------




 AUTOCORRELATIONS
 ----------------
      0.1452   0.1969   0.0646   0.0657   0.1188  -0.0924   0.0159  -0.0191  -0.0579  -0.0122  -0.0445  -0.0382
 SE   0.0684   0.0684   0.0684   0.0684   0.0684   0.0684   0.0684   0.0684   0.0684   0.0684   0.0684   0.0684
 Q      4.58    13.03    13.95    14.90    18.02    19.91    19.97    20.05    20.81    20.84    21.29    21.63
 PV    -1.00    -1.00     0.00     0.00     0.00     0.00     0.00     0.00     0.00     0.01     0.01     0.02
     -0.0626  -0.1132  -0.0161  -0.1163  -0.0135  -0.0377   0.0813   0.0025   0.0594   0.0468   0.0418   0.1140
 SE   0.0684   0.0684   0.0684   0.0684   0.0684   0.0684   0.0684   0.0684   0.0684   0.0684   0.0684   0.0684
 Q     22.53    25.49    25.55    28.71    28.75    29.08    30.65    30.65    31.50    32.03    32.45    35.61
 PV     0.02     0.01     0.02     0.01     0.02     0.02     0.02     0.03     0.04     0.04     0.05     0.03
     -0.0087  -0.0184  -0.0248   0.0093  -0.0059   0.0037  -0.0361   0.0339   0.0572   0.0320   0.0030  -0.0898
 SE   0.0684   0.0684   0.0684   0.0684   0.0684   0.0684   0.0684   0.0684   0.0684   0.0684   0.0684   0.0684
 Q     35.63    35.71    35.87    35.89    35.90    35.90    36.23    36.52    37.36    37.62    37.62    39.72
 PV     0.04     0.06     0.07     0.09     0.12     0.15     0.17     0.19     0.20     0.23     0.27     0.23

  McLEOD-LI Q VALUE OF ORDER  24 IS     35.61 AND IF RESIDUALS ARE RANDOM IT SHOULD BE DISTRIBUTED AS CHI-SQUARE(24)
  p-value= 0.0598
 
 
 
SPECTRAL DIAGNOSTICS
 --------------------
 
A. SEASONAL SPECTRAL PEAKS
 
                           Frequency (cycles per year)
                     One    Two   Three  Four   Five    Six  
 Original series      -T     at     AT     -T     AT     aT
 Linearized series    -T     at     AT     -T     AT     aT
 Residuals            --     --     --     --     --     --
 
 AT : peaks detected in AR(30) and using Tukey spectrum  estimator
 A- : only peaks detected in AR(30) spectrum estimator
 -T : only peaks detected using Tukey spectrum estimator
 -- : No peaks detected in AR(30) nor using Tukey spectrum estimator
 
 
 
B. STOCHASTIC SEASONALITY: SPECTRAL EVIDENCE
 
 1 :  SERIES CONTAINS SEASONALITY THAT CAN BE RELIABLY EXTRACTED.
 0 :  SEASONALITY IS NOT PRESENT IN THE SERIES OR IS TOO WEAK TO BE RELIABLY CAPTURED.
 
 ORIGINAL SERIES :   1
 LINEARIZED SERIES : 1
 RESIDUALS :         0
 
 
 
C. TRADING DAY EFFECT: SPECTRAL EVIDENCE
 
 1 :  TRADING DAY EFFECT DETECTED
 0 :  NO TRADING DAY EFFECT DETECTED
 
 LINEARIZED SERIES : 0
 RESIDUALS :         0
 
 
OVERALL TEST FOR IDENTIFIABLE SEASONALITY 
----------------------------------------- 
 
  AUTOCORRELATION FUNCTION EVIDENCE : YES
  NON-PARAMETRIC EVIDENCE           : YES
  F-TEST                            :  - 
  SPECTRAL EVIDENCE                 : YES
 
IDENTIFIABLE SEASONALITY FOUND IN SERIES
 
 
OVERALL TEST FOR RESIDUALS SEASONALITY 
----------------------------------------- 
 
  AUTOCORRELATION FUNCTION EVIDENCE : NO 
  NON-PARAMETRIC EVIDENCE           : NO 
  F-TEST                            : NO 
  SPECTRAL EVIDENCE                 : NO 
 
NO IDENTIFIABLE SEASONALITY FOUND IN RESIDUALS
 
 
ARIMA MODEL : GOOD FIT
----------------------

ALL TEST ARE PASSED
 
QUALITY ARIMA MODEL TESTS
----------------------------------------

  Mean in residuals                      :GOOD        
  Autocorrelation in residuals           :GOOD        
  Normality of residuals                 :GOOD        
  Skewness of residuals                  :GOOD        
  Kurtosis of residuals                  :GOOD        
  Randomness of residual sign            :GOOD        
  Instability of residual mean           :GOOD        
  Instability of residual variance       :GOOD        
  Seasonality in residuals               :GOOD        
  Trading day in residuals               :GOOD        
  Out-of-sample forecast errors          :GOOD        
  Number of outliers                     :GOOD        
 


  AUTOCORRELATION FUNCTION TEST FOR SEASONALITY IN LINEARIZEDSERIES QS =   235.63  ASIMPTOTICALLY DISTRIBUTED AS CHI-SQUARE(2)
    p-value= 0.0000


  NON-PARAMETRIC TEST FOR SEASONALITY IN LINEARIZED SERIES (FRIEDMAN) SEAS_NP =    146.14
    ASYMP. DISTRIBUTED AS CHI-SQUARE(11)
    p-value= 0.0000
 
 
 
 FORECAST FUNCTION OF ORIGINAL SERIES: 
  
ORIGIN: 227 PERIODS AHEAD: 24
  
 OBS    DATE         FORECAST          STD ERROR        FORECAST          STD ERROR   
                        (SERIES IN LOGS)                     (SERIES IN LEVELS)       
 228  Dec-2023       3.45585          0.255357E-01       31.6852          0.809235    
 229  Jan-2024       3.42680          0.287144E-01       30.7781          0.883959    
 230  Feb-2024       3.43323          0.315748E-01       30.9766          0.978323    
 231  Mar-2024       3.45467          0.341967E-01       31.6477           1.08256    
 232  Apr-2024       3.49973          0.366314E-01       33.1064           1.21314    
 233  May-2024       3.46910          0.389141E-01       32.1079           1.24992    
 234  Jun-2024       3.46862          0.410701E-01       32.0923           1.31859    
 235  Jul-2024       3.43778          0.431185E-01       31.1179           1.34238    
 236  Aug-2024       3.49262          0.450738E-01       32.8719           1.48242    
 237  Sep-2024       3.41585          0.469478E-01       30.4427           1.43001    
 238  Oct-2024       3.45185          0.487498E-01       31.5587           1.53939    
 239  Nov-2024       3.45258          0.504875E-01       31.5816           1.59549    
 240  Dec-2024       3.45397          0.554152E-01       31.6256           1.75389    
 241  Jan-2025       3.42492          0.583046E-01       30.7203           1.79266    
 242  Feb-2025       3.43135          0.610573E-01       30.9184           1.88955    
 243  Mar-2025       3.45279          0.636912E-01       31.5883           2.01393    
 244  Apr-2025       3.49785          0.662204E-01       33.0442           2.19060    
 245  May-2025       3.46722          0.686564E-01       32.0476           2.20287    
 246  Jun-2025       3.46674          0.710090E-01       32.0320           2.27743    
 247  Jul-2025       3.43590          0.732861E-01       31.0595           2.27929    
 248  Aug-2025       3.49074          0.754945E-01       32.8102           2.48052    
 249  Sep-2025       3.41397          0.776401E-01       30.3855           2.36270    
 250  Oct-2025       3.44997          0.797281E-01       31.4994           2.51538    
 251  Nov-2025       3.45069          0.817627E-01       31.5223           2.58166    
 252  Dec-2025       3.45209          0.863721E-01       31.5662           2.73153    
 253  Jan-2026       3.42304          0.894132E-01       30.6626           2.74713    
 254  Feb-2026       3.42947          0.923543E-01       30.8603           2.85617    
 255  Mar-2026       3.45090          0.952045E-01       31.5289           3.00851    
 256  Apr-2026       3.49597          0.979719E-01       32.9821           3.23909    
 257  May-2026       3.46534          0.100663           31.9874           3.22813    
 258  Jun-2026       3.46486           0.00000           31.9719           0.00000    
 259  Jul-2026       3.43402           0.00000           31.0011           0.00000    
 260  Aug-2026       3.48886           0.00000           32.7485           0.00000    
 261  Sep-2026       3.41209           0.00000           30.3284           0.00000    
 262  Oct-2026       3.44809           0.00000           31.4402           0.00000    
 263  Nov-2026       3.44881           0.00000           31.4631           0.00000    
 264  Dec-2026       3.45021           0.00000           31.5069           0.00000    
