
                                        PROGRAM TRAMO+

             (based on program TRAMO, Victor Gomez and Agustin Maravall©,1996)

         Developed at the Bank of Spain by Gianluca Caporello and Agustin Maravall,
         with programming support from Domingo Pérez Cañete and Roberto López Pavón.

                 VERSION: 1.0 (Revision: 942  Build: 2017/09/25 09:39:13)


 SERIES TITLE=DIVIE31                                                                         

 INPUT PARAMETERS
   lam= 0   imean= 0   ireg=10   seats= 2   int2=227   rsa= 0   modelsumm= 1   va=   3.742
 
  WARNING :
    Remember to define the regression variable name in the first line of the external regression file.
   Name : NOT DEFINED.
   Reglist01
    Iuser=-1   Nser= 1   Ilong= 312
 
   Name : NOT DEFINED.
   Reglist02
    Iuser= 2   Nser= 9   Ilong=   0
 
   Fixed Outliers:
   #Observ. Type
      49     LS
      56     AO
      46     AO
      44     LS
      60     LS
     184     AO
     183     TC
     188     AO
     185     AO
 

 NUMBER OF OBSERVATIONS: 227


 ORIGINAL SERIES 

 YEAR        JAN       FEB       MAR       APR       MAY       JUN       JUL       AUG       SEP       OCT       NOV       DEC 

 2005      63.800    83.500    95.700    85.900    88.100    82.300    98.700    44.700    82.100    89.100    95.600    87.100
 2006      68.900    87.000   103.800    79.600   101.000    98.200   104.900    50.400    88.600   109.500   104.700    92.200
 2007      75.700    94.500   109.300    88.500   105.600   106.500   120.800    54.400    91.100   104.700   107.300    85.800
 2008      86.100   104.200   104.100   106.700   102.300    98.100   128.100    44.900    92.700   124.400    94.300    86.700
 2009      54.800    76.600    81.900    80.100    72.900    83.200    93.100    33.200    70.200    82.900    82.900    81.000
 2010      66.100    82.500    98.700    86.600    87.500    88.500   100.600    51.900    87.100    91.600    97.300    89.400
 2011      71.400    90.900   107.700    90.200    96.300    93.800   105.300    58.100    93.700    94.000   103.800    93.900
 2012      73.400    94.100   105.900    82.600    99.000    96.300   107.000    62.400    84.000   101.500    99.900    84.300
 2013      76.700    86.300    94.700    88.600   101.100    91.200   113.700    58.400    87.200   103.700    97.500    88.700
 2014      77.800    87.100    97.300    94.100    93.400    98.100   116.000    55.800    93.900   108.000    99.000    95.400
 2015      79.300    96.300   106.400   104.400    99.000   103.500   127.300    59.900    99.600   112.600   111.600   100.200
 2016      79.000   103.100   114.000   103.100   112.000   106.600   117.400    67.400   104.500   108.900   115.000   110.900
 2017      82.100   109.700   129.300   100.100   117.400   113.600   123.500    71.300   106.700   120.000   123.900   112.300
 2018      90.200   108.200   127.400   104.600   121.100   118.500   130.200    72.900   105.100   128.400   125.800   109.300
 2019      94.400   111.900   119.900   106.400   125.300   113.500   138.900    70.100   103.300   129.900   119.700   108.700
 2020      96.400   107.400    82.900    27.400    80.800   113.500   136.100    80.800   114.500   129.300   127.300   121.200
 2021      92.900   114.400   137.200   127.900   129.700   137.100   143.100    81.400   126.800   136.900   139.800   130.200
 2022     105.200   134.700   164.100   133.600   155.500   149.900   159.600    96.900   142.500   140.800   150.700   131.300
 2023     104.800   129.200   148.800   114.200   145.900   135.300   139.800    82.000   119.400   139.000   136.600


 MODEL PARAMETERS            
 ----------------
  MQ= 12         IMEAN=  0      LAM=  0      D=  1       BD=  1
  P=  0          BP=  0         Q=  1        BQ=  1      IREG= 10
  ITRAD=  0      SMPDAY=  0     IEAST=  0      IDUR=  6     M= 36       IQM= 24
  INCON=  0      NBACK=  0      NPRED= 24    INTERP=  2  INIT=  0
  IFILT=  2      IROOT=  2    INIC=  0    ICONCE=  1
  ICDET=  1      IATIP=  0      IMVX=  0     IDIF=  0    PG=  0
  AIO=  2        INT1=  1       INT2= 227    RSA=  0     SEATS=  2
  VA= 3.74       TOL=  0.100E-03             PC=  0.120E+00
  NOADMISS= 1    STOCHTD 0    BIAS= 1
  THLIM=  0.000  BTHLIM=  0.000   RMOD=  0.500



TH =        -0.10

BTH =        -0.10

WARNING: When adjusting for degrees of freedom in
 order to compute white-noise residuals, the Housholder
 transformation contains an element of arbitrariness 
 that, when multiple regressors are entered, may produce
 a slight variation in results when the order in which
 regressors are entered changes



NUMBER OF INITIAL OBS. =  13

Log-Level pretest : LOGS are Selected
 DIFFERENCED TRANSFORMED SERIES

 YEAR        JAN       FEB       MAR       APR       MAY       JUN       JUL       AUG       SEP       OCT       NOV       DEC 

 2006                -0.036     0.040    -0.157     0.213     0.040    -0.116     0.059    -0.044     0.130    -0.115    -0.034
 2007       0.037    -0.011    -0.031     0.054    -0.061     0.037     0.060    -0.065    -0.049    -0.073     0.069    -0.096
 2008       0.201    -0.031    -0.146     0.236    -0.219    -0.050     0.141    -0.251     0.209     0.155    -0.302     0.140
 2009      -0.462     0.144     0.068    -0.047    -0.052     0.174    -0.154     0.017     0.024    -0.128     0.277     0.061
 2010       0.255    -0.113     0.112    -0.109     0.105    -0.121     0.016     0.369    -0.231    -0.116     0.060    -0.061
 2011      -0.022     0.020    -0.010    -0.047     0.055    -0.038    -0.013     0.067    -0.040    -0.047     0.039    -0.016
 2012      -0.021     0.007    -0.051    -0.071     0.116    -0.001    -0.010     0.055    -0.181     0.186    -0.115    -0.070
 2013       0.152    -0.131    -0.025     0.182    -0.049    -0.075     0.115    -0.127     0.104    -0.016    -0.046     0.075
 2014      -0.037    -0.005     0.018     0.033    -0.139     0.152    -0.053    -0.066     0.120    -0.033    -0.025     0.058
 2015      -0.054     0.081    -0.011     0.014    -0.046    -0.005     0.039    -0.022    -0.012    -0.017     0.078    -0.071
 2016      -0.053     0.072     0.001    -0.082     0.136    -0.094    -0.110     0.199    -0.070    -0.081     0.063     0.071
 2017      -0.063     0.024     0.064    -0.155     0.077     0.017    -0.013     0.006    -0.035     0.076    -0.023    -0.062
 2018       0.082    -0.108    -0.001     0.059    -0.013     0.011     0.011    -0.031    -0.037     0.083    -0.052    -0.042
 2019       0.073    -0.012    -0.094     0.078     0.017    -0.077     0.108    -0.104     0.022     0.029    -0.061     0.044
 2020       0.026    -0.062    -0.328    -0.988     0.918     0.439    -0.020     0.162    -0.039    -0.108     0.066     0.047
 2021      -0.146     0.100     0.441     1.037    -1.067    -0.284    -0.139    -0.043     0.095    -0.045     0.037    -0.022
 2022       0.053     0.039     0.016    -0.135     0.138    -0.092     0.020     0.065    -0.058    -0.089     0.047    -0.067
 2023      -0.012    -0.038    -0.056    -0.059     0.093    -0.039    -0.030    -0.035    -0.010     0.164    -0.085




 AUTOCORRELATIONS
 ----------------
     -0.4769   0.0446   0.0287  -0.0716   0.0448   0.0959  -0.1286   0.0093   0.0813  -0.0571   0.1098  -0.2863
 SE   0.0684   0.0825   0.0826   0.0826   0.0829   0.0830   0.0835   0.0844   0.0845   0.0848   0.0850   0.0857
      0.1806  -0.1223   0.1556  -0.1376   0.1209  -0.2066   0.1232   0.0036  -0.0071  -0.0017   0.1028  -0.0987
 SE   0.0900   0.0917   0.0925   0.0937   0.0946   0.0953   0.0974   0.0981   0.0981   0.0981   0.0981   0.0986
     -0.0138   0.1133  -0.1813   0.1317  -0.0600   0.0620  -0.0738   0.1409  -0.1313   0.0569  -0.0253  -0.0678
 SE   0.0991   0.0991   0.0997   0.1012   0.1020   0.1022   0.1024   0.1026   0.1035   0.1043   0.1044   0.1045


 PARTIAL AUTOCORRELATIONS
 ---------------------
     -0.4769  -0.2366  -0.0792  -0.1094  -0.0503   0.1228  -0.0081  -0.0731   0.0473   0.0278   0.1259  -0.2628
 SE   0.0684   0.0684   0.0684   0.0684   0.0684   0.0684   0.0684   0.0684   0.0684   0.0684   0.0684   0.0684
     -0.0833  -0.1711   0.0482  -0.1073   0.0881  -0.1487  -0.0791  -0.0472   0.0611   0.0130   0.2245  -0.0304
 SE   0.0684   0.0684   0.0684   0.0684   0.0684   0.0684   0.0684   0.0684   0.0684   0.0684   0.0684   0.0684
     -0.0526  -0.0475  -0.0332  -0.0888  -0.0075  -0.0679  -0.0569   0.0506   0.1024   0.0389   0.1242  -0.1756
 SE   0.0684   0.0684   0.0684   0.0684   0.0684   0.0684   0.0684   0.0684   0.0684   0.0684   0.0684   0.0684
  
 ARIMA MODEL ESTIMATION 
  
 METHOD OF ESTIMATION: EXACT MAXIMUM LIKELIHOOD           
  
 PARAMETER      ESTIMATE           STD ERROR      T RATIO   LAG  
  
 TH1         -0.67167           0.52266E-01      -12.85      1
 BTH         -0.65109           0.53547E-01      -12.16     12
  
 
 REGULAR MA INVERSE ROOTS ARE 
 NO.     REAL P.     IMAG.P.     MODULUS    ARGUMENT      PERIOD
  1      0.67167       0.0000      0.67167       0.0000            -  
 
 SEASONAL MA INVERSE ROOTS ARE 
 NO.     REAL P.     IMAG.P.     MODULUS    ARGUMENT      PERIOD
  1      0.65109       0.0000      0.65109       0.0000            -  
  
 CORRELATIONS OF THE ESTIMATES 
  
  1.000   -0.247
 -0.247    1.000
  
 AIC 
    -709.906
  
 BIC 
     -6.0002
  
 FINAL VALUE OF OBJECTIVE FUNCTION: 
               0.40601    
  
 RADETN:    1.01703374767861     
 ITERATIONS:            3
  
  NUMBER OF FUNCTION EVALUATIONS:           11
  

 ESTIMATES OF REGRESSION PARAMETERS 
 CONCENTRATED OUT OF THE LIKELIHOOD 

 PARAMETER           VALUE          ST. ERROR     T VALUE
 REG      1          0.38339E-01    (     0.00291)   13.19
 OUT 1 ( 49)        -0.21025        (     0.03105)   -6.77   LS    ( 1 2009)
 OUT 2 ( 56)        -0.24417        (     0.03726)   -6.55   AO    ( 8 2009)
 OUT 3 ( 46)         0.21238        (     0.03869)    5.49   AO    (10 2008)
 OUT 4 ( 44)        -0.13983        (     0.03110)   -4.50   LS    ( 8 2008)
 OUT 5 ( 60)         0.94488E-01    (     0.03027)    3.12   LS    (12 2009)
 OUT 6 (184)         -1.1741        (     0.04103)  -28.62   AO    ( 4 2020)
 OUT 7 (183)        -0.42530        (     0.03835)  -11.09   TC    ( 3 2020)
 OUT 8 (188)         0.13509        (     0.03715)    3.64   AO    ( 8 2020)
 OUT 9 (185)        -0.19295        (     0.03888)   -4.96   AO    ( 5 2020)

 VAR-CORRELATION MATRIX OF ESTIMATORS 

   0.845E-05
  -0.963E-02   0.964E-03
   0.679E-01  -0.454E-01   0.139E-02
  -0.113E+00   0.210E+00  -0.531E-01   0.150E-02
   0.772E-01  -0.164E+00   0.934E-01  -0.224E+00   0.967E-03
   0.229E-01   0.923E-01   0.128E+00  -0.414E-01   0.467E-01   0.916E-03
  -0.101E+00   0.106E-02  -0.688E-02   0.115E-01  -0.787E-02  -0.222E-02   0.168E-02
   0.210E-01   0.437E-03   0.132E-02  -0.242E-02   0.125E-02   0.910E-03  -0.400E+00   0.147E-02
   0.845E-01  -0.116E-02   0.835E-02  -0.101E-01   0.749E-02   0.205E-02   0.436E-01   0.872E-02   0.138E-02
   0.138E+00  -0.123E-02   0.937E-02  -0.157E-01   0.105E-01   0.322E-02   0.224E+00  -0.225E+00   0.885E-01   0.151E-02


 VARIANCES ARE IN THE MAIN DIAGONAL; 
 OFF-DIAGONAL ELEMENTS ARE CORRELATIONS. 



ACF DIFFERENCED SERIES




 AUTOCORRELATIONS
 ----------------
     -0.5518   0.1157   0.0276  -0.0992   0.0406   0.0934  -0.1237   0.0611   0.0320  -0.0642   0.1609  -0.3495
 SE   0.0684   0.0867   0.0874   0.0875   0.0880   0.0881   0.0885   0.0893   0.0895   0.0896   0.0898   0.0911
      0.2562  -0.1683   0.1667  -0.1264   0.1243  -0.1923   0.1313  -0.0488   0.0336  -0.0394   0.1151  -0.0733
 SE   0.0972   0.1003   0.1016   0.1029   0.1036   0.1043   0.1060   0.1067   0.1068   0.1069   0.1069   0.1075
     -0.0341   0.1256  -0.1961   0.1516  -0.0775   0.0690  -0.0809   0.1206  -0.1322   0.0821  -0.0692  -0.0105
 SE   0.1077   0.1078   0.1085   0.1101   0.1111   0.1113   0.1115   0.1118   0.1124   0.1132   0.1134   0.1136
  
  
  NUMBER OF WHITE NOISE RESIDUALS          204
  
 WHITE NOISE RESIDUALS
  

 YEAR        JAN       FEB       MAR       APR       MAY       JUN       JUL       AUG       SEP       OCT       NOV       DEC 

 2006                                                                                                                     0.017
 2007      -0.063    -0.013    -0.001    -0.040     0.010     0.059     0.010     0.007    -0.007    -0.123    -0.014    -0.118
 2008       0.109     0.019    -0.013     0.048    -0.047    -0.050     0.012     0.012     0.056    -0.014    -0.018    -0.016
 2009      -0.031     0.051    -0.029     0.046    -0.033     0.063    -0.044     0.056    -0.113     0.013    -0.009    -0.041
 2010       0.080    -0.051    -0.001    -0.029     0.006    -0.024    -0.018     0.091     0.016    -0.009     0.005    -0.025
 2011       0.031     0.011     0.058    -0.026    -0.023    -0.032     0.003     0.097    -0.004    -0.062     0.004     0.045
 2012      -0.075    -0.050    -0.014    -0.084     0.017    -0.001    -0.033     0.133    -0.059    -0.046    -0.040    -0.030
 2013      -0.013    -0.062    -0.055     0.020     0.051    -0.011     0.010     0.058    -0.031    -0.003    -0.015    -0.014
 2014       0.035    -0.054    -0.027     0.052    -0.042     0.056    -0.004     0.003    -0.000     0.017    -0.023     0.040
 2015       0.040     0.019    -0.030     0.040     0.008    -0.021     0.036    -0.032     0.003     0.034     0.002    -0.033
 2016       0.010    -0.003     0.009     0.002     0.010    -0.028    -0.019     0.034     0.007    -0.017     0.000     0.087
 2017      -0.098     0.066     0.039    -0.017    -0.006    -0.010    -0.020     0.023     0.008    -0.009     0.017     0.083
 2018      -0.080    -0.037     0.009    -0.040     0.002     0.009    -0.031     0.011     0.004    -0.001     0.000    -0.034
 2019      -0.000    -0.001    -0.035    -0.052     0.039    -0.008     0.002    -0.005    -0.061     0.024    -0.006    -0.059
 2020       0.078    -0.048     0.004     0.043     0.040     0.073     0.028     0.011     0.006     0.001    -0.035    -0.019
 2021       0.028    -0.027    -0.020     0.040    -0.003     0.037    -0.046     0.010     0.025     0.023     0.001    -0.050
 2022       0.051     0.085     0.074     0.027     0.023    -0.012     0.004     0.057    -0.007    -0.089    -0.024    -0.037
 2023      -0.100    -0.032    -0.070    -0.079     0.007    -0.055    -0.057    -0.032    -0.028     0.012    -0.014
 
 
  STABILITY TEST
 
 
     1. FULL PERIOD
                  FIRST HALF                    SECOND HALF
           Mean(t)          Variance      Mean(t)          Variance
      -0.33E-02(-0.72    )  0.21E-02 -0.28E-02(-0.72    )  0.15E-02
 
      Mean assumed equal to 0
      VR(variance ratio)= 0.72    
 
      MEAN STABILITY IS NOT REJECTED.
      VARIANCE STABILITY IS NOT REJECTED.


 
     2. LAST 10 YEARS
                  FIRST HALF                    SECOND HALF
           Mean(t)          Variance      Mean(t)          Variance
       0.20E-02( 0.45    )  0.12E-02 -0.48E-02(-0.91    )  0.17E-02
 
      Mean assumed equal to 0
      VR(variance ratio)=  1.4    
 
      LAST 10 YEARS MEAN STABILITY IS NOT REJECTED.
      LAST 10 YEARS VARIANCE STABILITY IS NOT REJECTED.


 
  OUT-OF-SAMPLE TEST
  ------------------
      Model re-estimated on Linearized series for first 209 observations.
       18 One-Period-Ahead Forecasts computed with model fixed.
      Comparison between forecast errors (last   18 observations) and residuals (in-sample):

        Mean(Forecast Errors)
            p-value= 0.0001
            Mean of forecast errors cannot be assumed zero.

        Out-of-Sample MSE is :  0.3328E-02
        In-Sample MSE is :  0.1757E-02
        F( 18,196) is :  0.189E+01
            p-value(%)= 1.8194

        Mean and Variance of forecast Errors and In-Sample residuals ARE significantly different


 TEST-STATISTICS ON RESIDUALS
 ----------------------------


           MEAN=  -0.3015457E-02
        ST.DEV.=   0.2970359E-02
        OF MEAN
        T-VALUE= -1.0152

 NORMALITY TEST=   2.751        ( CHI-SQUARE(2) )

       SKEWNESS=  0.0994          ( SE =  0.1715 )
       KURTOSIS=  3.5330          ( SE =  0.3430 )

 SUM OF SQUARES=   0.3604363    

  DURBIN-WATSON=  2.2497

 STANDARD ERROR=   0.4408178E-01
 OF RESID.
  MSE OF RESID.=   0.1943203E-02




 AUTOCORRELATIONS
 ----------------
     -0.0993   0.0698   0.1269  -0.1029   0.0790   0.0361  -0.0068   0.0197   0.0569  -0.0514  -0.0604   0.0566
 SE   0.0700   0.0700   0.0700   0.0700   0.0700   0.0700   0.0700   0.0700   0.0700   0.0700   0.0700   0.0700
 Q      2.04     3.05     6.42     8.64     9.96    10.24    10.25    10.33    11.03    11.60    12.40    13.10
 PV    -1.00    -1.00     0.01     0.01     0.02     0.04     0.07     0.11     0.14     0.17     0.19     0.22
     -0.0567  -0.0763  -0.0092  -0.0940   0.0412  -0.1855   0.0518  -0.0185   0.0351   0.0243   0.0869  -0.0027
 SE   0.0700   0.0700   0.0700   0.0700   0.0700   0.0700   0.0700   0.0700   0.0700   0.0700   0.0700   0.0700
 Q     13.80    15.09    15.11    17.09    17.47    25.24    25.85    25.93    26.21    26.35    28.10    28.10
 PV     0.24     0.24     0.30     0.25     0.29     0.07     0.08     0.10     0.12     0.15     0.14     0.17
     -0.0162   0.0210  -0.1807   0.0491   0.0152  -0.0697   0.0252   0.0241  -0.1412  -0.0145  -0.0164  -0.1133
 SE   0.0700   0.0700   0.0700   0.0700   0.0700   0.0700   0.0700   0.0700   0.0700   0.0700   0.0700   0.0700
 Q     28.16    28.27    36.02    36.60    36.66    37.83    37.98    38.12    43.02    43.08    43.14    46.36
 PV     0.21     0.25     0.07     0.08     0.10     0.10     0.12     0.15     0.07     0.09     0.11     0.08

  LJUNG-BOX Q VALUE OF ORDER  24 IS     28.10 AND IF RESIDUALS ARE RANDOM IT SHOULD BE DISTRIBUTED AS CHI-SQUARE(22)
  p-value= 0.1723
  THE PIERCE QS VALUE IS      0.70 AND IF RESIDUALS ARE RANDOM IT SHOULD BE DISTRIBUTED AS CHI-SQUARE(2)

 APPROXIMATE TEST OF RUNS ON RESIDUALS
 -------------------------------------
  NUM.DATA= 204
   NUM.(+)= 102
   NUM.(-)= 102
  NUM.RUNS= 112
   T-VALUE=  1.2634


  NON-PARAMETRIC TEST FOR RESIDUAL SEASONALITY (FRIEDMAN) SEAS_NP =     14.02
    ASYMP. DISTRIBUTED AS CHI-SQUARE(11)
    p-value= 0.2317



 SQUARED RESIDUALS:
 ------------------




 AUTOCORRELATIONS
 ----------------
      0.1148   0.0511   0.0708   0.0036  -0.0115   0.0179   0.0083  -0.0311  -0.0907  -0.0863   0.0371   0.1443
 SE   0.0700   0.0700   0.0700   0.0700   0.0700   0.0700   0.0700   0.0700   0.0700   0.0700   0.0700   0.0700
 Q      2.73     3.27     4.32     4.32     4.35     4.42     4.43     4.64     6.41     8.03     8.32    12.88
 PV    -1.00    -1.00     0.04     0.12     0.23     0.35     0.49     0.59     0.49     0.43     0.50     0.23
     -0.0183  -0.0456  -0.0730  -0.0089  -0.0377   0.0130  -0.0386   0.0838   0.0402  -0.1033   0.0722   0.0936
 SE   0.0700   0.0700   0.0700   0.0700   0.0700   0.0700   0.0700   0.0700   0.0700   0.0700   0.0700   0.0700
 Q     12.96    13.42    14.60    14.62    14.94    14.98    15.32    16.92    17.30    19.76    20.97    23.02
 PV     0.30     0.34     0.33     0.40     0.46     0.53     0.57     0.53     0.57     0.47     0.46     0.40
      0.0272  -0.0047  -0.0059  -0.0027  -0.0834  -0.0394   0.0932   0.0617  -0.0521   0.0212   0.0939   0.0538
 SE   0.0700   0.0700   0.0700   0.0700   0.0700   0.0700   0.0700   0.0700   0.0700   0.0700   0.0700   0.0700
 Q     23.19    23.20    23.20    23.21    24.88    25.25    27.36    28.29    28.96    29.07    31.26    31.98
 PV     0.45     0.51     0.57     0.62     0.58     0.61     0.55     0.56     0.57     0.62     0.55     0.57

  McLEOD-LI Q VALUE OF ORDER  24 IS     23.02 AND IF RESIDUALS ARE RANDOM IT SHOULD BE DISTRIBUTED AS CHI-SQUARE(24)
  p-value= 0.5188
 
 
 
SPECTRAL DIAGNOSTICS
 --------------------
 
A. SEASONAL SPECTRAL PEAKS
 
                           Frequency (cycles per year)
                     One    Two   Three  Four   Five    Six  
 Original series      --     aT     AT     aT     AT     aT
 Linearized series    aT     AT     AT     AT     AT     aT
 Residuals            --     --     --     --     --     -t
 
 AT : peaks detected in AR(30) and using Tukey spectrum  estimator
 A- : only peaks detected in AR(30) spectrum estimator
 -T : only peaks detected using Tukey spectrum estimator
 -- : No peaks detected in AR(30) nor using Tukey spectrum estimator
 
 
 
B. STOCHASTIC SEASONALITY: SPECTRAL EVIDENCE
 
 1 :  SERIES CONTAINS SEASONALITY THAT CAN BE RELIABLY EXTRACTED.
 0 :  SEASONALITY IS NOT PRESENT IN THE SERIES OR IS TOO WEAK TO BE RELIABLY CAPTURED.
 
 ORIGINAL SERIES :   1
 LINEARIZED SERIES : 1
 RESIDUALS :         0
 
 
 
C. TRADING DAY EFFECT: SPECTRAL EVIDENCE
 
 1 :  TRADING DAY EFFECT DETECTED
 0 :  NO TRADING DAY EFFECT DETECTED
 
 LINEARIZED SERIES : 0
 RESIDUALS :         0
 
 
OVERALL TEST FOR IDENTIFIABLE SEASONALITY 
----------------------------------------- 
 
  AUTOCORRELATION FUNCTION EVIDENCE : YES
  NON-PARAMETRIC EVIDENCE           : YES
  F-TEST                            :  - 
  SPECTRAL EVIDENCE                 : YES
 
IDENTIFIABLE SEASONALITY FOUND IN SERIES
 
 
OVERALL TEST FOR RESIDUALS SEASONALITY 
----------------------------------------- 
 
  AUTOCORRELATION FUNCTION EVIDENCE : NO 
  NON-PARAMETRIC EVIDENCE           : NO 
  F-TEST                            : NO 
  SPECTRAL EVIDENCE                 : NO 
 
NO IDENTIFIABLE SEASONALITY FOUND IN RESIDUALS
 
 
ARIMA MODEL : GOOD FIT
----------------------

ALL TEST ARE PASSED
 
QUALITY ARIMA MODEL TESTS
----------------------------------------

  Mean in residuals                      :GOOD        
  Autocorrelation in residuals           :GOOD        
  Normality of residuals                 :GOOD        
  Skewness of residuals                  :GOOD        
  Kurtosis of residuals                  :GOOD        
  Randomness of residual sign            :GOOD        
  Instability of residual mean           :GOOD        
  Instability of residual variance       :GOOD        
  Seasonality in residuals               :GOOD        
  Trading day in residuals               :GOOD        
  Out-of-sample forecast errors          :GOOD        
  Number of outliers                     :GOOD        
 


 LINEAR SERIES


 YEAR        JAN       FEB       MAR       APR       MAY       JUN       JUL       AUG       SEP       OCT       NOV       DEC 

 2005      50.778    65.103    73.945    66.355    66.747    63.053    79.869    33.866    62.202    72.101    73.234    67.455
 2006      52.774    67.832    77.187    66.389    76.521    75.234    84.887    38.185    69.750    85.276    80.205    77.096
 2007      55.802    73.679    84.454    71.036    80.006    81.593    94.076    41.215    74.521    78.471    82.196    69.046
 2008      63.468    78.186    86.846    79.323    80.535    78.095    96.009    42.241    80.773    86.712    86.326    77.223
 2009      61.897    84.758    89.809    84.509    84.630    90.461    99.026    47.351    75.480    91.623    90.125    77.953
 2010      70.584    83.055    94.769    83.129    88.944    87.548   101.161    50.772    85.207    95.711    96.243    82.801
 2011      73.376    91.512   107.453    89.969    94.208    92.791   110.025    56.838    91.664    98.218   102.672    93.900
 2012      72.594    91.170   105.657    85.608    96.849    95.264   107.596    61.044    88.724    98.227    98.814    87.595
 2013      73.005    86.881    98.175    88.373    98.903    93.745   110.033    59.364    88.639   100.356   100.210    88.700
 2014      76.946    87.686   100.870    93.859    94.942   100.838   112.259    58.938    91.860   104.517   101.751    95.400
 2015      81.494    96.948   106.156   100.215   104.567   102.387   123.195    60.889    97.436   113.228   110.387    96.431
 2016      84.359    99.890   113.738   102.836   109.566   105.454   122.668    65.936   102.229   113.787   113.750   110.900
 2017      81.198   110.438   124.151   107.800   114.849   112.378   129.042    69.751   108.461   120.669   122.554   121.250
 2018      85.854   108.928   127.107   108.409   118.469   117.226   130.926    71.316   111.010   124.259   124.433   113.572
 2019      89.852   112.653   124.300   106.127   122.577   116.668   134.421    71.257   105.005   125.711   123.027   108.700
 2020      95.341   108.123   126.549   114.604   127.489   129.913   145.871    77.072   117.759   134.655   129.042   118.660
 2021     100.401   116.143   132.514   123.280   132.222   135.900   144.101    79.710   124.131   143.113   138.328   120.618
 2022     108.129   135.623   157.578   138.473   152.127   148.292   166.765    94.796   139.405   147.119   149.063   131.300
 2023     103.649   130.070   142.874   122.985   142.730   133.845   146.074    80.218   121.371   139.775   135.116


  AUTOCORRELATION FUNCTION TEST FOR SEASONALITY IN LINEARIZEDSERIES QS =   381.63  ASIMPTOTICALLY DISTRIBUTED AS CHI-SQUARE(2)
    p-value= 0.0000


  NON-PARAMETRIC TEST FOR SEASONALITY IN LINEARIZED SERIES (FRIEDMAN) SEAS_NP =    179.96
    ASYMP. DISTRIBUTED AS CHI-SQUARE(11)
    p-value= 0.0000


TOTAL OUTLIER EFFECT FACTORS


 YEAR        JAN       FEB       MAR       APR       MAY       JUN       JUL       AUG       SEP       OCT       NOV       DEC 

 2005     129.122   129.122   129.122   129.122   129.122   129.122   129.122   129.122   129.122   129.122   129.122   129.122
 2006     129.122   129.122   129.122   129.122   129.122   129.122   129.122   129.122   129.122   129.122   129.122   129.122
 2007     129.122   129.122   129.122   129.122   129.122   129.122   129.122   129.122   129.122   129.122   129.122   129.122
 2008     129.122   129.122   129.122   129.122   129.122   129.122   129.122   112.272   112.272   138.838   112.272   112.272
 2009      90.984    90.984    90.984    90.984    90.984    90.984    90.984    71.272    90.984    90.984    90.984   100.000
 2010     100.000   100.000   100.000   100.000   100.000   100.000   100.000   100.000   100.000   100.000   100.000   100.000
 2011     100.000   100.000   100.000   100.000   100.000   100.000   100.000   100.000   100.000   100.000   100.000   100.000
 2012     100.000   100.000   100.000   100.000   100.000   100.000   100.000   100.000   100.000   100.000   100.000   100.000
 2013     100.000   100.000   100.000   100.000   100.000   100.000   100.000   100.000   100.000   100.000   100.000   100.000
 2014     100.000   100.000   100.000   100.000   100.000   100.000   100.000   100.000   100.000   100.000   100.000   100.000
 2015     100.000   100.000   100.000   100.000   100.000   100.000   100.000   100.000   100.000   100.000   100.000   100.000
 2016     100.000   100.000   100.000   100.000   100.000   100.000   100.000   100.000   100.000   100.000   100.000   100.000
 2017     100.000   100.000   100.000   100.000   100.000   100.000   100.000   100.000   100.000   100.000   100.000   100.000
 2018     100.000   100.000   100.000   100.000   100.000   100.000   100.000   100.000   100.000   100.000   100.000   100.000
 2019     100.000   100.000   100.000   100.000   100.000   100.000   100.000   100.000   100.000   100.000   100.000   100.000
 2020     100.000   100.000    65.358    22.950    66.942    86.426    90.293   106.568    95.120    96.558    97.578    98.298
 2021      98.806    99.163    99.413    99.589    99.712    99.798    99.859    99.901    99.931    99.952    99.966    99.976
 2022      99.983    99.988    99.992    99.994    99.996    99.997    99.998    99.999    99.999    99.999   100.000   100.000
 2023     100.000   100.000   100.000   100.000   100.000   100.000   100.000   100.000   100.000   100.000   100.000


TOTAL REGRESSION EFFECT FACTORS


 YEAR        JAN       FEB       MAR       APR       MAY       JUN       JUL       AUG       SEP       OCT       NOV       DEC 

 2005      97.307    99.331   100.230   100.257   102.221   101.087    95.705   102.221   102.221    95.705   101.099   100.000
 2006     101.110    99.331   104.148    92.857   102.221   101.087    95.705   102.221    98.376    99.446   101.099    92.619
 2007     105.062    99.331   100.230    96.486   102.221   101.087    99.446   102.221    94.676   103.332   101.099    96.239
 2008     105.062   103.213    92.832   104.176    98.376    97.285   103.332    94.676   102.221   103.332    97.296   100.000
 2009      97.307    99.331   100.230   104.176    94.676   101.087   103.332    98.376   102.221    99.446   101.099   103.908
 2010      93.647    99.331   104.148   104.176    98.376   101.087    99.446   102.221   102.221    95.705   101.099   107.969
 2011      97.307    99.331   100.230   100.257   102.221   101.087    95.705   102.221   102.221    95.705   101.099   100.000
 2012     101.110   103.213   100.230    96.486   102.221   101.087    99.446   102.221    94.676   103.332   101.099    96.239
 2013     105.062    99.331    96.460   100.257   102.221    97.285   103.332    98.376    98.376   103.332    97.296   100.000
 2014     101.110    99.331    96.460   100.257    98.376    97.285   103.332    94.676   102.221   103.332    97.296   100.000
 2015      97.307    99.331   100.230   104.176    94.676   101.087   103.332    98.376   102.221    99.446   101.099   103.908
 2016      93.647   103.213   100.230   100.257   102.221   101.087    95.705   102.221   102.221    95.705   101.099   100.000
 2017     101.110    99.331   104.148    92.857   102.221   101.087    95.705   102.221    98.376    99.446   101.099    92.619
 2018     105.062    99.331   100.230    96.486   102.221   101.087    99.446   102.221    94.676   103.332   101.099    96.239
 2019     105.062    99.331    96.460   100.257   102.221    97.285   103.332    98.376    98.376   103.332    97.296   100.000
 2020     101.110    99.331   100.230   104.176    94.676   101.087   103.332    98.376   102.221    99.446   101.099   103.908
 2021      93.647    99.331   104.148   104.176    98.376   101.087    99.446   102.221   102.221    95.705   101.099   107.969
 2022      97.307    99.331   104.148    96.486   102.221   101.087    95.705   102.221   102.221    95.705   101.099   100.000
 2023     101.110    99.331   104.148    92.857   102.221   101.087    95.705   102.221    98.376    99.446   101.099
 
 
 
 FORECAST FUNCTION OF ORIGINAL SERIES: 
  
ORIGIN: 227 PERIODS AHEAD: 24
  
 OBS    DATE         FORECAST          STD ERROR        FORECAST          STD ERROR   
                        (SERIES IN LOGS)                     (SERIES IN LEVELS)       
 228  Dec-2023       4.72603          0.428398E-01       112.847           4.83655    
 229  Jan-2024       4.66265          0.446822E-01       105.917           4.73495    
 230  Feb-2024       4.85002          0.466751E-01       127.743           5.96565    
 231  Mar-2024       4.90552          0.489308E-01       135.033           6.61122    
 232  Apr-2024       4.81720          0.507258E-01       123.619           6.27470    
 233  May-2024       4.94775          0.525192E-01       140.857           7.40280    
 234  Jun-2024       4.87100          0.542760E-01       130.452           7.08561    
 235  Jul-2024       5.03291          0.561199E-01       153.378           8.61435    
 236  Aug-2024       4.38403          0.577816E-01       80.1604           4.63566    
 237  Sep-2024       4.79882          0.593091E-01       121.368           7.20454    
 238  Oct-2024       4.96818          0.610163E-01       143.765           8.78019    
 239  Nov-2024       4.88874          0.625105E-01       132.786           8.30860    
 240  Dec-2024       4.80705          0.687128E-01       122.370           8.41834    
 241  Jan-2025       4.62866          0.712199E-01       102.376           7.30049    
 242  Feb-2025       4.81602          0.736215E-01       123.473           9.10259    
 243  Mar-2025       4.90986          0.761565E-01       135.620           10.3434    
 244  Apr-2025       4.82155          0.783447E-01       124.157           9.74199    
 245  May-2025       4.91375          0.805293E-01       136.149           10.9818    
 246  Jun-2025       4.87535          0.826189E-01       131.020           10.8432    
 247  Jul-2025       5.03725          0.847809E-01       154.046           13.0836    
 248  Aug-2025       4.35003          0.869255E-01       77.4811           6.74783    
 249  Sep-2025       4.84151          0.887265E-01       126.660           11.2602    
 250  Oct-2025       4.97253          0.907444E-01       144.391           13.1297    
 251  Nov-2025       4.89308          0.926086E-01       133.364           12.3771    
