
                                        PROGRAM TRAMO+

             (based on program TRAMO, Victor Gomez and Agustin Maravall©,1996)

         Developed at the Bank of Spain by Gianluca Caporello and Agustin Maravall,
         with programming support from Domingo Pérez Cañete and Roberto López Pavón.

                 VERSION: 1.0 (Revision: 942  Build: 2017/09/25 09:39:13)


 SERIES TITLE=FATEXP_23                                                                       

 INPUT PARAMETERS
   lam= 0   imean= 0   ireg= 8   seats= 2   tabtablet='xo,xi,xl,re,me,td,ee,to,ls,reg'   int2=227   rsa= 0   modelsumm= 1   va=   3.742
 
   Name : NOT DEFINED.
   Reglist01
    Iuser= 2   Nser= 8   Ilong=   0
 
   Fixed Outliers:
   #Observ. Type
      50     LS
      86     AO
      99     AO
      36     AO
      61     LS
     131     AO
     183     AO
     184     AO
 

 NUMBER OF OBSERVATIONS: 227


 ORIGINAL SERIES 

 YEAR        JAN       FEB       MAR       APR       MAY       JUN       JUL       AUG       SEP       OCT       NOV       DEC 

 2005      27.800    26.700    26.000    26.500    25.800    26.200    26.100    32.200    25.400    26.800    26.200    26.600
 2006      27.700    27.000    26.400    26.600    25.800    26.600    26.000    30.800    25.500    25.400    25.900    25.600
 2007      27.700    26.700    26.300    26.700    26.000    26.200    25.500    31.500    25.900    25.600    26.000    24.200
 2008      28.100    26.100    25.800    26.400    25.200    25.700    25.400    30.700    24.400    25.100    25.800    25.800
 2009      27.700    25.100    23.300    25.000    23.500    23.400    23.900    28.000    23.700    24.600    25.000    25.000
 2010      29.800    29.600    27.900    29.200    28.800    29.000    28.400    34.100    28.200    28.600    28.700    27.700
 2011      31.600    30.600    30.800    30.100    30.400    29.800    29.700    35.000    29.900    30.100    29.800    31.400
 2012      34.700    36.800    32.700    34.000    32.900    33.800    33.500    39.100    33.800    33.600    34.100    34.200
 2013      38.300    37.700    39.200    37.700    36.200    35.300    35.600    41.000    34.300    36.000    36.500    35.100
 2014      41.600    40.100    37.800    39.600    38.800    37.900    38.300    42.600    37.000    38.100    38.600    37.700
 2015      42.900    41.500    41.100    41.800    40.800    40.800    40.000    46.000    38.800    40.000    37.600    38.300
 2016      43.800    41.500    41.300    41.500    40.600    40.600    39.600    45.800    38.900    39.300    38.800    38.800
 2017      43.800    40.800    40.700    41.300    40.500    40.200    38.900    45.400    38.900    38.400    39.200    39.800
 2018      42.100    41.200    41.900    41.700    39.900    39.600    38.300    44.000    37.400    39.300    38.400    37.100
 2019      39.000    37.900    36.200    37.600    37.000    35.200    35.600    39.600    34.400    36.400    36.700    35.500
 2020      38.100    37.000    43.200    51.300    36.300    35.000    34.700    38.300    34.400    35.700    35.600    37.000
 2021      38.900    37.300    36.300    37.900    36.500    37.000    36.000    40.700    36.000    35.700    36.300    35.300
 2022      39.000    36.900    35.900    37.100    37.300    36.400    35.400    40.000    34.100    34.000    33.400    34.600
 2023      34.700    33.200    33.800    33.200    33.500    33.800    31.600    37.300    32.700    31.200    32.600


 MODEL PARAMETERS            
 ----------------
  MQ= 12         IMEAN=  0      LAM=  0      D=  1       BD=  1
  P=  0          BP=  0         Q=  1        BQ=  1      IREG=  8
  ITRAD=  0      SMPDAY=  0     IEAST=  0      IDUR=  6     M= 36       IQM= 24
  INCON=  0      NBACK=  0      NPRED= 24    INTERP=  2  INIT=  0
  IFILT=  2      IROOT=  2    INIC=  0    ICONCE=  1
  ICDET=  1      IATIP=  0      IMVX=  0     IDIF=  0    PG=  0
  AIO=  2        INT1=  1       INT2= 227    RSA=  0     SEATS=  2
  VA= 3.74       TOL=  0.100E-03             PC=  0.120E+00
  NOADMISS= 1    STOCHTD 0    BIAS= 1
  THLIM=  0.000  BTHLIM=  0.000   RMOD=  0.500



TH =        -0.10

BTH =        -0.10

WARNING: When adjusting for degrees of freedom in
 order to compute white-noise residuals, the Housholder
 transformation contains an element of arbitrariness 
 that, when multiple regressors are entered, may produce
 a slight variation in results when the order in which
 regressors are entered changes



NUMBER OF INITIAL OBS. =  13

Log-Level pretest : LOGS are Selected
 DIFFERENCED TRANSFORMED SERIES

 YEAR        JAN       FEB       MAR       APR       MAY       JUN       JUL       AUG       SEP       OCT       NOV       DEC 

 2006                 0.015     0.004    -0.012    -0.004     0.015    -0.019    -0.041     0.048    -0.058     0.042    -0.027
 2007       0.038    -0.011     0.007     0.008     0.004    -0.023    -0.004     0.042    -0.007    -0.008    -0.004    -0.060
 2008       0.071    -0.037     0.004     0.008    -0.020     0.012     0.015    -0.022    -0.034     0.040     0.012     0.072
 2009      -0.078    -0.025    -0.063     0.047    -0.015    -0.024     0.033    -0.031     0.063     0.009    -0.011     0.000
 2010       0.105     0.092     0.015    -0.025     0.048     0.011    -0.042     0.025    -0.023    -0.023    -0.013    -0.035
 2011      -0.044    -0.025     0.066    -0.069     0.024    -0.027     0.018    -0.019     0.032    -0.007    -0.014     0.088
 2012      -0.032     0.091    -0.125     0.062    -0.043     0.047    -0.006    -0.010     0.012    -0.013     0.025    -0.049
 2013       0.013    -0.075     0.157    -0.078    -0.008    -0.052     0.017    -0.013    -0.033     0.054    -0.001    -0.042
 2014       0.057    -0.021    -0.098     0.086     0.020     0.002     0.002    -0.035     0.037    -0.019    -0.001     0.016
 2015      -0.041     0.004     0.049    -0.030    -0.004     0.023    -0.030     0.033    -0.029     0.001    -0.075     0.042
 2016       0.005    -0.021     0.005    -0.012     0.002     0.000    -0.005     0.006     0.007    -0.020     0.049    -0.018
 2017      -0.013    -0.017     0.002     0.010     0.002    -0.007    -0.008     0.009     0.009    -0.023     0.033     0.015
 2018      -0.065     0.049     0.019    -0.019    -0.025    -0.000    -0.001    -0.016    -0.008     0.062    -0.044    -0.050
 2019      -0.006    -0.007    -0.063     0.043     0.028    -0.042     0.045    -0.032     0.022     0.007     0.031     0.001
 2020       0.021    -0.001     0.201     0.134    -0.330     0.013    -0.020    -0.008     0.033    -0.019    -0.011     0.072
 2021      -0.021    -0.013    -0.182    -0.129     0.308     0.050    -0.019     0.024    -0.015    -0.045     0.019    -0.067
 2022       0.050    -0.013    -0.000    -0.010     0.043    -0.038    -0.000    -0.001    -0.037     0.005    -0.034     0.063
 2023      -0.097     0.011     0.045    -0.051     0.004     0.033    -0.039     0.044     0.028    -0.044     0.062




 AUTOCORRELATIONS
 ----------------
     -0.4940   0.0479   0.1648  -0.0622  -0.0720   0.0730   0.0191  -0.0803   0.0988  -0.1658   0.2398  -0.3174
 SE   0.0684   0.0834   0.0835   0.0850   0.0852   0.0855   0.0858   0.0858   0.0862   0.0867   0.0882   0.0912
      0.1261  -0.0064  -0.0774   0.0958  -0.0442  -0.0282   0.0422   0.0283  -0.1412   0.0756   0.0189  -0.1287
 SE   0.0962   0.0970   0.0970   0.0973   0.0977   0.0978   0.0978   0.0979   0.0980   0.0989   0.0992   0.0992
      0.0841   0.0020   0.0445  -0.1070   0.0940  -0.0120  -0.0450   0.0512   0.0570  -0.0104  -0.0144   0.0765
 SE   0.1000   0.1003   0.1003   0.1004   0.1009   0.1013   0.1013   0.1014   0.1015   0.1017   0.1017   0.1017


 PARTIAL AUTOCORRELATIONS
 ---------------------
     -0.4940  -0.2595   0.0942   0.1324  -0.0351  -0.0456   0.0380  -0.0139   0.0591  -0.1683   0.1471  -0.2065
 SE   0.0684   0.0684   0.0684   0.0684   0.0684   0.0684   0.0684   0.0684   0.0684   0.0684   0.0684   0.0684
     -0.1212  -0.0968  -0.0419   0.1112   0.0156  -0.0627   0.0209   0.0261  -0.0533  -0.1931   0.0378  -0.1539
 SE   0.0684   0.0684   0.0684   0.0684   0.0684   0.0684   0.0684   0.0684   0.0684   0.0684   0.0684   0.0684
     -0.0745  -0.0330   0.1267   0.0247  -0.0043  -0.0204   0.0024   0.0253   0.0833   0.0050   0.0685  -0.0424
 SE   0.0684   0.0684   0.0684   0.0684   0.0684   0.0684   0.0684   0.0684   0.0684   0.0684   0.0684   0.0684
  
 ARIMA MODEL ESTIMATION 
  
 METHOD OF ESTIMATION: EXACT MAXIMUM LIKELIHOOD           
  
 PARAMETER      ESTIMATE           STD ERROR      T RATIO   LAG  
  
 TH1         -0.49065           0.60824E-01       -8.07      1
 BTH         -0.58216           0.56755E-01      -10.26     12
  
 
 REGULAR MA INVERSE ROOTS ARE 
 NO.     REAL P.     IMAG.P.     MODULUS    ARGUMENT      PERIOD
  1      0.49065       0.0000      0.49065       0.0000            -  
 
 SEASONAL MA INVERSE ROOTS ARE 
 NO.     REAL P.     IMAG.P.     MODULUS    ARGUMENT      PERIOD
  1      0.58216       0.0000      0.58216       0.0000            -  
  
 CORRELATIONS OF THE ESTIMATES 
  
  1.000   -0.202
 -0.202    1.000
  
 AIC 
    -979.752
  
 BIC 
     -7.2834
  
 FINAL VALUE OF OBJECTIVE FUNCTION: 
               0.11723    
  
 RADETN:    1.01232321740168     
 ITERATIONS:            2
  
  NUMBER OF FUNCTION EVALUATIONS:            8
  

 ESTIMATES OF REGRESSION PARAMETERS 
 CONCENTRATED OUT OF THE LIKELIHOOD 

 PARAMETER           VALUE          ST. ERROR     T VALUE
 OUT 1 ( 50)        -0.85597E-01    (     0.01855)   -4.62   LS    ( 2 2009)
 OUT 2 ( 86)         0.86722E-01    (     0.01823)    4.76   AO    ( 2 2012)
 OUT 3 ( 99)         0.77240E-01    (     0.01821)    4.24   AO    ( 3 2013)
 OUT 4 ( 36)        -0.62793E-01    (     0.01848)   -3.40   AO    (12 2007)
 OUT 5 ( 61)         0.94323E-01    (     0.01854)    5.09   LS    ( 1 2010)
 OUT 6 (131)        -0.51292E-01    (     0.01818)   -2.82   AO    (11 2015)
 OUT 7 (183)         0.18096        (     0.01888)    9.59   AO    ( 3 2020)
 OUT 8 (184)         0.33167        (     0.01888)   17.57   AO    ( 4 2020)

 VAR-CORRELATION MATRIX OF ESTIMATORS 

   0.344E-03
   0.397E-01   0.332E-03
   0.936E-02  -0.525E-01   0.332E-03
  -0.637E-01  -0.100E-01  -0.237E-02   0.342E-03
   0.110E+00   0.346E-01   0.815E-02  -0.731E-01   0.344E-03
  -0.144E-02  -0.262E-02  -0.226E-02  -0.957E-03  -0.364E-02   0.331E-03
   0.331E-03  -0.185E-02   0.817E-02  -0.821E-04   0.292E-03  -0.156E-02   0.356E-03
   0.169E-03  -0.943E-03   0.530E-04  -0.419E-04   0.149E-03  -0.108E-02   0.255E+00   0.356E-03


 VARIANCES ARE IN THE MAIN DIAGONAL; 
 OFF-DIAGONAL ELEMENTS ARE CORRELATIONS. 



ACF DIFFERENCED SERIES




 AUTOCORRELATIONS
 ----------------
     -0.5175   0.0787   0.1255  -0.0514  -0.0788   0.0561   0.0435  -0.0772   0.1009  -0.1545   0.2557  -0.3391
 SE   0.0684   0.0847   0.0851   0.0859   0.0861   0.0864   0.0866   0.0867   0.0870   0.0875   0.0888   0.0922
      0.1439  -0.0290  -0.0542   0.0914  -0.0438  -0.0049   0.0101   0.0447  -0.1473   0.0540   0.0254  -0.1130
 SE   0.0978   0.0988   0.0989   0.0990   0.0994   0.0995   0.0995   0.0995   0.0996   0.1006   0.1007   0.1008
      0.0892  -0.0193   0.0659  -0.1238   0.0897  -0.0321  -0.0158   0.0201   0.0758   0.0030  -0.0369   0.0906
 SE   0.1013   0.1017   0.1017   0.1019   0.1026   0.1030   0.1030   0.1031   0.1031   0.1033   0.1033   0.1034
  
  
  NUMBER OF WHITE NOISE RESIDUALS          206
  
 WHITE NOISE RESIDUALS
  
    X  10.0D-1


 YEAR        JAN       FEB       MAR       APR       MAY       JUN       JUL       AUG       SEP       OCT       NOV       DEC 

 2006                                                                                                -0.391     0.173    -0.147
 2007       0.240     0.062     0.117     0.082     0.062    -0.126    -0.182     0.143     0.206    -0.213     0.033    -0.070
 2008       0.190    -0.298    -0.062     0.061    -0.155    -0.044     0.064    -0.056    -0.287     0.080     0.233     0.155
 2009       0.051     0.407    -0.379     0.339    -0.092    -0.265     0.246    -0.239     0.360     0.393     0.190     0.117
 2010       0.144     0.354    -0.009     0.051     0.355     0.159    -0.124    -0.024     0.033    -0.091    -0.172    -0.425
 2011       0.345     0.080     0.589    -0.364     0.251    -0.154    -0.018    -0.174     0.265    -0.006    -0.212     0.575
 2012       0.286     0.130     0.005     0.242    -0.060     0.279     0.115    -0.136     0.255    -0.080     0.087    -0.056
 2013       0.108     0.169    -0.020     0.122    -0.121    -0.402    -0.036    -0.263    -0.269     0.292     0.207    -0.376
 2014       0.461     0.084    -0.227     0.048     0.120    -0.123     0.054    -0.465     0.065     0.088     0.073    -0.087
 2015      -0.074    -0.083     0.297    -0.058    -0.010     0.124    -0.176    -0.039    -0.141    -0.025    -0.231    -0.278
 2016      -0.105    -0.286     0.105    -0.188    -0.059     0.046    -0.166     0.003    -0.000    -0.177    -0.236     0.117
 2017      -0.054    -0.333     0.003    -0.040     0.024    -0.019    -0.199     0.042     0.107    -0.282     0.109     0.341
 2018      -0.548     0.046     0.312    -0.065    -0.252    -0.143    -0.185    -0.167    -0.112     0.375    -0.110    -0.383
 2019      -0.667    -0.214    -0.564     0.024     0.164    -0.354     0.206    -0.266     0.070     0.354     0.316    -0.024
 2020      -0.083     0.018    -0.060    -0.022     0.096    -0.072    -0.013    -0.298     0.304     0.141     0.042     0.634
 2021       0.064    -0.061    -0.081     0.184    -0.082     0.392     0.017     0.079     0.148    -0.387    -0.011    -0.313
 2022       0.198    -0.090    -0.077    -0.010     0.325     0.030    -0.092    -0.009    -0.310    -0.365    -0.421     0.248
 2023      -0.641    -0.312     0.243    -0.309     0.052     0.284    -0.317     0.302     0.250    -0.442     0.259
 
 
  STABILITY TEST
 
 
     1. FULL PERIOD
                  FIRST HALF                    SECOND HALF
           Mean(t)          Variance      Mean(t)          Variance
       0.31E-02(  1.4    )  0.49E-03 -0.46E-02( -2.0    )  0.56E-03
 
      Mean assumed equal to 0
      VR(variance ratio)=  1.1    
 
      MEAN STABILITY IS NOT REJECTED.
      VARIANCE STABILITY IS NOT REJECTED.


 
     2. LAST 10 YEARS
                  FIRST HALF                    SECOND HALF
           Mean(t)          Variance      Mean(t)          Variance
      -0.50E-02( -2.0    )  0.37E-03 -0.33E-02(-0.96    )  0.72E-03
 
      Mean assumed equal to 0
      VR(variance ratio)=  1.9    
 
      LAST 10 YEARS MEAN STABILITY IS NOT REJECTED.
      LAST 10 YEARS VARIANCE STABILITY IS NOT REJECTED.


 
  OUT-OF-SAMPLE TEST
  ------------------
      Model re-estimated on Linearized series for first 209 observations.
       18 One-Period-Ahead Forecasts computed with model fixed.
      Comparison between forecast errors (last   18 observations) and residuals (in-sample):

        Mean(Forecast Errors)
            p-value= 0.1015
            Mean of forecast errors can be assumed zero.

        Out-of-Sample MSE is :  0.9949E-03
        In-Sample MSE is :  0.4922E-03
        F( 18,196) is :  0.202E+01
            p-value(%)= 1.0284

        Mean and Variance of forecast Errors and In-Sample residuals ARE NOT significantly different.


 TEST-STATISTICS ON RESIDUALS
 ----------------------------


           MEAN=  -0.8262631E-03
        ST.DEV.=   0.1618110E-02
        OF MEAN
        T-VALUE= -0.5106

 NORMALITY TEST=  0.2402        ( CHI-SQUARE(2) )

       SKEWNESS= -0.0819          ( SE =  0.1707 )
       KURTOSIS=  3.0339          ( SE =  0.3413 )

 SUM OF SQUARES=   0.9887076E-01

  DURBIN-WATSON=  2.4075

 STANDARD ERROR=   0.2367995E-01
 OF RESID.
  MSE OF RESID.=   0.5607398E-03




 AUTOCORRELATIONS
 ----------------
     -0.0797   0.0747   0.1991  -0.0320  -0.0334   0.0848   0.0387  -0.0181   0.0593  -0.0744   0.1057   0.0331
 SE   0.0697   0.0697   0.0697   0.0697   0.0697   0.0697   0.0697   0.0697   0.0697   0.0697   0.0697   0.0697
 Q      1.33     2.50    10.87    11.08    11.32    12.86    13.19    13.26    14.02    15.23    17.69    17.93
 PV    -1.00    -1.00     0.00     0.00     0.01     0.01     0.02     0.04     0.05     0.05     0.04     0.06
      0.0431   0.0241   0.0085   0.0486  -0.0128  -0.0116   0.0205   0.0235  -0.1342  -0.0325   0.0394  -0.0653
 SE   0.0697   0.0697   0.0697   0.0697   0.0697   0.0697   0.0697   0.0697   0.0697   0.0697   0.0697   0.0697
 Q     18.34    18.47    18.49    19.02    19.06    19.09    19.19    19.31    23.48    23.73    24.09    25.09
 PV     0.07     0.10     0.14     0.16     0.21     0.26     0.32     0.37     0.22     0.25     0.29     0.29
      0.0412   0.0872   0.0010  -0.0726   0.0533   0.0148   0.0071   0.1135   0.0798   0.0251   0.0353  -0.0262
 SE   0.0697   0.0697   0.0697   0.0697   0.0697   0.0697   0.0697   0.0697   0.0697   0.0697   0.0697   0.0697
 Q     25.50    27.30    27.30    28.57    29.26    29.32    29.33    32.50    34.08    34.23    34.54    34.72
 PV     0.33     0.29     0.34     0.33     0.35     0.40     0.45     0.34     0.32     0.36     0.39     0.43

  LJUNG-BOX Q VALUE OF ORDER  24 IS     25.09 AND IF RESIDUALS ARE RANDOM IT SHOULD BE DISTRIBUTED AS CHI-SQUARE(22)
  p-value= 0.2926
  THE PIERCE QS VALUE IS      0.24 AND IF RESIDUALS ARE RANDOM IT SHOULD BE DISTRIBUTED AS CHI-SQUARE(2)

 APPROXIMATE TEST OF RUNS ON RESIDUALS
 -------------------------------------
  NUM.DATA= 206
   NUM.(+)= 103
   NUM.(-)= 103
  NUM.RUNS= 108
   T-VALUE=  0.5588


  NON-PARAMETRIC TEST FOR RESIDUAL SEASONALITY (FRIEDMAN) SEAS_NP =      5.25
    ASYMP. DISTRIBUTED AS CHI-SQUARE(11)
    p-value= 0.9183



 SQUARED RESIDUALS:
 ------------------




 AUTOCORRELATIONS
 ----------------
      0.0721   0.1209   0.1334  -0.0076  -0.0163  -0.0411   0.0183  -0.0177   0.0601   0.0451  -0.0425   0.0648
 SE   0.0697   0.0697   0.0697   0.0697   0.0697   0.0697   0.0697   0.0697   0.0697   0.0697   0.0697   0.0697
 Q      1.09     4.16     7.92     7.93     7.98     8.35     8.42     8.49     9.27     9.72    10.11    11.04
 PV    -1.00    -1.00     0.00     0.02     0.05     0.08     0.13     0.20     0.23     0.29     0.34     0.35
      0.0069   0.0044  -0.0339  -0.1371  -0.0224   0.0023  -0.0525  -0.0719   0.0307  -0.0374   0.1376  -0.0282
 SE   0.0697   0.0697   0.0697   0.0697   0.0697   0.0697   0.0697   0.0697   0.0697   0.0697   0.0697   0.0697
 Q     11.05    11.06    11.31    15.55    15.67    15.67    16.30    17.49    17.71    18.03    22.46    22.65
 PV     0.44     0.52     0.58     0.34     0.40     0.48     0.50     0.49     0.54     0.59     0.37     0.42
      0.1386  -0.0119  -0.0161  -0.0367  -0.0828  -0.0338  -0.0697  -0.0169   0.0281   0.0179   0.0408  -0.0518
 SE   0.0697   0.0697   0.0697   0.0697   0.0697   0.0697   0.0697   0.0697   0.0697   0.0697   0.0697   0.0697
 Q     27.20    27.24    27.30    27.62    29.28    29.56    30.75    30.82    31.01    31.09    31.51    32.19
 PV     0.25     0.29     0.34     0.38     0.35     0.38     0.38     0.42     0.47     0.51     0.54     0.56

  McLEOD-LI Q VALUE OF ORDER  24 IS     22.65 AND IF RESIDUALS ARE RANDOM IT SHOULD BE DISTRIBUTED AS CHI-SQUARE(24)
  p-value= 0.5405
 
 
 
SPECTRAL DIAGNOSTICS
 --------------------
 
A. SEASONAL SPECTRAL PEAKS
 
                           Frequency (cycles per year)
                     One    Two   Three  Four   Five    Six  
 Original series      -t     aT     AT     aT     AT     aT
 Linearized series    -t     AT     AT     AT     AT     aT
 Residuals            --     --     --     --     --     -t
 
 AT : peaks detected in AR(30) and using Tukey spectrum  estimator
 A- : only peaks detected in AR(30) spectrum estimator
 -T : only peaks detected using Tukey spectrum estimator
 -- : No peaks detected in AR(30) nor using Tukey spectrum estimator
 
 
 
B. STOCHASTIC SEASONALITY: SPECTRAL EVIDENCE
 
 1 :  SERIES CONTAINS SEASONALITY THAT CAN BE RELIABLY EXTRACTED.
 0 :  SEASONALITY IS NOT PRESENT IN THE SERIES OR IS TOO WEAK TO BE RELIABLY CAPTURED.
 
 ORIGINAL SERIES :   1
 LINEARIZED SERIES : 1
 RESIDUALS :         0
 
 
 
C. TRADING DAY EFFECT: SPECTRAL EVIDENCE
 
 1 :  TRADING DAY EFFECT DETECTED
 0 :  NO TRADING DAY EFFECT DETECTED
 
 LINEARIZED SERIES : 0
 RESIDUALS :         0
 
 
OVERALL TEST FOR IDENTIFIABLE SEASONALITY 
----------------------------------------- 
 
  AUTOCORRELATION FUNCTION EVIDENCE : YES
  NON-PARAMETRIC EVIDENCE           : YES
  F-TEST                            :  - 
  SPECTRAL EVIDENCE                 : YES
 
IDENTIFIABLE SEASONALITY FOUND IN SERIES
 
 
OVERALL TEST FOR RESIDUALS SEASONALITY 
----------------------------------------- 
 
  AUTOCORRELATION FUNCTION EVIDENCE : NO 
  NON-PARAMETRIC EVIDENCE           : NO 
  F-TEST                            : NO 
  SPECTRAL EVIDENCE                 : NO 
 
NO IDENTIFIABLE SEASONALITY FOUND IN RESIDUALS
 
 
ARIMA MODEL : GOOD FIT
----------------------

ALL TEST ARE PASSED
 
QUALITY ARIMA MODEL TESTS
----------------------------------------

  Mean in residuals                      :GOOD        
  Autocorrelation in residuals           :GOOD        
  Normality of residuals                 :GOOD        
  Skewness of residuals                  :GOOD        
  Kurtosis of residuals                  :GOOD        
  Randomness of residual sign            :GOOD        
  Instability of residual mean           :GOOD        
  Instability of residual variance       :GOOD        
  Seasonality in residuals               :GOOD        
  Trading day in residuals               :GOOD        
  Out-of-sample forecast errors          :GOOD        
  Number of outliers                     :GOOD        
 


 LINEAR SERIES


 YEAR        JAN       FEB       MAR       APR       MAY       JUN       JUL       AUG       SEP       OCT       NOV       DEC 

 2005      28.044    26.934    26.228    26.732    26.026    26.430    26.329    32.482    25.623    27.035    26.430    26.833
 2006      27.943    27.237    26.631    26.833    26.026    26.833    26.228    31.070    25.724    25.623    26.127    25.824
 2007      27.943    26.934    26.531    26.934    26.228    26.430    25.724    31.776    26.127    25.824    26.228    25.994
 2008      28.346    26.329    26.026    26.631    25.421    25.925    25.623    30.969    24.614    25.320    26.026    26.026
 2009      27.943    27.583    25.605    27.473    25.825    25.715    26.264    30.770    26.044    27.033    27.473    27.473
 2010      29.800    29.600    27.900    29.200    28.800    29.000    28.400    34.100    28.200    28.600    28.700    27.700
 2011      31.600    30.600    30.800    30.100    30.400    29.800    29.700    35.000    29.900    30.100    29.800    31.400
 2012      34.700    33.743    32.700    34.000    32.900    33.800    33.500    39.100    33.800    33.600    34.100    34.200
 2013      38.300    37.700    36.286    37.700    36.200    35.300    35.600    41.000    34.300    36.000    36.500    35.100
 2014      41.600    40.100    37.800    39.600    38.800    37.900    38.300    42.600    37.000    38.100    38.600    37.700
 2015      42.900    41.500    41.100    41.800    40.800    40.800    40.000    46.000    38.800    40.000    39.579    38.300
 2016      43.800    41.500    41.300    41.500    40.600    40.600    39.600    45.800    38.900    39.300    38.800    38.800
 2017      43.800    40.800    40.700    41.300    40.500    40.200    38.900    45.400    38.900    38.400    39.200    39.800
 2018      42.100    41.200    41.900    41.700    39.900    39.600    38.300    44.000    37.400    39.300    38.400    37.100
 2019      39.000    37.900    36.200    37.600    37.000    35.200    35.600    39.600    34.400    36.400    36.700    35.500
 2020      38.100    37.000    36.049    36.819    36.300    35.000    34.700    38.300    34.400    35.700    35.600    37.000
 2021      38.900    37.300    36.300    37.900    36.500    37.000    36.000    40.700    36.000    35.700    36.300    35.300
 2022      39.000    36.900    35.900    37.100    37.300    36.400    35.400    40.000    34.100    34.000    33.400    34.600
 2023      34.700    33.200    33.800    33.200    33.500    33.800    31.600    37.300    32.700    31.200    32.600


  AUTOCORRELATION FUNCTION TEST FOR SEASONALITY IN LINEARIZEDSERIES QS =   340.26  ASIMPTOTICALLY DISTRIBUTED AS CHI-SQUARE(2)
    p-value= 0.0000


  NON-PARAMETRIC TEST FOR SEASONALITY IN LINEARIZED SERIES (FRIEDMAN) SEAS_NP =    160.85
    ASYMP. DISTRIBUTED AS CHI-SQUARE(11)
    p-value= 0.0000


TOTAL OUTLIER EFFECT FACTORS


 YEAR        JAN       FEB       MAR       APR       MAY       JUN       JUL       AUG       SEP       OCT       NOV       DEC 

 2005      99.131    99.131    99.131    99.131    99.131    99.131    99.131    99.131    99.131    99.131    99.131    99.131
 2006      99.131    99.131    99.131    99.131    99.131    99.131    99.131    99.131    99.131    99.131    99.131    99.131
 2007      99.131    99.131    99.131    99.131    99.131    99.131    99.131    99.131    99.131    99.131    99.131    93.098
 2008      99.131    99.131    99.131    99.131    99.131    99.131    99.131    99.131    99.131    99.131    99.131    99.131
 2009      99.131    90.999    90.999    90.999    90.999    90.999    90.999    90.999    90.999    90.999    90.999    90.999
 2010     100.000   100.000   100.000   100.000   100.000   100.000   100.000   100.000   100.000   100.000   100.000   100.000
 2011     100.000   100.000   100.000   100.000   100.000   100.000   100.000   100.000   100.000   100.000   100.000   100.000
 2012     100.000   109.059   100.000   100.000   100.000   100.000   100.000   100.000   100.000   100.000   100.000   100.000
 2013     100.000   100.000   108.030   100.000   100.000   100.000   100.000   100.000   100.000   100.000   100.000   100.000
 2014     100.000   100.000   100.000   100.000   100.000   100.000   100.000   100.000   100.000   100.000   100.000   100.000
 2015     100.000   100.000   100.000   100.000   100.000   100.000   100.000   100.000   100.000   100.000    95.000   100.000
 2016     100.000   100.000   100.000   100.000   100.000   100.000   100.000   100.000   100.000   100.000   100.000   100.000
 2017     100.000   100.000   100.000   100.000   100.000   100.000   100.000   100.000   100.000   100.000   100.000   100.000
 2018     100.000   100.000   100.000   100.000   100.000   100.000   100.000   100.000   100.000   100.000   100.000   100.000
 2019     100.000   100.000   100.000   100.000   100.000   100.000   100.000   100.000   100.000   100.000   100.000   100.000
 2020     100.000   100.000   119.837   139.329   100.000   100.000   100.000   100.000   100.000   100.000   100.000   100.000
 2021     100.000   100.000   100.000   100.000   100.000   100.000   100.000   100.000   100.000   100.000   100.000   100.000
 2022     100.000   100.000   100.000   100.000   100.000   100.000   100.000   100.000   100.000   100.000   100.000   100.000
 2023     100.000   100.000   100.000   100.000   100.000   100.000   100.000   100.000   100.000   100.000   100.000
 
 
 
 FORECAST FUNCTION OF ORIGINAL SERIES: 
  
ORIGIN: 227 PERIODS AHEAD: 24
  
 OBS    DATE         FORECAST          STD ERROR        FORECAST          STD ERROR   
                        (SERIES IN LOGS)                     (SERIES IN LEVELS)       
 228  Dec-2023       3.48046          0.220152E-01       32.4746          0.715021    
 229  Jan-2024       3.52777          0.247064E-01       34.0478          0.841329    
 230  Feb-2024       3.48343          0.271321E-01       32.5713          0.883890    
 231  Mar-2024       3.47603          0.293988E-01       32.3312          0.950705    
 232  Apr-2024       3.48675          0.314645E-01       32.6795           1.02850    
 233  May-2024       3.48245          0.333672E-01       32.5393           1.08605    
 234  Jun-2024       3.47633          0.352009E-01       32.3408           1.13878    
 235  Jul-2024       3.43560          0.369438E-01       31.0501           1.14750    
 236  Aug-2024       3.57481          0.386081E-01       35.6879           1.37835    
 237  Sep-2024       3.43726          0.402035E-01       31.1016           1.25090    
 238  Oct-2024       3.42315          0.417381E-01       30.6658           1.28049    
 239  Nov-2024       3.43928          0.432180E-01       31.1644           1.34749    
 240  Dec-2024       3.44286          0.477961E-01       31.2762           1.49573    
 241  Jan-2025       3.49017          0.503710E-01       32.7914           1.65278    
 242  Feb-2025       3.44583          0.528205E-01       31.3694           1.65810    
 243  Mar-2025       3.43843          0.551830E-01       31.1381           1.71960    
 244  Apr-2025       3.44915          0.574275E-01       31.4736           1.80894    
 245  May-2025       3.44485          0.595677E-01       31.3386           1.86842    
 246  Jun-2025       3.43873          0.616529E-01       31.1474           1.92215    
 247  Jul-2025       3.39800          0.636698E-01       29.9043           1.90593    
 248  Aug-2025       3.53721          0.656248E-01       34.3709           2.25802    
 249  Sep-2025       3.39966          0.675232E-01       29.9539           2.02489    
 250  Oct-2025       3.38555          0.693697E-01       29.5342           2.05124    
 251  Nov-2025       3.40168          0.711682E-01       30.0144           2.13878    
