
                                        PROGRAM TRAMO+

             (based on program TRAMO, Victor Gomez and Agustin Maravall©,1996)

         Developed at the Bank of Spain by Gianluca Caporello and Agustin Maravall,
         with programming support from Domingo Pérez Cañete and Roberto López Pavón.

                 VERSION: 1.0 (Revision: 942  Build: 2017/09/25 09:39:13)


 SERIES TITLE=DIVID26                                                                         

 INPUT PARAMETERS
   lam= 0   imean= 0   ireg= 5   seats= 2   tabtablet='xo,xi,xl,re,me,td,ee,to,ls,reg'   int2=227   rsa= 0   modelsumm= 1   va=   3.742
 
  WARNING :
    Remember to define the regression variable name in the first line of the external regression file.
   Name : NOT DEFINED.
   Reglist01
    Iuser=-1   Nser= 1   Ilong= 312
 
   Name : NOT DEFINED.
   Reglist02
    Iuser= 2   Nser= 4   Ilong=   0
 
   Fixed Outliers:
   #Observ. Type
       3     AO
     108     AO
     130     AO
     184     TC
 

 NUMBER OF OBSERVATIONS: 227


 ORIGINAL SERIES 

 YEAR        JAN       FEB       MAR       APR       MAY       JUN       JUL       AUG       SEP       OCT       NOV       DEC 

 2005      90.400   102.100   107.400   105.200   108.400   147.000    99.300    60.500   141.400   118.100   122.700   204.300
 2006      74.300    92.100   131.500    87.500   105.200   148.100    98.500    53.600   141.900   104.500   119.400   185.300
 2007      71.700    95.600   132.900    85.900   104.600   143.800   103.500    61.100   141.300   120.500   125.700   198.400
 2008      79.400   104.900   122.800   101.500   101.500   132.200   118.800    56.600   130.800   120.300   106.900   186.000
 2009      71.600    90.000   114.000    86.100    94.400   142.000    94.000    47.900   131.200   109.100   120.300   205.700
 2010      72.800    87.900   125.300   101.800   111.300   155.300   111.600    67.000   157.900   117.500   147.500   205.700
 2011      81.500   103.000   132.200   101.900   101.200   142.400   103.200    62.000   127.200   112.200   116.000   173.100
 2012      68.000    83.700   111.300    87.100   105.200   146.500   107.300    47.700   105.100    96.700   102.800   181.400
 2013      67.800    85.300   102.800    79.800    89.400   123.300    92.200    46.700   122.500   110.800    94.400   204.300
 2014      67.100    82.800   107.300    79.800    90.600   121.900    92.400    44.900   110.000    97.800   105.100   148.500
 2015      69.300    84.200   102.000    94.500    97.000   129.200    95.200    48.300   104.700   117.800   105.300   152.700
 2016      66.400    85.900    99.900    81.200    93.700   111.200    82.400    49.800   104.300    93.900   111.000   142.200
 2017      69.200    86.300   107.500    78.900   106.500   122.200    95.800    57.400   112.100    97.900   117.700   170.200
 2018      78.100    84.100   114.200    80.500    99.700   134.000   103.500    58.700   105.500   106.700   117.900   168.900
 2019      78.700    83.800   104.300    85.600   121.000   115.100    96.800    50.600   117.000   104.900   119.900   148.900
 2020      74.800    86.700    88.300    59.200    74.600    98.600   101.000    54.900   102.000   110.500   119.800   167.100
 2021      71.700    84.400   114.100   103.100    99.500   118.600   106.100    65.000   116.300   127.400   131.700   149.300
 2022      80.500    97.300   128.400   102.900   116.500   135.600   115.000    70.300   140.900   113.500   134.200   162.600
 2023      98.000   112.100   146.900    99.500   131.500   150.900   113.300    75.900   136.200   142.600   149.300


 MODEL PARAMETERS            
 ----------------
  MQ= 12         IMEAN=  0      LAM=  0      D=  1       BD=  1
  P=  0          BP=  0         Q=  1        BQ=  1      IREG=  5
  ITRAD=  0      SMPDAY=  0     IEAST=  0      IDUR=  6     M= 36       IQM= 24
  INCON=  0      NBACK=  0      NPRED= 24    INTERP=  2  INIT=  0
  IFILT=  2      IROOT=  2    INIC=  0    ICONCE=  1
  ICDET=  1      IATIP=  0      IMVX=  0     IDIF=  0    PG=  0
  AIO=  2        INT1=  1       INT2= 227    RSA=  0     SEATS=  2
  VA= 3.74       TOL=  0.100E-03             PC=  0.120E+00
  NOADMISS= 1    STOCHTD 0    BIAS= 1
  THLIM=  0.000  BTHLIM=  0.000   RMOD=  0.500



TH =        -0.10

BTH =        -0.10

WARNING: When adjusting for degrees of freedom in
 order to compute white-noise residuals, the Housholder
 transformation contains an element of arbitrariness 
 that, when multiple regressors are entered, may produce
 a slight variation in results when the order in which
 regressors are entered changes



NUMBER OF INITIAL OBS. =  13

Log-Level pretest : LOGS are Selected
 DIFFERENCED TRANSFORMED SERIES

 YEAR        JAN       FEB       MAR       APR       MAY       JUN       JUL       AUG       SEP       OCT       NOV       DEC 

 2006                 0.093     0.306    -0.387     0.154     0.037    -0.016    -0.113     0.125    -0.126     0.095    -0.070
 2007       0.062     0.073    -0.027    -0.029     0.013    -0.024     0.079     0.081    -0.135     0.147    -0.091     0.017
 2008       0.034    -0.009    -0.172     0.246    -0.197    -0.054     0.222    -0.214    -0.001     0.076    -0.160     0.097
 2009      -0.039    -0.050     0.079    -0.090     0.092     0.144    -0.306     0.067     0.170    -0.101     0.216    -0.017
 2010      -0.084    -0.040     0.118     0.073    -0.003    -0.075     0.082     0.164    -0.150    -0.111     0.130    -0.204
 2011       0.113     0.046    -0.105    -0.053    -0.096     0.008     0.008     0.001    -0.139     0.170    -0.194     0.068
 2012      -0.009    -0.026     0.035     0.015     0.196    -0.010     0.011    -0.301     0.071     0.042     0.028     0.168
 2013      -0.050     0.022    -0.098    -0.008    -0.075    -0.010     0.021     0.130     0.174    -0.017    -0.221     0.204
 2014      -0.129    -0.019     0.073    -0.043     0.013    -0.025     0.014    -0.041    -0.068    -0.017     0.232    -0.426
 2015       0.351    -0.015    -0.067     0.220    -0.101    -0.010    -0.028     0.043    -0.122     0.235    -0.184     0.026
 2016      -0.071     0.063    -0.041    -0.131     0.117    -0.115     0.006     0.175    -0.034    -0.223     0.279    -0.124
 2017       0.113    -0.037     0.069    -0.102     0.157    -0.034     0.056    -0.009    -0.070    -0.030     0.017     0.121
 2018      -0.059    -0.147     0.086    -0.040    -0.086     0.158    -0.015    -0.055    -0.083     0.147    -0.084    -0.009
 2019       0.015    -0.011    -0.087     0.152     0.132    -0.346     0.085    -0.082     0.252    -0.120     0.034    -0.143
 2020       0.075     0.085    -0.201    -0.202    -0.115     0.329     0.197     0.039    -0.219     0.189    -0.053     0.116
 2021      -0.158     0.015     0.283     0.298    -0.267    -0.103    -0.135     0.120    -0.038     0.011    -0.048    -0.207
 2022       0.228     0.026    -0.024    -0.120     0.160    -0.024    -0.053    -0.002     0.113    -0.307     0.134     0.067
 2023       0.111    -0.055    -0.007    -0.168     0.155    -0.014    -0.122     0.092    -0.111     0.262    -0.122




 AUTOCORRELATIONS
 ----------------
     -0.3775  -0.0958   0.0248  -0.0873   0.0318   0.0973  -0.0695   0.0028   0.0711  -0.0305   0.2002  -0.3762
 SE   0.0684   0.0775   0.0780   0.0781   0.0785   0.0786   0.0792   0.0794   0.0794   0.0797   0.0798   0.0821
      0.0169   0.0820   0.0782  -0.0220   0.0658  -0.1465  -0.0066   0.0264  -0.0193   0.0453   0.0625  -0.1537
 SE   0.0898   0.0898   0.0902   0.0905   0.0905   0.0907   0.0918   0.0918   0.0919   0.0919   0.0920   0.0922
      0.1345  -0.0085  -0.1357   0.0815  -0.0633   0.0583   0.1183  -0.0655  -0.0771   0.0196  -0.0716   0.1182
 SE   0.0934   0.0943   0.0943   0.0952   0.0955   0.0957   0.0959   0.0966   0.0968   0.0971   0.0971   0.0973


 PARTIAL AUTOCORRELATIONS
 ---------------------
     -0.3775  -0.2780  -0.1597  -0.2185  -0.1571  -0.0076  -0.0517  -0.0381   0.0673   0.0693   0.3471  -0.1503
 SE   0.0684   0.0684   0.0684   0.0684   0.0684   0.0684   0.0684   0.0684   0.0684   0.0684   0.0684   0.0684
     -0.1925  -0.1834  -0.0261  -0.0906   0.0143  -0.0593  -0.0739  -0.1227  -0.0677  -0.0071   0.2894  -0.1236
 SE   0.0684   0.0684   0.0684   0.0684   0.0684   0.0684   0.0684   0.0684   0.0684   0.0684   0.0684   0.0684
     -0.0315  -0.0801  -0.0691  -0.0746  -0.0628  -0.0492   0.0859  -0.0482  -0.0641  -0.0714   0.1101  -0.0366
 SE   0.0684   0.0684   0.0684   0.0684   0.0684   0.0684   0.0684   0.0684   0.0684   0.0684   0.0684   0.0684
  
 ARIMA MODEL ESTIMATION 
  
 METHOD OF ESTIMATION: EXACT MAXIMUM LIKELIHOOD           
  
 PARAMETER      ESTIMATE           STD ERROR      T RATIO   LAG  
  
 TH1         -0.72439           0.48706E-01      -14.87      1
 BTH         -0.68100           0.51736E-01      -13.16     12
  
 
 REGULAR MA INVERSE ROOTS ARE 
 NO.     REAL P.     IMAG.P.     MODULUS    ARGUMENT      PERIOD
  1      0.72439       0.0000      0.72439       0.0000            -  
 
 SEASONAL MA INVERSE ROOTS ARE 
 NO.     REAL P.     IMAG.P.     MODULUS    ARGUMENT      PERIOD
  1      0.68100       0.0000      0.68100       0.0000            -  
  
 CORRELATIONS OF THE ESTIMATES 
  
  1.000   -0.253
 -0.253    1.000
  
 AIC 
    -469.313
  
 BIC 
     -4.9594
  
 FINAL VALUE OF OBJECTIVE FUNCTION: 
                1.3095    
  
 RADETN:    1.01946386468630     
 ITERATIONS:            4
  
  NUMBER OF FUNCTION EVALUATIONS:           14
  

 ESTIMATES OF REGRESSION PARAMETERS 
 CONCENTRATED OUT OF THE LIKELIHOOD 

 PARAMETER           VALUE          ST. ERROR     T VALUE
 REG      1          0.24819E-01    (     0.00516)    4.81
 OUT 1 (  3)        -0.25211        (     0.07386)   -3.41   AO    ( 3 2005)
 OUT 2 (108)         0.24970        (     0.06640)    3.76   AO    (12 2013)
 OUT 3 (130)         0.19326        (     0.06642)    2.91   AO    (10 2015)
 OUT 4 (184)        -0.37921        (     0.06075)   -6.24   TC    ( 4 2020)

 VAR-CORRELATION MATRIX OF ESTIMATORS 

   0.266E-04
  -0.213E-02   0.545E-02
  -0.111E-01  -0.234E-03   0.441E-02
   0.304E-01  -0.291E-03  -0.124E-01   0.441E-02
  -0.424E-01  -0.369E-03  -0.296E-02  -0.597E-02   0.369E-02


 VARIANCES ARE IN THE MAIN DIAGONAL; 
 OFF-DIAGONAL ELEMENTS ARE CORRELATIONS. 



ACF DIFFERENCED SERIES




 AUTOCORRELATIONS
 ----------------
     -0.3992  -0.0798   0.0394  -0.0938   0.0228   0.1032  -0.0682   0.0133   0.0578  -0.0563   0.2292  -0.3702
 SE   0.0684   0.0785   0.0789   0.0790   0.0795   0.0795   0.0801   0.0804   0.0804   0.0806   0.0808   0.0838
      0.0175   0.0698   0.0710  -0.0092   0.0598  -0.1385   0.0018   0.0021  -0.0137   0.0640   0.0470  -0.1571
 SE   0.0911   0.0911   0.0914   0.0916   0.0916   0.0918   0.0928   0.0928   0.0928   0.0928   0.0930   0.0931
      0.1442  -0.0054  -0.1460   0.0920  -0.0526   0.0330   0.1114  -0.0483  -0.0777   0.0279  -0.0723   0.1110
 SE   0.0943   0.0954   0.0954   0.0964   0.0968   0.0970   0.0970   0.0976   0.0977   0.0980   0.0980   0.0983
  
  
  NUMBER OF WHITE NOISE RESIDUALS          209
  
 WHITE NOISE RESIDUALS
  

 YEAR        JAN       FEB       MAR       APR       MAY       JUN       JUL       AUG       SEP       OCT       NOV       DEC 

 2006                                                                   0.049    -0.058     0.082    -0.086     0.037     0.010
 2007      -0.046     0.108     0.085    -0.039     0.052     0.032     0.067     0.098     0.033     0.038     0.018    -0.003
 2008       0.013     0.063    -0.043     0.050    -0.033    -0.080     0.137    -0.006    -0.125     0.040    -0.109    -0.042
 2009       0.013    -0.028    -0.074    -0.040     0.041     0.086    -0.088    -0.090     0.048     0.045     0.107     0.084
 2010       0.056    -0.049     0.021     0.121     0.107     0.065     0.053     0.134     0.048    -0.044     0.122    -0.135
 2011       0.011     0.018    -0.028    -0.002    -0.133    -0.072    -0.015     0.030    -0.150     0.008    -0.084    -0.094
 2012      -0.078    -0.076    -0.023     0.036     0.107     0.084     0.072    -0.196    -0.138    -0.078    -0.040     0.141
 2013      -0.004     0.055    -0.036    -0.048    -0.030    -0.002    -0.023    -0.006     0.124     0.112    -0.104    -0.055
 2014       0.058     0.037     0.048    -0.023     0.025    -0.018    -0.014    -0.019    -0.045    -0.010     0.099    -0.091
 2015       0.127     0.049    -0.043     0.149     0.085    -0.023    -0.021    -0.003    -0.121    -0.005     0.028    -0.064
 2016       0.064     0.030    -0.048    -0.018     0.014    -0.113    -0.029     0.087    -0.027     0.032     0.106    -0.080
 2017       0.055     0.067     0.020    -0.002     0.124    -0.028     0.072     0.118    -0.021    -0.061     0.054     0.103
 2018       0.019    -0.090     0.027    -0.082    -0.035     0.053     0.061     0.059    -0.088     0.002     0.009     0.016
 2019       0.014    -0.072    -0.052    -0.004     0.171    -0.144    -0.053    -0.061     0.069    -0.000     0.063    -0.140
 2020       0.025     0.022    -0.209     0.048    -0.001    -0.008     0.195     0.126    -0.102     0.111     0.008    -0.014
 2021      -0.014    -0.046     0.068     0.128    -0.112    -0.086     0.019     0.112    -0.037     0.154     0.003    -0.234
 2022       0.063     0.077     0.104     0.060    -0.008    -0.007     0.022     0.057     0.075    -0.130    -0.030    -0.070
 2023       0.151     0.097     0.099    -0.103     0.034     0.010    -0.099     0.054    -0.027     0.074    -0.004
 
 
  STABILITY TEST
 
 
     1. FULL PERIOD
                  FIRST HALF                    SECOND HALF
           Mean(t)          Variance      Mean(t)          Variance
       0.43E-02( 0.60    )  0.54E-02  0.86E-02(  1.1    )  0.64E-02
 
      Mean assumed equal to 0
      VR(variance ratio)=  1.2    
 
      MEAN STABILITY IS NOT REJECTED.
      VARIANCE STABILITY IS NOT REJECTED.


 
     2. LAST 10 YEARS
                  FIRST HALF                    SECOND HALF
           Mean(t)          Variance      Mean(t)          Variance
       0.10E-01(  1.2    )  0.41E-02  0.77E-02( 0.68    )  0.79E-02
 
      Mean assumed equal to 0
      VR(variance ratio)=  1.9    
 
      LAST 10 YEARS MEAN STABILITY IS NOT REJECTED.
      LAST 10 YEARS VARIANCE STABILITY IS NOT REJECTED.


 
  OUT-OF-SAMPLE TEST
  ------------------
      Model re-estimated on Linearized series for first 209 observations.
       18 One-Period-Ahead Forecasts computed with model fixed.
      Comparison between forecast errors (last   18 observations) and residuals (in-sample):

        Mean(Forecast Errors)
            p-value= 0.5745
            Mean of forecast errors can be assumed zero.

        Out-of-Sample MSE is :  0.5399E-02
        In-Sample MSE is :  0.5942E-02
        F( 18,196) is :  0.909E+00
            p-value(%)=56.8841

        Mean and Variance of forecast Errors and In-Sample residuals ARE NOT significantly different.


 TEST-STATISTICS ON RESIDUALS
 ----------------------------


           MEAN=   0.6468375E-02
        ST.DEV.=   0.5316986E-02
        OF MEAN
        T-VALUE=  1.2165

 NORMALITY TEST=   2.165        ( CHI-SQUARE(2) )

       SKEWNESS= -0.2440          ( SE =  0.1694 )
       KURTOSIS=  2.8973          ( SE =  0.3389 )

 SUM OF SQUARES=    1.189179    

  DURBIN-WATSON=  2.0766

 STANDARD ERROR=   0.7801750E-01
 OF RESID.
  MSE OF RESID.=   0.6086731E-02




 AUTOCORRELATIONS
 ----------------
      0.0062  -0.0791   0.0689  -0.1100   0.0286   0.2045   0.0050  -0.0341   0.1260  -0.0320   0.0218  -0.0447
 SE   0.0692   0.0692   0.0692   0.0692   0.0692   0.0692   0.0692   0.0692   0.0692   0.0692   0.0692   0.0692
 Q      0.01     1.34     2.36     4.96     5.14    14.22    14.23    14.48    17.98    18.21    18.31    18.76
 PV    -1.00    -1.00     0.12     0.08     0.16     0.01     0.01     0.02     0.01     0.02     0.03     0.04
     -0.1840  -0.0615   0.0907  -0.0328  -0.0656  -0.0783  -0.0889  -0.1075   0.0374   0.0533   0.0216  -0.0779
 SE   0.0692   0.0692   0.0692   0.0692   0.0692   0.0692   0.0692   0.0692   0.0692   0.0692   0.0692   0.0692
 Q     26.38    27.23    29.10    29.35    30.34    31.75    33.59    36.29    36.62    37.29    37.40    38.84
 PV     0.01     0.01     0.01     0.01     0.01     0.01     0.01     0.01     0.01     0.01     0.02     0.01
      0.0068  -0.0568  -0.0412   0.0089  -0.0596   0.1214   0.0843  -0.0149  -0.0003  -0.0018  -0.0120   0.0818
 SE   0.0692   0.0692   0.0692   0.0692   0.0692   0.0692   0.0692   0.0692   0.0692   0.0692   0.0692   0.0692
 Q     38.85    39.63    40.04    40.06    40.93    44.57    46.33    46.38    46.38    46.38    46.42    48.13
 PV     0.02     0.02     0.03     0.04     0.04     0.02     0.02     0.03     0.04     0.05     0.06     0.05

  LJUNG-BOX Q VALUE OF ORDER  24 IS     38.84 AND IF RESIDUALS ARE RANDOM IT SHOULD BE DISTRIBUTED AS CHI-SQUARE(22)
  p-value= 0.0147

  Given that the lag-12 autocorrelation is <0, the statistics Qs is not associated with
   the presence of residual seasonality. Thus Qs is set =0.

 APPROXIMATE TEST OF RUNS ON RESIDUALS
 -------------------------------------
  NUM.DATA= 209
   NUM.(+)= 105
   NUM.(-)= 104
  NUM.RUNS= 106
   T-VALUE=  0.1387


  NON-PARAMETRIC TEST FOR RESIDUAL SEASONALITY (FRIEDMAN) SEAS_NP =     17.51
    ASYMP. DISTRIBUTED AS CHI-SQUARE(11)
    p-value= 0.0938



 SQUARED RESIDUALS:
 ------------------




 AUTOCORRELATIONS
 ----------------
      0.0044   0.0020   0.0470   0.1148  -0.1066  -0.0422  -0.0123  -0.0661   0.0535   0.0276  -0.0880  -0.0402
 SE   0.0692   0.0692   0.0692   0.0692   0.0692   0.0692   0.0692   0.0692   0.0692   0.0692   0.0692   0.0692
 Q      0.00     0.00     0.48     3.31     5.77     6.15     6.19     7.15     7.78     7.95     9.67    10.03
 PV    -1.00    -1.00     0.49     0.19     0.12     0.19     0.29     0.31     0.35     0.44     0.38     0.44
      0.1631   0.1220   0.1236   0.0320   0.1514  -0.1030  -0.0167  -0.0994   0.1097  -0.0355  -0.0961   0.0980
 SE   0.0692   0.0692   0.0692   0.0692   0.0692   0.0692   0.0692   0.0692   0.0692   0.0692   0.0692   0.0692
 Q     16.02    19.38    22.85    23.09    28.35    30.80    30.87    33.17    36.00    36.29    38.48    40.77
 PV     0.14     0.08     0.04     0.06     0.02     0.01     0.02     0.02     0.01     0.01     0.01     0.01
      0.0211  -0.1217   0.0439   0.0541   0.0111   0.0405   0.1279  -0.0188  -0.0186   0.0539  -0.0781  -0.0395
 SE   0.0692   0.0692   0.0692   0.0692   0.0692   0.0692   0.0692   0.0692   0.0692   0.0692   0.0692   0.0692
 Q     40.88    44.45    44.92    45.63    45.66    46.07    50.12    50.21    50.29    51.03    52.57    52.97
 PV     0.01     0.01     0.01     0.01     0.01     0.02     0.01     0.01     0.02     0.02     0.02     0.02

  McLEOD-LI Q VALUE OF ORDER  24 IS     40.77 AND IF RESIDUALS ARE RANDOM IT SHOULD BE DISTRIBUTED AS CHI-SQUARE(24)
  p-value= 0.0176
 
 
 
SPECTRAL DIAGNOSTICS
 --------------------
 
A. SEASONAL SPECTRAL PEAKS
 
                           Frequency (cycles per year)
                     One    Two   Three  Four   Five    Six  
 Original series      AT     AT     aT     AT     AT     -t
 Linearized series    AT     AT     aT     AT     AT     -T
 Residuals            --     --     --     at     --     --
 
 AT : peaks detected in AR(30) and using Tukey spectrum  estimator
 A- : only peaks detected in AR(30) spectrum estimator
 -T : only peaks detected using Tukey spectrum estimator
 -- : No peaks detected in AR(30) nor using Tukey spectrum estimator
 
 
 
B. STOCHASTIC SEASONALITY: SPECTRAL EVIDENCE
 
 1 :  SERIES CONTAINS SEASONALITY THAT CAN BE RELIABLY EXTRACTED.
 0 :  SEASONALITY IS NOT PRESENT IN THE SERIES OR IS TOO WEAK TO BE RELIABLY CAPTURED.
 
 ORIGINAL SERIES :   1
 LINEARIZED SERIES : 1
 RESIDUALS :         0
 
 
 
C. TRADING DAY EFFECT: SPECTRAL EVIDENCE
 
 1 :  TRADING DAY EFFECT DETECTED
 0 :  NO TRADING DAY EFFECT DETECTED
 
 LINEARIZED SERIES : 0
 RESIDUALS :         0
 
 
OVERALL TEST FOR IDENTIFIABLE SEASONALITY 
----------------------------------------- 
 
  AUTOCORRELATION FUNCTION EVIDENCE : YES
  NON-PARAMETRIC EVIDENCE           : YES
  F-TEST                            :  - 
  SPECTRAL EVIDENCE                 : YES
 
IDENTIFIABLE SEASONALITY FOUND IN SERIES
 
 
OVERALL TEST FOR RESIDUALS SEASONALITY 
----------------------------------------- 
 
  AUTOCORRELATION FUNCTION EVIDENCE : NO 
  NON-PARAMETRIC EVIDENCE           : NO 
  F-TEST                            : NO 
  SPECTRAL EVIDENCE                 : NO 
 
NO IDENTIFIABLE SEASONALITY FOUND IN RESIDUALS
 
 
ARIMA MODEL : GOOD FIT
----------------------

ALL TEST ARE PASSED
 
QUALITY ARIMA MODEL TESTS
----------------------------------------

  Mean in residuals                      :GOOD        
  Autocorrelation in residuals           :GOOD        
  Normality of residuals                 :GOOD        
  Skewness of residuals                  :GOOD        
  Kurtosis of residuals                  :GOOD        
  Randomness of residual sign            :GOOD        
  Instability of residual mean           :GOOD        
  Instability of residual variance       :GOOD        
  Seasonality in residuals               :GOOD        
  Trading day in residuals               :GOOD        
  Out-of-sample forecast errors          :GOOD        
  Number of outliers                     :GOOD        
 


 LINEAR SERIES


 YEAR        JAN       FEB       MAR       APR       MAY       JUN       JUL       AUG       SEP       OCT       NOV       DEC 

 2005      92.012   102.544   137.990   105.025   106.869   145.975   102.162    59.646   139.403   121.504   121.835   204.300
 2006      73.771    92.501   128.086    91.800   103.714   147.067   101.339    52.843   143.412   104.877   118.558   194.730
 2007      69.444    96.016   132.702    87.912   103.123   142.797   103.873    60.237   146.394   117.970   124.814   203.386
 2008      76.902   102.774   128.857    98.847   102.581   134.577   116.306    58.641   128.953   117.774   108.814   186.000
 2009      72.877    90.392   113.830    83.850    97.803   141.010    92.026    48.410   129.347   109.493   119.452   200.658
 2010      75.960    88.283   122.047    99.140   112.486   154.217   112.002    66.054   155.670   120.887   146.460   195.739
 2011      82.953   103.448   132.003   101.731    99.771   141.407   106.175    61.125   125.404   115.434   115.182   173.100
 2012      67.516    82.004   111.134    89.140   103.714   145.478   107.687    47.026   108.889    94.670   102.075   185.959
 2013      65.667    85.671   105.227    79.667    88.138   125.517    90.264    47.198   123.805   108.474    96.090   159.157
 2014      66.622    83.160   109.833    79.667    91.565   124.092    90.460    46.519   108.447    95.747   106.982   148.500
 2015      70.536    84.567   101.848    92.030   100.497   128.299    93.201    48.815   103.222    97.449   104.558   148.957
 2016      69.282    84.159    99.751    81.065    92.377   110.424    84.775    49.097   102.827    96.607   110.218   142.200
 2017      68.707    86.676   104.709    82.778   104.996   121.348    98.561    56.589   113.294    98.253   116.870   178.862
 2018      75.643    84.466   114.030    82.386    98.292   133.065   103.873    57.871   109.303   104.460   117.069   173.144
 2019      76.224    84.165   106.762    85.458   119.291   117.169    94.768    51.139   118.247   102.697   122.047   148.900
 2020      74.267    87.077    88.169    84.239   100.787   117.906   112.615    60.774   107.177   115.958   122.729   166.606
 2021      75.966    85.680   111.974   100.934   100.930   118.076   106.674    64.163   114.759   131.153   130.828   142.113
 2022      81.953    97.738   125.079   105.318   114.861   134.659   118.318    69.309   138.912   116.773   133.255   162.601
 2023      97.302   112.588   143.086   104.390   129.643   149.848   116.566    74.828   137.651   143.114   148.248


  AUTOCORRELATION FUNCTION TEST FOR SEASONALITY IN LINEARIZEDSERIES QS =   392.05  ASIMPTOTICALLY DISTRIBUTED AS CHI-SQUARE(2)
    p-value= 0.0000


  NON-PARAMETRIC TEST FOR SEASONALITY IN LINEARIZED SERIES (FRIEDMAN) SEAS_NP =    188.27
    ASYMP. DISTRIBUTED AS CHI-SQUARE(11)
    p-value= 0.0000


TOTAL OUTLIER EFFECT FACTORS


 YEAR        JAN       FEB       MAR       APR       MAY       JUN       JUL       AUG       SEP       OCT       NOV       DEC 

 2005     100.000   100.000    77.716   100.000   100.000   100.000   100.000   100.000   100.000   100.000   100.000   100.000
 2006     100.000   100.000   100.000   100.000   100.000   100.000   100.000   100.000   100.000   100.000   100.000   100.000
 2007     100.000   100.000   100.000   100.000   100.000   100.000   100.000   100.000   100.000   100.000   100.000   100.000
 2008     100.000   100.000   100.000   100.000   100.000   100.000   100.000   100.000   100.000   100.000   100.000   100.000
 2009     100.000   100.000   100.000   100.000   100.000   100.000   100.000   100.000   100.000   100.000   100.000   100.000
 2010     100.000   100.000   100.000   100.000   100.000   100.000   100.000   100.000   100.000   100.000   100.000   100.000
 2011     100.000   100.000   100.000   100.000   100.000   100.000   100.000   100.000   100.000   100.000   100.000   100.000
 2012     100.000   100.000   100.000   100.000   100.000   100.000   100.000   100.000   100.000   100.000   100.000   100.000
 2013     100.000   100.000   100.000   100.000   100.000   100.000   100.000   100.000   100.000   100.000   100.000   128.364
 2014     100.000   100.000   100.000   100.000   100.000   100.000   100.000   100.000   100.000   100.000   100.000   100.000
 2015     100.000   100.000   100.000   100.000   100.000   100.000   100.000   100.000   100.000   121.320   100.000   100.000
 2016     100.000   100.000   100.000   100.000   100.000   100.000   100.000   100.000   100.000   100.000   100.000   100.000
 2017     100.000   100.000   100.000   100.000   100.000   100.000   100.000   100.000   100.000   100.000   100.000   100.000
 2018     100.000   100.000   100.000   100.000   100.000   100.000   100.000   100.000   100.000   100.000   100.000   100.000
 2019     100.000   100.000   100.000   100.000   100.000   100.000   100.000   100.000   100.000   100.000   100.000   100.000
 2020     100.000   100.000   100.000    68.440    76.686    83.043    87.803    91.297    93.825    95.637    96.925    97.838
 2021      98.481    98.935    99.253    99.476    99.633    99.743    99.820    99.874    99.912    99.938    99.957    99.970
 2022      99.979    99.985    99.990    99.993    99.995    99.996    99.998    99.998    99.999    99.999    99.999   100.000
 2023     100.000   100.000   100.000   100.000   100.000   100.000   100.000   100.000   100.000   100.000   100.000


TOTAL REGRESSION EFFECT FACTORS


 YEAR        JAN       FEB       MAR       APR       MAY       JUN       JUL       AUG       SEP       OCT       NOV       DEC 

 2005      98.248    99.567   100.149   100.166   101.432   100.702    97.198   101.432   101.432    97.198   100.710   100.000
 2006     100.717    99.567   102.666    95.316   101.432   100.702    97.198   101.432    98.946    99.641   100.710    95.157
 2007     103.248    99.567   100.149    97.711   101.432   100.702    99.641   101.432    96.520   102.145   100.710    97.549
 2008     103.248   102.069    95.299   102.684    98.946    98.234   102.145    96.520   101.432   102.145    98.241   100.000
 2009      98.248    99.567   100.149   102.684    96.520   100.702   102.145    98.946   101.432    99.641   100.710   102.513
 2010      95.840    99.567   102.666   102.684    98.946   100.702    99.641   101.432   101.432    97.198   100.710   105.089
 2011      98.248    99.567   100.149   100.166   101.432   100.702    97.198   101.432   101.432    97.198   100.710   100.000
 2012     100.717   102.069   100.149    97.711   101.432   100.702    99.641   101.432    96.520   102.145   100.710    97.549
 2013     103.248    99.567    97.694   100.166   101.432    98.234   102.145    98.946    98.946   102.145    98.241   100.000
 2014     100.717    99.567    97.694   100.166    98.946    98.234   102.145    96.520   101.432   102.145    98.241   100.000
 2015      98.248    99.567   100.149   102.684    96.520   100.702   102.145    98.946   101.432    99.641   100.710   102.513
 2016      95.840   102.069   100.149   100.166   101.432   100.702    97.198   101.432   101.432    97.198   100.710   100.000
 2017     100.717    99.567   102.666    95.316   101.432   100.702    97.198   101.432    98.946    99.641   100.710    95.157
 2018     103.248    99.567   100.149    97.711   101.432   100.702    99.641   101.432    96.520   102.145   100.710    97.549
 2019     103.248    99.567    97.694   100.166   101.432    98.234   102.145    98.946    98.946   102.145    98.241   100.000
 2020     100.717    99.567   100.149   102.684    96.520   100.702   102.145    98.946   101.432    99.641   100.710   102.513
 2021      95.840    99.567   102.666   102.684    98.946   100.702    99.641   101.432   101.432    97.198   100.710   105.089
 2022      98.248    99.567   102.666    97.711   101.432   100.702    97.198   101.432   101.432    97.198   100.710   100.000
 2023     100.717    99.567   102.666    95.316   101.432   100.702    97.198   101.432    98.946    99.641   100.710
 
 
 
 FORECAST FUNCTION OF ORIGINAL SERIES: 
  
ORIGIN: 227 PERIODS AHEAD: 24
  
 OBS    DATE         FORECAST          STD ERROR        FORECAST          STD ERROR   
                        (SERIES IN LOGS)                     (SERIES IN LEVELS)       
 228  Dec-2023       5.18354          0.768260E-01       178.313           13.7193    
 229  Jan-2024       4.61875          0.790094E-01       101.367           8.02147    
 230  Feb-2024       4.75923          0.815301E-01       116.656           9.52679    
 231  Mar-2024       4.93742          0.844151E-01       139.411           11.7894    
 232  Apr-2024       4.75172          0.867463E-01       115.784           10.0627    
 233  May-2024       4.91663          0.890962E-01       136.541           12.1895    
 234  Jun-2024       5.03970          0.915658E-01       154.423           14.1696    
 235  Jul-2024       4.89774          0.940970E-01       133.986           12.6357    
 236  Aug-2024       4.34155          0.961828E-01       76.8265           7.40651    
 237  Sep-2024       4.99390          0.983781E-01       147.510           14.5470    
 238  Oct-2024       5.00516          0.100768           149.182           15.0709    
 239  Nov-2024       5.03928          0.102801           154.358           15.9103    
 240  Dec-2024       5.28807          0.112185           197.961           22.2782    
 241  Jan-2025       4.64882          0.115529           104.462           12.1088    
 242  Feb-2025       4.78930          0.118744           120.217           14.3256    
 243  Mar-2025       4.99232          0.122179           147.277           18.0616    
 244  Apr-2025       4.80662          0.125072           122.317           15.3585    
 245  May-2025       4.94670          0.127997           140.710           18.0845    
 246  Jun-2025       5.09459          0.130963           163.137           21.4569    
 247  Jul-2025       4.95263          0.133963           141.547           19.0475    
 248  Aug-2025       4.37162          0.136865           79.1720           10.8868    
 249  Sep-2025       5.07361          0.139357           159.750           22.3707    
 250  Oct-2025       5.06006          0.142183           157.599           22.5217    
 251  Nov-2025       5.09417          0.144750           163.068           23.7283    
