################################################################## 

SERIE MENSILI: 

################################################################## 



 Diagnostica modelli originali: 
   TITLE      BIC QR.prob QR2.prob QSR.prob N.prob N.test    TVA    TVC
1 VATASA -5.95811   0.173    0.589    1.000  0.014   8.49  2.860  0.541
2 VATASC -4.61573   0.176    0.039    1.000  0.379   1.94 -0.630  1.240
3 VATAIA -5.69120   0.149    0.544    1.000  0.995  0.011 -0.100  0.038
4 VATPIA -5.78549   0.019    0.380    0.350  0.557   1.17 -0.020 -1.080
5 VATPIC -5.11953   0.346    0.283    0.954  0.104   4.52 -0.320  2.100
6 VATPSC -4.62633   0.223    0.000    1.000  0.217   3.06  0.017  1.750
7 VATAIC -4.37796   0.085    0.597    1.000  0.922  0.162 -0.380 -0.140
8 VATPSA -5.55699   0.240    0.000    0.998  0.307   2.36  1.360  0.727


 Diagnostica modelli nuovi: 
   TITLE      BIC QR.prob QR2.prob QSR.prob N.prob N.test    TVA    TVC
1 VATASA -5.95811   0.173    0.589    1.000  0.014   8.49  2.860  0.541
2 VATASC -4.61573   0.176    0.039    1.000  0.379   1.94 -0.630  1.240
3 VATAIA -5.69120   0.149    0.544    1.000  0.995  0.011 -0.100  0.038
4 VATPIA -5.78549   0.019    0.380    0.350  0.557   1.17 -0.020 -1.080
5 VATPIC -5.11953   0.346    0.283    0.954  0.104   4.52 -0.320  2.100
6 VATPSC -4.62633   0.223    0.000    1.000  0.217   3.06  0.017  1.750
7 VATAIC -4.37796   0.085    0.597    1.000  0.922  0.162 -0.380 -0.140
8 VATPSA -5.55699   0.240    0.000    0.998  0.307   2.36  1.360  0.727


 ******************************** 
Problemi nei modelli vecchi
 ******************************** 


 Statistica di LB significativa: 
   TITLE      BIC QR.prob QR2.prob QSR.prob N.prob N.test   TVA   TVC
4 VATPIA -5.78549   0.019     0.38     0.35  0.557   1.17 -0.02 -1.08

 Statistica di JB significativa: 
   TITLE      BIC QR.prob QR2.prob QSR.prob N.prob N.test  TVA   TVC
1 VATASA -5.95811   0.173    0.589        1  0.014   8.49 2.86 0.541

 Statistica di LB sui quadrati dei residui significativa: 
   TITLE      BIC QR.prob QR2.prob QSR.prob N.prob N.test    TVA   TVC
2 VATASC -4.61573   0.176    0.039    1.000  0.379   1.94 -0.630 1.240
6 VATPSC -4.62633   0.223    0.000    1.000  0.217   3.06  0.017 1.750
8 VATPSA -5.55699   0.240    0.000    0.998  0.307   2.36  1.360 0.727


 ******************************** 
Problemi nei modelli nuovi
 ******************************** 


 Statistica di LB significativa: 
   TITLE      BIC QR.prob QR2.prob QSR.prob N.prob N.test   TVA   TVC
4 VATPIA -5.78549   0.019     0.38     0.35  0.557   1.17 -0.02 -1.08

 Statistica di JB significativa: 
   TITLE      BIC QR.prob QR2.prob QSR.prob N.prob N.test  TVA   TVC
1 VATASA -5.95811   0.173    0.589        1  0.014   8.49 2.86 0.541

 Statistica di LB sui quadrati dei residui significativa: 
   TITLE      BIC QR.prob QR2.prob QSR.prob N.prob N.test    TVA   TVC
2 VATASC -4.61573   0.176    0.039    1.000  0.379   1.94 -0.630 1.240
6 VATPSC -4.62633   0.223    0.000    1.000  0.217   3.06  0.017 1.750
8 VATPSA -5.55699   0.240    0.000    0.998  0.307   2.36  1.360 0.727


 ******************************** 
Problemi nella tabella modelli nuovi
 ******************************** 



 ********* 
 Non ci sono modelli nuovi 
NULL
NULL


 ******************************** 
Informazioni sui modelli:
 ******************************** 

 
		 VATASA 
 Modello originale:
###
###-5.95811	0.173	0.589	1	0.014	8.49	2.86	0.541
###AO01(022020, -5.57);  AO02(032020,-74.86);  AO03(042020,-99.99);  AO04(052020,-99.99);  AO05(062020,-66.56);  AO06(072020,-34.57);  AO07(082020,-22.96);  AO08(092020,-23.34);  AO09(102020,-35.29);  AO10(112020,-64.53);  AO11(122020,-65.50);  AO12(012021,-64.62);  AO13(022021,-55.57);  AO14(032021,-61.42);  AO15(042021,-68.72);  AO16(052021,-42.80);  AO17(062021,-26.78);  AO18(072021,-12.58);  AO19(082021, -7.99);  AO20(092021,-11.32);  AO21(102021, -8.60);  AO22(112021,-12.15);  AO23(122021,-13.43);  AO24(012022,-18.72);  AO25(022022,-12.03);  AO26(032022,-11.48);  AO27(042022, -6.66);  AO28(052022, -5.52);  TC01(102001, -4.44);
###  EE:  0.108148 (   14.2)
 
Modello nuovo:
				nessuna variazione da modello originale
 
		 VATASC 
 Modello originale:
###
###-4.61573	0.176	0.039	1	0.379	1.94	-0.63	1.24
###AO01(052004, 5.35);  AO02(052011, -7.28);  AO03(032020,-41.89);  AO04(042020,-85.70);  AO05(052020,-84.70);  AO06(062020,-36.33);  AO07(072020,-17.61);  AO08(042015, -4.10);  AO09(052008, -4.05);  AO10(082020, -9.28);  AO11(092020, -9.17);  AO12(102020,-17.87);  AO13(112020,-43.08);  AO14(122020,-47.46);  AO15(012021,-45.77);  AO16(022021,-43.91);  AO17(032021,-49.16);  AO18(042021,-57.53);  AO19(052021,-22.25);  AO20(062021,-16.09);  AO21(072021, -6.37);  AO22(112021, -4.15);  AO23(122021, -7.26);  TC01(032002, 4.29);  TC02(032003, 3.52);  TC03(062015, -6.08);  TC04(092021, -5.61);  TC05(012022,-10.33);  TC06(062023, -3.11);  LS01(012015, 5.77);
###  EE:  0.338508 (   20.9)
 
Modello nuovo:
				nessuna variazione da modello originale
 
		 VATAIA 
 Modello originale:
###
###-5.6912	0.149	0.544	1	0.995	0.011	-0.1	0.038
###AO01(052015, 4.40);  AO02(022020, -4.40);  AO03(032020,-54.29);  AO04(042020,-99.99);  AO05(052020,-73.59);  AO06(062020,-30.56);  AO07(072020,-10.07);  AO08(092020, -7.47);  AO09(102020,-18.81);  AO10(112020,-41.96);  AO11(122020,-44.85);  AO12(012021,-38.92);  AO13(022021,-21.32);  AO14(032021,-29.50);  AO15(042021,-37.17);  AO16(052021,-15.18);  AO17(112021, -4.22);  AO18(012022,-10.32);  AO19(022022, -4.04);  AO20(032022, -4.72);  AO21(062022, 5.46);  AO22(122022, 3.47);  AO23(062023, 2.85);  LS01(112011, -4.17);
###  EE:  0.038369 (   3.93)
 
Modello nuovo:
				nessuna variazione da modello originale
 
		 VATPIA 
 Modello originale:
###
###-5.78549	0.019	0.38	0.35	0.557	1.17	-0.02	-1.08
###AO01(052015, 4.29);  AO02(032020,-42.81);  AO03(042020,-76.53);  AO04(052020,-56.26);  AO05(062020,-31.10);  AO06(072020, -8.12);  AO07(102020,-12.41);  AO08(112020,-29.75);  AO09(122020,-35.25);  AO10(012021,-34.27);  AO11(022021,-23.05);  AO12(032021,-26.86);  AO13(042021,-30.39);  AO14(052021,-11.99);  AO15(072021, 2.92);  AO16(082021, 4.16);  AO17(092021, 5.04);  AO18(012022, -6.08);  AO19(062022, 3.76);  AO20(052023, -3.07);  AO21(072023, -3.44);
###  EE:  0.046493 (   4.74)
 
Modello nuovo:
				nessuna variazione da modello originale
 
		 VATPIC 
 Modello originale:
###
###-5.11953	0.346	0.283	0.954	0.104	4.52	-0.32	2.1
###AO01(032020,-16.06);  AO02(042020,-34.79);  AO03(052020,-28.80);  AO04(062020,-14.30);  AO05(072020, -4.45);  AO06(102020, -7.79);  AO07(112020,-13.87);  AO08(122020,-17.01);  AO09(012021,-17.43);  AO10(022021,-10.98);  AO11(032021,-13.03);  AO12(042021,-20.88);  AO13(052021, -5.11);  TC01(012022, -3.66);
###  EE:  0.180866 (   10.9)
 
Modello nuovo:
				nessuna variazione da modello originale
 
		 VATPSC 
 Modello originale:
###
###-4.62633	0.223	0	1	0.217	3.06	0.017	1.75
###AO01(052002, 4.81);  AO02(052011, -6.92);  AO03(052014, -5.26);  AO04(032020,-29.23);  AO05(042020,-56.80);  AO06(052020,-55.03);  AO07(062020,-39.25);  AO08(072020,-17.57);  AO09(082020,-11.40);  AO10(092020, -8.27);  AO11(102020,-16.39);  AO12(052018, 3.88);  AO13(052004, 4.06);  AO14(112020,-27.55);  AO15(122020,-30.59);  AO16(012021,-33.10);  AO17(022021,-35.43);  AO18(032021,-35.89);  AO19(042021,-44.77);  AO20(072023, -4.23);  TC01(112002, 3.20);  TC02(052021,-22.20);  TC03(072021, 5.02);  TC04(122021, -4.11);  TC05(012022, -5.23);  TC06(102021, -4.30);
###  EE:  0.318257 (   19.8)
 
Modello nuovo:
				nessuna variazione da modello originale
 
		 VATAIC 
 Modello originale:
###
###-4.37796	0.085	0.597	1	0.922	0.162	-0.38	-0.14
###AO01(052003, 4.85);  AO02(052014, 3.78);  AO03(052015, 5.00);  AO04(032020,-22.92);  AO05(042020,-45.23);  AO06(052020,-31.80);  AO07(062020,-10.25);  AO08(102020, -8.29);  AO09(112020,-23.14);  AO10(122020,-24.67);  AO11(012021,-21.07);  AO12(022021,-12.05);  AO13(032021,-17.91);  AO14(042021,-23.73);  AO15(052022, 3.48);  AO16(012023, 3.58);
###  EE:  0.219984 (   11.3)
 
Modello nuovo:
				nessuna variazione da modello originale
 
		 VATPSA 
 Modello originale:
###
###-5.55699	0.24	0	0.998	0.307	2.36	1.36	0.727
###AO01(032020,-53.24);  AO02(042020,-85.49);  AO03(052020,-73.79);  AO04(062020,-48.01);  AO05(072020,-25.45);  AO06(082020,-17.24);  AO07(092020,-15.91);  AO08(102020,-22.89);  AO09(112020,-36.77);  AO10(122020,-41.33);  AO11(012021,-44.17);  AO12(022021,-42.52);  AO13(032021,-43.81);  AO14(042021,-47.29);  AO15(092021, -5.82);  AO16(102021, -7.80);  AO17(112021, -8.88);  AO18(122021, -8.83);  AO19(012022,-12.28);  AO20(022022, -8.80);  AO21(032022, -7.03);  AO22(042022, -5.02);  AO23(052022, -4.35);  AO24(062022, -3.64);  AO25(072022, -3.78);  AO26(072023, -4.72);  TC01(052021,-31.53);  TC02(092023, 3.31);
###  EE:  0.139467 (   14.4)
 
Modello nuovo:
				nessuna variazione da modello originale
