
                                        PROGRAM TRAMO+

             (based on program TRAMO, Victor Gomez and Agustin Maravall©,1996)

         Developed at the Bank of Spain by Gianluca Caporello and Agustin Maravall,
         with programming support from Domingo Pérez Cañete and Roberto López Pavón.

                 VERSION: 1.0 (Revision: 942  Build: 2017/09/25 09:39:13)


 SERIES TITLE=FATEXP_27                                                                       

 INPUT PARAMETERS
   lam= 0   imean= 0   ireg= 4   ieast= 3   seats= 2   tabtablet='xo,xi,xl,re,me,td,ee,to,ls,reg'   int2=227   rsa= 0   modelsumm= 1   va=   3.742
 
   Name : NOT DEFINED.
   Reglist01
    Iuser= 2   Nser= 4   Ilong=   0
 
   Fixed Outliers:
   #Observ. Type
      48     AO
      56     TC
     183     AO
     184     AO
 

 NUMBER OF OBSERVATIONS: 227


 ORIGINAL SERIES 

 YEAR        JAN       FEB       MAR       APR       MAY       JUN       JUL       AUG       SEP       OCT       NOV       DEC 

 2005      51.900    53.500    52.000    52.400    52.200    51.800    52.300    64.200    54.100    54.000    53.000    52.600
 2006      52.400    52.500    53.500    51.200    51.200    51.300    50.900    63.100    54.300    54.100    54.700    55.000
 2007      51.300    53.600    53.700    53.600    52.500    53.100    53.600    62.800    55.400    54.500    54.500    55.900
 2008      53.900    53.000    53.500    55.200    52.500    52.900    53.700    64.000    56.100    54.900    53.200    49.100
 2009      53.300    53.100    54.000    52.000    50.600    49.700    52.300    61.400    54.600    53.900    51.500    48.800
 2010      50.100    51.700    51.100    50.700    49.900    49.700    50.300    54.800    50.000    51.500    48.300    49.400
 2011      49.200    51.700    52.000    50.600    51.900    49.900    51.200    56.900    52.500    53.400    51.400    52.300
 2012      54.400    54.700    57.100    54.600    53.900    52.600    54.800    59.800    55.800    55.200    54.700    53.200
 2013      56.500    57.000    57.900    59.100    57.400    57.100    57.700    65.800    57.900    58.700    56.500    54.400
 2014      58.200    58.800    60.000    59.800    59.600    58.000    59.600    68.000    60.100    60.100    60.000    57.600
 2015      60.500    60.700    59.700    60.000    58.400    58.100    59.000    67.100    59.300    57.800    57.900    55.500
 2016      59.000    59.500    58.400    60.000    58.400    57.400    57.400    66.300    58.400    57.300    57.800    56.300
 2017      58.700    59.800    59.300    60.000    60.600    56.900    58.300    66.600    59.300    58.300    58.600    55.600
 2018      59.400    58.400    58.400    59.300    57.600    56.500    57.700    64.900    56.500    56.500    56.700    56.300
 2019      58.500    59.000    59.900    59.600    58.500    58.000    59.300    65.700    58.400    58.300    57.700    55.500
 2020      59.200    58.900    63.000    65.600    61.800    58.300    58.500    63.500    59.100    57.700    57.500    57.200
 2021      58.500    59.300    57.800    60.000    58.200    57.000    58.400    65.900    58.700    58.300    58.500    57.900
 2022      58.400    58.600    57.600    59.000    58.300    57.300    57.100    63.500    58.700    56.600    56.300    56.000
 2023      55.100    55.000    55.600    55.900    55.600    54.300    56.400    61.900    56.800    58.100    56.400

DATES OF EASTER DURING THE REQUESTED TIME SPAN 

 YEAR MONTH  DAY 

   2005   MARCH   27
   2006   APRIL   16
   2007   APRIL    8
   2008   MARCH   23
   2009   APRIL   12
   2010   APRIL    4
   2011   APRIL   24
   2012   APRIL    8
   2013   MARCH   31
   2014   APRIL   20
   2015   APRIL    5
   2016   MARCH   27
   2017   APRIL   16
   2018   APRIL    1
   2019   APRIL   21
   2020   APRIL   12
   2021   APRIL    4
   2022   APRIL   17
   2023   APRIL    9
   2024   MARCH   31
   2025   APRIL   20
   2026   APRIL    5


 MODEL PARAMETERS            
 ----------------
  MQ= 12         IMEAN=  0      LAM=  0      D=  1       BD=  1
  P=  0          BP=  0         Q=  1        BQ=  1      IREG=  4
  ITRAD=  0      SMPDAY=  0     IEAST=  3      IDUR=  6     M= 36       IQM= 24
  INCON=  0      NBACK=  0      NPRED= 24    INTERP=  2  INIT=  0
  IFILT=  2      IROOT=  2    INIC=  0    ICONCE=  1
  ICDET=  1      IATIP=  0      IMVX=  0     IDIF=  0    PG=  0
  AIO=  2        INT1=  1       INT2= 227    RSA=  0     SEATS=  2
  VA= 3.74       TOL=  0.100E-03             PC=  0.120E+00
  NOADMISS= 1    STOCHTD 0    BIAS= 1
  THLIM=  0.000  BTHLIM=  0.000   RMOD=  0.500



TH =        -0.10

BTH =        -0.10

WARNING: When adjusting for degrees of freedom in
 order to compute white-noise residuals, the Housholder
 transformation contains an element of arbitrariness 
 that, when multiple regressors are entered, may produce
 a slight variation in results when the order in which
 regressors are entered changes



NUMBER OF INITIAL OBS. =  13

Log-Level pretest : LOGS are Selected
 DIFFERENCED TRANSFORMED SERIES

 YEAR        JAN       FEB       MAR       APR       MAY       JUN       JUL       AUG       SEP       OCT       NOV       DEC 

 2006                -0.028     0.047    -0.052     0.004     0.010    -0.017     0.010     0.021    -0.002     0.030     0.013
 2007      -0.066     0.042    -0.017     0.042    -0.021     0.009     0.017    -0.056     0.025    -0.013    -0.011     0.020
 2008       0.033    -0.061     0.008     0.033    -0.029    -0.004     0.006     0.017    -0.006    -0.005    -0.031    -0.106
 2009       0.119     0.013     0.007    -0.069     0.023    -0.026     0.036    -0.015     0.014     0.009    -0.014     0.026
 2010      -0.056     0.035    -0.028     0.030     0.011     0.014    -0.039    -0.075     0.026     0.042    -0.019     0.076
 2011      -0.030     0.018     0.017    -0.019     0.041    -0.035     0.014     0.020     0.011    -0.013     0.026    -0.005
 2012       0.043    -0.044     0.037    -0.017    -0.038     0.015     0.015    -0.018     0.011    -0.028     0.029    -0.045
 2013       0.021     0.003    -0.027     0.065    -0.016     0.019    -0.031     0.044    -0.059     0.025    -0.029    -0.010
 2014       0.007     0.001     0.005    -0.024     0.026    -0.022     0.017     0.000     0.004    -0.014     0.037    -0.003
 2015      -0.018    -0.007    -0.037     0.008    -0.024     0.022    -0.012    -0.003    -0.000    -0.026     0.003    -0.002
 2016       0.012     0.005    -0.002     0.022     0.000    -0.012    -0.015     0.015    -0.003     0.007     0.007     0.016
 2017      -0.019     0.010     0.010    -0.015     0.037    -0.046     0.024    -0.011     0.011     0.002    -0.004    -0.026
 2018       0.024    -0.036     0.008     0.004    -0.039     0.044    -0.003    -0.016    -0.023     0.017    -0.002     0.045
 2019      -0.028     0.025     0.015    -0.020     0.010     0.011     0.001    -0.015     0.021    -0.002    -0.014    -0.032
 2020       0.026    -0.014     0.052     0.045    -0.041    -0.050    -0.019    -0.020     0.046    -0.022     0.007     0.034
 2021      -0.042     0.019    -0.093    -0.003     0.029     0.037     0.021     0.039    -0.044     0.017     0.007    -0.005
 2022      -0.014    -0.010     0.008    -0.013     0.019     0.004    -0.028    -0.015     0.037    -0.030    -0.009     0.005
 2023      -0.025    -0.005     0.028    -0.019     0.007    -0.006     0.041    -0.013    -0.007     0.059    -0.024




 AUTOCORRELATIONS
 ----------------
     -0.4341   0.0767  -0.0560   0.0070  -0.0442  -0.0109   0.0528   0.0390  -0.0041  -0.0567   0.1409  -0.3250
 SE   0.0684   0.0802   0.0806   0.0807   0.0807   0.0809   0.0809   0.0810   0.0811   0.0811   0.0813   0.0824
      0.2315  -0.1524   0.1647  -0.0323  -0.0486  -0.0254   0.0697  -0.1216   0.0827   0.0838  -0.0728  -0.0695
 SE   0.0882   0.0910   0.0922   0.0936   0.0936   0.0937   0.0938   0.0940   0.0947   0.0951   0.0954   0.0957
      0.0051   0.0258  -0.0250   0.0307   0.0082   0.0242  -0.0882   0.0948  -0.1227   0.0446   0.0306   0.0609
 SE   0.0959   0.0959   0.0959   0.0960   0.0960   0.0960   0.0960   0.0964   0.0969   0.0976   0.0977   0.0977


 PARTIAL AUTOCORRELATIONS
 ---------------------
     -0.4341  -0.1377  -0.0978  -0.0629  -0.0878  -0.0904   0.0032   0.0762   0.0617  -0.0354   0.1358  -0.2557
 SE   0.0684   0.0684   0.0684   0.0684   0.0684   0.0684   0.0684   0.0684   0.0684   0.0684   0.0684   0.0684
     -0.0112  -0.1044   0.0612   0.0694  -0.0571  -0.0993   0.0544  -0.0713   0.0248   0.1218   0.0459  -0.2292
 SE   0.0684   0.0684   0.0684   0.0684   0.0684   0.0684   0.0684   0.0684   0.0684   0.0684   0.0684   0.0684
     -0.0501  -0.0908   0.0537   0.0497  -0.0201  -0.0481  -0.0550   0.0087  -0.0196   0.0076   0.0371   0.0119
 SE   0.0684   0.0684   0.0684   0.0684   0.0684   0.0684   0.0684   0.0684   0.0684   0.0684   0.0684   0.0684
  
 ARIMA MODEL ESTIMATION 
  
 METHOD OF ESTIMATION: EXACT MAXIMUM LIKELIHOOD           
  
 PARAMETER      ESTIMATE           STD ERROR      T RATIO   LAG  
  
 TH1         -0.51291           0.59643E-01       -8.60      1
 BTH         -0.45640           0.61820E-01       -7.38     12
  
 
 REGULAR MA INVERSE ROOTS ARE 
 NO.     REAL P.     IMAG.P.     MODULUS    ARGUMENT      PERIOD
  1      0.51291       0.0000      0.51291       0.0000            -  
 
 SEASONAL MA INVERSE ROOTS ARE 
 NO.     REAL P.     IMAG.P.     MODULUS    ARGUMENT      PERIOD
  1      0.45640       0.0000      0.45640       0.0000            -  
  
 CORRELATIONS OF THE ESTIMATES 
  
  1.000   -0.179
 -0.179    1.000
  
 AIC 
   -1048.312
  
 BIC 
     -7.6410
  
 FINAL VALUE OF OBJECTIVE FUNCTION: 
               0.87512E-01
  
 RADETN:    1.00728919816022     
 ITERATIONS:            1
  
  NUMBER OF FUNCTION EVALUATIONS:            5
  

 ESTIMATES OF REGRESSION PARAMETERS 
 CONCENTRATED OUT OF THE LIKELIHOOD 

 PARAMETER           VALUE          ST. ERROR     T VALUE
 EAST     1         -0.18723E-01    (     0.00476)   -3.94
 OUT 1 ( 48)        -0.80851E-01    (     0.01517)   -5.33   AO    (12 2008)
 OUT 2 ( 56)         0.49360E-01    (     0.01575)    3.13   TC    ( 8 2009)
 OUT 3 (183)         0.54558E-01    (     0.01570)    3.47   AO    ( 3 2020)
 OUT 4 (184)         0.84025E-01    (     0.01570)    5.35   AO    ( 4 2020)

 VAR-CORRELATION MATRIX OF ESTIMATORS 

   0.226E-04
  -0.470E-02   0.230E-03
   0.474E-02  -0.971E-02   0.248E-03
   0.898E-01  -0.430E-03   0.411E-03   0.247E-03
  -0.897E-01   0.416E-03  -0.441E-03   0.233E+00   0.247E-03


 VARIANCES ARE IN THE MAIN DIAGONAL; 
 OFF-DIAGONAL ELEMENTS ARE CORRELATIONS. 



ACF DIFFERENCED SERIES




 AUTOCORRELATIONS
 ----------------
     -0.4623   0.0879  -0.0679   0.0768  -0.0802  -0.0190   0.0686   0.0175   0.0026  -0.0758   0.1695  -0.3375
 SE   0.0684   0.0817   0.0821   0.0824   0.0827   0.0831   0.0831   0.0834   0.0834   0.0834   0.0837   0.0853
      0.2422  -0.1537   0.1831  -0.0913  -0.0125  -0.0145   0.0752  -0.1310   0.0633   0.0899  -0.0645  -0.0524
 SE   0.0913   0.0943   0.0954   0.0971   0.0975   0.0975   0.0975   0.0977   0.0986   0.0988   0.0991   0.0993
     -0.0092   0.0205  -0.0294   0.0499  -0.0220   0.0270  -0.0834   0.0938  -0.1134   0.0616  -0.0016   0.0634
 SE   0.0995   0.0995   0.0995   0.0995   0.0996   0.0997   0.0997   0.1000   0.1004   0.1010   0.1012   0.1012
  
  
  NUMBER OF WHITE NOISE RESIDUALS          209
  
 WHITE NOISE RESIDUALS
  
    X  10.0D-1


 YEAR        JAN       FEB       MAR       APR       MAY       JUN       JUL       AUG       SEP       OCT       NOV       DEC 

 2006                                                                  -0.156     0.010     0.196     0.084     0.313     0.279
 2007      -0.430     0.097    -0.012     0.354    -0.077     0.089     0.150    -0.441     0.095    -0.083    -0.040     0.223
 2008       0.200    -0.365     0.047     0.143    -0.149    -0.057     0.074    -0.024     0.068    -0.076    -0.352    -0.318
 2009       0.253     0.047     0.018    -0.253    -0.189    -0.343     0.230    -0.554     0.044     0.163    -0.127    -0.621
 2010       0.156     0.420     0.038     0.024     0.201     0.136    -0.131    -0.624    -0.059     0.356    -0.171     0.372
 2011       0.069     0.347     0.161     0.066     0.430    -0.123    -0.021    -0.069     0.193     0.148     0.174     0.247
 2012       0.505    -0.040     0.343    -0.007    -0.205    -0.113     0.113    -0.151     0.139    -0.184     0.241    -0.256
 2013       0.249     0.025     0.093     0.243     0.057     0.217    -0.116     0.286    -0.341    -0.046    -0.162    -0.357
 2014       0.064     0.000    -0.105     0.171     0.128    -0.068     0.029     0.177    -0.088    -0.123     0.239    -0.032
 2015      -0.088    -0.129    -0.420    -0.154    -0.235     0.039    -0.069     0.007    -0.079    -0.333     0.001    -0.085
 2016       0.044     0.036    -0.039    -0.021     0.043    -0.027    -0.208     0.067    -0.036    -0.086     0.104     0.175
 2017      -0.064     0.074    -0.073     0.184     0.301    -0.325    -0.012    -0.037     0.056     0.018     0.041    -0.186
 2018       0.078    -0.267     0.084    -0.195    -0.209     0.111     0.095    -0.121    -0.253     0.036     0.017     0.369
 2019      -0.009     0.110     0.121     0.125    -0.068     0.172     0.117    -0.168     0.035     0.076    -0.100    -0.205
 2020       0.066    -0.049    -0.020     0.178     0.461    -0.166    -0.260    -0.442     0.288    -0.048    -0.020     0.256
 2021      -0.211     0.040    -0.267     0.026    -0.273     0.051     0.155     0.327    -0.036     0.063     0.104     0.124
 2022      -0.231    -0.153    -0.219     0.016    -0.031     0.107    -0.164    -0.117     0.218    -0.147    -0.130     0.015
 2023      -0.375    -0.260     0.090    -0.081    -0.001    -0.008     0.310     0.012     0.059     0.503    -0.011
 
 
  STABILITY TEST
 
 
     1. FULL PERIOD
                  FIRST HALF                    SECOND HALF
           Mean(t)          Variance      Mean(t)          Variance
       0.15E-02( 0.68    )  0.50E-03 -0.15E-02(-0.89    )  0.31E-03
 
      Mean assumed equal to 0
      VR(variance ratio)= 0.61    
 
      MEAN STABILITY IS NOT REJECTED.
      VARIANCE STABILITY IS NOT REJECTED.


 
     2. LAST 10 YEARS
                  FIRST HALF                    SECOND HALF
           Mean(t)          Variance      Mean(t)          Variance
      -0.36E-02( -1.9    )  0.22E-03  0.56E-03( 0.23    )  0.36E-03
 
      Mean assumed equal to 0
      VR(variance ratio)=  1.6    
 
      LAST 10 YEARS MEAN STABILITY IS NOT REJECTED.
      LAST 10 YEARS VARIANCE STABILITY IS NOT REJECTED.


 
  OUT-OF-SAMPLE TEST
  ------------------
      Model re-estimated on Linearized series for first 209 observations.
       18 One-Period-Ahead Forecasts computed with model fixed.
      Comparison between forecast errors (last   18 observations) and residuals (in-sample):

        Mean(Forecast Errors)
            p-value= 0.9888
            Mean of forecast errors can be assumed zero.

        Out-of-Sample MSE is :  0.3984E-03
        In-Sample MSE is :  0.4036E-03
        F( 18,196) is :  0.987E+00
            p-value(%)=47.6117

        Mean and Variance of forecast Errors and In-Sample residuals ARE NOT significantly different.


 TEST-STATISTICS ON RESIDUALS
 ----------------------------


           MEAN=  -0.2010185E-04
        ST.DEV.=   0.1396572E-02
        OF MEAN
        T-VALUE= -0.0144

 NORMALITY TEST=   3.600        ( CHI-SQUARE(2) )

       SKEWNESS= -0.2442          ( SE =  0.1694 )
       KURTOSIS=  3.4182          ( SE =  0.3389 )

 SUM OF SQUARES=   0.8031317E-01

  DURBIN-WATSON=  2.1609

 STANDARD ERROR=   0.2041246E-01
 OF RESID.
  MSE OF RESID.=   0.4166683E-03




 AUTOCORRELATIONS
 ----------------
     -0.0199   0.0255   0.0374   0.0500  -0.0896  -0.0311   0.0718   0.0161   0.0139  -0.0022  -0.0180   0.0389
 SE   0.0692   0.0692   0.0692   0.0692   0.0692   0.0692   0.0692   0.0692   0.0692   0.0692   0.0692   0.0692
 Q      0.08     0.22     0.52     1.06     2.80     3.01     4.13     4.19     4.23     4.23     4.31     4.64
 PV    -1.00    -1.00     0.47     0.59     0.42     0.56     0.53     0.65     0.75     0.84     0.89     0.91
      0.0755  -0.0486   0.1385  -0.0318  -0.0767  -0.0458   0.0259  -0.0904   0.0178   0.0969  -0.0620  -0.0944
 SE   0.0692   0.0692   0.0692   0.0692   0.0692   0.0692   0.0692   0.0692   0.0692   0.0692   0.0692   0.0692
 Q      5.93     6.46    10.82    11.05    12.40    12.89    13.04    14.95    15.02    17.24    18.15    20.27
 PV     0.88     0.89     0.63     0.68     0.65     0.68     0.73     0.67     0.72     0.64     0.64     0.57
     -0.0397  -0.0341   0.0069   0.0115  -0.0385   0.0067  -0.0911  -0.0362  -0.1145   0.0492  -0.0034   0.0160
 SE   0.0692   0.0692   0.0692   0.0692   0.0692   0.0692   0.0692   0.0692   0.0692   0.0692   0.0692   0.0692
 Q     20.65    20.93    20.94    20.97    21.34    21.35    23.40    23.73    27.01    27.62    27.63    27.69
 PV     0.60     0.64     0.70     0.74     0.77     0.81     0.76     0.78     0.67     0.69     0.73     0.77

  LJUNG-BOX Q VALUE OF ORDER  24 IS     20.27 AND IF RESIDUALS ARE RANDOM IT SHOULD BE DISTRIBUTED AS CHI-SQUARE(22)
  p-value= 0.5661
  THE PIERCE QS VALUE IS      0.34 AND IF RESIDUALS ARE RANDOM IT SHOULD BE DISTRIBUTED AS CHI-SQUARE(2)

 APPROXIMATE TEST OF RUNS ON RESIDUALS
 -------------------------------------
  NUM.DATA= 209
   NUM.(+)= 105
   NUM.(-)= 104
  NUM.RUNS= 111
   T-VALUE=  0.8321


  NON-PARAMETRIC TEST FOR RESIDUAL SEASONALITY (FRIEDMAN) SEAS_NP =      4.01
    ASYMP. DISTRIBUTED AS CHI-SQUARE(11)
    p-value= 0.9695



 SQUARED RESIDUALS:
 ------------------




 AUTOCORRELATIONS
 ----------------
     -0.0768   0.1022  -0.0263   0.1311  -0.0769   0.1055   0.0195   0.2084   0.0434   0.0103  -0.0437   0.1671
 SE   0.0692   0.0692   0.0692   0.0692   0.0692   0.0692   0.0692   0.0692   0.0692   0.0692   0.0692   0.0692
 Q      1.25     3.47     3.62     7.32     8.60    11.02    11.10    20.62    21.04    21.06    21.49    27.74
 PV    -1.00    -1.00     0.06     0.03     0.04     0.03     0.05     0.00     0.00     0.01     0.01     0.00
      0.0127   0.0011   0.0704  -0.0258   0.1096  -0.0158   0.0261   0.0357   0.0203  -0.0104   0.0426   0.0332
 SE   0.0692   0.0692   0.0692   0.0692   0.0692   0.0692   0.0692   0.0692   0.0692   0.0692   0.0692   0.0692
 Q     27.77    27.77    28.90    29.05    31.81    31.87    32.03    32.33    32.42    32.45    32.88    33.14
 PV     0.00     0.01     0.01     0.01     0.01     0.01     0.01     0.02     0.03     0.04     0.05     0.06
      0.0629  -0.0593   0.0103   0.0615   0.0577   0.0240   0.0562   0.0117  -0.0614  -0.0324   0.0291   0.0854
 SE   0.0692   0.0692   0.0692   0.0692   0.0692   0.0692   0.0692   0.0692   0.0692   0.0692   0.0692   0.0692
 Q     34.09    34.93    34.96    35.88    36.70    36.84    37.62    37.66    38.60    38.87    39.08    40.94
 PV     0.06     0.07     0.09     0.09     0.10     0.12     0.13     0.16     0.16     0.19     0.22     0.19

  McLEOD-LI Q VALUE OF ORDER  24 IS     33.14 AND IF RESIDUALS ARE RANDOM IT SHOULD BE DISTRIBUTED AS CHI-SQUARE(24)
  p-value= 0.1011
 
 
 
SPECTRAL DIAGNOSTICS
 --------------------
 
A. SEASONAL SPECTRAL PEAKS
 
                           Frequency (cycles per year)
                     One    Two   Three  Four   Five    Six  
 Original series      aT     AT     AT     AT     AT     aT
 Linearized series    aT     AT     AT     AT     AT     aT
 Residuals            --     --     --     --     --     --
 
 AT : peaks detected in AR(30) and using Tukey spectrum  estimator
 A- : only peaks detected in AR(30) spectrum estimator
 -T : only peaks detected using Tukey spectrum estimator
 -- : No peaks detected in AR(30) nor using Tukey spectrum estimator
 
 
 
B. STOCHASTIC SEASONALITY: SPECTRAL EVIDENCE
 
 1 :  SERIES CONTAINS SEASONALITY THAT CAN BE RELIABLY EXTRACTED.
 0 :  SEASONALITY IS NOT PRESENT IN THE SERIES OR IS TOO WEAK TO BE RELIABLY CAPTURED.
 
 ORIGINAL SERIES :   1
 LINEARIZED SERIES : 1
 RESIDUALS :         0
 
 
 
C. TRADING DAY EFFECT: SPECTRAL EVIDENCE
 
 1 :  TRADING DAY EFFECT DETECTED
 0 :  NO TRADING DAY EFFECT DETECTED
 
 LINEARIZED SERIES : 0
 RESIDUALS :         0
 
 
OVERALL TEST FOR IDENTIFIABLE SEASONALITY 
----------------------------------------- 
 
  AUTOCORRELATION FUNCTION EVIDENCE : YES
  NON-PARAMETRIC EVIDENCE           : YES
  F-TEST                            :  - 
  SPECTRAL EVIDENCE                 : YES
 
IDENTIFIABLE SEASONALITY FOUND IN SERIES
 
 
OVERALL TEST FOR RESIDUALS SEASONALITY 
----------------------------------------- 
 
  AUTOCORRELATION FUNCTION EVIDENCE : NO 
  NON-PARAMETRIC EVIDENCE           : NO 
  F-TEST                            : NO 
  SPECTRAL EVIDENCE                 : NO 
 
NO IDENTIFIABLE SEASONALITY FOUND IN RESIDUALS
 
 
ARIMA MODEL : GOOD FIT
----------------------

ALL TEST ARE PASSED
 
QUALITY ARIMA MODEL TESTS
----------------------------------------

  Mean in residuals                      :GOOD        
  Autocorrelation in residuals           :GOOD        
  Normality of residuals                 :GOOD        
  Skewness of residuals                  :GOOD        
  Kurtosis of residuals                  :GOOD        
  Randomness of residual sign            :GOOD        
  Instability of residual mean           :GOOD        
  Instability of residual variance       :GOOD        
  Seasonality in residuals               :GOOD        
  Trading day in residuals               :GOOD        
  Out-of-sample forecast errors          :GOOD        
  Number of outliers                     :GOOD        
 


 LINEAR SERIES


 YEAR        JAN       FEB       MAR       APR       MAY       JUN       JUL       AUG       SEP       OCT       NOV       DEC 

 2005      51.900    53.500    52.489    51.912    52.200    51.800    52.300    64.200    54.100    54.000    53.000    52.600
 2006      52.400    52.500    53.001    51.682    51.200    51.300    50.900    63.100    54.300    54.100    54.700    55.000
 2007      51.300    53.600    53.200    54.104    52.500    53.100    53.600    62.800    55.400    54.500    54.500    55.900
 2008      53.900    53.000    54.003    54.686    52.500    52.900    53.700    64.000    56.100    54.900    53.200    53.235
 2009      53.300    53.100    53.497    52.489    50.600    49.700    52.300    58.443    52.746    52.612    50.635    48.225
 2010      49.686    51.401    50.893    50.556    49.801    49.631    50.251    54.763    49.976    51.483    48.289    49.392
 2011      49.194    51.696    51.513    51.074    51.899    49.899    51.199    56.899    52.500    53.400    51.400    52.300
 2012      54.400    54.700    56.568    55.114    53.900    52.600    54.800    59.800    55.800    55.200    54.700    53.200
 2013      56.500    57.000    58.445    58.549    57.400    57.100    57.700    65.800    57.900    58.700    56.500    54.400
 2014      58.200    58.800    59.441    60.362    59.600    58.000    59.600    68.000    60.100    60.100    60.000    57.600
 2015      60.500    60.700    59.514    60.188    58.400    58.100    59.000    67.100    59.300    57.800    57.900    55.500
 2016      59.000    59.500    58.949    59.441    58.400    57.400    57.400    66.300    58.400    57.300    57.800    56.300
 2017      58.700    59.800    58.747    60.564    60.600    56.900    58.300    66.600    59.300    58.300    58.600    55.600
 2018      59.400    58.400    58.949    58.747    57.600    56.500    57.700    64.900    56.500    56.500    56.700    56.300
 2019      58.500    59.000    59.342    60.161    58.500    58.000    59.300    65.700    58.400    58.300    57.700    55.500
 2020      59.200    58.900    59.099    60.880    61.800    58.300    58.500    63.500    59.100    57.700    57.500    57.200
 2021      58.500    59.300    57.800    60.000    58.200    57.000    58.400    65.900    58.700    58.300    58.500    57.900
 2022      58.400    58.600    57.063    59.555    58.300    57.300    57.100    63.500    58.700    56.600    56.300    56.000
 2023      55.100    55.000    55.082    56.426    55.600    54.300    56.400    61.900    56.800    58.100    56.400


  AUTOCORRELATION FUNCTION TEST FOR SEASONALITY IN LINEARIZEDSERIES QS =   308.83  ASIMPTOTICALLY DISTRIBUTED AS CHI-SQUARE(2)
    p-value= 0.0000


  NON-PARAMETRIC TEST FOR SEASONALITY IN LINEARIZED SERIES (FRIEDMAN) SEAS_NP =    122.38
    ASYMP. DISTRIBUTED AS CHI-SQUARE(11)
    p-value= 0.0000


TOTAL OUTLIER EFFECT FACTORS


 YEAR        JAN       FEB       MAR       APR       MAY       JUN       JUL       AUG       SEP       OCT       NOV       DEC 

 2005     100.000   100.000   100.000   100.000   100.000   100.000   100.000   100.000   100.000   100.000   100.000   100.000
 2006     100.000   100.000   100.000   100.000   100.000   100.000   100.000   100.000   100.000   100.000   100.000   100.000
 2007     100.000   100.000   100.000   100.000   100.000   100.000   100.000   100.000   100.000   100.000   100.000   100.000
 2008     100.000   100.000   100.000   100.000   100.000   100.000   100.000   100.000   100.000   100.000   100.000    92.233
 2009     100.000   100.000   100.000   100.000   100.000   100.000   100.000   105.060   103.516   102.448   101.707   101.192
 2010     100.833   100.582   100.407   100.285   100.199   100.140   100.098   100.068   100.048   100.033   100.023   100.016
 2011     100.011   100.008   100.006   100.004   100.003   100.002   100.001   100.001   100.001   100.000   100.000   100.000
 2012     100.000   100.000   100.000   100.000   100.000   100.000   100.000   100.000   100.000   100.000   100.000   100.000
 2013     100.000   100.000   100.000   100.000   100.000   100.000   100.000   100.000   100.000   100.000   100.000   100.000
 2014     100.000   100.000   100.000   100.000   100.000   100.000   100.000   100.000   100.000   100.000   100.000   100.000
 2015     100.000   100.000   100.000   100.000   100.000   100.000   100.000   100.000   100.000   100.000   100.000   100.000
 2016     100.000   100.000   100.000   100.000   100.000   100.000   100.000   100.000   100.000   100.000   100.000   100.000
 2017     100.000   100.000   100.000   100.000   100.000   100.000   100.000   100.000   100.000   100.000   100.000   100.000
 2018     100.000   100.000   100.000   100.000   100.000   100.000   100.000   100.000   100.000   100.000   100.000   100.000
 2019     100.000   100.000   100.000   100.000   100.000   100.000   100.000   100.000   100.000   100.000   100.000   100.000
 2020     100.000   100.000   105.607   108.766   100.000   100.000   100.000   100.000   100.000   100.000   100.000   100.000
 2021     100.000   100.000   100.000   100.000   100.000   100.000   100.000   100.000   100.000   100.000   100.000   100.000
 2022     100.000   100.000   100.000   100.000   100.000   100.000   100.000   100.000   100.000   100.000   100.000   100.000
 2023     100.000   100.000   100.000   100.000   100.000   100.000   100.000   100.000   100.000   100.000   100.000


TOTAL TRADING DAY - EASTER - LEAP YEAR EFFECT FACTORS


 YEAR        JAN       FEB       MAR       APR       MAY       JUN       JUL       AUG       SEP       OCT       NOV       DEC 

 2005     100.000   100.000    99.068   100.941   100.000   100.000   100.000   100.000   100.000   100.000   100.000   100.000
 2006     100.000   100.000   100.941    99.068   100.000   100.000   100.000   100.000   100.000   100.000   100.000   100.000
 2007     100.000   100.000   100.941    99.068   100.000   100.000   100.000   100.000   100.000   100.000   100.000   100.000
 2008     100.000   100.000    99.068   100.941   100.000   100.000   100.000   100.000   100.000   100.000   100.000   100.000
 2009     100.000   100.000   100.941    99.068   100.000   100.000   100.000   100.000   100.000   100.000   100.000   100.000
 2010     100.000   100.000   100.000   100.000   100.000   100.000   100.000   100.000   100.000   100.000   100.000   100.000
 2011     100.000   100.000   100.941    99.068   100.000   100.000   100.000   100.000   100.000   100.000   100.000   100.000
 2012     100.000   100.000   100.941    99.068   100.000   100.000   100.000   100.000   100.000   100.000   100.000   100.000
 2013     100.000   100.000    99.068   100.941   100.000   100.000   100.000   100.000   100.000   100.000   100.000   100.000
 2014     100.000   100.000   100.941    99.068   100.000   100.000   100.000   100.000   100.000   100.000   100.000   100.000
 2015     100.000   100.000   100.313    99.688   100.000   100.000   100.000   100.000   100.000   100.000   100.000   100.000
 2016     100.000   100.000    99.068   100.941   100.000   100.000   100.000   100.000   100.000   100.000   100.000   100.000
 2017     100.000   100.000   100.941    99.068   100.000   100.000   100.000   100.000   100.000   100.000   100.000   100.000
 2018     100.000   100.000    99.068   100.941   100.000   100.000   100.000   100.000   100.000   100.000   100.000   100.000
 2019     100.000   100.000   100.941    99.068   100.000   100.000   100.000   100.000   100.000   100.000   100.000   100.000
 2020     100.000   100.000   100.941    99.068   100.000   100.000   100.000   100.000   100.000   100.000   100.000   100.000
 2021     100.000   100.000   100.000   100.000   100.000   100.000   100.000   100.000   100.000   100.000   100.000   100.000
 2022     100.000   100.000   100.941    99.068   100.000   100.000   100.000   100.000   100.000   100.000   100.000   100.000
 2023     100.000   100.000   100.941    99.068   100.000   100.000   100.000   100.000   100.000   100.000   100.000
 
 
 
 FORECAST FUNCTION OF ORIGINAL SERIES: 
  
ORIGIN: 227 PERIODS AHEAD: 24
  
 OBS    DATE         FORECAST          STD ERROR        FORECAST          STD ERROR   
                        (SERIES IN LOGS)                     (SERIES IN LEVELS)       
 228  Dec-2023       4.02394          0.196974E-01       55.9209           1.10160    
 229  Jan-2024       4.02520          0.219098E-01       55.9915           1.22691    
 230  Feb-2024       4.02648          0.239184E-01       56.0631           1.34113    
 231  Mar-2024       4.00873          0.261473E-01       55.0767           1.44036    
 232  Apr-2024       4.05739          0.278525E-01       57.8233           1.61084    
 233  May-2024       4.03111          0.291246E-01       56.3232           1.64074    
 234  Jun-2024       4.00780          0.306642E-01       55.0256           1.68771    
 235  Jul-2024       4.03139          0.321301E-01       56.3390           1.81065    
 236  Aug-2024       4.13115          0.335320E-01       62.2492           2.08793    
 237  Sep-2024       4.04274          0.348776E-01       56.9824           1.98801    
 238  Oct-2024       4.04380          0.361732E-01       57.0428           2.06409    
 239  Nov-2024       4.02638          0.374239E-01       56.0574           2.09862    
 240  Dec-2024       4.01759          0.425760E-01       55.5671           2.36690    
 241  Jan-2025       4.01885          0.450782E-01       55.6373           2.50930    
 242  Feb-2025       4.02013          0.474486E-01       55.7085           2.64478    
 243  Mar-2025       4.02111          0.497143E-01       55.7627           2.77392    
 244  Apr-2025       4.03232          0.518732E-01       56.3918           2.92719    
 245  May-2025       4.02476          0.539385E-01       55.9669           3.02097    
 246  Jun-2025       4.00145          0.559347E-01       54.6775           3.06077    
 247  Jul-2025       4.02504          0.578621E-01       55.9827           3.24199    
 248  Aug-2025       4.12480          0.597273E-01       61.8554           3.69776    
 249  Sep-2025       4.03640          0.615360E-01       56.6219           3.48759    
 250  Oct-2025       4.03746          0.632931E-01       56.6820           3.59117    
 251  Nov-2025       4.02003          0.650027E-01       55.7028           3.62466    
