
                                        PROGRAM TRAMO+

             (based on program TRAMO, Victor Gomez and Agustin Maravall©,1996)

         Developed at the Bank of Spain by Gianluca Caporello and Agustin Maravall,
         with programming support from Domingo Pérez Cañete and Roberto López Pavón.

                 VERSION: 1.0 (Revision: 942  Build: 2017/09/25 09:39:13)


 SERIES TITLE=FATEXP_10                                                                       

 INPUT PARAMETERS
   lam= 0   imean= 0   ireg= 2   seats= 2   tabtablet='xo,xi,xl,re,me,td,ee,to,ls,reg'   int2=227   rsa= 0   modelsumm= 1   va=   3.742
 
   
   Reglist01
    Iuser= 2   Nser= 2   Ilong=   0
 
   Fixed Outliers:
   #Observ. Type
      66     AO
      49     LS
 

 NUMBER OF OBSERVATIONS: 227


 ORIGINAL SERIES 

 YEAR        JAN       FEB       MAR       APR       MAY       JUN       JUL       AUG       SEP       OCT       NOV       DEC 

 2005      12.400    12.800    12.700    12.900    12.700    12.500    12.500    13.100    13.500    14.500    13.400    12.600
 2006      13.800    15.000    13.500    13.600    13.400    13.500    13.800    14.300    14.200    14.900    14.000    13.000
 2007      14.200    14.900    13.800    14.200    14.300    15.100    14.900    14.500    15.600    15.700    15.300    12.900
 2008      15.100    14.700    14.200    15.100    14.500    14.400    15.500    15.000    16.000    16.900    16.500    14.300
 2009      14.900    14.800    14.100    14.100    14.200    14.200    14.900    15.400    15.700    16.000    15.400    13.400
 2010      15.800    16.200    15.900    16.100    16.200    18.300    16.900    16.600    16.900    17.200    16.500    14.500
 2011      15.600    16.400    15.700    15.200    16.800    16.400    17.000    16.800    17.600    17.400    17.000    15.500
 2012      17.000    17.500    16.600    16.800    17.200    17.900    18.300    17.900    18.000    19.100    18.600    16.100
 2013      18.400    17.600    17.200    18.300    17.900    18.200    19.100    18.200    19.500    19.700    18.600    17.100
 2014      19.400    19.500    18.200    18.300    18.800    19.500    20.200    18.900    20.500    20.800    19.800    18.000
 2015      20.600    21.100    20.400    20.600    20.600    20.700    21.500    21.200    21.900    21.900    20.900    19.700
 2016      21.200    22.000    20.500    21.700    21.200    21.200    22.200    21.700    22.400    22.700    21.600    21.300
 2017      21.500    21.800    21.300    21.200    21.900    22.100    22.200    21.600    21.900    21.800    21.600    19.800
 2018      22.500    21.400    21.000    22.100    22.300    22.500    23.200    22.600    23.400    22.900    22.700    21.300
 2019      23.000    24.500    22.500    22.200    23.100    22.400    23.800    23.300    23.500    23.400    22.000    21.300
 2020      24.000    23.900    24.200    24.000    23.300    23.300    24.500    23.500    24.400    23.700    24.000    21.700
 2021      24.500    24.700    24.400    25.000    24.500    24.400    25.200    24.400    24.700    24.400    24.200    23.400
 2022      25.200    26.200    24.200    25.600    26.300    25.800    25.600    24.800    25.100    25.500    25.400    23.800
 2023      25.500    25.700    26.200    25.600    25.300    25.800    26.100    25.200    25.900    26.800    26.000


 MODEL PARAMETERS            
 ----------------
  MQ= 12         IMEAN=  0      LAM=  0      D=  1       BD=  1
  P=  0          BP=  0         Q=  1        BQ=  1      IREG=  2
  ITRAD=  0      SMPDAY=  0     IEAST=  0      IDUR=  6     M= 36       IQM= 24
  INCON=  0      NBACK=  0      NPRED= 24    INTERP=  2  INIT=  0
  IFILT=  2      IROOT=  2    INIC=  0    ICONCE=  1
  ICDET=  1      IATIP=  0      IMVX=  0     IDIF=  0    PG=  0
  AIO=  2        INT1=  1       INT2= 227    RSA=  0     SEATS=  2
  VA= 3.74       TOL=  0.100E-03             PC=  0.120E+00
  NOADMISS= 1    STOCHTD 0    BIAS= 1
  THLIM=  0.000  BTHLIM=  0.000   RMOD=  0.500



TH =        -0.10

BTH =        -0.10

WARNING: When adjusting for degrees of freedom in
 order to compute white-noise residuals, the Housholder
 transformation contains an element of arbitrariness 
 that, when multiple regressors are entered, may produce
 a slight variation in results when the order in which
 regressors are entered changes



NUMBER OF INITIAL OBS. =  13

Log-Level pretest : LOGS are Selected
 DIFFERENCED TRANSFORMED SERIES

 YEAR        JAN       FEB       MAR       APR       MAY       JUN       JUL       AUG       SEP       OCT       NOV       DEC 

 2006                 0.052    -0.098    -0.008     0.001     0.023     0.022    -0.011    -0.037    -0.023     0.017    -0.013
 2007      -0.003    -0.035     0.029     0.021     0.022     0.047    -0.035    -0.063     0.080    -0.042     0.036    -0.097
 2008       0.069    -0.075     0.042     0.033    -0.048    -0.061     0.087    -0.006    -0.009     0.048     0.002     0.028
 2009      -0.116     0.020    -0.014    -0.061     0.048     0.007    -0.025     0.066    -0.045    -0.036    -0.014     0.004
 2010       0.124     0.032     0.030     0.013    -0.001     0.122    -0.128    -0.051    -0.001    -0.001    -0.003     0.010
 2011      -0.092     0.025    -0.025    -0.045     0.094    -0.146     0.116     0.006     0.029    -0.029     0.018     0.037
 2012       0.019    -0.021    -0.009     0.044    -0.077     0.064    -0.014    -0.010    -0.041     0.071    -0.003    -0.052
 2013       0.041    -0.073     0.030     0.050    -0.046    -0.023     0.026    -0.026     0.063    -0.049    -0.031     0.060
 2014      -0.007     0.050    -0.046    -0.057     0.049     0.020    -0.013    -0.018     0.012     0.004     0.008    -0.011
 2015       0.009     0.019     0.035     0.004    -0.027    -0.032     0.003     0.052    -0.049    -0.015     0.003     0.036
 2016      -0.062     0.013    -0.037     0.047    -0.023    -0.005     0.008    -0.009    -0.001     0.013    -0.003     0.045
 2017      -0.064    -0.023     0.047    -0.062     0.056     0.009    -0.042    -0.005    -0.018    -0.018     0.040    -0.073
 2018       0.118    -0.064     0.004     0.056    -0.023    -0.000     0.026     0.001     0.021    -0.017     0.000     0.023
 2019      -0.051     0.113    -0.066    -0.064     0.031    -0.040     0.030     0.005    -0.026     0.017    -0.053     0.031
 2020       0.043    -0.067     0.098     0.005    -0.069     0.031    -0.010    -0.020     0.029    -0.025     0.074    -0.068
 2021       0.002     0.012    -0.025     0.033     0.009    -0.004    -0.018     0.009    -0.025     0.017    -0.021     0.067
 2022      -0.047     0.031    -0.067     0.032     0.047    -0.015    -0.040     0.001    -0.000     0.028     0.004    -0.031
 2023      -0.005    -0.031     0.099    -0.079    -0.039     0.039     0.019    -0.003     0.015     0.018    -0.026




 AUTOCORRELATIONS
 ----------------
     -0.4616  -0.0241   0.0965  -0.1436   0.1042   0.0389  -0.0873   0.0798  -0.1920   0.1979   0.0487  -0.4158
 SE   0.0684   0.0816   0.0817   0.0822   0.0834   0.0840   0.0841   0.0845   0.0848   0.0868   0.0889   0.0890
      0.3465  -0.1197  -0.0104   0.1252  -0.1153   0.0398   0.0051  -0.0462   0.1915  -0.2569   0.2215  -0.0965
 SE   0.0977   0.1033   0.1039   0.1039   0.1046   0.1052   0.1053   0.1053   0.1054   0.1070   0.1098   0.1119
     -0.1254   0.1735  -0.1066   0.0281   0.0633  -0.1593   0.1105  -0.0481  -0.0572   0.2104  -0.2051   0.1004
 SE   0.1123   0.1130   0.1142   0.1147   0.1147   0.1149   0.1159   0.1164   0.1165   0.1166   0.1184   0.1200


 PARTIAL AUTOCORRELATIONS
 ---------------------
     -0.4616  -0.3014  -0.0798  -0.1808  -0.0523   0.0541  -0.0080   0.0474  -0.1984   0.0309   0.1542  -0.3965
 SE   0.0684   0.0684   0.0684   0.0684   0.0684   0.0684   0.0684   0.0684   0.0684   0.0684   0.0684   0.0684
     -0.1038  -0.0798  -0.0453  -0.0191   0.0013   0.0636   0.0188  -0.0493   0.0730  -0.0449   0.1677  -0.1960
 SE   0.0684   0.0684   0.0684   0.0684   0.0684   0.0684   0.0684   0.0684   0.0684   0.0684   0.0684   0.0684
     -0.1370  -0.0406  -0.1064   0.0181   0.0161  -0.0494  -0.0398  -0.0795  -0.0895   0.0370   0.0916  -0.1247
 SE   0.0684   0.0684   0.0684   0.0684   0.0684   0.0684   0.0684   0.0684   0.0684   0.0684   0.0684   0.0684
  
 ARIMA MODEL ESTIMATION 
  
 METHOD OF ESTIMATION: EXACT MAXIMUM LIKELIHOOD           
  
 PARAMETER      ESTIMATE           STD ERROR      T RATIO   LAG  
  
 TH1         -0.64953           0.53635E-01      -12.11      1
 BTH         -0.74009           0.47440E-01      -15.60     12
  
 
 REGULAR MA INVERSE ROOTS ARE 
 NO.     REAL P.     IMAG.P.     MODULUS    ARGUMENT      PERIOD
  1      0.64953       0.0000      0.64953       0.0000            -  
 
 SEASONAL MA INVERSE ROOTS ARE 
 NO.     REAL P.     IMAG.P.     MODULUS    ARGUMENT      PERIOD
  1      0.74009       0.0000      0.74009       0.0000            -  
  
 CORRELATIONS OF THE ESTIMATES 
  
  1.000   -0.247
 -0.247    1.000
  
 AIC 
    -912.888
  
 BIC 
     -7.0879
  
 FINAL VALUE OF OBJECTIVE FUNCTION: 
               0.16946    
  
 RADETN:    1.02382573058639     
 ITERATIONS:            2
  
  NUMBER OF FUNCTION EVALUATIONS:            8
  

 ESTIMATES OF REGRESSION PARAMETERS 
 CONCENTRATED OUT OF THE LIKELIHOOD 

 PARAMETER           VALUE          ST. ERROR     T VALUE
 OUT 1 ( 66)         0.12803        (     0.02358)    5.43   AO    ( 6 2010)
 OUT 2 ( 49)        -0.98119E-01    (     0.01991)   -4.93   LS    ( 1 2009)

 VAR-CORRELATION MATRIX OF ESTIMATORS 

   0.556E-03
   0.343E-02   0.396E-03


 VARIANCES ARE IN THE MAIN DIAGONAL; 
 OFF-DIAGONAL ELEMENTS ARE CORRELATIONS. 



ACF DIFFERENCED SERIES




 AUTOCORRELATIONS
 ----------------
     -0.4611  -0.0224   0.0957  -0.1484   0.1074   0.0335  -0.0899   0.0880  -0.1952   0.1947   0.0546  -0.4259
 SE   0.0684   0.0816   0.0816   0.0822   0.0834   0.0840   0.0841   0.0846   0.0850   0.0871   0.0891   0.0892
      0.3527  -0.1247  -0.0086   0.1253  -0.1122   0.0462   0.0020  -0.0486   0.1901  -0.2540   0.2201  -0.0850
 SE   0.0983   0.1040   0.1047   0.1047   0.1054   0.1060   0.1061   0.1061   0.1062   0.1077   0.1105   0.1125
     -0.1329   0.1749  -0.1018   0.0248   0.0648  -0.1622   0.1104  -0.0507  -0.0492   0.2162  -0.2152   0.1012
 SE   0.1128   0.1136   0.1148   0.1152   0.1153   0.1154   0.1165   0.1170   0.1171   0.1172   0.1190   0.1208
  
  
  NUMBER OF WHITE NOISE RESIDUALS          212
  
 WHITE NOISE RESIDUALS
  
    X  10.0D-1


 YEAR        JAN       FEB       MAR       APR       MAY       JUN       JUL       AUG       SEP       OCT       NOV       DEC 

 2006                                    -0.400    -0.245     0.030     0.195     0.036    -0.275    -0.366    -0.104    -0.169
 2007      -0.108    -0.157    -0.260    -0.009     0.197     0.659     0.201    -0.494     0.250    -0.321     0.198    -0.810
 2008       0.118    -0.699    -0.152     0.319    -0.117    -0.318     0.479    -0.147     0.193     0.274     0.460    -0.047
 2009       0.232    -0.196    -0.056    -0.347     0.016    -0.090     0.168     0.434     0.040    -0.221    -0.088    -0.258
 2010       0.271     0.241     0.500     0.225     0.310     0.069     0.210    -0.134    -0.274    -0.368    -0.232    -0.196
 2011      -0.725    -0.172    -0.109    -0.589     0.670     0.160     0.100    -0.071     0.102    -0.360    -0.047     0.302
 2012      -0.047    -0.022    -0.104    -0.005     0.005     0.439     0.144    -0.108    -0.370     0.152     0.203    -0.142
 2013       0.140    -0.636    -0.181     0.427    -0.172    -0.023     0.143    -0.317     0.206    -0.067    -0.275     0.221
 2014       0.242     0.116    -0.213    -0.301    -0.037     0.241     0.143    -0.392     0.172     0.007    -0.085     0.128
 2015       0.243     0.315     0.344     0.146    -0.057    -0.159    -0.087     0.110    -0.101    -0.288    -0.228     0.349
 2016      -0.271     0.072    -0.219     0.272    -0.169    -0.248    -0.067    -0.008    -0.140    -0.123    -0.139     0.728
 2017      -0.535    -0.396     0.020    -0.296     0.110     0.060    -0.307    -0.220    -0.422    -0.476     0.051    -0.091
 2018       0.380    -0.429    -0.030     0.309     0.190     0.113     0.078     0.048     0.035    -0.297     0.078     0.192
 2019      -0.061     0.593    -0.093    -0.462    -0.001    -0.405     0.040     0.074    -0.212    -0.201    -0.459     0.120
 2020       0.366     0.033     0.643     0.172    -0.361    -0.226    -0.026    -0.186    -0.023    -0.310     0.298    -0.181
 2021       0.116     0.046     0.243     0.302    -0.059    -0.073    -0.138    -0.121    -0.259    -0.218     0.020     0.407
 2022      -0.035     0.263    -0.343     0.203     0.415     0.093    -0.407    -0.282    -0.319     0.036     0.186     0.098
 2023      -0.212    -0.237     0.453    -0.185    -0.298     0.065    -0.112    -0.120    -0.024     0.348     0.083
 
 
  STABILITY TEST
 
 
     1. FULL PERIOD
                  FIRST HALF                    SECOND HALF
           Mean(t)          Variance      Mean(t)          Variance
      -0.23E-02(-0.84    )  0.81E-03 -0.23E-02(-0.94    )  0.66E-03
 
      Mean assumed equal to 0
      VR(variance ratio)= 0.82    
 
      MEAN STABILITY IS NOT REJECTED.
      VARIANCE STABILITY IS NOT REJECTED.


 
     2. LAST 10 YEARS
                  FIRST HALF                    SECOND HALF
           Mean(t)          Variance      Mean(t)          Variance
      -0.27E-02(-0.83    )  0.62E-03 -0.11E-02(-0.33    )  0.65E-03
 
      Mean assumed equal to 0
      VR(variance ratio)=  1.1    
 
      LAST 10 YEARS MEAN STABILITY IS NOT REJECTED.
      LAST 10 YEARS VARIANCE STABILITY IS NOT REJECTED.


 
  OUT-OF-SAMPLE TEST
  ------------------
      Model re-estimated on Linearized series for first 209 observations.
       18 One-Period-Ahead Forecasts computed with model fixed.
      Comparison between forecast errors (last   18 observations) and residuals (in-sample):

        Mean(Forecast Errors)
            p-value= 0.4984
            Mean of forecast errors can be assumed zero.

        Out-of-Sample MSE is :  0.5522E-03
        In-Sample MSE is :  0.7749E-03
        F( 18,196) is :  0.713E+00
            p-value(%)=79.6072

        Mean and Variance of forecast Errors and In-Sample residuals ARE NOT significantly different.


 TEST-STATISTICS ON RESIDUALS
 ----------------------------


           MEAN=  -0.2329838E-02
        ST.DEV.=   0.1864154E-02
        OF MEAN
        T-VALUE= -1.2498

 NORMALITY TEST=  0.2378        ( CHI-SQUARE(2) )

       SKEWNESS=  0.0710          ( SE =  0.1682 )
       KURTOSIS=  3.0822          ( SE =  0.3365 )

 SUM OF SQUARES=   0.1553589    

  DURBIN-WATSON=  1.9440

 STANDARD ERROR=   0.2774613E-01
 OF RESID.
  MSE OF RESID.=   0.7698475E-03




 AUTOCORRELATIONS
 ----------------
      0.0349   0.0262  -0.0140  -0.0797  -0.0270   0.0289  -0.1156  -0.0647  -0.1730   0.0649  -0.0404   0.0126
 SE   0.0687   0.0687   0.0687   0.0687   0.0687   0.0687   0.0687   0.0687   0.0687   0.0687   0.0687   0.0687
 Q      0.26     0.41     0.45     1.84     2.00     2.18     5.14     6.07    12.76    13.71    14.08    14.11
 PV    -1.00    -1.00     0.50     0.40     0.57     0.70     0.40     0.42     0.08     0.09     0.12     0.17
      0.1441   0.0155  -0.0035   0.0648  -0.1106   0.0170  -0.0385   0.0429   0.0512  -0.0212   0.0764  -0.0528
 SE   0.0687   0.0687   0.0687   0.0687   0.0687   0.0687   0.0687   0.0687   0.0687   0.0687   0.0687   0.0687
 Q     18.85    18.90    18.91    19.88    22.73    22.79    23.14    23.58    24.20    24.31    25.71    26.38
 PV     0.06     0.09     0.13     0.13     0.09     0.12     0.14     0.17     0.19     0.23     0.22     0.24
     -0.0646   0.0750  -0.0733   0.0236  -0.1042  -0.1632  -0.0024   0.0445   0.0236   0.1537   0.0005   0.0443
 SE   0.0687   0.0687   0.0687   0.0687   0.0687   0.0687   0.0687   0.0687   0.0687   0.0687   0.0687   0.0687
 Q     27.39    28.77    30.08    30.22    32.91    39.55    39.55    40.05    40.19    46.21    46.21    46.72
 PV     0.24     0.23     0.22     0.26     0.20     0.07     0.09     0.10     0.12     0.05     0.06     0.07

  LJUNG-BOX Q VALUE OF ORDER  24 IS     26.38 AND IF RESIDUALS ARE RANDOM IT SHOULD BE DISTRIBUTED AS CHI-SQUARE(22)
  p-value= 0.2357
  THE PIERCE QS VALUE IS      0.04 AND IF RESIDUALS ARE RANDOM IT SHOULD BE DISTRIBUTED AS CHI-SQUARE(2)

 APPROXIMATE TEST OF RUNS ON RESIDUALS
 -------------------------------------
  NUM.DATA= 212
   NUM.(+)= 106
   NUM.(-)= 106
  NUM.RUNS= 106
   T-VALUE= -0.1377


  NON-PARAMETRIC TEST FOR RESIDUAL SEASONALITY (FRIEDMAN) SEAS_NP =     11.02
    ASYMP. DISTRIBUTED AS CHI-SQUARE(11)
    p-value= 0.4417



 SQUARED RESIDUALS:
 ------------------




 AUTOCORRELATIONS
 ----------------
     -0.0502   0.1648  -0.0669   0.1070  -0.0698   0.0545   0.0020   0.0251   0.0508  -0.0790  -0.0213  -0.1037
 SE   0.0687   0.0687   0.0687   0.0687   0.0687   0.0687   0.0687   0.0687   0.0687   0.0687   0.0687   0.0687
 Q      0.54     6.41     7.38     9.88    10.94    11.60    11.60    11.74    12.31    13.72    13.82    16.26
 PV    -1.00    -1.00     0.01     0.01     0.01     0.02     0.04     0.07     0.09     0.09     0.13     0.09
      0.0811   0.0334  -0.1357  -0.0075  -0.0154  -0.1104  -0.1477  -0.0363   0.0498   0.0256  -0.0556  -0.0330
 SE   0.0687   0.0687   0.0687   0.0687   0.0687   0.0687   0.0687   0.0687   0.0687   0.0687   0.0687   0.0687
 Q     17.76    18.01    22.26    22.27    22.32    25.18    30.30    30.61    31.20    31.36    32.10    32.36
 PV     0.09     0.12     0.05     0.07     0.10     0.07     0.02     0.03     0.04     0.05     0.06     0.07
      0.0897   0.0799   0.0229   0.0236  -0.0521   0.0783  -0.0472  -0.0347  -0.0140   0.0406   0.1232  -0.0806
 SE   0.0687   0.0687   0.0687   0.0687   0.0687   0.0687   0.0687   0.0687   0.0687   0.0687   0.0687   0.0687
 Q     34.32    35.87    36.00    36.14    36.81    38.34    38.90    39.20    39.25    39.67    43.57    45.24
 PV     0.06     0.06     0.07     0.09     0.10     0.09     0.10     0.12     0.15     0.17     0.10     0.09

  McLEOD-LI Q VALUE OF ORDER  24 IS     32.36 AND IF RESIDUALS ARE RANDOM IT SHOULD BE DISTRIBUTED AS CHI-SQUARE(24)
  p-value= 0.1182
 
 
 
SPECTRAL DIAGNOSTICS
 --------------------
 
A. SEASONAL SPECTRAL PEAKS
 
                           Frequency (cycles per year)
                     One    Two   Three  Four   Five    Six  
 Original series      aT     aT     AT     AT     aT     at
 Linearized series    aT     aT     AT     AT     aT     at
 Residuals            At     -t     --     --     --     --
 
 AT : peaks detected in AR(30) and using Tukey spectrum  estimator
 A- : only peaks detected in AR(30) spectrum estimator
 -T : only peaks detected using Tukey spectrum estimator
 -- : No peaks detected in AR(30) nor using Tukey spectrum estimator
 
 
 
B. STOCHASTIC SEASONALITY: SPECTRAL EVIDENCE
 
 1 :  SERIES CONTAINS SEASONALITY THAT CAN BE RELIABLY EXTRACTED.
 0 :  SEASONALITY IS NOT PRESENT IN THE SERIES OR IS TOO WEAK TO BE RELIABLY CAPTURED.
 
 ORIGINAL SERIES :   1
 LINEARIZED SERIES : 1
 RESIDUALS :         0
 
 
 
C. TRADING DAY EFFECT: SPECTRAL EVIDENCE
 
 1 :  TRADING DAY EFFECT DETECTED
 0 :  NO TRADING DAY EFFECT DETECTED
 
 LINEARIZED SERIES : 0
 RESIDUALS :         0
 
 
OVERALL TEST FOR IDENTIFIABLE SEASONALITY 
----------------------------------------- 
 
  AUTOCORRELATION FUNCTION EVIDENCE : YES
  NON-PARAMETRIC EVIDENCE           : YES
  F-TEST                            :  - 
  SPECTRAL EVIDENCE                 : YES
 
IDENTIFIABLE SEASONALITY FOUND IN SERIES
 
 
OVERALL TEST FOR RESIDUALS SEASONALITY 
----------------------------------------- 
 
  AUTOCORRELATION FUNCTION EVIDENCE : NO 
  NON-PARAMETRIC EVIDENCE           : NO 
  F-TEST                            : NO 
  SPECTRAL EVIDENCE                 : NO 
 
NO IDENTIFIABLE SEASONALITY FOUND IN RESIDUALS
 
 
ARIMA MODEL : GOOD FIT
----------------------

ALL TEST ARE PASSED
 
QUALITY ARIMA MODEL TESTS
----------------------------------------

  Mean in residuals                      :GOOD        
  Autocorrelation in residuals           :GOOD        
  Normality of residuals                 :GOOD        
  Skewness of residuals                  :GOOD        
  Kurtosis of residuals                  :GOOD        
  Randomness of residual sign            :GOOD        
  Instability of residual mean           :GOOD        
  Instability of residual variance       :GOOD        
  Seasonality in residuals               :GOOD        
  Trading day in residuals               :GOOD        
  Out-of-sample forecast errors          :GOOD        
  Number of outliers                     :GOOD        
 


 LINEAR SERIES


 YEAR        JAN       FEB       MAR       APR       MAY       JUN       JUL       AUG       SEP       OCT       NOV       DEC 

 2005      11.241    11.604    11.513    11.694    11.513    11.332    11.332    11.876    12.238    13.145    12.148    11.422
 2006      12.510    13.598    12.238    12.329    12.148    12.238    12.510    12.964    12.873    13.507    12.692    11.785
 2007      12.873    13.507    12.510    12.873    12.964    13.689    13.507    13.145    14.142    14.233    13.870    11.694
 2008      13.689    13.326    12.873    13.689    13.145    13.054    14.051    13.598    14.505    15.321    14.958    12.964
 2009      14.900    14.800    14.100    14.100    14.200    14.200    14.900    15.400    15.700    16.000    15.400    13.400
 2010      15.800    16.200    15.900    16.100    16.200    16.101    16.900    16.600    16.900    17.200    16.500    14.500
 2011      15.600    16.400    15.700    15.200    16.800    16.400    17.000    16.800    17.600    17.400    17.000    15.500
 2012      17.000    17.500    16.600    16.800    17.200    17.900    18.300    17.900    18.000    19.100    18.600    16.100
 2013      18.400    17.600    17.200    18.300    17.900    18.200    19.100    18.200    19.500    19.700    18.600    17.100
 2014      19.400    19.500    18.200    18.300    18.800    19.500    20.200    18.900    20.500    20.800    19.800    18.000
 2015      20.600    21.100    20.400    20.600    20.600    20.700    21.500    21.200    21.900    21.900    20.900    19.700
 2016      21.200    22.000    20.500    21.700    21.200    21.200    22.200    21.700    22.400    22.700    21.600    21.300
 2017      21.500    21.800    21.300    21.200    21.900    22.100    22.200    21.600    21.900    21.800    21.600    19.800
 2018      22.500    21.400    21.000    22.100    22.300    22.500    23.200    22.600    23.400    22.900    22.700    21.300
 2019      23.000    24.500    22.500    22.200    23.100    22.400    23.800    23.300    23.500    23.400    22.000    21.300
 2020      24.000    23.900    24.200    24.000    23.300    23.300    24.500    23.500    24.400    23.700    24.000    21.700
 2021      24.500    24.700    24.400    25.000    24.500    24.400    25.200    24.400    24.700    24.400    24.200    23.400
 2022      25.200    26.200    24.200    25.600    26.300    25.800    25.600    24.800    25.100    25.500    25.400    23.800
 2023      25.500    25.700    26.200    25.600    25.300    25.800    26.100    25.200    25.900    26.800    26.000


  AUTOCORRELATION FUNCTION TEST FOR SEASONALITY IN LINEARIZEDSERIES QS =   202.30  ASIMPTOTICALLY DISTRIBUTED AS CHI-SQUARE(2)
    p-value= 0.0000


  NON-PARAMETRIC TEST FOR SEASONALITY IN LINEARIZED SERIES (FRIEDMAN) SEAS_NP =    118.97
    ASYMP. DISTRIBUTED AS CHI-SQUARE(11)
    p-value= 0.0000


TOTAL OUTLIER EFFECT FACTORS


 YEAR        JAN       FEB       MAR       APR       MAY       JUN       JUL       AUG       SEP       OCT       NOV       DEC 

 2005     110.309   110.309   110.309   110.309   110.309   110.309   110.309   110.309   110.309   110.309   110.309   110.309
 2006     110.309   110.309   110.309   110.309   110.309   110.309   110.309   110.309   110.309   110.309   110.309   110.309
 2007     110.309   110.309   110.309   110.309   110.309   110.309   110.309   110.309   110.309   110.309   110.309   110.309
 2008     110.309   110.309   110.309   110.309   110.309   110.309   110.309   110.309   110.309   110.309   110.309   110.309
 2009     100.000   100.000   100.000   100.000   100.000   100.000   100.000   100.000   100.000   100.000   100.000   100.000
 2010     100.000   100.000   100.000   100.000   100.000   113.659   100.000   100.000   100.000   100.000   100.000   100.000
 2011     100.000   100.000   100.000   100.000   100.000   100.000   100.000   100.000   100.000   100.000   100.000   100.000
 2012     100.000   100.000   100.000   100.000   100.000   100.000   100.000   100.000   100.000   100.000   100.000   100.000
 2013     100.000   100.000   100.000   100.000   100.000   100.000   100.000   100.000   100.000   100.000   100.000   100.000
 2014     100.000   100.000   100.000   100.000   100.000   100.000   100.000   100.000   100.000   100.000   100.000   100.000
 2015     100.000   100.000   100.000   100.000   100.000   100.000   100.000   100.000   100.000   100.000   100.000   100.000
 2016     100.000   100.000   100.000   100.000   100.000   100.000   100.000   100.000   100.000   100.000   100.000   100.000
 2017     100.000   100.000   100.000   100.000   100.000   100.000   100.000   100.000   100.000   100.000   100.000   100.000
 2018     100.000   100.000   100.000   100.000   100.000   100.000   100.000   100.000   100.000   100.000   100.000   100.000
 2019     100.000   100.000   100.000   100.000   100.000   100.000   100.000   100.000   100.000   100.000   100.000   100.000
 2020     100.000   100.000   100.000   100.000   100.000   100.000   100.000   100.000   100.000   100.000   100.000   100.000
 2021     100.000   100.000   100.000   100.000   100.000   100.000   100.000   100.000   100.000   100.000   100.000   100.000
 2022     100.000   100.000   100.000   100.000   100.000   100.000   100.000   100.000   100.000   100.000   100.000   100.000
 2023     100.000   100.000   100.000   100.000   100.000   100.000   100.000   100.000   100.000   100.000   100.000
 
 
 
 FORECAST FUNCTION OF ORIGINAL SERIES: 
  
ORIGIN: 227 PERIODS AHEAD: 24
  
 OBS    DATE         FORECAST          STD ERROR        FORECAST          STD ERROR   
                        (SERIES IN LOGS)                     (SERIES IN LEVELS)       
 228  Dec-2023       3.18937          0.271995E-01       24.2730          0.660335    
 229  Jan-2024       3.27856          0.288217E-01       26.5375          0.765014    
 230  Feb-2024       3.29370          0.303572E-01       26.9423          0.818080    
 231  Mar-2024       3.26809          0.318187E-01       26.2611          0.835807    
 232  Apr-2024       3.28036          0.332160E-01       26.5854          0.883303    
 233  May-2024       3.28177          0.345568E-01       26.6230          0.920279    
 234  Jun-2024       3.28233          0.358477E-01       26.6378          0.955212    
 235  Jul-2024       3.30517          0.370933E-01       27.2532           1.01126    
 236  Aug-2024       3.27353          0.382986E-01       26.4044           1.01162    
 237  Sep-2024       3.29700          0.394672E-01       27.0314           1.06727    
 238  Oct-2024       3.30424          0.406021E-01       27.2278           1.10596    
 239  Nov-2024       3.28455          0.417061E-01       26.6969           1.11391    
 240  Dec-2024       3.21979          0.448892E-01       25.0229           1.12382    
 241  Jan-2025       3.30898          0.464684E-01       27.3573           1.27194    
 242  Feb-2025       3.32412          0.479954E-01       27.7746           1.33382    
 243  Mar-2025       3.29852          0.494753E-01       27.0724           1.34024    
 244  Apr-2025       3.31079          0.509122E-01       27.4067           1.39624    
 245  May-2025       3.31220          0.523096E-01       27.4454           1.43664    
 246  Jun-2025       3.31276          0.536709E-01       27.4607           1.47490    
 247  Jul-2025       3.33560          0.549981E-01       28.0951           1.54635    
 248  Aug-2025       3.30396          0.562943E-01       27.2201           1.53355    
 249  Sep-2025       3.32742          0.575612E-01       27.8664           1.60535    
 250  Oct-2025       3.33466          0.588008E-01       28.0690           1.65191    
 251  Nov-2025       3.31497          0.600149E-01       27.5216           1.65320    
