
                                        PROGRAM TRAMO+

             (based on program TRAMO, Victor Gomez and Agustin Maravall©,1996)

         Developed at the Bank of Spain by Gianluca Caporello and Agustin Maravall,
         with programming support from Domingo Pérez Cañete and Roberto López Pavón.

                 VERSION: 1.0 (Revision: 942  Build: 2017/09/25 09:39:13)


 SERIES TITLE=DIVIZ27                                                                         

 INPUT PARAMETERS
   lam= 0   imean= 0   ireg= 5   ieast= 3   seats= 2   tabtablet='xo,xi,xl,re,me,td,ee,to,ls,reg'   int2=227   rsa= 0   modelsumm= 1   va=   3.742
 
  WARNING :
    Remember to define the regression variable name in the first line of the external regression file.
   Name : NOT DEFINED.
   Reglist01
    Iuser=-1   Nser= 1   Ilong= 312
 
   Name : NOT DEFINED.
   Reglist02
    Iuser= 2   Nser= 4   Ilong=   0
 
   Fixed Outliers:
   #Observ. Type
      26     AO
     184     AO
     183     TC
     180     AO
 

 NUMBER OF OBSERVATIONS: 227


 ORIGINAL SERIES 

 YEAR        JAN       FEB       MAR       APR       MAY       JUN       JUL       AUG       SEP       OCT       NOV       DEC 

 2005      88.700   100.200   105.000    98.700   105.400   105.000   105.800    61.100   117.100   108.600   110.100    92.200
 2006      99.900   110.300   128.300    98.200   123.000   124.300   125.700    75.000   137.300   143.400   139.700   114.300
 2007     115.000   108.000   133.800   112.600   125.900   132.900   137.300    79.400   128.000   142.400   124.400    99.400
 2008     115.500   132.600   125.000   131.400   123.300   124.800   134.600    68.300   128.500   132.800   107.000    84.800
 2009      83.500    89.500    97.300    85.900    83.900    82.700   103.200    49.700   109.600   104.100    99.600    81.600
 2010      80.900    93.000   101.000    93.100    92.700    97.300   103.800    56.500   106.100   106.100   107.200    92.000
 2011      95.100   110.400   116.900    98.900   108.000   103.800   111.700    65.100   113.600   112.100   108.600    86.100
 2012      94.000   105.400   119.900    92.500   102.300   101.700   111.300    63.900   110.700   114.300   103.100    80.800
 2013      96.500    98.200   104.700    95.900    97.500   100.400   113.100    63.300   111.100   114.700   104.200    84.500
 2014      98.700    99.600   108.000   108.000   107.900   111.500   118.800    69.600   127.900   127.800   116.100    91.200
 2015      95.200    98.300   107.300   101.900    96.600   105.800   110.400    63.100   115.600   111.300   107.000    87.600
 2016      89.500   102.400   113.400   105.100   104.600   107.400   105.400    71.700   112.800   109.000   113.500    93.500
 2017      99.300   105.700   123.200    97.100   119.000   111.800   110.100    75.900   120.400   121.700   125.900   100.400
 2018     107.300   111.500   125.600   106.600   113.100   115.900   112.100    75.700   108.600   115.200   114.600    94.900
 2019     105.500   111.200   119.300   104.100   118.900   114.000   121.100    72.300   115.300   117.000   110.100    84.000
 2020     103.100   109.000    99.400    59.300    87.400   101.400   114.500    71.500   120.200   120.900   116.900    96.600
 2021     106.500   118.700   137.200   127.800   124.300   128.000   130.900    85.300   137.400   135.500   138.800   118.700
 2022     117.900   140.500   164.900   135.100   158.600   144.900   140.400    95.900   150.500   137.800   147.400   120.300
 2023     135.000   143.900   168.300   129.000   148.700   147.900   140.700    94.600   139.400   146.700   143.300

DATES OF EASTER DURING THE REQUESTED TIME SPAN 

 YEAR MONTH  DAY 

   2005   MARCH   27
   2006   APRIL   16
   2007   APRIL    8
   2008   MARCH   23
   2009   APRIL   12
   2010   APRIL    4
   2011   APRIL   24
   2012   APRIL    8
   2013   MARCH   31
   2014   APRIL   20
   2015   APRIL    5
   2016   MARCH   27
   2017   APRIL   16
   2018   APRIL    1
   2019   APRIL   21
   2020   APRIL   12
   2021   APRIL    4
   2022   APRIL   17
   2023   APRIL    9
   2024   MARCH   31
   2025   APRIL   20
   2026   APRIL    5


 MODEL PARAMETERS            
 ----------------
  MQ= 12         IMEAN=  0      LAM=  0      D=  1       BD=  1
  P=  0          BP=  0         Q=  1        BQ=  1      IREG=  5
  ITRAD=  0      SMPDAY=  0     IEAST=  3      IDUR=  6     M= 36       IQM= 24
  INCON=  0      NBACK=  0      NPRED= 24    INTERP=  2  INIT=  0
  IFILT=  2      IROOT=  2    INIC=  0    ICONCE=  1
  ICDET=  1      IATIP=  0      IMVX=  0     IDIF=  0    PG=  0
  AIO=  2        INT1=  1       INT2= 227    RSA=  0     SEATS=  2
  VA= 3.74       TOL=  0.100E-03             PC=  0.120E+00
  NOADMISS= 1    STOCHTD 0    BIAS= 1
  THLIM=  0.000  BTHLIM=  0.000   RMOD=  0.500



TH =        -0.10

BTH =        -0.10

WARNING: When adjusting for degrees of freedom in
 order to compute white-noise residuals, the Housholder
 transformation contains an element of arbitrariness 
 that, when multiple regressors are entered, may produce
 a slight variation in results when the order in which
 regressors are entered changes



NUMBER OF INITIAL OBS. =  13

Log-Level pretest : LOGS are Selected
 DIFFERENCED TRANSFORMED SERIES

 YEAR        JAN       FEB       MAR       APR       MAY       JUN       JUL       AUG       SEP       OCT       NOV       DEC 

 2006                -0.023     0.104    -0.205     0.160     0.014     0.004     0.033    -0.046     0.119    -0.040    -0.023
 2007      -0.074    -0.162     0.063     0.095    -0.114     0.044     0.021    -0.031    -0.127     0.063    -0.109    -0.024
 2008       0.144     0.201    -0.273     0.222    -0.175    -0.042     0.043    -0.131     0.154    -0.074    -0.081    -0.008
 2009      -0.166    -0.069     0.143    -0.175     0.040    -0.026     0.146    -0.052     0.159    -0.084     0.172     0.033
 2010       0.007     0.070    -0.001     0.043     0.019     0.063    -0.157     0.122    -0.161     0.051     0.055     0.046
 2011       0.042     0.010    -0.025    -0.086     0.092    -0.088     0.009     0.068    -0.073    -0.013    -0.042    -0.079
 2012       0.055    -0.035     0.072    -0.092     0.013     0.034     0.017    -0.015    -0.007     0.045    -0.071    -0.012
 2013       0.090    -0.097    -0.065     0.172    -0.084     0.035     0.029    -0.025     0.013    -0.000     0.007     0.034
 2014      -0.022    -0.008     0.017     0.088    -0.017     0.004    -0.056     0.046     0.046    -0.033    -0.000    -0.032
 2015      -0.112     0.023     0.007    -0.052    -0.052     0.058    -0.021    -0.025    -0.003    -0.037     0.057     0.041
 2016      -0.021     0.103     0.014    -0.024     0.049    -0.065    -0.061     0.174    -0.152     0.004     0.080     0.006
 2017       0.039    -0.072     0.051    -0.162     0.208    -0.089     0.003     0.013     0.008     0.045    -0.007    -0.032
 2018       0.006    -0.024    -0.034     0.074    -0.144     0.087    -0.018    -0.021    -0.101     0.048    -0.039     0.038
 2019       0.039     0.014    -0.049     0.028     0.074    -0.067     0.094    -0.123     0.106    -0.044    -0.056    -0.082
 2020       0.099     0.003    -0.163    -0.380     0.255     0.191     0.061     0.045     0.053    -0.009     0.027     0.080
 2021      -0.107     0.053     0.237     0.446    -0.416    -0.119    -0.099     0.043    -0.043    -0.020     0.058     0.034
 2022      -0.104     0.067     0.015    -0.128     0.188    -0.120    -0.054     0.047    -0.026    -0.074     0.043    -0.047
 2023       0.122    -0.112    -0.004    -0.067    -0.018     0.085    -0.018    -0.016    -0.063     0.139    -0.091




 AUTOCORRELATIONS
 ----------------
     -0.2889   0.1342  -0.0549   0.0788  -0.0932   0.1058   0.0301  -0.1350   0.0896  -0.0629   0.0090  -0.3533
 SE   0.0684   0.0738   0.0750   0.0752   0.0755   0.0761   0.0768   0.0768   0.0779   0.0784   0.0786   0.0786
      0.1469  -0.0410   0.0386   0.0008   0.0285  -0.0984   0.0796   0.1143  -0.0866  -0.0089   0.0358  -0.1203
 SE   0.0857   0.0869   0.0870   0.0871   0.0871   0.0871   0.0876   0.0880   0.0887   0.0891   0.0891   0.0891
      0.0516  -0.0855   0.0410  -0.0965   0.0440  -0.1100  -0.0318  -0.0891   0.0528   0.0403  -0.0184   0.0375
 SE   0.0899   0.0900   0.0904   0.0905   0.0910   0.0911   0.0917   0.0917   0.0921   0.0923   0.0924   0.0924


 PARTIAL AUTOCORRELATIONS
 ---------------------
     -0.2889   0.0553  -0.0025   0.0611  -0.0584   0.0602   0.0962  -0.1349   0.0206  -0.0246  -0.0230  -0.3817
 SE   0.0684   0.0684   0.0684   0.0684   0.0684   0.0684   0.0684   0.0684   0.0684   0.0684   0.0684   0.0684
     -0.0852   0.0975   0.0502   0.0245   0.0179  -0.0142   0.0708   0.0898  -0.0171  -0.1056  -0.0474  -0.2943
 SE   0.0684   0.0684   0.0684   0.0684   0.0684   0.0684   0.0684   0.0684   0.0684   0.0684   0.0684   0.0684
     -0.0296  -0.0687   0.0562  -0.0107  -0.0230  -0.1067  -0.0221  -0.0470  -0.0218  -0.0015  -0.0415  -0.1733
 SE   0.0684   0.0684   0.0684   0.0684   0.0684   0.0684   0.0684   0.0684   0.0684   0.0684   0.0684   0.0684
  
 ARIMA MODEL ESTIMATION 
  
 METHOD OF ESTIMATION: EXACT MAXIMUM LIKELIHOOD           
  
 PARAMETER      ESTIMATE           STD ERROR      T RATIO   LAG  
  
 TH1         -0.31216           0.65646E-01       -4.76      1
 BTH         -0.64242           0.52954E-01      -12.13     12
  
 
 REGULAR MA INVERSE ROOTS ARE 
 NO.     REAL P.     IMAG.P.     MODULUS    ARGUMENT      PERIOD
  1      0.31216       0.0000      0.31216       0.0000            -  
 
 SEASONAL MA INVERSE ROOTS ARE 
 NO.     REAL P.     IMAG.P.     MODULUS    ARGUMENT      PERIOD
  1      0.64242       0.0000      0.64242       0.0000            -  
  
 CORRELATIONS OF THE ESTIMATES 
  
  1.000   -0.146
 -0.146    1.000
  
 AIC 
    -687.057
  
 BIC 
     -5.9529
  
 FINAL VALUE OF OBJECTIVE FUNCTION: 
               0.46897    
  
 RADETN:    1.01527717097267     
 ITERATIONS:            2
  
  NUMBER OF FUNCTION EVALUATIONS:            8
  

 ESTIMATES OF REGRESSION PARAMETERS 
 CONCENTRATED OUT OF THE LIKELIHOOD 

 PARAMETER           VALUE          ST. ERROR     T VALUE
 REG      1          0.31089E-01    (     0.00255)   12.20
 EAST     1         -0.37796E-01    (     0.01093)   -3.46
 OUT 1 ( 26)        -0.14451        (     0.03510)   -4.12   AO    ( 2 2007)
 OUT 2 (184)        -0.41686        (     0.03607)  -11.56   AO    ( 4 2020)
 OUT 3 (183)        -0.23306        (     0.04071)   -5.73   TC    ( 3 2020)
 OUT 4 (180)        -0.10673        (     0.03475)   -3.07   AO    (12 2019)

 VAR-CORRELATION MATRIX OF ESTIMATORS 

   0.650E-05
   0.184E+00   0.119E-03
   0.299E-01  -0.287E-01   0.123E-02
  -0.177E+00  -0.163E+00  -0.686E-03   0.130E-02
   0.458E-01   0.870E-01  -0.194E-02  -0.176E+00   0.166E-02
   0.217E-03   0.340E-03  -0.158E-03   0.263E-02   0.463E-01   0.121E-02


 VARIANCES ARE IN THE MAIN DIAGONAL; 
 OFF-DIAGONAL ELEMENTS ARE CORRELATIONS. 



ACF DIFFERENCED SERIES




 AUTOCORRELATIONS
 ----------------
     -0.3030   0.1300  -0.0517   0.0915  -0.0995   0.1091   0.0331  -0.1508   0.0910  -0.0472   0.0101  -0.3602
 SE   0.0684   0.0744   0.0754   0.0756   0.0761   0.0767   0.0774   0.0775   0.0789   0.0793   0.0795   0.0795
      0.1620  -0.0486   0.0350   0.0098   0.0157  -0.0966   0.0814   0.1182  -0.0894  -0.0192   0.0343  -0.1103
 SE   0.0868   0.0882   0.0883   0.0884   0.0884   0.0884   0.0889   0.0892   0.0900   0.0904   0.0904   0.0904
      0.0552  -0.0867   0.0411  -0.1051   0.0629  -0.1171  -0.0292  -0.0893   0.0478   0.0505  -0.0155   0.0305
 SE   0.0911   0.0912   0.0916   0.0917   0.0923   0.0925   0.0932   0.0932   0.0936   0.0937   0.0938   0.0938
  
  
  NUMBER OF WHITE NOISE RESIDUALS          208
  
 WHITE NOISE RESIDUALS
  

 YEAR        JAN       FEB       MAR       APR       MAY       JUN       JUL       AUG       SEP       OCT       NOV       DEC 

 2006                                                                             0.031    -0.003     0.047     0.007     0.035
 2007      -0.133    -0.021    -0.039     0.003    -0.051     0.031     0.002     0.015    -0.093    -0.004    -0.079    -0.060
 2008       0.074     0.057     0.001     0.031    -0.065    -0.033    -0.034    -0.039    -0.040    -0.009    -0.097    -0.120
 2009      -0.054    -0.094    -0.028    -0.026    -0.021    -0.103     0.129    -0.060     0.152    -0.003     0.049    -0.008
 2010       0.056     0.007    -0.010     0.022     0.006     0.034    -0.012    -0.008    -0.023     0.043     0.068     0.022
 2011       0.086     0.061    -0.002    -0.032     0.000    -0.036     0.014     0.039    -0.074    -0.004    -0.008    -0.019
 2012       0.006    -0.011     0.086    -0.055    -0.029     0.002     0.002     0.039     0.012    -0.063    -0.033    -0.002
 2013       0.035    -0.032     0.020    -0.012    -0.027     0.065    -0.012     0.058    -0.032    -0.022     0.023    -0.015
 2014       0.058    -0.049    -0.017     0.146     0.007     0.022    -0.070     0.094    -0.019    -0.015     0.014    -0.042
 2015      -0.054    -0.068    -0.034     0.010     0.000     0.009    -0.036     0.008    -0.000    -0.012     0.003     0.013
 2016       0.018     0.013     0.067    -0.010    -0.024    -0.005    -0.026     0.085    -0.096    -0.003     0.052     0.061
 2017      -0.026     0.018    -0.003    -0.014     0.090    -0.059    -0.030     0.064    -0.020    -0.006     0.057     0.076
 2018      -0.092    -0.005     0.028    -0.063    -0.034     0.020    -0.050     0.042    -0.082    -0.039     0.017     0.050
 2019       0.011     0.033    -0.026    -0.013     0.054     0.001    -0.005    -0.026    -0.025    -0.030    -0.015    -0.014
 2020       0.048     0.006     0.018    -0.031    -0.090     0.025     0.073     0.035     0.010     0.034    -0.034    -0.047
 2021       0.108     0.017     0.006     0.069     0.007    -0.018    -0.008     0.003    -0.000     0.039     0.016    -0.011
 2022      -0.026     0.081     0.023     0.023     0.075    -0.078    -0.048     0.004    -0.025    -0.057     0.029     0.012
 2023       0.021    -0.017    -0.015    -0.023    -0.017     0.015    -0.030    -0.011    -0.053     0.030    -0.021
 
 
  STABILITY TEST
 
 
     1. FULL PERIOD
                  FIRST HALF                    SECOND HALF
           Mean(t)          Variance      Mean(t)          Variance
      -0.40E-02(-0.79    )  0.27E-02  0.13E-02( 0.33    )  0.17E-02
 
      Mean assumed equal to 0
      VR(variance ratio)= 0.62    
 
      MEAN STABILITY IS NOT REJECTED.
      VARIANCE STABILITY IS NOT REJECTED.


 
     2. LAST 10 YEARS
                  FIRST HALF                    SECOND HALF
           Mean(t)          Variance      Mean(t)          Variance
      -0.79E-03(-0.13    )  0.24E-02  0.29E-02( 0.60    )  0.14E-02
 
      Mean assumed equal to 0
      VR(variance ratio)= 0.60    
 
      LAST 10 YEARS MEAN STABILITY IS NOT REJECTED.
      LAST 10 YEARS VARIANCE STABILITY IS NOT REJECTED.


 
  OUT-OF-SAMPLE TEST
  ------------------
      Model re-estimated on Linearized series for first 209 observations.
       18 One-Period-Ahead Forecasts computed with model fixed.
      Comparison between forecast errors (last   18 observations) and residuals (in-sample):

        Mean(Forecast Errors)
            p-value= 0.1564
            Mean of forecast errors can be assumed zero.

        Out-of-Sample MSE is :  0.1141E-02
        In-Sample MSE is :  0.2220E-02
        F( 18,196) is :  0.514E+00
            p-value(%)=94.9666

        Mean and Variance of forecast Errors and In-Sample residuals ARE NOT significantly different.


 TEST-STATISTICS ON RESIDUALS
 ----------------------------


           MEAN=  -0.1324817E-02
        ST.DEV.=   0.3226923E-02
        OF MEAN
        T-VALUE= -0.4106

 NORMALITY TEST=   6.811        ( CHI-SQUARE(2) )

       SKEWNESS=  0.2492          ( SE =  0.1698 )
       KURTOSIS=  3.7331          ( SE =  0.3397 )

 SUM OF SQUARES=   0.4468791    

  DURBIN-WATSON=  2.1094

 STANDARD ERROR=   0.4699530E-01
 OF RESID.
  MSE OF RESID.=   0.2208558E-02




 AUTOCORRELATIONS
 ----------------
     -0.0469   0.1014   0.0450   0.0349  -0.0444   0.1142   0.0497  -0.0770   0.0319  -0.0404  -0.1611   0.0497
 SE   0.0693   0.0693   0.0693   0.0693   0.0693   0.0693   0.0693   0.0693   0.0693   0.0693   0.0693   0.0693
 Q      0.46     2.65     3.08     3.34     3.76     6.58     7.12     8.41     8.64     9.00    14.75    15.30
 PV    -1.00    -1.00     0.08     0.19     0.29     0.16     0.21     0.21     0.28     0.34     0.10     0.12
      0.0124  -0.0014   0.0595   0.0162  -0.0342  -0.0642   0.0920   0.0486  -0.0425  -0.0616  -0.0851  -0.0826
 SE   0.0693   0.0693   0.0693   0.0693   0.0693   0.0693   0.0693   0.0693   0.0693   0.0693   0.0693   0.0693
 Q     15.34    15.34    16.14    16.20    16.47    17.41    19.37    19.92    20.34    21.23    22.94    24.56
 PV     0.17     0.22     0.24     0.30     0.35     0.36     0.31     0.34     0.37     0.38     0.35     0.32
     -0.0226  -0.0622   0.0103  -0.0500  -0.0197  -0.1250  -0.0228  -0.0584   0.0338   0.0194   0.0426  -0.0124
 SE   0.0693   0.0693   0.0693   0.0693   0.0693   0.0693   0.0693   0.0693   0.0693   0.0693   0.0693   0.0693
 Q     24.68    25.61    25.63    26.24    26.33    30.17    30.30    31.14    31.43    31.52    31.98    32.02
 PV     0.37     0.37     0.43     0.45     0.50     0.36     0.40     0.41     0.44     0.49     0.52     0.56

  LJUNG-BOX Q VALUE OF ORDER  24 IS     24.56 AND IF RESIDUALS ARE RANDOM IT SHOULD BE DISTRIBUTED AS CHI-SQUARE(22)
  p-value= 0.3187
  THE PIERCE QS VALUE IS      0.55 AND IF RESIDUALS ARE RANDOM IT SHOULD BE DISTRIBUTED AS CHI-SQUARE(2)

 APPROXIMATE TEST OF RUNS ON RESIDUALS
 -------------------------------------
  NUM.DATA= 208
   NUM.(+)= 104
   NUM.(-)= 104
  NUM.RUNS=  92
   T-VALUE= -1.8071


  NON-PARAMETRIC TEST FOR RESIDUAL SEASONALITY (FRIEDMAN) SEAS_NP =     17.52
    ASYMP. DISTRIBUTED AS CHI-SQUARE(11)
    p-value= 0.0933



 SQUARED RESIDUALS:
 ------------------




 AUTOCORRELATIONS
 ----------------
      0.0788   0.0944   0.0705   0.0049  -0.0440   0.0102   0.0982   0.1225   0.0183   0.0307  -0.0701  -0.0661
 SE   0.0693   0.0693   0.0693   0.0693   0.0693   0.0693   0.0693   0.0693   0.0693   0.0693   0.0693   0.0693
 Q      1.31     3.20     4.26     4.26     4.68     4.70     6.80    10.08    10.15    10.36    11.45    12.42
 PV    -1.00    -1.00     0.04     0.12     0.20     0.32     0.24     0.12     0.18     0.24     0.25     0.26
     -0.0291  -0.0093  -0.0510   0.0475  -0.0058  -0.0431   0.0005  -0.0267  -0.0230   0.0427   0.0393   0.0697
 SE   0.0693   0.0693   0.0693   0.0693   0.0693   0.0693   0.0693   0.0693   0.0693   0.0693   0.0693   0.0693
 Q     12.61    12.63    13.22    13.73    13.74    14.17    14.17    14.33    14.46    14.88    15.25    16.40
 PV     0.32     0.40     0.43     0.47     0.55     0.59     0.66     0.71     0.76     0.78     0.81     0.80
      0.0642  -0.0737  -0.1371   0.0187   0.0255   0.0460  -0.0193   0.0988  -0.0046  -0.0922  -0.0750  -0.0201
 SE   0.0693   0.0693   0.0693   0.0693   0.0693   0.0693   0.0693   0.0693   0.0693   0.0693   0.0693   0.0693
 Q     17.38    18.69    23.23    23.31    23.47    23.99    24.08    26.50    26.51    28.64    30.06    30.17
 PV     0.79     0.77     0.56     0.62     0.66     0.68     0.72     0.65     0.70     0.64     0.61     0.66

  McLEOD-LI Q VALUE OF ORDER  24 IS     16.40 AND IF RESIDUALS ARE RANDOM IT SHOULD BE DISTRIBUTED AS CHI-SQUARE(24)
  p-value= 0.8731
 
 
 
SPECTRAL DIAGNOSTICS
 --------------------
 
A. SEASONAL SPECTRAL PEAKS
 
                           Frequency (cycles per year)
                     One    Two   Three  Four   Five    Six  
 Original series      -t     aT     AT     aT     aT     AT
 Linearized series    aT     AT     AT     AT     AT     aT
 Residuals            --     --     --     --     --     a-
 
 AT : peaks detected in AR(30) and using Tukey spectrum  estimator
 A- : only peaks detected in AR(30) spectrum estimator
 -T : only peaks detected using Tukey spectrum estimator
 -- : No peaks detected in AR(30) nor using Tukey spectrum estimator
 
 
 
B. STOCHASTIC SEASONALITY: SPECTRAL EVIDENCE
 
 1 :  SERIES CONTAINS SEASONALITY THAT CAN BE RELIABLY EXTRACTED.
 0 :  SEASONALITY IS NOT PRESENT IN THE SERIES OR IS TOO WEAK TO BE RELIABLY CAPTURED.
 
 ORIGINAL SERIES :   1
 LINEARIZED SERIES : 1
 RESIDUALS :         0
 
 
 
C. TRADING DAY EFFECT: SPECTRAL EVIDENCE
 
 1 :  TRADING DAY EFFECT DETECTED
 0 :  NO TRADING DAY EFFECT DETECTED
 
 LINEARIZED SERIES : 0
 RESIDUALS :         0
 
 
OVERALL TEST FOR IDENTIFIABLE SEASONALITY 
----------------------------------------- 
 
  AUTOCORRELATION FUNCTION EVIDENCE : YES
  NON-PARAMETRIC EVIDENCE           : YES
  F-TEST                            :  - 
  SPECTRAL EVIDENCE                 : YES
 
IDENTIFIABLE SEASONALITY FOUND IN SERIES
 
 
OVERALL TEST FOR RESIDUALS SEASONALITY 
----------------------------------------- 
 
  AUTOCORRELATION FUNCTION EVIDENCE : NO 
  NON-PARAMETRIC EVIDENCE           : NO 
  F-TEST                            : NO 
  SPECTRAL EVIDENCE                 : NO 
 
NO IDENTIFIABLE SEASONALITY FOUND IN RESIDUALS
 
 
ARIMA MODEL : GOOD FIT
----------------------

ALL TEST ARE PASSED
 
QUALITY ARIMA MODEL TESTS
----------------------------------------

  Mean in residuals                      :GOOD        
  Autocorrelation in residuals           :GOOD        
  Normality of residuals                 :GOOD        
  Skewness of residuals                  :GOOD        
  Kurtosis of residuals                  :GOOD        
  Randomness of residual sign            :GOOD        
  Instability of residual mean           :GOOD        
  Instability of residual variance       :GOOD        
  Seasonality in residuals               :GOOD        
  Trading day in residuals               :GOOD        
  Out-of-sample forecast errors          :GOOD        
  Number of outliers                     :GOOD        
 


 LINEAR SERIES


 YEAR        JAN       FEB       MAR       APR       MAY       JUN       JUL       AUG       SEP       OCT       NOV       DEC 

 2005      90.685   100.747   106.804    96.651   103.539   104.083   109.634    60.021   115.032   112.535   109.129    92.200
 2006      99.010   110.902   121.817   106.272   120.828   123.215   130.255    73.676   139.135   144.048   138.468   121.633
 2007     110.486   125.472   131.051   118.125   123.677   131.740   137.920    77.998   133.806   138.665   123.303   102.539
 2008     110.966   129.242   135.304   124.733   124.948   127.617   131.069    71.398   126.231   129.317   109.405    84.800
 2009      85.369    89.988    95.301    84.683    87.706    81.978   100.493    50.364   107.665   104.570    98.721    79.102
 2010      85.323    93.507    97.726    90.062    93.939    96.451   104.269    55.502   104.227   109.945   106.254    86.454
 2011      97.229   111.002   114.498   100.577   106.093   102.894   115.748    63.951   111.594   116.162   107.642    86.100
 2012      93.162   102.731   117.436    97.039   100.494   100.812   111.803    62.772   115.722   111.302   102.191    83.351
 2013      92.712    98.736   109.862    93.909    95.779   102.666   110.133    64.146   112.585   111.691   106.542    84.500
 2014      97.820   100.143   109.121   109.831   109.342   114.017   115.684    72.757   125.642   124.448   118.710    91.200
 2015      97.331    98.836   106.427    99.198   100.982   104.876   107.504    63.943   113.559   111.803   106.056    84.918
 2016      94.393    99.807   115.348   102.918   102.753   106.463   109.220    70.434   110.808   112.950   112.499    93.500
 2017      98.415   106.277   116.975   105.081   116.899   110.824   114.090    74.560   122.009   122.250   124.789   106.841
 2018     103.088   112.108   127.758   107.683   111.103   114.888   112.606    74.363   113.526   112.178   113.589    97.897
 2019     101.359   111.807   120.538   105.865   116.801   116.573   117.923    73.266   116.841   113.931   112.575    93.461
 2020     102.181   109.595   122.909   104.411   102.417   108.880   117.913    75.350   121.360   123.800   117.436    94.528
 2021     113.064   119.899   133.181   123.910   126.160   127.023   131.593    83.839   135.025   140.448   137.601   111.559
 2022     120.550   141.276   156.574   141.734   155.803   143.637   145.489    94.207   147.843   142.794   146.100   120.300
 2023     133.797   144.685   159.796   139.604   146.075   146.609   145.799    92.930   141.263   147.363   142.036


  AUTOCORRELATION FUNCTION TEST FOR SEASONALITY IN LINEARIZEDSERIES QS =   397.32  ASIMPTOTICALLY DISTRIBUTED AS CHI-SQUARE(2)
    p-value= 0.0000


  NON-PARAMETRIC TEST FOR SEASONALITY IN LINEARIZED SERIES (FRIEDMAN) SEAS_NP =    179.82
    ASYMP. DISTRIBUTED AS CHI-SQUARE(11)
    p-value= 0.0000


TOTAL OUTLIER EFFECT FACTORS


 YEAR        JAN       FEB       MAR       APR       MAY       JUN       JUL       AUG       SEP       OCT       NOV       DEC 

 2005     100.000   100.000   100.000   100.000   100.000   100.000   100.000   100.000   100.000   100.000   100.000   100.000
 2006     100.000   100.000   100.000   100.000   100.000   100.000   100.000   100.000   100.000   100.000   100.000   100.000
 2007     100.000    86.544   100.000   100.000   100.000   100.000   100.000   100.000   100.000   100.000   100.000   100.000
 2008     100.000   100.000   100.000   100.000   100.000   100.000   100.000   100.000   100.000   100.000   100.000   100.000
 2009     100.000   100.000   100.000   100.000   100.000   100.000   100.000   100.000   100.000   100.000   100.000   100.000
 2010     100.000   100.000   100.000   100.000   100.000   100.000   100.000   100.000   100.000   100.000   100.000   100.000
 2011     100.000   100.000   100.000   100.000   100.000   100.000   100.000   100.000   100.000   100.000   100.000   100.000
 2012     100.000   100.000   100.000   100.000   100.000   100.000   100.000   100.000   100.000   100.000   100.000   100.000
 2013     100.000   100.000   100.000   100.000   100.000   100.000   100.000   100.000   100.000   100.000   100.000   100.000
 2014     100.000   100.000   100.000   100.000   100.000   100.000   100.000   100.000   100.000   100.000   100.000   100.000
 2015     100.000   100.000   100.000   100.000   100.000   100.000   100.000   100.000   100.000   100.000   100.000   100.000
 2016     100.000   100.000   100.000   100.000   100.000   100.000   100.000   100.000   100.000   100.000   100.000   100.000
 2017     100.000   100.000   100.000   100.000   100.000   100.000   100.000   100.000   100.000   100.000   100.000   100.000
 2018     100.000   100.000   100.000   100.000   100.000   100.000   100.000   100.000   100.000   100.000   100.000   100.000
 2019     100.000   100.000   100.000   100.000   100.000   100.000   100.000   100.000   100.000   100.000   100.000    89.877
 2020     100.000   100.000    79.211    55.990    89.208    92.317    94.558    96.159    97.295    98.099    98.665    99.064
 2021      99.344    99.540    99.678    99.774    99.842    99.889    99.923    99.946    99.962    99.973    99.981    99.987
 2022      99.991    99.994    99.996    99.997    99.998    99.998    99.999    99.999    99.999   100.000   100.000   100.000
 2023     100.000   100.000   100.000   100.000   100.000   100.000   100.000   100.000   100.000   100.000   100.000


TOTAL TRADING DAY - EASTER - LEAP YEAR EFFECT FACTORS


 YEAR        JAN       FEB       MAR       APR       MAY       JUN       JUL       AUG       SEP       OCT       NOV       DEC 

 2005     100.000   100.000    98.128   101.908   100.000   100.000   100.000   100.000   100.000   100.000   100.000   100.000
 2006     100.000   100.000   101.908    98.128   100.000   100.000   100.000   100.000   100.000   100.000   100.000   100.000
 2007     100.000   100.000   101.908    98.128   100.000   100.000   100.000   100.000   100.000   100.000   100.000   100.000
 2008     100.000   100.000    98.128   101.908   100.000   100.000   100.000   100.000   100.000   100.000   100.000   100.000
 2009     100.000   100.000   101.908    98.128   100.000   100.000   100.000   100.000   100.000   100.000   100.000   100.000
 2010     100.000   100.000   100.000   100.000   100.000   100.000   100.000   100.000   100.000   100.000   100.000   100.000
 2011     100.000   100.000   101.908    98.128   100.000   100.000   100.000   100.000   100.000   100.000   100.000   100.000
 2012     100.000   100.000   101.908    98.128   100.000   100.000   100.000   100.000   100.000   100.000   100.000   100.000
 2013     100.000   100.000    98.128   101.908   100.000   100.000   100.000   100.000   100.000   100.000   100.000   100.000
 2014     100.000   100.000   101.908    98.128   100.000   100.000   100.000   100.000   100.000   100.000   100.000   100.000
 2015     100.000   100.000   100.632    99.372   100.000   100.000   100.000   100.000   100.000   100.000   100.000   100.000
 2016     100.000   100.000    98.128   101.908   100.000   100.000   100.000   100.000   100.000   100.000   100.000   100.000
 2017     100.000   100.000   101.908    98.128   100.000   100.000   100.000   100.000   100.000   100.000   100.000   100.000
 2018     100.000   100.000    98.128   101.908   100.000   100.000   100.000   100.000   100.000   100.000   100.000   100.000
 2019     100.000   100.000   101.908    98.128   100.000   100.000   100.000   100.000   100.000   100.000   100.000   100.000
 2020     100.000   100.000   101.908    98.128   100.000   100.000   100.000   100.000   100.000   100.000   100.000   100.000
 2021     100.000   100.000   100.000   100.000   100.000   100.000   100.000   100.000   100.000   100.000   100.000   100.000
 2022     100.000   100.000   101.908    98.128   100.000   100.000   100.000   100.000   100.000   100.000   100.000   100.000
 2023     100.000   100.000   101.908    98.128   100.000   100.000   100.000   100.000   100.000   100.000   100.000


TOTAL REGRESSION EFFECT FACTORS


 YEAR        JAN       FEB       MAR       APR       MAY       JUN       JUL       AUG       SEP       OCT       NOV       DEC 

 2005      97.811    99.457   100.187   100.209   101.797   100.881    96.503   101.797   101.797    96.503   100.890   100.000
 2006     100.899    99.457   103.350    94.167   101.797   100.881    96.503   101.797    98.681    99.550   100.890    93.972
 2007     104.086    99.457   100.187    97.141   101.797   100.881    99.550   101.797    95.661   102.694   100.890    96.939
 2008     104.086   102.598    94.147   103.373    98.681    97.793   102.694    95.661   101.797   102.694    97.802   100.000
 2009      97.811    99.457   100.187   103.373    95.661   100.881   102.694    98.681   101.797    99.550   100.890   103.158
 2010      94.817    99.457   103.350   103.373    98.681   100.881    99.550   101.797   101.797    96.503   100.890   106.415
 2011      97.811    99.457   100.187   100.209   101.797   100.881    96.503   101.797   101.797    96.503   100.890   100.000
 2012     100.899   102.598   100.187    97.141   101.797   100.881    99.550   101.797    95.661   102.694   100.890    96.939
 2013     104.086    99.457    97.120   100.209   101.797    97.793   102.694    98.681    98.681   102.694    97.802   100.000
 2014     100.899    99.457    97.120   100.209    98.681    97.793   102.694    95.661   101.797   102.694    97.802   100.000
 2015      97.811    99.457   100.187   103.373    95.661   100.881   102.694    98.681   101.797    99.550   100.890   103.158
 2016      94.817   102.598   100.187   100.209   101.797   100.881    96.503   101.797   101.797    96.503   100.890   100.000
 2017     100.899    99.457   103.350    94.167   101.797   100.881    96.503   101.797    98.681    99.550   100.890    93.972
 2018     104.086    99.457   100.187    97.141   101.797   100.881    99.550   101.797    95.661   102.694   100.890    96.939
 2019     104.086    99.457    97.120   100.209   101.797    97.793   102.694    98.681    98.681   102.694    97.802   100.000
 2020     100.899    99.457   100.187   103.373    95.661   100.881   102.694    98.681   101.797    99.550   100.890   103.158
 2021      94.817    99.457   103.350   103.373    98.681   100.881    99.550   101.797   101.797    96.503   100.890   106.415
 2022      97.811    99.457   103.350    97.141   101.797   100.881    96.503   101.797   101.797    96.503   100.890   100.000
 2023     100.899    99.457   103.350    94.167   101.797   100.881    96.503   101.797    98.681    99.550   100.890
 
 
 
 FORECAST FUNCTION OF ORIGINAL SERIES: 
  
ORIGIN: 227 PERIODS AHEAD: 24
  
 OBS    DATE         FORECAST          STD ERROR        FORECAST          STD ERROR   
                        (SERIES IN LOGS)                     (SERIES IN LEVELS)       
 228  Dec-2023       4.70301          0.471614E-01       110.279           5.20379    
 229  Jan-2024       4.90231          0.566353E-01       134.600           7.62924    
 230  Feb-2024       4.98113          0.650152E-01       145.638           9.47872    
 231  Mar-2024       5.00970          0.731468E-01       149.859           10.9764    
 232  Apr-2024       4.95995          0.798107E-01       142.587           11.3981    
 233  May-2024       5.00599          0.854615E-01       149.304           12.7831    
 234  Jun-2024       4.95665          0.913002E-01       142.117           13.0024    
 235  Jul-2024       5.02179          0.967751E-01       151.682           14.7135    
 236  Aug-2024       4.53365          0.101912           93.0974           9.51242    
 237  Sep-2024       4.98382          0.106812           146.031           15.6425    
 238  Oct-2024       5.03663          0.111542           153.951           17.2256    
 239  Nov-2024       4.97045          0.116045           144.092           16.7776    
 240  Dec-2024       4.79754          0.125872           121.212           15.3179    
 241  Jan-2025       4.90357          0.133126           134.771           18.0213    
 242  Feb-2025       4.98239          0.140049           145.823           20.5229    
 243  Mar-2025       5.07985          0.146785           160.749           23.7233    
 244  Apr-2025       4.95451          0.153032           141.813           21.8296    
 245  May-2025       5.00725          0.159042           149.493           23.9269    
 246  Jun-2025       4.98901          0.164889           146.791           24.3696    
 247  Jul-2025       5.05414          0.170535           156.670           26.9132    
 248  Aug-2025       4.53491          0.176036           93.2153           16.5372    
 249  Sep-2025       5.04726          0.181261           155.596           28.4367    
 250  Oct-2025       5.06899          0.186426           159.013           29.9036    
 251  Nov-2025       5.00280          0.191431           148.830           28.7536    
