
                                        PROGRAM TRAMO+

             (based on program TRAMO, Victor Gomez and Agustin Maravall©,1996)

         Developed at the Bank of Spain by Gianluca Caporello and Agustin Maravall,
         with programming support from Domingo Pérez Cañete and Roberto López Pavón.

                 VERSION: 1.0 (Revision: 942  Build: 2017/09/25 09:39:13)


 SERIES TITLE=ENERGEST                                                                        

 INPUT PARAMETERS
   lam= 0   imean= 0   ireg= 3   seats= 2   tabtablet='xo,xi,xl,re,me,td,ee,to,ls,reg'   int2=287   rsa= 0   modelsumm= 1   va=   3.893
 
   Name : NOT DEFINED.
   Reglist01
    Iuser= 2   Nser= 3   Ilong=   0
 
   Fixed Outliers:
   #Observ. Type
     107     LS
     243     LS
     253     AO
 

 NUMBER OF OBSERVATIONS: 287


 ORIGINAL SERIES 

 YEAR        JAN       FEB       MAR       APR       MAY       JUN       JUL       AUG       SEP       OCT       NOV       DEC 

 2000      27.600    43.000    42.400    36.300    55.100    46.500    40.200    48.900    66.400    68.800    59.400    52.700
 2001      51.600    49.500    48.300    56.500    60.500    50.100    52.000    48.600    49.100    34.400    35.900    34.800
 2002      39.400    35.700    37.400    43.600    38.100    44.100    42.200    43.400    43.900    50.900    43.200    52.200
 2003      48.400    49.400    67.700    48.800    39.200    34.800    35.900    42.800    46.500    54.400    46.800    53.300
 2004      51.500    47.200    42.600    52.200    50.600    53.000    59.200    63.800    67.500    60.000    59.100    57.400
 2005      65.100    51.600    73.000    66.300    84.500    78.600    95.800    93.900    95.700   115.000    90.800   105.000
 2006      76.000    82.200   105.500    90.900    66.700    96.600   120.100   123.500   103.800    96.800    90.900    99.100
 2007     103.400    84.800   114.900   110.900   127.300   110.900   124.200   118.100   104.400   103.400   100.100   131.300
 2008     136.000   125.100   117.300   118.800   148.900   143.800   164.300   156.800   141.000   114.100    78.400    69.300
 2009      59.400    55.900    66.700    63.600    62.600    77.600    83.500    86.100    93.600    79.800    82.400    86.600
 2010      90.800    93.800   120.500    98.900   114.200   135.000   119.300   104.500   122.000    93.400   119.000   155.700
 2011     106.100   107.700   146.700   118.800   135.100   138.500   137.700   145.500   121.300   134.200   124.500   156.100
 2012     171.700   161.600   196.400   135.500   154.900   156.100   156.300   177.400   138.400   142.700   152.200   170.900
 2013     128.500   125.900   138.100   129.300   117.400   147.500   158.200   125.900   155.800   136.100   136.500   149.700
 2014     122.200   112.500   119.500   109.500   128.800   143.200   123.900   135.800   120.900   134.400   110.900   112.700
 2015      79.900    97.300    93.500   104.900   112.300   144.000   110.000    95.200   103.800    95.800    84.300    78.800
 2016      56.200    55.600    74.900    74.000    79.700    79.200    76.500    81.700    82.100    83.000    86.300   120.700
 2017     101.400   110.800   100.400   112.300    87.400   100.400    93.800    94.300   109.500   125.200   105.700   123.200
 2018     110.100   107.500    97.500   113.700   126.500   125.300   122.000   128.800   139.200   133.700   106.800   110.400
 2019      94.400    75.400   110.700    92.900   120.600   112.200   146.700   125.500   131.000   117.000   113.500   101.900
 2020      96.700    99.300    62.900    44.900    36.200    44.300    51.000    61.100    50.400    51.100    44.800    61.200
 2021      90.700    52.500    75.500    66.100    75.000    85.000    68.500    74.500    82.600    88.500    98.700   104.800
 2022     119.300   116.300   149.700   174.700   221.100   229.200   225.600   200.300   151.100   180.000   153.800   178.800
 2023     109.500   101.000   101.100   141.500   152.400   104.100    99.400   141.300   176.500   169.400   128.100


 MODEL PARAMETERS            
 ----------------
  MQ= 12         IMEAN=  0      LAM=  0      D=  1       BD=  1
  P=  0          BP=  0         Q=  1        BQ=  1      IREG=  3
  ITRAD=  0      SMPDAY=  0     IEAST=  0      IDUR=  6     M= 36       IQM= 24
  INCON=  0      NBACK=  0      NPRED= 24    INTERP=  2  INIT=  0
  IFILT=  2      IROOT=  2    INIC=  0    ICONCE=  1
  ICDET=  1      IATIP=  0      IMVX=  0     IDIF=  0    PG=  0
  AIO=  2        INT1=  1       INT2= 287    RSA=  0     SEATS=  2
  VA= 3.89       TOL=  0.100E-03             PC=  0.120E+00
  NOADMISS= 1    STOCHTD 0    BIAS= 1
  THLIM=  0.000  BTHLIM=  0.000   RMOD=  0.500



TH =        -0.10

BTH =        -0.10

WARNING: When adjusting for degrees of freedom in
 order to compute white-noise residuals, the Housholder
 transformation contains an element of arbitrariness 
 that, when multiple regressors are entered, may produce
 a slight variation in results when the order in which
 regressors are entered changes



NUMBER OF INITIAL OBS. =  13

Log-Level pretest : LOGS are Selected
 DIFFERENCED TRANSFORMED SERIES

 YEAR        JAN       FEB       MAR       APR       MAY       JUN       JUL       AUG       SEP       OCT       NOV       DEC 

 2001                -0.485    -0.010     0.312    -0.349    -0.019     0.183    -0.264    -0.296    -0.391     0.190     0.089
 2002       0.145    -0.057     0.071    -0.003    -0.203     0.335    -0.081     0.096     0.001     0.504    -0.207     0.220
 2003      -0.200     0.119     0.269    -0.481    -0.084    -0.265     0.075     0.148     0.071     0.009     0.014    -0.059
 2004       0.041    -0.108    -0.418     0.531     0.188     0.165     0.080    -0.101    -0.027    -0.275     0.135    -0.159
 2005       0.160    -0.145     0.449    -0.299     0.274    -0.119     0.087    -0.095    -0.037     0.301    -0.221     0.174
 2006      -0.449     0.311    -0.097    -0.053    -0.552     0.443     0.020     0.048    -0.193    -0.254     0.173    -0.059
 2007       0.366    -0.277     0.054     0.114     0.447    -0.508    -0.104    -0.078     0.050     0.060     0.030     0.185
 2008      -0.007     0.115    -0.368     0.048     0.088     0.103     0.020     0.004     0.017    -0.202    -0.343    -0.395
 2009      -0.189     0.023     0.241    -0.060    -0.242     0.250    -0.060     0.077     0.190     0.052     0.407     0.173
 2010       0.202     0.093     0.074    -0.150     0.160    -0.047    -0.197    -0.163     0.071    -0.108     0.210     0.219
 2011      -0.431    -0.018     0.059    -0.013    -0.015    -0.142     0.118     0.188    -0.337     0.368    -0.317    -0.043
 2012       0.479    -0.076    -0.114    -0.160     0.005    -0.017     0.007     0.072    -0.066    -0.070     0.139    -0.110
 2013      -0.380     0.040    -0.103     0.305    -0.230     0.221     0.069    -0.355     0.461    -0.166    -0.062    -0.024
 2014       0.082    -0.062    -0.032    -0.022     0.259    -0.122    -0.215     0.320    -0.329     0.241    -0.195    -0.076
 2015      -0.141     0.280    -0.100     0.202    -0.094     0.143    -0.125    -0.236     0.203    -0.186     0.064    -0.084
 2016       0.006    -0.208     0.338    -0.127     0.006    -0.255     0.235     0.210    -0.082     0.091     0.167     0.403
 2017       0.164     0.099    -0.397     0.124    -0.325     0.145    -0.033    -0.060     0.145     0.123    -0.208    -0.182
 2018       0.062    -0.113     0.001     0.042     0.357    -0.148     0.041     0.049    -0.072    -0.174    -0.055    -0.120
 2019      -0.044    -0.201     0.482    -0.329     0.154    -0.063     0.295    -0.210    -0.035    -0.073     0.194    -0.141
 2020       0.104     0.251    -0.841    -0.162    -0.476     0.274    -0.127     0.337    -0.235     0.127    -0.101     0.420
 2021       0.446    -0.573     0.820     0.204     0.342    -0.077    -0.357    -0.097     0.296     0.055     0.241    -0.252
 2022      -0.264     0.521    -0.111     0.287     0.109    -0.089     0.200    -0.203    -0.385     0.106    -0.266     0.091
 2023      -0.620    -0.055    -0.251     0.182    -0.161    -0.417    -0.030     0.471     0.504    -0.216    -0.122




 AUTOCORRELATIONS
 ----------------
     -0.2878   0.0731  -0.1890   0.1330  -0.0046  -0.0351  -0.0351  -0.0644   0.1460  -0.0827   0.1760  -0.4571
 SE   0.0604   0.0652   0.0655   0.0675   0.0684   0.0684   0.0685   0.0686   0.0688   0.0699   0.0703   0.0719
      0.2182  -0.1244   0.1332  -0.1379   0.0346   0.0657   0.0028   0.0322  -0.0764   0.0818  -0.0285   0.0003
 SE   0.0818   0.0839   0.0845   0.0853   0.0861   0.0862   0.0864   0.0864   0.0864   0.0866   0.0869   0.0870
     -0.1641   0.0791  -0.0431   0.0834   0.0129  -0.0639   0.0711  -0.0462   0.0482  -0.0247  -0.0092   0.0346
 SE   0.0870   0.0881   0.0883   0.0884   0.0887   0.0887   0.0889   0.0891   0.0892   0.0893   0.0893   0.0893


 PARTIAL AUTOCORRELATIONS
 ---------------------
     -0.2878  -0.0106  -0.1862   0.0326   0.0497  -0.0581  -0.0361  -0.0929   0.0935  -0.0244   0.1541  -0.3829
 SE   0.0604   0.0604   0.0604   0.0604   0.0604   0.0604   0.0604   0.0604   0.0604   0.0604   0.0604   0.0604
     -0.0148  -0.0693  -0.0389  -0.0406  -0.0169   0.0565  -0.0144  -0.0022   0.0291   0.0116   0.1215  -0.2467
 SE   0.0604   0.0604   0.0604   0.0604   0.0604   0.0604   0.0604   0.0604   0.0604   0.0604   0.0604   0.0604
     -0.1277  -0.0842  -0.0481  -0.0090   0.0765  -0.0091   0.0527  -0.0215   0.0128   0.0694   0.0533  -0.0632
 SE   0.0604   0.0604   0.0604   0.0604   0.0604   0.0604   0.0604   0.0604   0.0604   0.0604   0.0604   0.0604
  
 ARIMA MODEL ESTIMATION 
  
 METHOD OF ESTIMATION: EXACT MAXIMUM LIKELIHOOD           
  
 PARAMETER      ESTIMATE           STD ERROR      T RATIO   LAG  
  
 TH1         -0.31863           0.57495E-01       -5.54      1
 BTH         -0.95000           0.18940E-01      -50.16     12
  
 
 REGULAR MA INVERSE ROOTS ARE 
 NO.     REAL P.     IMAG.P.     MODULUS    ARGUMENT      PERIOD
  1      0.31863       0.0000      0.31863       0.0000            -  
 
 SEASONAL MA INVERSE ROOTS ARE 
 NO.     REAL P.     IMAG.P.     MODULUS    ARGUMENT      PERIOD
  1      0.95000       0.0000      0.95000       0.0000            -  
  
 CORRELATIONS OF THE ESTIMATES 
  
  1.000   -0.090
 -0.090    1.000
  
 AIC 
    -214.020
  
 BIC 
     -3.6514
  
 FINAL VALUE OF OBJECTIVE FUNCTION: 
                7.0827    
  
 RADETN:    1.05041258557592     
 ITERATIONS:           10
  
  NUMBER OF FUNCTION EVALUATIONS:           32
  

 ESTIMATES OF REGRESSION PARAMETERS 
 CONCENTRATED OUT OF THE LIKELIHOOD 

 PARAMETER           VALUE          ST. ERROR     T VALUE
 OUT 1 (107)        -0.46068        (     0.14627)   -3.15   LS    (11 2008)
 OUT 2 (243)        -0.70348        (     0.14670)   -4.80   LS    ( 3 2020)
 OUT 3 (253)         0.52422        (     0.12581)    4.17   AO    ( 1 2021)

 VAR-CORRELATION MATRIX OF ESTIMATORS 

   0.214E-01
   0.400E-03   0.215E-01
   0.240E-02  -0.104E-01   0.158E-01


 VARIANCES ARE IN THE MAIN DIAGONAL; 
 OFF-DIAGONAL ELEMENTS ARE CORRELATIONS. 



ACF DIFFERENCED SERIES




 AUTOCORRELATIONS
 ----------------
     -0.2950   0.0798  -0.1875   0.1310  -0.0158  -0.0274  -0.0251  -0.0655   0.1448  -0.0899   0.1867  -0.4665
 SE   0.0604   0.0655   0.0658   0.0677   0.0687   0.0687   0.0687   0.0687   0.0690   0.0701   0.0705   0.0723
      0.2278  -0.1251   0.1360  -0.1320   0.0331   0.0522   0.0048   0.0316  -0.0748   0.0736  -0.0358   0.0094
 SE   0.0825   0.0848   0.0855   0.0863   0.0870   0.0870   0.0871   0.0871   0.0872   0.0874   0.0877   0.0877
     -0.1675   0.0714  -0.0470   0.0823   0.0241  -0.0581   0.0660  -0.0498   0.0484  -0.0137  -0.0082   0.0351
 SE   0.0877   0.0889   0.0891   0.0892   0.0894   0.0895   0.0896   0.0898   0.0899   0.0900   0.0900   0.0900
  
  
  NUMBER OF WHITE NOISE RESIDUALS          271
  
 WHITE NOISE RESIDUALS
  

 YEAR        JAN       FEB       MAR       APR       MAY       JUN       JUL       AUG       SEP       OCT       NOV       DEC 

 2001                                              -0.192    -0.075     0.109    -0.156    -0.264    -0.368     0.020     0.071
 2002       0.184    -0.197    -0.007     0.125    -0.276     0.184     0.067    -0.009    -0.125     0.218    -0.024     0.214
 2003       0.005    -0.069     0.255    -0.255    -0.379    -0.164     0.020     0.116     0.014     0.194     0.008     0.106
 2004       0.027    -0.145    -0.215     0.158    -0.007     0.116     0.166     0.045    -0.028    -0.114     0.046    -0.051
 2005       0.128    -0.220     0.213    -0.028     0.200     0.049     0.202    -0.031    -0.079     0.171    -0.085     0.082
 2006      -0.275    -0.011     0.142    -0.085    -0.374     0.287     0.267     0.051    -0.225    -0.147    -0.000     0.036
 2007       0.104    -0.167     0.124     0.036     0.141    -0.091     0.022    -0.097    -0.190    -0.068     0.048     0.223
 2008       0.145    -0.018    -0.205    -0.022     0.191     0.041     0.077    -0.063    -0.143    -0.246     0.096    -0.168
 2009      -0.171    -0.089     0.028    -0.011    -0.062     0.205     0.064     0.017     0.081    -0.102     0.070     0.014
 2010       0.096     0.090     0.151    -0.116     0.066     0.176    -0.137    -0.205     0.071    -0.197     0.234     0.281
 2011      -0.249    -0.042     0.155    -0.112     0.042     0.014    -0.055     0.020    -0.199     0.098    -0.010     0.141
 2012       0.207     0.025     0.049    -0.289    -0.016    -0.021    -0.054     0.087    -0.224     0.006     0.101     0.056
 2013      -0.208    -0.064    -0.083    -0.005    -0.158     0.152     0.073    -0.231     0.149    -0.044     0.016     0.004
 2014      -0.124    -0.099    -0.121    -0.040     0.098     0.097    -0.158     0.031    -0.110     0.118    -0.127    -0.117
 2015      -0.292     0.128    -0.141     0.154     0.058     0.220    -0.228    -0.230     0.016    -0.037    -0.100    -0.185
 2016      -0.288    -0.092     0.136     0.102     0.047    -0.050    -0.060     0.043     0.016     0.056     0.101     0.289
 2017       0.041     0.111    -0.203     0.112    -0.272    -0.004    -0.075    -0.026     0.137     0.213    -0.061     0.038
 2018       0.026    -0.012    -0.225     0.135     0.110    -0.035    -0.039     0.034     0.075     0.009    -0.172    -0.120
 2019      -0.069    -0.240     0.195    -0.072     0.193    -0.066     0.246    -0.087    -0.002    -0.087     0.001    -0.200
 2020       0.011     0.049     0.133    -0.243    -0.348     0.042     0.136     0.223    -0.139     0.001    -0.073     0.206
 2021       0.058     0.012     0.230     0.008     0.088     0.095    -0.209     0.006     0.099     0.129     0.212     0.032
 2022       0.262     0.075     0.125     0.265     0.273     0.061    -0.006    -0.136    -0.335     0.090    -0.089     0.028
 2023      -0.362    -0.188    -0.220     0.322     0.120    -0.401    -0.182     0.284     0.318     0.071    -0.209
 
 
  STABILITY TEST
 
 
     1. FULL PERIOD
                  FIRST HALF                    SECOND HALF
           Mean(t)          Variance      Mean(t)          Variance
      -0.26E-02(-0.21    )  0.22E-01 -0.53E-02(-0.40    )  0.24E-01
 
      Mean assumed equal to 0
      VR(variance ratio)=  1.1    
 
      MEAN STABILITY IS NOT REJECTED.
      VARIANCE STABILITY IS NOT REJECTED.


 
     2. LAST 10 YEARS
                  FIRST HALF                    SECOND HALF
           Mean(t)          Variance      Mean(t)          Variance
      -0.13E-01(-0.79    )  0.17E-01  0.73E-02( 0.32    )  0.32E-01
 
      Mean assumed equal to 0
      VR(variance ratio)=  1.9    
 
      LAST 10 YEARS MEAN STABILITY IS NOT REJECTED.
      LAST 10 YEARS VARIANCE STABILITY IS NOT REJECTED.


 
  OUT-OF-SAMPLE TEST
  ------------------
      Model re-estimated on Linearized series for first 269 observations.
       18 One-Period-Ahead Forecasts computed with model fixed.
      Comparison between forecast errors (last   18 observations) and residuals (in-sample):

        Mean(Forecast Errors)
            p-value= 0.2016
            Mean of forecast errors can be assumed zero.

        Out-of-Sample MSE is :  0.5058E-01
        In-Sample MSE is :  0.2154E-01
        F( 18,256) is :  0.235E+01
            p-value(%)= 0.1890

        Mean and Variance of forecast Errors and In-Sample residuals ARE significantly different


 TEST-STATISTICS ON RESIDUALS
 ----------------------------


           MEAN=  -0.3990145E-02
        ST.DEV.=   0.9231963E-02
        OF MEAN
        T-VALUE= -0.4322

 NORMALITY TEST=   4.935        ( CHI-SQUARE(2) )

       SKEWNESS= -0.2574          ( SE =  0.1488 )
       KURTOSIS=  2.5851          ( SE =  0.2976 )

 SUM OF SQUARES=    5.657773    

  DURBIN-WATSON=  2.1120

 STANDARD ERROR=   0.1544771    
 OF RESID.
  MSE OF RESID.=   0.2386318E-01




 AUTOCORRELATIONS
 ----------------
      0.0397  -0.0551  -0.1536   0.0680   0.0278   0.0201  -0.0988  -0.0674   0.0617  -0.0152   0.0586  -0.0190
 SE   0.0607   0.0607   0.0607   0.0607   0.0607   0.0607   0.0607   0.0607   0.0607   0.0607   0.0607   0.0607
 Q      0.43     1.27     7.78     9.06     9.27     9.39    12.12    13.40    14.47    14.54    15.52    15.62
 PV    -1.00    -1.00     0.01     0.01     0.03     0.05     0.03     0.04     0.04     0.07     0.08     0.11
      0.0012  -0.1313   0.0033  -0.0469   0.0213   0.0865   0.0403   0.0326  -0.0010   0.0241  -0.0034  -0.0142
 SE   0.0607   0.0607   0.0607   0.0607   0.0607   0.0607   0.0607   0.0607   0.0607   0.0607   0.0607   0.0607
 Q     15.62    20.59    20.59    21.23    21.36    23.55    24.02    24.34    24.34    24.51    24.51    24.57
 PV     0.16     0.06     0.08     0.10     0.13     0.10     0.12     0.14     0.18     0.22     0.27     0.32
     -0.1552  -0.0908  -0.0613   0.0528   0.0215   0.0371   0.0559   0.0125   0.0420  -0.0255   0.0073   0.0371
 SE   0.0607   0.0607   0.0607   0.0607   0.0607   0.0607   0.0607   0.0607   0.0607   0.0607   0.0607   0.0607
 Q     31.82    34.31    35.45    36.30    36.44    36.86    37.82    37.87    38.42    38.62    38.64    39.07
 PV     0.10     0.08     0.08     0.09     0.11     0.12     0.13     0.15     0.17     0.20     0.23     0.25

  LJUNG-BOX Q VALUE OF ORDER  24 IS     24.57 AND IF RESIDUALS ARE RANDOM IT SHOULD BE DISTRIBUTED AS CHI-SQUARE(22)
  p-value= 0.3179

  Given that the lag-12 autocorrelation is <0, the statistics Qs is not associated with
   the presence of residual seasonality. Thus Qs is set =0.

 APPROXIMATE TEST OF RUNS ON RESIDUALS
 -------------------------------------
  NUM.DATA= 271
   NUM.(+)= 136
   NUM.(-)= 135
  NUM.RUNS= 133
   T-VALUE= -0.3652


  NON-PARAMETRIC TEST FOR RESIDUAL SEASONALITY (FRIEDMAN) SEAS_NP =     11.76
    ASYMP. DISTRIBUTED AS CHI-SQUARE(11)
    p-value= 0.3818



 SQUARED RESIDUALS:
 ------------------




 AUTOCORRELATIONS
 ----------------
      0.0990   0.0637   0.0541   0.1057   0.1977  -0.0999   0.0400   0.0080  -0.0354   0.0492  -0.0069   0.1032
 SE   0.0607   0.0607   0.0607   0.0607   0.0607   0.0607   0.0607   0.0607   0.0607   0.0607   0.0607   0.0607
 Q      2.69     3.80     4.61     7.71    18.58    21.37    21.81    21.83    22.19    22.87    22.88    25.93
 PV    -1.00    -1.00     0.03     0.02     0.00     0.00     0.00     0.00     0.00     0.00     0.01     0.00
     -0.0619   0.0471   0.0082   0.0242   0.0414  -0.0148   0.0027   0.0034  -0.0023   0.0206  -0.0305   0.0206
 SE   0.0607   0.0607   0.0607   0.0607   0.0607   0.0607   0.0607   0.0607   0.0607   0.0607   0.0607   0.0607
 Q     27.02    27.66    27.68    27.85    28.35    28.41    28.42    28.42    28.42    28.55    28.82    28.95
 PV     0.00     0.01     0.01     0.01     0.02     0.03     0.04     0.06     0.08     0.10     0.12     0.15
     -0.0109   0.0307  -0.0298   0.0020   0.0334  -0.0638  -0.0262   0.0161   0.0458  -0.0087  -0.0270   0.0732
 SE   0.0607   0.0607   0.0607   0.0607   0.0607   0.0607   0.0607   0.0607   0.0607   0.0607   0.0607   0.0607
 Q     28.99    29.27    29.54    29.54    29.88    31.14    31.35    31.43    32.08    32.10    32.33    34.02
 PV     0.18     0.21     0.24     0.29     0.32     0.31     0.35     0.39     0.41     0.46     0.50     0.47

  McLEOD-LI Q VALUE OF ORDER  24 IS     28.95 AND IF RESIDUALS ARE RANDOM IT SHOULD BE DISTRIBUTED AS CHI-SQUARE(24)
  p-value= 0.2219
 
 
 
SPECTRAL DIAGNOSTICS
 --------------------
 
A. SEASONAL SPECTRAL PEAKS
 
                           Frequency (cycles per year)
                     One    Two   Three  Four   Five    Six  
 Original series      -t     --     --     -T     -t     --
 Linearized series    -t     --     --     AT     At     --
 Residuals            --     -t     -t     --     --     --
 
 AT : peaks detected in AR(30) and using Tukey spectrum  estimator
 A- : only peaks detected in AR(30) spectrum estimator
 -T : only peaks detected using Tukey spectrum estimator
 -- : No peaks detected in AR(30) nor using Tukey spectrum estimator
 
 
 
B. STOCHASTIC SEASONALITY: SPECTRAL EVIDENCE
 
 1 :  SERIES CONTAINS SEASONALITY THAT CAN BE RELIABLY EXTRACTED.
 0 :  SEASONALITY IS NOT PRESENT IN THE SERIES OR IS TOO WEAK TO BE RELIABLY CAPTURED.
 
 ORIGINAL SERIES :   1
 LINEARIZED SERIES : 1
 RESIDUALS :         0
 
 
 
C. TRADING DAY EFFECT: SPECTRAL EVIDENCE
 
 1 :  TRADING DAY EFFECT DETECTED
 0 :  NO TRADING DAY EFFECT DETECTED
 
 LINEARIZED SERIES : 0
 RESIDUALS :         0
 
 
OVERALL TEST FOR IDENTIFIABLE SEASONALITY 
----------------------------------------- 
 
  AUTOCORRELATION FUNCTION EVIDENCE : YES
  NON-PARAMETRIC EVIDENCE           : YES
  F-TEST                            :  - 
  SPECTRAL EVIDENCE                 : YES
 
IDENTIFIABLE SEASONALITY FOUND IN SERIES
 
 
OVERALL TEST FOR RESIDUALS SEASONALITY 
----------------------------------------- 
 
  AUTOCORRELATION FUNCTION EVIDENCE : NO 
  NON-PARAMETRIC EVIDENCE           : NO 
  F-TEST                            : NO 
  SPECTRAL EVIDENCE                 : NO 
 
NO IDENTIFIABLE SEASONALITY FOUND IN RESIDUALS
 
 
ARIMA MODEL : ACCEPTABLE FIT
----------------------------
  Point estimation is acceptable. Variance variablility/Non-Normality likely to have a mild effect  on some interferences
 
QUALITY ARIMA MODEL TESTS
----------------------------------------

  Mean in residuals                      :GOOD        
  Autocorrelation in residuals           :GOOD        
  Normality of residuals                 :GOOD        
  Skewness of residuals                  :GOOD        
  Kurtosis of residuals                  :GOOD        
  Randomness of residual sign            :GOOD        
  Instability of residual mean           :GOOD        
  Instability of residual variance       :GOOD        
  Seasonality in residuals               :GOOD        
  Trading day in residuals               :GOOD        
  Out-of-sample forecast errors          :ACCEPTABLE  
  Number of outliers                     :GOOD        
 


 LINEAR SERIES


 YEAR        JAN       FEB       MAR       APR       MAY       JUN       JUL       AUG       SEP       OCT       NOV       DEC 

 2000       8.616    13.424    13.237    11.332    17.201    14.517    12.550    15.266    20.729    21.478    18.544    16.452
 2001      16.109    15.453    15.078    17.638    18.887    15.640    16.234    15.172    15.328    10.739    11.207    10.864
 2002      12.300    11.145    11.676    13.611    11.894    13.767    13.174    13.549    13.705    15.890    13.486    16.296
 2003      15.110    15.422    21.135    15.235    12.238    10.864    11.207    13.361    14.517    16.983    14.610    16.639
 2004      16.077    14.735    13.299    16.296    15.797    16.546    18.481    19.917    21.072    18.731    18.450    17.919
 2005      20.323    16.109    22.789    20.698    26.380    24.538    29.907    29.314    29.876    35.901    28.346    32.779
 2006      23.726    25.662    32.935    28.378    20.823    30.157    37.493    38.555    32.405    30.219    28.378    30.937
 2007      32.280    26.473    35.870    34.621    39.741    34.621    38.773    36.869    32.592    32.280    31.250    40.990
 2008      42.457    39.054    36.619    37.087    46.484    44.892    51.292    48.950    44.018    35.620    38.797    34.294
 2009      29.395    27.663    33.007    31.473    30.978    38.401    41.321    42.607    46.319    39.490    40.776    42.855
 2010      44.933    46.418    59.631    48.942    56.513    66.806    59.037    51.713    60.373    46.220    58.888    77.050
 2011      52.505    53.296    72.596    58.789    66.856    68.538    68.142    72.002    60.027    66.410    61.610    77.248
 2012      84.967    79.969    97.191    67.054    76.654    77.248    77.347    87.788    68.489    70.617    75.318    84.572
 2013      63.590    62.303    68.340    63.985    58.097    72.992    78.287    62.303    77.099    67.350    67.548    74.081
 2014      60.472    55.672    59.136    54.187    63.738    70.864    61.313    67.202    59.829    66.509    54.880    55.771
 2015      39.539    48.150    46.269    51.911    55.573    71.260    54.435    47.111    51.366    47.408    41.717    38.995
 2016      27.811    27.514    37.065    36.620    39.440    39.193    37.857    40.430    40.628    41.073    42.706    59.730
 2017      50.179    54.831    49.684    55.573    43.251    49.684    46.418    46.665    54.187    61.956    52.307    60.967
 2018      54.484    53.197    48.249    56.266    62.600    62.006    60.373    63.738    68.885    66.163    52.851    54.633
 2019      46.715    37.312    54.781    45.973    59.680    55.523    72.596    62.105    64.827    57.899    56.167    50.426
 2020      47.853    49.140    62.900    44.900    36.200    44.300    51.000    61.100    50.400    51.100    44.800    61.200
 2021      53.696    52.500    75.500    66.100    75.000    85.000    68.500    74.500    82.600    88.500    98.700   104.800
 2022     119.300   116.300   149.700   174.700   221.100   229.200   225.600   200.300   151.100   180.000   153.800   178.800
 2023     109.500   101.000   101.100   141.500   152.400   104.100    99.400   141.300   176.500   169.400   128.100


  AUTOCORRELATION FUNCTION TEST FOR SEASONALITY IN LINEARIZEDSERIES QS =    13.94  ASIMPTOTICALLY DISTRIBUTED AS CHI-SQUARE(2)
    p-value= 0.0009


  NON-PARAMETRIC TEST FOR SEASONALITY IN LINEARIZED SERIES (FRIEDMAN) SEAS_NP =     40.92
    ASYMP. DISTRIBUTED AS CHI-SQUARE(11)
    p-value= 0.0000


TOTAL OUTLIER EFFECT FACTORS


 YEAR        JAN       FEB       MAR       APR       MAY       JUN       JUL       AUG       SEP       OCT       NOV       DEC 

 2000     320.324   320.324   320.324   320.324   320.324   320.324   320.324   320.324   320.324   320.324   320.324   320.324
 2001     320.324   320.324   320.324   320.324   320.324   320.324   320.324   320.324   320.324   320.324   320.324   320.324
 2002     320.324   320.324   320.324   320.324   320.324   320.324   320.324   320.324   320.324   320.324   320.324   320.324
 2003     320.324   320.324   320.324   320.324   320.324   320.324   320.324   320.324   320.324   320.324   320.324   320.324
 2004     320.324   320.324   320.324   320.324   320.324   320.324   320.324   320.324   320.324   320.324   320.324   320.324
 2005     320.324   320.324   320.324   320.324   320.324   320.324   320.324   320.324   320.324   320.324   320.324   320.324
 2006     320.324   320.324   320.324   320.324   320.324   320.324   320.324   320.324   320.324   320.324   320.324   320.324
 2007     320.324   320.324   320.324   320.324   320.324   320.324   320.324   320.324   320.324   320.324   320.324   320.324
 2008     320.324   320.324   320.324   320.324   320.324   320.324   320.324   320.324   320.324   320.324   202.077   202.077
 2009     202.077   202.077   202.077   202.077   202.077   202.077   202.077   202.077   202.077   202.077   202.077   202.077
 2010     202.077   202.077   202.077   202.077   202.077   202.077   202.077   202.077   202.077   202.077   202.077   202.077
 2011     202.077   202.077   202.077   202.077   202.077   202.077   202.077   202.077   202.077   202.077   202.077   202.077
 2012     202.077   202.077   202.077   202.077   202.077   202.077   202.077   202.077   202.077   202.077   202.077   202.077
 2013     202.077   202.077   202.077   202.077   202.077   202.077   202.077   202.077   202.077   202.077   202.077   202.077
 2014     202.077   202.077   202.077   202.077   202.077   202.077   202.077   202.077   202.077   202.077   202.077   202.077
 2015     202.077   202.077   202.077   202.077   202.077   202.077   202.077   202.077   202.077   202.077   202.077   202.077
 2016     202.077   202.077   202.077   202.077   202.077   202.077   202.077   202.077   202.077   202.077   202.077   202.077
 2017     202.077   202.077   202.077   202.077   202.077   202.077   202.077   202.077   202.077   202.077   202.077   202.077
 2018     202.077   202.077   202.077   202.077   202.077   202.077   202.077   202.077   202.077   202.077   202.077   202.077
 2019     202.077   202.077   202.077   202.077   202.077   202.077   202.077   202.077   202.077   202.077   202.077   202.077
 2020     202.077   202.077   100.000   100.000   100.000   100.000   100.000   100.000   100.000   100.000   100.000   100.000
 2021     168.914   100.000   100.000   100.000   100.000   100.000   100.000   100.000   100.000   100.000   100.000   100.000
 2022     100.000   100.000   100.000   100.000   100.000   100.000   100.000   100.000   100.000   100.000   100.000   100.000
 2023     100.000   100.000   100.000   100.000   100.000   100.000   100.000   100.000   100.000   100.000   100.000
 
 
 
 FORECAST FUNCTION OF ORIGINAL SERIES: 
  
ORIGIN: 287 PERIODS AHEAD: 24
  
 OBS    DATE         FORECAST          STD ERROR        FORECAST          STD ERROR   
                        (SERIES IN LOGS)                     (SERIES IN LEVELS)       
 288  Dec-2023       5.01306          0.145773           150.364           22.0360    
 289  Jan-2024       4.88205          0.176523           131.901           23.4662    
 290  Feb-2024       4.86100          0.202398           129.153           26.4104    
 291  Mar-2024       5.00818          0.225562           149.632           34.1853    
 292  Apr-2024       4.97375          0.246438           144.568           36.1749    
 293  May-2024       5.03183          0.265679           153.214           41.4347    
 294  Jun-2024       5.06578          0.283617           158.505           45.8740    
 295  Jul-2024       5.07087          0.300487           159.314           48.9728    
 296  Aug-2024       5.09895          0.316458           163.849           53.1771    
 297  Sep-2024       5.10627          0.331662           165.053           56.2821    
 298  Oct-2024       5.09359          0.346198           162.974           58.1546    
 299  Nov-2024       5.02212          0.360212           151.732           56.4776    
 300  Dec-2024       5.12295          0.376042           167.829           65.4092    
 301  Jan-2025       4.99194          0.390549           147.222           59.7611    
 302  Feb-2025       4.97089          0.404365           144.155           60.7571    
 303  Mar-2025       5.11807          0.417998           167.013           72.9742    
 304  Apr-2025       5.08364          0.430992           161.360           72.9028    
 305  May-2025       5.14172          0.443606           171.010           79.7507    
 306  Jun-2025       5.17567          0.455870           176.915           85.0277    
 307  Jul-2025       5.18076          0.467814           177.818           87.9515    
 308  Aug-2025       5.20883          0.479460           182.881           92.9729    
 309  Sep-2025       5.21615          0.490829           184.224           96.1520    
 310  Oct-2025       5.20348          0.501941           181.903           97.3694    
 311  Nov-2025       5.13201          0.512913           169.356           92.9041    
