
                                        PROGRAM TRAMO+

             (based on program TRAMO, Victor Gomez and Agustin Maravall©,1996)

         Developed at the Bank of Spain by Gianluca Caporello and Agustin Maravall,
         with programming support from Domingo Pérez Cañete and Roberto López Pavón.

                 VERSION: 1.0 (Revision: 942  Build: 2017/09/25 09:39:13)


 SERIES TITLE=DUREVNAZ                                                                        

 INPUT PARAMETERS
   lam= 0   imean= 0   ireg=11   seats= 2   tabtablet='xo,xi,xl,re,me,td,ee,to,ls,reg'   int2=287   rsa= 0   modelsumm= 1   va=   3.893
 
  WARNING :
    Remember to define the regression variable name in the first line of the external regression file.
   Name : NOT DEFINED.
   Reglist01
    Iuser=-1   Nser= 1   Ilong= 372
 
   Name : NOT DEFINED.
   Reglist02
    Iuser= 2   Nser=10   Ilong=   0
 
   Fixed Outliers:
   #Observ. Type
      24     AO
      35     AO
      68     AO
      92     TC
      80     AO
     128     AO
     243     AO
     244     AO
     245     AO
     248     AO
 

 NUMBER OF OBSERVATIONS: 287


 ORIGINAL SERIES 

 YEAR        JAN       FEB       MAR       APR       MAY       JUN       JUL       AUG       SEP       OCT       NOV       DEC 

 2000     104.400   149.500   178.300   151.100   180.800   187.400   179.700    48.100   162.600   164.900   161.300   146.800
 2001     120.300   141.700   177.400   148.000   174.000   181.700   174.000    43.000   149.000   168.000   169.300   232.600
 2002     113.100   135.000   172.000   146.600   176.700   173.000   174.800    43.700   156.200   164.800   190.300   159.800
 2003     110.900   133.800   158.800   154.500   174.800   177.900   190.100    40.900   163.600   180.600   155.400   155.800
 2004     113.400   146.200   178.400   170.700   173.600   171.200   185.800    47.200   163.400   165.200   161.500   153.500
 2005     105.200   137.100   166.000   158.300   171.200   169.400   178.500    60.000   165.700   162.100   173.600   150.200
 2006     109.800   138.500   173.300   145.700   180.200   173.000   171.800    58.400   152.000   173.900   177.400   152.200
 2007     115.700   138.000   177.000   156.300   185.700   180.200   184.900    63.200   160.300   184.400   173.000   154.300
 2008     121.100   142.700   161.700   159.400   168.000   166.500   177.700    45.500   149.500   162.400   144.400   139.000
 2009      94.000   118.500   152.000   143.000   142.700   142.600   164.400    43.900   134.700   141.300   149.900   137.400
 2010      95.400   124.800   151.800   138.200   141.500   143.300   145.300    50.900   140.400   133.100   145.200   128.800
 2011      89.400   112.600   137.200   129.400   138.400   134.300   136.700    48.200   128.200   124.500   134.700   113.800
 2012      80.300   101.800   122.700   103.200   122.100   114.800   121.600    42.200   103.900   118.600   111.300    98.600
 2013      77.800    86.400   104.500    98.400   115.300   108.400   117.700    38.300   101.200   114.100   108.400   102.100
 2014      77.100    90.500   109.100    98.600   109.000   105.700   116.700    38.700   101.600   111.400   110.000   104.500
 2015      72.700    89.100   107.400   103.200   106.400   110.900   120.100    40.100   112.600   114.400   118.100   105.100
 2016      75.700    99.200   116.800   109.200   119.500   118.100   116.200    48.100   113.800   113.500   127.300   109.900
 2017      77.800    96.800   124.500   102.600   125.400   121.600   120.700    49.800   111.500   124.900   124.700   112.700
 2018      83.400    99.100   120.500   107.300   125.400   121.800   123.200    49.900   111.000   131.900   125.000   110.600
 2019      87.800   100.500   116.800   112.100   128.400   120.100   129.000    48.300   117.500   133.300   129.800   112.900
 2020      89.400   107.300    62.600    17.000    82.700   117.100   136.700    75.000   130.800   143.600   137.100   120.700
 2021      94.200   117.800   142.200   127.500   138.700   145.300   151.300    66.800   145.400   148.900   153.400   146.100
 2022     105.300   132.600   163.500   143.000   167.600   159.800   163.500    77.000   165.600   164.600   171.900   159.400
 2023     123.700   155.700   182.000   144.100   175.400   174.900   164.600    72.400   153.000   171.200   168.700


 MODEL PARAMETERS            
 ----------------
  MQ= 12         IMEAN=  0      LAM=  0      D=  1       BD=  1
  P=  0          BP=  0         Q=  1        BQ=  1      IREG= 11
  ITRAD=  0      SMPDAY=  0     IEAST=  0      IDUR=  6     M= 36       IQM= 24
  INCON=  0      NBACK=  0      NPRED= 24    INTERP=  2  INIT=  0
  IFILT=  2      IROOT=  2    INIC=  0    ICONCE=  1
  ICDET=  1      IATIP=  0      IMVX=  0     IDIF=  0    PG=  0
  AIO=  2        INT1=  1       INT2= 287    RSA=  0     SEATS=  2
  VA= 3.89       TOL=  0.100E-03             PC=  0.120E+00
  NOADMISS= 1    STOCHTD 0    BIAS= 1
  THLIM=  0.000  BTHLIM=  0.000   RMOD=  0.500



TH =        -0.10

BTH =        -0.10

WARNING: When adjusting for degrees of freedom in
 order to compute white-noise residuals, the Housholder
 transformation contains an element of arbitrariness 
 that, when multiple regressors are entered, may produce
 a slight variation in results when the order in which
 regressors are entered changes



NUMBER OF INITIAL OBS. =  13

Log-Level pretest : LOGS are Selected
 DIFFERENCED TRANSFORMED SERIES

 YEAR        JAN       FEB       MAR       APR       MAY       JUN       JUL       AUG       SEP       OCT       NOV       DEC 

 2001                -0.195     0.049    -0.016    -0.018     0.007    -0.001    -0.080     0.025     0.106     0.030     0.412
 2002      -0.522     0.013     0.018     0.021     0.025    -0.064     0.054     0.012     0.031    -0.066     0.136    -0.492
 2003       0.356     0.011    -0.071     0.132    -0.063     0.039     0.056    -0.150     0.113     0.045    -0.294     0.177
 2004       0.048     0.066     0.028    -0.017    -0.107    -0.032     0.016     0.166    -0.144    -0.088     0.128    -0.053
 2005      -0.060     0.011    -0.008    -0.003     0.061     0.003    -0.030     0.280    -0.226    -0.033     0.091    -0.094
 2006       0.065    -0.033     0.033    -0.126     0.134    -0.030    -0.059     0.011    -0.059     0.157    -0.049    -0.008
 2007       0.039    -0.056     0.025     0.049    -0.040     0.011     0.033     0.006    -0.026     0.005    -0.084     0.039
 2008       0.032    -0.012    -0.124     0.110    -0.120     0.021     0.039    -0.289     0.259    -0.057    -0.054     0.076
 2009      -0.149     0.067     0.124    -0.047    -0.055     0.008     0.077     0.042    -0.068    -0.035     0.177    -0.049
 2010       0.026     0.037    -0.053    -0.033     0.026     0.013    -0.128     0.271    -0.107    -0.101     0.028    -0.033
 2011      -0.000    -0.038     0.002     0.035     0.044    -0.043     0.004     0.007    -0.036     0.024    -0.008    -0.049
 2012       0.016     0.007    -0.011    -0.115     0.101    -0.032     0.040    -0.016    -0.077     0.162    -0.142     0.047
 2013       0.112    -0.132     0.003     0.113    -0.010    -0.000     0.025    -0.064     0.071    -0.012     0.012     0.061
 2014      -0.044     0.055    -0.003    -0.041    -0.058     0.031     0.017     0.019    -0.006    -0.028     0.039     0.009
 2015      -0.082     0.043    -0.000     0.061    -0.070     0.072    -0.019     0.007     0.067    -0.076     0.044    -0.065
 2016       0.035     0.067    -0.023    -0.027     0.060    -0.053    -0.096     0.215    -0.171    -0.018     0.083    -0.030
 2017      -0.017    -0.052     0.088    -0.126     0.111    -0.019     0.009    -0.003    -0.055     0.116    -0.116     0.046
 2018       0.044    -0.046    -0.056     0.077    -0.045     0.002     0.019    -0.018    -0.007     0.059    -0.052    -0.021
 2019       0.070    -0.037    -0.045     0.075    -0.020    -0.038     0.060    -0.079     0.089    -0.046     0.027    -0.017
 2020      -0.003     0.047    -0.689    -1.262     1.446     0.415     0.083     0.382    -0.333    -0.033    -0.020     0.012
 2021      -0.015     0.041     0.727     1.194    -1.498    -0.301    -0.114    -0.217     0.222    -0.070     0.076     0.079
 2022      -0.080     0.007     0.021    -0.025     0.075    -0.094    -0.018     0.065    -0.012    -0.030     0.014    -0.027
 2023       0.074    -0.000    -0.053    -0.100     0.038     0.045    -0.084    -0.068    -0.018     0.118    -0.058




 AUTOCORRELATIONS
 ----------------
     -0.3173  -0.1549   0.0470  -0.0264   0.0184   0.0094   0.0443  -0.1421   0.1023   0.1001  -0.0379  -0.2312
 SE   0.0604   0.0662   0.0675   0.0676   0.0677   0.0677   0.0677   0.0678   0.0689   0.0694   0.0700   0.0700
      0.0750   0.1314  -0.1059   0.0864  -0.1352   0.0945   0.0539  -0.0569   0.0130  -0.0519   0.0992  -0.1031
 SE   0.0728   0.0731   0.0739   0.0745   0.0748   0.0757   0.0761   0.0763   0.0764   0.0764   0.0766   0.0770
      0.1104  -0.1266  -0.0482   0.1173  -0.0138  -0.1288   0.0627   0.0281  -0.0263   0.0589  -0.0085  -0.0856
 SE   0.0775   0.0781   0.0789   0.0790   0.0796   0.0796   0.0804   0.0805   0.0806   0.0806   0.0808   0.0808


 PARTIAL AUTOCORRELATIONS
 ---------------------
     -0.3173  -0.2841  -0.1285  -0.1210  -0.0531  -0.0277   0.0485  -0.1271   0.0226   0.1167   0.1011  -0.2099
 SE   0.0604   0.0604   0.0604   0.0604   0.0604   0.0604   0.0604   0.0604   0.0604   0.0604   0.0604   0.0604
     -0.1096   0.0360  -0.0572   0.0310  -0.1309   0.0647   0.0827  -0.0363   0.0327   0.0380   0.0937  -0.1379
 SE   0.0604   0.0604   0.0604   0.0604   0.0604   0.0604   0.0604   0.0604   0.0604   0.0604   0.0604   0.0604
      0.0433  -0.0605  -0.1225  -0.0333  -0.0488  -0.1455   0.0175  -0.0869   0.0259   0.0523   0.0672  -0.0585
 SE   0.0604   0.0604   0.0604   0.0604   0.0604   0.0604   0.0604   0.0604   0.0604   0.0604   0.0604   0.0604
  
 ARIMA MODEL ESTIMATION 
  
 METHOD OF ESTIMATION: EXACT MAXIMUM LIKELIHOOD           
  
 PARAMETER      ESTIMATE           STD ERROR      T RATIO   LAG  
  
 TH1         -0.60703           0.48828E-01      -12.43      1
 BTH         -0.41542           0.55891E-01       -7.43     12
  
 
 REGULAR MA INVERSE ROOTS ARE 
 NO.     REAL P.     IMAG.P.     MODULUS    ARGUMENT      PERIOD
  1      0.60703       0.0000      0.60703       0.0000            -  
 
 SEASONAL MA INVERSE ROOTS ARE 
 NO.     REAL P.     IMAG.P.     MODULUS    ARGUMENT      PERIOD
  1      0.41542       0.0000      0.41542       0.0000            -  
  
 CORRELATIONS OF THE ESTIMATES 
  
  1.000   -0.182
 -0.182    1.000
  
 AIC 
    -938.543
  
 BIC 
     -6.1018
  
 FINAL VALUE OF OBJECTIVE FUNCTION: 
               0.47474    
  
 RADETN:    1.00500317523066     
 ITERATIONS:            2
  
  NUMBER OF FUNCTION EVALUATIONS:            8
  

 ESTIMATES OF REGRESSION PARAMETERS 
 CONCENTRATED OUT OF THE LIKELIHOOD 

 PARAMETER           VALUE          ST. ERROR     T VALUE
 REG      1          0.31617E-01    (     0.00229)   13.81
 OUT 1 ( 24)         0.43936        (     0.03290)   13.35   AO    (12 2001)
 OUT 2 ( 35)         0.19199        (     0.03225)    5.95   AO    (11 2002)
 OUT 3 ( 68)         0.20980        (     0.03399)    6.17   AO    ( 8 2005)
 OUT 4 ( 92)         0.16302        (     0.03265)    4.99   TC    ( 8 2007)
 OUT 5 ( 80)         0.14807        (     0.03473)    4.26   AO    ( 8 2006)
 OUT 6 (128)         0.69507E-01    (     0.03207)    2.17   AO    ( 8 2010)
 OUT 7 (243)        -0.69499        (     0.03314)  -20.97   AO    ( 3 2020)
 OUT 8 (244)         -1.9332        (     0.03365)  -57.44   AO    ( 4 2020)
 OUT 9 (245)        -0.38570        (     0.03353)  -11.50   AO    ( 5 2020)
 OUT10 (248)         0.32827        (     0.03229)   10.17   AO    ( 8 2020)

 VAR-CORRELATION MATRIX OF ESTIMATORS 

   0.524E-05
   0.268E-01   0.108E-02
   0.557E-01  -0.606E-01   0.104E-02
  -0.583E-01  -0.292E-02  -0.817E-02   0.116E-02
  -0.264E-01  -0.128E-02  -0.272E-02   0.166E+00   0.107E-02
  -0.717E-01  -0.285E-02  -0.723E-02   0.325E+00   0.259E+00   0.121E-02
  -0.443E-01  -0.125E-02  -0.268E-02   0.252E-01   0.458E-01   0.382E-01   0.103E-02
   0.294E-01   0.789E-03   0.164E-02  -0.172E-02  -0.778E-03  -0.211E-02  -0.131E-02   0.110E-02
  -0.647E-01  -0.174E-02  -0.361E-02   0.377E-02   0.171E-02   0.464E-02   0.286E-02   0.225E+00   0.113E-02
   0.136E+00   0.364E-02   0.756E-02  -0.791E-02  -0.358E-02  -0.973E-02  -0.601E-02   0.169E+00   0.218E+00   0.112E-02
   0.777E-01   0.208E-02   0.433E-02  -0.452E-02  -0.204E-02  -0.556E-02  -0.333E-02   0.488E-01   0.610E-01   0.972E-01   0.104E-02


 VARIANCES ARE IN THE MAIN DIAGONAL; 
 OFF-DIAGONAL ELEMENTS ARE CORRELATIONS. 



ACF DIFFERENCED SERIES




 AUTOCORRELATIONS
 ----------------
     -0.3564  -0.1360   0.0423  -0.0075   0.0396   0.0118   0.0173  -0.1378   0.0917   0.1249  -0.0355  -0.2408
 SE   0.0604   0.0677   0.0686   0.0687   0.0687   0.0688   0.0688   0.0688   0.0698   0.0703   0.0711   0.0712
      0.0908   0.1276  -0.1040   0.0745  -0.1449   0.0875   0.0638  -0.0577   0.0211  -0.0949   0.1324  -0.0986
 SE   0.0741   0.0745   0.0753   0.0758   0.0761   0.0771   0.0774   0.0776   0.0778   0.0778   0.0782   0.0790
      0.1023  -0.1371  -0.0418   0.1333  -0.0022  -0.1343   0.0648   0.0036  -0.0141   0.0636  -0.0146  -0.0895
 SE   0.0795   0.0799   0.0808   0.0809   0.0817   0.0817   0.0825   0.0827   0.0827   0.0827   0.0829   0.0829
  
  
  NUMBER OF WHITE NOISE RESIDUALS          263
  
 WHITE NOISE RESIDUALS
  

 YEAR        JAN       FEB       MAR       APR       MAY       JUN       JUL       AUG       SEP       OCT       NOV       DEC 

 2002      -0.031    -0.039     0.042    -0.044     0.034     0.002    -0.031     0.038     0.011    -0.013    -0.010     0.048
 2003      -0.002    -0.031    -0.063     0.066     0.033     0.020     0.055    -0.062     0.007     0.073    -0.059    -0.028
 2004       0.050     0.052    -0.022     0.045    -0.051    -0.094     0.039     0.056    -0.029    -0.014    -0.018    -0.093
 2005      -0.026     0.004     0.004     0.023    -0.020    -0.003     0.040     0.076     0.004    -0.029     0.070    -0.023
 2006      -0.031    -0.012    -0.005    -0.026     0.041    -0.002    -0.043     0.069    -0.065     0.041     0.044     0.055
 2007      -0.030    -0.039     0.033    -0.003     0.013     0.008    -0.012     0.054    -0.105    -0.054    -0.053     0.003
 2008       0.051    -0.013    -0.008    -0.027    -0.032     0.003    -0.027    -0.021     0.014    -0.015    -0.063    -0.027
 2009      -0.062    -0.028     0.007     0.007    -0.028    -0.064     0.056     0.042    -0.001    -0.014     0.082     0.005
 2010       0.074     0.054    -0.042    -0.026    -0.035     0.004    -0.055     0.109     0.050    -0.045     0.006    -0.079
 2011      -0.019    -0.014    -0.006     0.032    -0.008    -0.006     0.008     0.108    -0.047    -0.036    -0.016    -0.030
 2012      -0.084    -0.046    -0.006    -0.072     0.014    -0.023    -0.001     0.058    -0.026     0.017    -0.067     0.030
 2013       0.039    -0.043    -0.014     0.013     0.054     0.051    -0.002     0.022    -0.005     0.030     0.030     0.046
 2014       0.056     0.030     0.020    -0.020    -0.020    -0.005    -0.000     0.060    -0.041    -0.007     0.039     0.044
 2015      -0.012     0.002    -0.029     0.030     0.009     0.017     0.024     0.015     0.076     0.009     0.005    -0.054
 2016       0.049     0.038     0.018     0.035    -0.018     0.004    -0.025     0.105    -0.048    -0.032     0.032    -0.003
 2017      -0.080    -0.002     0.022    -0.008     0.026     0.003    -0.001     0.046    -0.042     0.026    -0.047     0.071
 2018      -0.040    -0.019    -0.027    -0.011    -0.007    -0.008    -0.019     0.021     0.009     0.023    -0.033    -0.031
 2019       0.048    -0.006    -0.023    -0.000     0.011    -0.001    -0.009    -0.008     0.020     0.005     0.042    -0.060
 2020       0.053     0.033    -0.014    -0.027    -0.018    -0.080     0.063     0.091     0.029     0.045    -0.039    -0.047
 2021       0.089     0.032     0.006    -0.016     0.007     0.092     0.019     0.081    -0.036    -0.049    -0.013     0.030
 2022      -0.013     0.022     0.029     0.048     0.016    -0.017    -0.011     0.055    -0.014    -0.050    -0.010     0.051
 2023      -0.010     0.040    -0.026    -0.067    -0.049     0.012    -0.075    -0.091    -0.057    -0.002    -0.017
 
 
  STABILITY TEST
 
 
     1. FULL PERIOD
                  FIRST HALF                    SECOND HALF
           Mean(t)          Variance      Mean(t)          Variance
      -0.36E-02(-0.97    )  0.19E-02  0.49E-02(  1.5    )  0.15E-02
 
      Mean assumed equal to 0
      VR(variance ratio)= 0.79    
 
      MEAN STABILITY IS NOT REJECTED.
      VARIANCE STABILITY IS NOT REJECTED.


 
     2. LAST 10 YEARS
                  FIRST HALF                    SECOND HALF
           Mean(t)          Variance      Mean(t)          Variance
       0.65E-02(  1.4    )  0.12E-02  0.83E-03( 0.15    )  0.18E-02
 
      Mean assumed equal to 0
      VR(variance ratio)=  1.5    
 
      LAST 10 YEARS MEAN STABILITY IS NOT REJECTED.
      LAST 10 YEARS VARIANCE STABILITY IS NOT REJECTED.


 
  OUT-OF-SAMPLE TEST
  ------------------
      Model re-estimated on Linearized series for first 269 observations.
       18 One-Period-Ahead Forecasts computed with model fixed.
      Comparison between forecast errors (last   18 observations) and residuals (in-sample):

        Mean(Forecast Errors)
            p-value= 0.0449
            Mean of forecast errors can be assumed zero.

        Out-of-Sample MSE is :  0.2038E-02
        In-Sample MSE is :  0.1696E-02
        F( 18,256) is :  0.120E+01
            p-value(%)=25.9307

        Mean and Variance of forecast Errors and In-Sample residuals ARE NOT significantly different.


 TEST-STATISTICS ON RESIDUALS
 ----------------------------


           MEAN=   0.6251269E-03
        ST.DEV.=   0.2525079E-02
        OF MEAN
        T-VALUE=  0.2476

 NORMALITY TEST=   1.237        ( CHI-SQUARE(2) )

       SKEWNESS=  0.1211          ( SE =  0.1510 )
       KURTOSIS=  2.7671          ( SE =  0.3021 )

 SUM OF SQUARES=   0.4407914    

  DURBIN-WATSON=  1.9683

 STANDARD ERROR=   0.4243673E-01
 OF RESID.
  MSE OF RESID.=   0.1800876E-02




 AUTOCORRELATIONS
 ----------------
      0.0152  -0.0622   0.0363  -0.0063   0.0297   0.0767   0.0589  -0.1199   0.1059   0.0753  -0.1086   0.0384
 SE   0.0617   0.0617   0.0617   0.0617   0.0617   0.0617   0.0617   0.0617   0.0617   0.0617   0.0617   0.0617
 Q      0.06     1.10     1.45     1.46     1.70     3.30     4.24     8.16    11.24    12.80    16.06    16.47
 PV    -1.00    -1.00     0.23     0.48     0.64     0.51     0.52     0.23     0.13     0.12     0.07     0.09
      0.0265  -0.0009  -0.0725   0.0615  -0.1143   0.0473   0.0724  -0.0764   0.0205  -0.0320   0.0098  -0.0832
 SE   0.0617   0.0617   0.0617   0.0617   0.0617   0.0617   0.0617   0.0617   0.0617   0.0617   0.0617   0.0617
 Q     16.67    16.67    18.14    19.21    22.92    23.55    25.05    26.72    26.84    27.14    27.17    29.19
 PV     0.12     0.16     0.15     0.16     0.09     0.10     0.09     0.08     0.11     0.13     0.17     0.14
      0.0017  -0.1456  -0.0887   0.0801  -0.0152  -0.1080   0.0079   0.0274  -0.0257   0.0310  -0.0039  -0.0697
 SE   0.0617   0.0617   0.0617   0.0617   0.0617   0.0617   0.0617   0.0617   0.0617   0.0617   0.0617   0.0617
 Q     29.19    35.43    37.75    39.65    39.72    43.21    43.23    43.46    43.66    43.95    43.96    45.45
 PV     0.17     0.06     0.05     0.04     0.05     0.03     0.04     0.05     0.07     0.08     0.10     0.09

  LJUNG-BOX Q VALUE OF ORDER  24 IS     29.19 AND IF RESIDUALS ARE RANDOM IT SHOULD BE DISTRIBUTED AS CHI-SQUARE(22)
  p-value= 0.1396
  THE PIERCE QS VALUE IS      0.41 AND IF RESIDUALS ARE RANDOM IT SHOULD BE DISTRIBUTED AS CHI-SQUARE(2)

 APPROXIMATE TEST OF RUNS ON RESIDUALS
 -------------------------------------
  NUM.DATA= 263
   NUM.(+)= 132
   NUM.(-)= 131
  NUM.RUNS= 125
   T-VALUE= -0.8649


  NON-PARAMETRIC TEST FOR RESIDUAL SEASONALITY (FRIEDMAN) SEAS_NP =     17.81
    ASYMP. DISTRIBUTED AS CHI-SQUARE(11)
    p-value= 0.0860



 SQUARED RESIDUALS:
 ------------------




 AUTOCORRELATIONS
 ----------------
      0.0611  -0.0140  -0.0818   0.0263   0.0260  -0.0300   0.0594   0.0614  -0.0988  -0.0205  -0.0139   0.1693
 SE   0.0617   0.0617   0.0617   0.0617   0.0617   0.0617   0.0617   0.0617   0.0617   0.0617   0.0617   0.0617
 Q      0.99     1.04     2.84     3.02     3.21     3.45     4.41     5.44     8.12     8.23     8.29    16.24
 PV    -1.00    -1.00     0.09     0.22     0.36     0.49     0.49     0.49     0.32     0.41     0.51     0.09
      0.0956   0.0580  -0.1109   0.0168  -0.0640  -0.1085  -0.1267  -0.0444   0.0486  -0.0539  -0.0744   0.0394
 SE   0.0617   0.0617   0.0617   0.0617   0.0617   0.0617   0.0617   0.0617   0.0617   0.0617   0.0617   0.0617
 Q     18.79    19.73    23.19    23.27    24.43    27.78    32.36    32.92    33.60    34.44    36.05    36.51
 PV     0.06     0.07     0.04     0.06     0.06     0.03     0.01     0.02     0.02     0.02     0.02     0.03
     -0.0127   0.0416   0.0012  -0.0446  -0.0528  -0.0708   0.0161  -0.0061   0.0440  -0.0012   0.0325   0.0475
 SE   0.0617   0.0617   0.0617   0.0617   0.0617   0.0617   0.0617   0.0617   0.0617   0.0617   0.0617   0.0617
 Q     36.55    37.06    37.06    37.65    38.48    39.98    40.06    40.07    40.66    40.66    40.98    41.68
 PV     0.04     0.04     0.06     0.07     0.07     0.07     0.08     0.10     0.11     0.14     0.16     0.17

  McLEOD-LI Q VALUE OF ORDER  24 IS     36.51 AND IF RESIDUALS ARE RANDOM IT SHOULD BE DISTRIBUTED AS CHI-SQUARE(24)
  p-value= 0.0490
 
 
 
SPECTRAL DIAGNOSTICS
 --------------------
 
A. SEASONAL SPECTRAL PEAKS
 
                           Frequency (cycles per year)
                     One    Two   Three  Four   Five    Six  
 Original series      -T     AT     AT     aT     AT     aT
 Linearized series    aT     AT     AT     AT     AT     aT
 Residuals            --     --     -T     -t     -t     -t
 
 AT : peaks detected in AR(30) and using Tukey spectrum  estimator
 A- : only peaks detected in AR(30) spectrum estimator
 -T : only peaks detected using Tukey spectrum estimator
 -- : No peaks detected in AR(30) nor using Tukey spectrum estimator
 
 
 
B. STOCHASTIC SEASONALITY: SPECTRAL EVIDENCE
 
 1 :  SERIES CONTAINS SEASONALITY THAT CAN BE RELIABLY EXTRACTED.
 0 :  SEASONALITY IS NOT PRESENT IN THE SERIES OR IS TOO WEAK TO BE RELIABLY CAPTURED.
 
 ORIGINAL SERIES :   1
 LINEARIZED SERIES : 1
 RESIDUALS :         0
 
 
 
C. TRADING DAY EFFECT: SPECTRAL EVIDENCE
 
 1 :  TRADING DAY EFFECT DETECTED
 0 :  NO TRADING DAY EFFECT DETECTED
 
 LINEARIZED SERIES : 0
 RESIDUALS :         0
 
 
OVERALL TEST FOR IDENTIFIABLE SEASONALITY 
----------------------------------------- 
 
  AUTOCORRELATION FUNCTION EVIDENCE : YES
  NON-PARAMETRIC EVIDENCE           : YES
  F-TEST                            :  - 
  SPECTRAL EVIDENCE                 : YES
 
IDENTIFIABLE SEASONALITY FOUND IN SERIES
 
 
OVERALL TEST FOR RESIDUALS SEASONALITY 
----------------------------------------- 
 
  AUTOCORRELATION FUNCTION EVIDENCE : NO 
  NON-PARAMETRIC EVIDENCE           : NO 
  F-TEST                            : YES
  SPECTRAL EVIDENCE                 : NO 
 
MILD EVIDENCE OF SEASONALITY FOUND IN RESIDUALS
 
 
ARIMA MODEL : ACCEPTABLE FIT
----------------------------
  Point estimation is acceptable. Variance variablility/Non-Normality likely to have a mild effect  on some interferences
 
QUALITY ARIMA MODEL TESTS
----------------------------------------

  Mean in residuals                      :GOOD        
  Autocorrelation in residuals           :GOOD        
  Normality of residuals                 :GOOD        
  Skewness of residuals                  :GOOD        
  Kurtosis of residuals                  :GOOD        
  Randomness of residual sign            :GOOD        
  Instability of residual mean           :GOOD        
  Instability of residual variance       :GOOD        
  Seasonality in residuals               :MILDLY POOR 
  Trading day in residuals               :GOOD        
  Out-of-sample forecast errors          :GOOD        
  Number of outliers                     :GOOD        
 


 LINEAR SERIES


 YEAR        JAN       FEB       MAR       APR       MAY       JUN       JUL       AUG       SEP       OCT       NOV       DEC 

 2000     106.777   145.651   172.424   160.623   177.554   179.956   186.325    47.236   164.810   165.658   159.853   156.382
 2001     115.500   142.486   177.064   152.431   170.876   180.087   174.800    42.228   155.876   163.519   167.781   154.713
 2002     108.587   135.749   177.189   146.290   173.528   176.972   170.138    44.294   158.323   160.405   160.649   159.800
 2003     109.895   134.542   163.590   154.173   177.176   181.985   185.030    42.788   160.663   175.783   158.953   155.800
 2004     115.982   147.011   172.520   165.037   175.960   169.680   186.654    46.353   160.466   171.290   160.051   144.094
 2005     107.595   137.861   165.685   157.965   168.126   167.896   185.080    47.771   162.725   168.076   172.043   150.200
 2006     108.805   139.268   167.588   154.882   176.965   171.464   178.133    49.458   154.066   174.699   175.809   162.135
 2007     111.083   138.766   176.665   160.979   182.366   178.600   185.750    52.729   149.613   165.703   162.125   153.143
 2008     113.125   136.385   169.636   152.671   169.167   169.540   172.404    47.493   146.584   157.894   147.587   138.925
 2009      96.104   119.126   151.684   138.238   149.272   141.325   160.008    44.495   132.279   141.947   148.554   133.123
 2010     100.706   125.492   146.797   133.615   143.423   142.028   145.968    46.630   137.879   138.007   143.897   120.908
 2011      91.435   113.225   136.940   129.126   135.915   133.108   141.739    47.335   125.898   129.090   133.492   113.800
 2012      79.572    99.179   122.467   106.290   119.908   113.781   122.159    41.442   108.695   115.437   110.302   101.767
 2013      74.695    86.879   107.652    98.192   113.230   110.889   114.561    38.821   102.576   111.057   110.878   102.100
 2014      76.401    91.002   112.391    98.391   110.482   108.127   113.588    40.486    99.776   108.429   112.515   104.500
 2015      74.355    89.594   107.196    99.777   111.310   109.916   116.897    40.645   110.578   114.926   117.041   101.829
 2016      79.910    96.646   116.579   108.969   117.355   117.052   120.484    47.236   111.757   117.684   126.158   109.900
 2017      77.095    97.337   120.397   109.066   123.149   120.521   125.150    48.906   113.015   125.474   123.581   120.057
 2018      80.072    99.650   120.272   110.512   123.149   120.719   123.766    49.004   116.123   128.382   123.879   114.153
 2019      84.296   101.058   120.323   111.863   126.095   122.858   125.560    48.956   119.097   129.745   132.768   112.900
 2020      88.590   107.895   125.194   113.595   127.235   116.061   133.054    54.747   128.452   144.260   135.870   116.944
 2021      99.439   118.454   137.513   123.271   140.585   144.010   151.995    65.601   142.790   154.389   152.024   137.148
 2022     107.697   133.336   158.111   147.281   164.591   158.382   169.527    75.618   162.627   170.668   170.358   159.400
 2023     122.579   156.564   176.002   153.181   172.251   173.348   170.668    71.100   155.080   171.987   167.187


  AUTOCORRELATION FUNCTION TEST FOR SEASONALITY IN LINEARIZEDSERIES QS =   530.31  ASIMPTOTICALLY DISTRIBUTED AS CHI-SQUARE(2)
    p-value= 0.0000


  NON-PARAMETRIC TEST FOR SEASONALITY IN LINEARIZED SERIES (FRIEDMAN) SEAS_NP =    239.78
    ASYMP. DISTRIBUTED AS CHI-SQUARE(11)
    p-value= 0.0000


TOTAL OUTLIER EFFECT FACTORS


 YEAR        JAN       FEB       MAR       APR       MAY       JUN       JUL       AUG       SEP       OCT       NOV       DEC 

 2000     100.000   100.000   100.000   100.000   100.000   100.000   100.000   100.000   100.000   100.000   100.000   100.000
 2001     100.000   100.000   100.000   100.000   100.000   100.000   100.000   100.000   100.000   100.000   100.000   155.172
 2002     100.000   100.000   100.000   100.000   100.000   100.000   100.000   100.000   100.000   100.000   121.165   100.000
 2003     100.000   100.000   100.000   100.000   100.000   100.000   100.000   100.000   100.000   100.000   100.000   100.000
 2004     100.000   100.000   100.000   100.000   100.000   100.000   100.000   100.000   100.000   100.000   100.000   100.000
 2005     100.000   100.000   100.000   100.000   100.000   100.000   100.000   123.344   100.000   100.000   100.000   100.000
 2006     100.000   100.000   100.000   100.000   100.000   100.000   100.000   115.960   100.000   100.000   100.000   100.000
 2007     100.000   100.000   100.000   100.000   100.000   100.000   100.000   117.706   112.088   108.316   105.751   103.992
 2008     102.778   101.936   101.352   100.944   100.660   100.462   100.323   100.226   100.158   100.111   100.077   100.054
 2009     100.038   100.027   100.019   100.013   100.009   100.006   100.004   100.003   100.002   100.002   100.001   100.001
 2010     100.001   100.000   100.000   100.000   100.000   100.000   100.000   107.198   100.000   100.000   100.000   100.000
 2011     100.000   100.000   100.000   100.000   100.000   100.000   100.000   100.000   100.000   100.000   100.000   100.000
 2012     100.000   100.000   100.000   100.000   100.000   100.000   100.000   100.000   100.000   100.000   100.000   100.000
 2013     100.000   100.000   100.000   100.000   100.000   100.000   100.000   100.000   100.000   100.000   100.000   100.000
 2014     100.000   100.000   100.000   100.000   100.000   100.000   100.000   100.000   100.000   100.000   100.000   100.000
 2015     100.000   100.000   100.000   100.000   100.000   100.000   100.000   100.000   100.000   100.000   100.000   100.000
 2016     100.000   100.000   100.000   100.000   100.000   100.000   100.000   100.000   100.000   100.000   100.000   100.000
 2017     100.000   100.000   100.000   100.000   100.000   100.000   100.000   100.000   100.000   100.000   100.000   100.000
 2018     100.000   100.000   100.000   100.000   100.000   100.000   100.000   100.000   100.000   100.000   100.000   100.000
 2019     100.000   100.000   100.000   100.000   100.000   100.000   100.000   100.000   100.000   100.000   100.000   100.000
 2020     100.000   100.000    49.908    14.469    67.998   100.000   100.000   138.856   100.000   100.000   100.000   100.000
 2021     100.000   100.000   100.000   100.000   100.000   100.000   100.000   100.000   100.000   100.000   100.000   100.000
 2022     100.000   100.000   100.000   100.000   100.000   100.000   100.000   100.000   100.000   100.000   100.000   100.000
 2023     100.000   100.000   100.000   100.000   100.000   100.000   100.000   100.000   100.000   100.000   100.000


TOTAL REGRESSION EFFECT FACTORS


 YEAR        JAN       FEB       MAR       APR       MAY       JUN       JUL       AUG       SEP       OCT       NOV       DEC 

 2000      97.774   102.643   103.408    94.071   101.828   104.137    96.445   101.828    98.659    99.543   100.905    93.872
 2001     104.156    99.448   100.190    97.093   101.828   100.896    99.543   101.828    95.589   102.740   100.905    96.888
 2002     104.156    99.448    97.072   100.212   101.828    97.755   102.740    98.659    98.659   102.740    97.765   100.000
 2003     100.915    99.448    97.072   100.212    98.659    97.755   102.740    95.589   101.828   102.740    97.765   100.000
 2004      97.774    99.448   103.408   103.431    98.659   100.896    99.543   101.828   101.828    96.445   100.905   106.528
 2005      97.774    99.448   100.190   100.212   101.828   100.896    96.445   101.828   101.828    96.445   100.905   100.000
 2006     100.915    99.448   103.408    94.071   101.828   100.896    96.445   101.828    98.659    99.543   100.905    93.872
 2007     104.156    99.448   100.190    97.093   101.828   100.896    99.543   101.828    95.589   102.740   100.905    96.888
 2008     104.156   102.643    94.051   103.431    98.659    97.755   102.740    95.589   101.828   102.740    97.765   100.000
 2009      97.774    99.448   100.190   103.431    95.589   100.896   102.740    98.659   101.828    99.543   100.905   103.212
 2010      94.731    99.448   103.408   103.431    98.659   100.896    99.543   101.828   101.828    96.445   100.905   106.528
 2011      97.774    99.448   100.190   100.212   101.828   100.896    96.445   101.828   101.828    96.445   100.905   100.000
 2012     100.915   102.643   100.190    97.093   101.828   100.896    99.543   101.828    95.589   102.740   100.905    96.888
 2013     104.156    99.448    97.072   100.212   101.828    97.755   102.740    98.659    98.659   102.740    97.765   100.000
 2014     100.915    99.448    97.072   100.212    98.659    97.755   102.740    95.589   101.828   102.740    97.765   100.000
 2015      97.774    99.448   100.190   103.431    95.589   100.896   102.740    98.659   101.828    99.543   100.905   103.212
 2016      94.731   102.643   100.190   100.212   101.828   100.896    96.445   101.828   101.828    96.445   100.905   100.000
 2017     100.915    99.448   103.408    94.071   101.828   100.896    96.445   101.828    98.659    99.543   100.905    93.872
 2018     104.156    99.448   100.190    97.093   101.828   100.896    99.543   101.828    95.589   102.740   100.905    96.888
 2019     104.156    99.448    97.072   100.212   101.828    97.755   102.740    98.659    98.659   102.740    97.765   100.000
 2020     100.915    99.448   100.190   103.431    95.589   100.896   102.740    98.659   101.828    99.543   100.905   103.212
 2021      94.731    99.448   103.408   103.431    98.659   100.896    99.543   101.828   101.828    96.445   100.905   106.528
 2022      97.774    99.448   103.408    97.093   101.828   100.896    96.445   101.828   101.828    96.445   100.905   100.000
 2023     100.915    99.448   103.408    94.071   101.828   100.896    96.445   101.828    98.659    99.543   100.905
 
 
 
 FORECAST FUNCTION OF ORIGINAL SERIES: 
  
ORIGIN: 287 PERIODS AHEAD: 24
  
 OBS    DATE         FORECAST          STD ERROR        FORECAST          STD ERROR   
                        (SERIES IN LOGS)                     (SERIES IN LEVELS)       
 288  Dec-2023       4.97813          0.415209E-01       145.202           6.03151    
 289  Jan-2024       4.83345          0.442711E-01       125.643           5.56509    
 290  Feb-2024       5.04547          0.470689E-01       155.318           7.31469    
 291  Mar-2024       5.12620          0.499328E-01       168.375           8.41270    
 292  Apr-2024       5.04217          0.523705E-01       154.806           8.11283    
 293  May-2024       5.17518          0.547234E-01       176.829           9.68392    
 294  Jun-2024       5.12663          0.570890E-01       168.449           9.62440    
 295  Jul-2024       5.19570          0.594179E-01       180.495           10.7341    
 296  Aug-2024       4.29722          0.614965E-01       73.4955           4.52399    
 297  Sep-2024       5.07945          0.635380E-01       160.686           10.2200    
 298  Oct-2024       5.20758          0.656180E-01       182.652           11.9982    
 299  Nov-2024       5.13709          0.675513E-01       170.219           11.5117    
 300  Dec-2024       5.07764          0.785733E-01       160.396           12.6223    
 301  Jan-2025       4.83812          0.826284E-01       126.231           10.4481    
 302  Feb-2025       5.05014          0.864961E-01       156.045           13.5225    
 303  Mar-2025       5.16248          0.903250E-01       174.597           15.8027    
 304  Apr-2025       5.07846          0.938158E-01       160.526           15.0931    
 305  May-2025       5.17985          0.972229E-01       177.656           17.3131    
 306  Jun-2025       5.16292          0.100531           174.673           17.6046    
 307  Jul-2025       5.23199          0.103785           187.164           19.4773    
 308  Aug-2025       4.30189          0.106925           73.8394           7.91788    
 309  Sep-2025       5.14735          0.109851           171.976           18.9489    
 310  Oct-2025       5.24387          0.112822           189.401           21.4369    
 311  Nov-2025       5.17337          0.115676           176.509           20.4863    
